#
# A fatal error has been detected by the Java Runtime Environment:
#
#  EXCEPTION_ACCESS_VIOLATION (0xc0000005) at pc=0x00007ff9a5a41b79, pid=22432, tid=23376
#
# JRE version:  (21.0.6+7) (build )
# Java VM: OpenJDK 64-Bit Server VM (21.0.6+7-LTS, mixed mode, sharing, tiered, compressed class ptrs, unknown gc, windows-amd64)
# Problematic frame:
# C  [jimage.dll+0x1b79]
#
# No core dump will be written. Minidumps are not enabled by default on client versions of Windows
#
#

---------------  S U M M A R Y ------------

Command Line: 

Host: AMD Ryzen 3 5300U with Radeon Graphics         , 8 cores, 7G,  Windows 11 , 64 bit Build 26100 (10.0.26100.3775)
Time: Thu May  8 15:41:37 2025 India Standard Time elapsed time: 2.055661 seconds (0d 0h 0m 2s)

---------------  T H R E A D  ---------------

Current thread is native thread

Stack: [0x0000009dfee00000,0x0000009dfef00000],  sp=0x0000009dfeefe1c0,  free space=1016k
Native frames: (J=compiled Java code, j=interpreted, Vv=VM code, C=native code)
C  [jimage.dll+0x1b79]
C  [jimage.dll+0x1d03]
C  [jimage.dll+0x25c9]
V  [jvm.dll+0x21d912]
V  [jvm.dll+0xc9700]
V  [jvm.dll+0x85a59c]
V  [jvm.dll+0x45066e]
V  [jvm.dll+0x4522b1]
C  [jli.dll+0x5278]
C  [ucrtbase.dll+0x37b0]
C  [KERNEL32.DLL+0x2e8d7]
C  [ntdll.dll+0xb14fc]


siginfo: EXCEPTION_ACCESS_VIOLATION (0xc0000005), reading address 0x0000000000001604


Registers:
RAX=0x00000000000007b6, RBX=0x0000009dfeefe2b1, RCX=0x00007ff9a5a46000, RDX=0x000000000000057a
RSP=0x0000009dfeefe1c0, RBP=0x0000009dfeefe2b0, RSI=0x0000000000007613, RDI=0x0000009dfeefe2b0
R8 =0x00007ff9a5a44298, R9 =0x000000000000001c, R10=0x00007ff9a5a50000, R11=0x00007ff9a5a46000
R12=0x0000000000000000, R13=0x0000009dfeeffd40, R14=0x0000009dfeeff320, R15=0x00007ff9477770f8
RIP=0x00007ff9a5a41b79, EFLAGS=0x0000000000010213

XMM[0]=0x0000000000000000 0x0000000000000000
XMM[1]=0x2f6d762f6c616e72 0x65746e692f6b646a
XMM[2]=0x736e6f6974706f2f 0x6d762f6c616e7265
XMM[3]=0x0000000000000000 0x0000000000000000
XMM[4]=0x0000000000000000 0x0000000000000000
XMM[5]=0x0000000000000000 0x0000000000000000
XMM[6]=0x0000000000000000 0x0000000000000000
XMM[7]=0x0000000000000000 0x0000000000000000
XMM[8]=0x0000000000000000 0x0000000000000000
XMM[9]=0x0000000000000000 0x0000000000000000
XMM[10]=0x0000000000000000 0x0000000000000000
XMM[11]=0x0000000000000000 0x0000000000000000
XMM[12]=0x0000000000000000 0x0000000000000000
XMM[13]=0x0000000000000000 0x0000000000000000
XMM[14]=0x0000000000000000 0x0000000000000000
XMM[15]=0x0000000000000000 0x0000000000000000
  MXCSR=0x00001f80


Top of Stack: (sp=0x0000009dfeefe1c0)
0x0000009dfeefe1c0:   0069006c00610074 0000009dfeefe688
0x0000009dfeefe1d0:   0064006f00630073 00780065005c0065
0x0000009dfeefe1e0:   00000257fdb33040 00007ff9a5a41d03
0x0000009dfeefe1f0:   000000000000000b 00000257fdb33040
0x0000009dfeefe200:   006100760061006a 0034002e0031002d
0x0000009dfeefe210:   002d0031002e0031 0033006e00690077
0x0000009dfeefe220:   00360078002d0032 0072006a005c0034
0x0000009dfeefe230:   00000066005c0065 0036002e0030002e
0x0000009dfeefe240:   006e00690077002d 0078002d00320033
0x0000009dfeefe250:   00007595e23671d2 00690062005c0034
0x0000009dfeefe260:   00007ff947754ae0 0000000000000017
0x0000009dfeefe270:   00000257fdb33040 0000009dfeeff320
0x0000009dfeefe280:   000000000000000b 00007ff9a5a425c9
0x0000009dfeefe290:   0000000000000000 0000000000000000
0x0000009dfeefe2a0:   00000257fdb1d340 0000000000000000
0x0000009dfeefe2b0:   61622e6176616a2f 692f6b646a2f6573
0x0000009dfeefe2c0:   2f6c616e7265746e 6f6974706f2f6d76
0x0000009dfeefe2d0:   000000000000736e 0000000000000000
0x0000009dfeefe2e0:   0000000000000000 0000000000000000
0x0000009dfeefe2f0:   00000257fdb1dce0 0000000000000000
0x0000009dfeefe300:   0000000000000000 0000000000000000
0x0000009dfeefe310:   0000000000000000 0000000000000000
0x0000009dfeefe320:   0000000000000000 0000000000000000
0x0000009dfeefe330:   0000000000000000 0000000000000000
0x0000009dfeefe340:   0000000000000000 0000000000000000
0x0000009dfeefe350:   0000000000000000 0000000000000000
0x0000009dfeefe360:   0000000000000000 0000000000000000
0x0000009dfeefe370:   0000000000000000 0000000000000000
0x0000009dfeefe380:   0000000000000000 0000000000000000
0x0000009dfeefe390:   0000000000000000 0000000000000000
0x0000009dfeefe3a0:   0000000000000000 0000000000000000
0x0000009dfeefe3b0:   0000000000000000 0000000000000000 

Instructions: (pc=0x00007ff9a5a41b79)
0x00007ff9a5a41a79:   48 85 c9 74 1d 80 3d 8b 45 00 00 00 74 06 48 8b
0x00007ff9a5a41a89:   53 18 eb 04 48 8b 53 40 e8 8e 0e 00 00 48 83 63
0x00007ff9a5a41a99:   48 00 8b 4b 0c 83 f9 ff 74 09 e8 c4 0c 00 00 83
0x00007ff9a5a41aa9:   4b 0c ff 48 8b 4b 70 48 85 c9 74 0f ba 10 00 00
0x00007ff9a5a41ab9:   00 e8 e5 0e 00 00 48 83 63 70 00 48 83 c4 20 5b
0x00007ff9a5a41ac9:   c3 cc cc 40 53 48 83 ec 20 48 8b d9 48 8d 0d 44
0x00007ff9a5a41ad9:   47 00 00 e8 93 0c 00 00 83 6b 08 01 75 24 48 8b
0x00007ff9a5a41ae9:   d3 48 8d 0d 27 45 00 00 e8 1a 08 00 00 48 8b cb
0x00007ff9a5a41af9:   e8 d6 fe ff ff ba 78 00 00 00 48 8b cb e8 99 0e
0x00007ff9a5a41b09:   00 00 48 8d 0d 0e 47 00 00 48 83 c4 20 5b e9 60
0x00007ff9a5a41b19:   0c 00 00 48 89 5c 24 08 48 89 74 24 10 57 48 83
0x00007ff9a5a41b29:   ec 20 41 8b f1 4d 8b c8 48 8b fa 4c 8b d9 4d 85
0x00007ff9a5a41b39:   c0 74 73 85 f6 74 6f 44 8a 12 48 8d 5a 01 48 8b
0x00007ff9a5a41b49:   d3 b8 93 01 00 01 eb 12 69 c0 93 01 00 01 41 0f
0x00007ff9a5a41b59:   b6 ca 44 8a 12 33 c1 48 ff c2 45 84 d2 75 e9 4d
0x00007ff9a5a41b69:   8b 03 33 d2 0f ba f0 1f 49 8b cb f7 f6 48 63 d2
0x00007ff9a5a41b79:   41 8b 14 91 41 ff 50 08 85 c0 7e 24 8a 0f eb 10
0x00007ff9a5a41b89:   69 c0 93 01 00 01 0f b6 c9 33 c1 8a 0b 48 ff c3
0x00007ff9a5a41b99:   84 c9 75 ec 0f ba f0 1f 33 d2 f7 f6 8b c2 eb 09
0x00007ff9a5a41ba9:   79 04 f7 d0 eb 03 83 c8 ff 48 8b 5c 24 30 48 8b
0x00007ff9a5a41bb9:   74 24 38 48 83 c4 20 5f c3 cc cc 48 89 5c 24 08
0x00007ff9a5a41bc9:   48 89 74 24 10 57 48 83 ec 20 48 8b f1 48 8d 0d
0x00007ff9a5a41bd9:   43 46 00 00 e8 92 0b 00 00 33 ff 39 3d 2e 44 00
0x00007ff9a5a41be9:   00 76 24 48 8b 05 2d 44 00 00 48 8b d6 48 8b 1c
0x00007ff9a5a41bf9:   f8 48 8b 0b e8 68 1e 00 00 85 c0 74 2b ff c7 3b
0x00007ff9a5a41c09:   3d 0a 44 00 00 72 dc 33 db 48 8d 0d 07 46 00 00
0x00007ff9a5a41c19:   e8 5e 0b 00 00 48 8b 74 24 38 48 8b c3 48 8b 5c
0x00007ff9a5a41c29:   24 30 48 83 c4 20 5f c3 ff 43 08 eb dc cc cc 48
0x00007ff9a5a41c39:   89 5c 24 08 48 89 74 24 10 57 48 83 ec 20 48 8b
0x00007ff9a5a41c49:   d9 48 8b f2 48 8b 49 10 49 8b f8 8b 53 30 48 8b
0x00007ff9a5a41c59:   01 ff 50 20 4c 8b 43 50 48 8b d6 48 8b 4b 10 44
0x00007ff9a5a41c69:   8b c8 e8 ac fe ff ff 83 f8 ff 74 38 48 8b 4b 10 



---------------  P R O C E S S  ---------------

VM state: not at safepoint (not fully initialized)

VM Mutex/Monitor currently owned by a thread: None

CDS archive(s) mapped at: [0x0000000000000000-0x0000000000000000-0x0000000000000000), size 0, SharedBaseAddress: 0x0000000800000000, ArchiveRelocationMode: 1.
Narrow klass base: 0x0000000000000000, Narrow klass shift: 0, Narrow klass range: 0x0

GC Precious Log:
<Not initialized>


Dynamic libraries:
0x00007ff722c80000 - 0x00007ff722c8e000 	c:\Users\Abutalib\.vscode\extensions\redhat.java-1.41.1-win32-x64\jre\21.0.6-win32-x86_64\bin\java.exe
0x00007ff9b2b00000 - 0x00007ff9b2d60000 	C:\WINDOWS\SYSTEM32\ntdll.dll
0x00007ff9b1bd0000 - 0x00007ff9b1c97000 	C:\WINDOWS\System32\KERNEL32.DLL
0x00007ff9b01b0000 - 0x00007ff9b057a000 	C:\WINDOWS\System32\KERNELBASE.dll
0x00007ff9afe30000 - 0x00007ff9aff7b000 	C:\WINDOWS\System32\ucrtbase.dll
0x00007ff9a5a70000 - 0x00007ff9a5a88000 	c:\Users\Abutalib\.vscode\extensions\redhat.java-1.41.1-win32-x64\jre\21.0.6-win32-x86_64\bin\jli.dll
0x00007ff9b1070000 - 0x00007ff9b123c000 	C:\WINDOWS\System32\USER32.dll
0x00007ff9b0180000 - 0x00007ff9b01a7000 	C:\WINDOWS\System32\win32u.dll
0x00007ff9b0ce0000 - 0x00007ff9b0d0a000 	C:\WINDOWS\System32\GDI32.dll
0x00007ff9aff80000 - 0x00007ff9b00b1000 	C:\WINDOWS\System32\gdi32full.dll
0x00007ff9afce0000 - 0x00007ff9afd83000 	C:\WINDOWS\System32\msvcp_win.dll
0x00007ff9a5a50000 - 0x00007ff9a5a6e000 	c:\Users\Abutalib\.vscode\extensions\redhat.java-1.41.1-win32-x64\jre\21.0.6-win32-x86_64\bin\VCRUNTIME140.dll
0x00007ff9999f0000 - 0x00007ff999c87000 	C:\WINDOWS\WinSxS\amd64_microsoft.windows.common-controls_6595b64144ccf1df_6.0.26100.3624_none_3e086962e3345f24\COMCTL32.dll
0x00007ff9b1310000 - 0x00007ff9b13b9000 	C:\WINDOWS\System32\msvcrt.dll
0x00007ff9b2240000 - 0x00007ff9b226f000 	C:\WINDOWS\System32\IMM32.DLL
0x00007ff9a5ef0000 - 0x00007ff9a5efc000 	c:\Users\Abutalib\.vscode\extensions\redhat.java-1.41.1-win32-x64\jre\21.0.6-win32-x86_64\bin\vcruntime140_1.dll
0x00007ff997dd0000 - 0x00007ff997e5d000 	c:\Users\Abutalib\.vscode\extensions\redhat.java-1.41.1-win32-x64\jre\21.0.6-win32-x86_64\bin\msvcp140.dll
0x00007ff946d70000 - 0x00007ff947b00000 	c:\Users\Abutalib\.vscode\extensions\redhat.java-1.41.1-win32-x64\jre\21.0.6-win32-x86_64\bin\server\jvm.dll
0x00007ff9b13c0000 - 0x00007ff9b1472000 	C:\WINDOWS\System32\ADVAPI32.dll
0x00007ff9b0bb0000 - 0x00007ff9b0c56000 	C:\WINDOWS\System32\sechost.dll
0x00007ff9b0900000 - 0x00007ff9b0a16000 	C:\WINDOWS\System32\RPCRT4.dll
0x00007ff9b0c60000 - 0x00007ff9b0cd4000 	C:\WINDOWS\System32\WS2_32.dll
0x00007ff9a8d50000 - 0x00007ff9a8d86000 	C:\WINDOWS\SYSTEM32\WINMM.dll
0x00007ff9afb30000 - 0x00007ff9afb8e000 	C:\WINDOWS\SYSTEM32\POWRPROF.dll
0x00007ff9a8d90000 - 0x00007ff9a8d9b000 	C:\WINDOWS\SYSTEM32\VERSION.dll
0x00007ff9afb10000 - 0x00007ff9afb24000 	C:\WINDOWS\SYSTEM32\UMPDC.dll
0x00007ff9aeaf0000 - 0x00007ff9aeb0a000 	C:\WINDOWS\SYSTEM32\kernel.appcore.dll
0x00007ff9a5a40000 - 0x00007ff9a5a4a000 	c:\Users\Abutalib\.vscode\extensions\redhat.java-1.41.1-win32-x64\jre\21.0.6-win32-x86_64\bin\jimage.dll
0x00007ff9a3300000 - 0x00007ff9a3541000 	C:\WINDOWS\SYSTEM32\DBGHELP.DLL
0x00007ff9b2640000 - 0x00007ff9b29c2000 	C:\WINDOWS\System32\combase.dll
0x00007ff9b2160000 - 0x00007ff9b2236000 	C:\WINDOWS\System32\OLEAUT32.dll
0x00007ff993650000 - 0x00007ff993689000 	C:\WINDOWS\SYSTEM32\dbgcore.DLL
0x00007ff9afd90000 - 0x00007ff9afe29000 	C:\WINDOWS\System32\bcryptPrimitives.dll

dbghelp: loaded successfully - version: 4.0.5 - missing functions: none
symbol engine: initialized successfully - sym options: 0x614 - pdb path: .;c:\Users\Abutalib\.vscode\extensions\redhat.java-1.41.1-win32-x64\jre\21.0.6-win32-x86_64\bin;C:\WINDOWS\SYSTEM32;C:\WINDOWS\WinSxS\amd64_microsoft.windows.common-controls_6595b64144ccf1df_6.0.26100.3624_none_3e086962e3345f24;c:\Users\Abutalib\.vscode\extensions\redhat.java-1.41.1-win32-x64\jre\21.0.6-win32-x86_64\bin\server

VM Arguments:
java_command: <unknown>
java_class_path (initial): <not set>
Launcher Type: SUN_STANDARD

[Global flags]
     bool UseLargePagesIndividualAllocation        = false                                  {pd product} {ergonomic}

Logging:
Log output configuration:
 #0: stdout all=warning uptime,level,tags foldmultilines=false
 #1: stderr all=off uptime,level,tags foldmultilines=false

Environment Variables:
JAVA_HOME=C:\Program Files\Microsoft\jdk-17.0.12.7-hotspot
PATH=C:\Kadheria\NexGenMobile\node_modules\.bin;C:\Kadheria\NexGenMobile\node_modules\.bin;C:\Kadheria\node_modules\.bin;C:\node_modules\.bin;C:\Users\Abutalib\AppData\Roaming\npm\node_modules\npm\node_modules\@npmcli\run-script\lib\node-gyp-bin;C:\Kadheria\NexGenMobile\node_modules\.bin;C:\Kadheria\node_modules\.bin;C:\node_modules\.bin;C:\Users\Abutalib\AppData\Roaming\npm\node_modules\npm\node_modules\@npmcli\run-script\lib\node-gyp-bin;C:\Program Files\Microsoft\jdk-17.0.12.7-hotspot\bin;C:\Users\Abutalib\AppData\Local\Programs\Python\Python311\Scripts\;C:\Users\Abutalib\AppData\Local\Programs\Python\Python311\;C:\Ruby32-x64\bin;C:\Program Files\Common Files\Oracle\Java\javapath;C:\Users\Abutalib\AppData\Local\Programs\Python\Python311;c:\users\abutalib\appdata\local\programs\python\python311\lib\site-packages\pip\__init__.py;C:\WINDOWS\system32;C:\WINDOWS;C:\WINDOWS\System32\OpenSSH\;C:\WINDOWS\System32\Wbem;C:\WINDOWS\System32\WindowsPowerShell\v1.0\;C:\Program Files (x86)\Yarn\bin\;C:\Program Files\Git\cmd;C:\ProgramData\chocolatey\bin;C:\php;C:\ProgramData\ComposerSetup\bin;C:\Program Files\Amazon\AWSCLIV2\;%NVM_HOME%;%NVM_SYMLINK%;C:\Program Files\nodejs\;;C:\Users\Abutalib\AppData\Local\Microsoft\WindowsApps;C:\Users\Abutalib\AppData\Local\Android\Sdk\emulator;C:\Users\Abutalib\AppData\Local\Android\Sdk\platform-tools;C:\Users\Abutalib\AppData\Local\Android\Sdk\cmdline-tools\13.0\bin;C:\java programs\Microsoft VS Code\bin;C:\Users\Abutalib\PyCharm Community Edition 2022.3\bin;;C:\MinGW\bin;C:\MinGW\bin\gcc.exe;C:\Users\Abutalib\AppData\Local\Yarn\bin;C:\Program Files\Microsoft\jdk-17.0.12.7-hotspot\bin;C:\Users\Abutalib\AppData\Local\Microsoft\WinGet\Packages\Schniz.fnm_Microsoft.Winget.Source_8wekyb3d8bbwe;C:\Users\Abutalib\AppData\Local\Android\Sdk\system-images\android-34-ext12\google_apis_playstore\x86_64;C:\Users\Abutalib\AppData\Local\nvm;C:\nvm4w\nodejs;C:\Users\Abutalib\AppData\Roaming\npm
USERNAME=Abutalib
OS=Windows_NT
PROCESSOR_IDENTIFIER=AMD64 Family 23 Model 104 Stepping 1, AuthenticAMD
TMP=C:\Users\Abutalib\AppData\Local\Temp
TEMP=C:\Users\Abutalib\AppData\Local\Temp




Periodic native trim disabled

---------------  S Y S T E M  ---------------

OS:
 Windows 11 , 64 bit Build 26100 (10.0.26100.3775)
OS uptime: 0 days 3:46 hours

CPU: total 8 (initial active 0) 
Processor Information for the first 8 processors :
  Max Mhz: 2600, Current Mhz: 2600, Mhz Limit: 2600

Memory: 4k page, system-wide physical 7502M (375M free)
TotalPageFile size 30030M (AvailPageFile size 0M)
current process WorkingSet (physical memory assigned to process): 9M, peak: 9M
current process commit charge ("private bytes"): 3M, peak: 3M

vm_info: OpenJDK 64-Bit Server VM (21.0.6+7-LTS) for windows-amd64 JRE (21.0.6+7-LTS), built on 2025-01-21T00:00:00Z by "admin" with MS VC++ 17.7 (VS2022)

END.
