#
# There is insufficient memory for the Java Runtime Environment to continue.
# Native memory allocation (malloc) failed to allocate 305296 bytes. Error detail: Chunk::new
# Possible reasons:
#   The system is out of physical RAM or swap space
#   This process is running with CompressedOops enabled, and the Java Heap may be blocking the growth of the native heap
# Possible solutions:
#   Reduce memory load on the system
#   Increase physical memory or swap space
#   Check if swap backing store is full
#   Decrease Java heap size (-Xmx/-Xms)
#   Decrease number of Java threads
#   Decrease Java thread stack sizes (-Xss)
#   Set larger code cache with -XX:ReservedCodeCacheSize=
#   JVM is running with Unscaled Compressed Oops mode in which the Java heap is
#     placed in the first 4GB address space. The Java Heap base address is the
#     maximum limit for the native heap growth. Please use -XX:HeapBaseMinAddress
#     to set the Java Heap base and to place the Java Heap above 4GB virtual address.
# This output file may be truncated or incomplete.
#
#  Out of Memory Error (arena.cpp:168), pid=27464, tid=23776
#
# JRE version: OpenJDK Runtime Environment Temurin-21.0.6+7 (21.0.6+7) (build 21.0.6+7-LTS)
# Java VM: OpenJDK 64-Bit Server VM Temurin-21.0.6+7 (21.0.6+7-LTS, mixed mode, sharing, tiered, compressed oops, compressed class ptrs, parallel gc, windows-amd64)
# No core dump will be written. Minidumps are not enabled by default on client versions of Windows
#

---------------  S U M M A R Y ------------

Command Line: --add-modules=ALL-SYSTEM --add-opens=java.base/java.util=ALL-UNNAMED --add-opens=java.base/java.lang=ALL-UNNAMED --add-opens=java.base/sun.nio.fs=ALL-UNNAMED -Declipse.application=org.eclipse.jdt.ls.core.id1 -Dosgi.bundles.defaultStartLevel=4 -Declipse.product=org.eclipse.jdt.ls.core.product -Djava.import.generatesMetadataFilesAtProjectRoot=false -DDetectVMInstallationsJob.disabled=true -Dfile.encoding=utf8 -XX:+UseParallelGC -XX:GCTimeRatio=4 -XX:AdaptiveSizePolicyWeight=90 -Dsun.zip.disableMemoryMapping=true -Xmx1G -Xms100m -Xlog:disable -javaagent:c:\Users\Abutalib\.vscode\extensions\redhat.java-1.41.1-win32-x64\lombok\lombok-1.18.36.jar -XX:+HeapDumpOnOutOfMemoryError -XX:HeapDumpPath=c:\Users\Abutalib\AppData\Roaming\Code\User\workspaceStorage\0ceda78fae11a4b9d94dbcca64103f9c\redhat.java -Daether.dependencyCollector.impl=bf c:\Users\Abutalib\.vscode\extensions\redhat.java-1.41.1-win32-x64\server\plugins\org.eclipse.equinox.launcher_1.7.0.v20250331-1702.jar -configuration c:\Users\Abutalib\AppData\Roaming\Code\User\globalStorage\redhat.java\1.41.1\config_win -data c:\Users\Abutalib\AppData\Roaming\Code\User\workspaceStorage\0ceda78fae11a4b9d94dbcca64103f9c\redhat.java\jdt_ws --pipe=\\.\pipe\lsp-5951b4da6b133566c25e2749b795e27b-sock

Host: AMD Ryzen 3 5300U with Radeon Graphics         , 8 cores, 7G,  Windows 11 , 64 bit Build 26100 (10.0.26100.3775)
Time: Mon May  5 17:09:18 2025 India Standard Time elapsed time: 7.267348 seconds (0d 0h 0m 7s)

---------------  T H R E A D  ---------------

Current thread (0x0000023b04819470):  JavaThread "C2 CompilerThread1" daemon [_thread_in_native, id=23776, stack(0x000000649c200000,0x000000649c300000) (1024K)]


Current CompileTask:
C2:7267 1589       4       lombok.patcher.scripts.MethodLevelPatchScript::patch (21 bytes)

Stack: [0x000000649c200000,0x000000649c300000]
Native frames: (J=compiled Java code, j=interpreted, Vv=VM code, C=native code)
V  [jvm.dll+0x6cdee9]
V  [jvm.dll+0x8a83d1]
V  [jvm.dll+0x8aa8fe]
V  [jvm.dll+0x8aafe3]
V  [jvm.dll+0x27f706]
V  [jvm.dll+0xc500d]
V  [jvm.dll+0xc5543]
V  [jvm.dll+0x2f2acd]
V  [jvm.dll+0x5f6a2a]
V  [jvm.dll+0x250bb2]
V  [jvm.dll+0x250f6f]
V  [jvm.dll+0x249834]
V  [jvm.dll+0x246ec4]
V  [jvm.dll+0x1c75ee]
V  [jvm.dll+0x25685a]
V  [jvm.dll+0x254dfa]
V  [jvm.dll+0x3f0256]
V  [jvm.dll+0x851f8b]
V  [jvm.dll+0x6cc5ed]
C  [ucrtbase.dll+0x37b0]
C  [KERNEL32.DLL+0x2e8d7]
C  [ntdll.dll+0xb14fc]


---------------  P R O C E S S  ---------------

Threads class SMR info:
_java_thread_list=0x0000023b04b3e770, length=13, elements={
0x0000023b2216a1b0, 0x0000023b244be7c0, 0x0000023b387b5de0, 0x0000023b387b9810,
0x0000023b387ba460, 0x0000023b387bcfc0, 0x0000023b387bda10, 0x0000023b387be840,
0x0000023b04056660, 0x0000023b2446dd30, 0x0000023b0435b0d0, 0x0000023b04819470,
0x0000023b04ac0f30
}

Java Threads: ( => current thread )
  0x0000023b2216a1b0 JavaThread "main"                              [_thread_in_vm, id=21704, stack(0x000000649ae00000,0x000000649af00000) (1024K)]
  0x0000023b244be7c0 JavaThread "Reference Handler"          daemon [_thread_blocked, id=6952, stack(0x000000649b200000,0x000000649b300000) (1024K)]
  0x0000023b387b5de0 JavaThread "Finalizer"                  daemon [_thread_blocked, id=23124, stack(0x000000649b300000,0x000000649b400000) (1024K)]
  0x0000023b387b9810 JavaThread "Signal Dispatcher"          daemon [_thread_blocked, id=17636, stack(0x000000649b400000,0x000000649b500000) (1024K)]
  0x0000023b387ba460 JavaThread "Attach Listener"            daemon [_thread_blocked, id=4452, stack(0x000000649b500000,0x000000649b600000) (1024K)]
  0x0000023b387bcfc0 JavaThread "Service Thread"             daemon [_thread_blocked, id=24464, stack(0x000000649b600000,0x000000649b700000) (1024K)]
  0x0000023b387bda10 JavaThread "Monitor Deflation Thread"   daemon [_thread_blocked, id=14384, stack(0x000000649b700000,0x000000649b800000) (1024K)]
  0x0000023b387be840 JavaThread "C2 CompilerThread0"         daemon [_thread_in_native, id=18692, stack(0x000000649b800000,0x000000649b900000) (1024K)]
  0x0000023b04056660 JavaThread "C1 CompilerThread0"         daemon [_thread_blocked, id=26360, stack(0x000000649b900000,0x000000649ba00000) (1024K)]
  0x0000023b2446dd30 JavaThread "Common-Cleaner"             daemon [_thread_blocked, id=10612, stack(0x000000649ba00000,0x000000649bb00000) (1024K)]
  0x0000023b0435b0d0 JavaThread "Notification Thread"        daemon [_thread_blocked, id=24736, stack(0x000000649bb00000,0x000000649bc00000) (1024K)]
=>0x0000023b04819470 JavaThread "C2 CompilerThread1"         daemon [_thread_in_native, id=23776, stack(0x000000649c200000,0x000000649c300000) (1024K)]
  0x0000023b04ac0f30 JavaThread "Active Thread: Equinox Container: 315d42f1-8618-4df4-bc77-39451b2f6a1e"        [_thread_blocked, id=17860, stack(0x000000649c300000,0x000000649c400000) (1024K)]
Total: 13

Other Threads:
  0x0000023b244a2be0 VMThread "VM Thread"                           [id=22988, stack(0x000000649b100000,0x000000649b200000) (1024K)]
  0x0000023b386cca00 WatcherThread "VM Periodic Task Thread"        [id=25676, stack(0x000000649b000000,0x000000649b100000) (1024K)]
  0x0000023b2441c7e0 WorkerThread "GC Thread#0"                     [id=22980, stack(0x000000649af00000,0x000000649b000000) (1024K)]
  0x0000023b049276b0 WorkerThread "GC Thread#1"                     [id=22848, stack(0x000000649bc00000,0x000000649bd00000) (1024K)]
  0x0000023b0459bb60 WorkerThread "GC Thread#2"                     [id=18600, stack(0x000000649bd00000,0x000000649be00000) (1024K)]
  0x0000023b0459bf00 WorkerThread "GC Thread#3"                     [id=25756, stack(0x000000649be00000,0x000000649bf00000) (1024K)]
  0x0000023b045a2420 WorkerThread "GC Thread#4"                     [id=25972, stack(0x000000649bf00000,0x000000649c000000) (1024K)]
  0x0000023b045a27c0 WorkerThread "GC Thread#5"                     [id=7968, stack(0x000000649c000000,0x000000649c100000) (1024K)]
  0x0000023b045a2f70 WorkerThread "GC Thread#6"                     [id=19248, stack(0x000000649c100000,0x000000649c200000) (1024K)]
Total: 9

Threads with active compile tasks:
C2 CompilerThread0  9384 1599   !   4       lombok.patcher.ScriptManager$OurClassFileTransformer::transform (364 bytes)
C2 CompilerThread1  9384 1589       4       lombok.patcher.scripts.MethodLevelPatchScript::patch (21 bytes)
Total: 2

VM state: not at safepoint (normal execution)

VM Mutex/Monitor currently owned by a thread: None

Heap address: 0x00000000c0000000, size: 1024 MB, Compressed Oops mode: 32-bit

CDS archive(s) mapped at: [0x0000023b39000000-0x0000023b39ba0000-0x0000023b39ba0000), size 12189696, SharedBaseAddress: 0x0000023b39000000, ArchiveRelocationMode: 1.
Compressed class space mapped at: 0x0000023b3a000000-0x0000023b7a000000, reserved size: 1073741824
Narrow klass base: 0x0000023b39000000, Narrow klass shift: 0, Narrow klass range: 0x100000000

GC Precious Log:
 CardTable entry size: 512
 CPUs: 8 total, 8 available
 Memory: 7502M
 Large Page Support: Disabled
 NUMA Support: Disabled
 Compressed Oops: Enabled (32-bit)
 Alignments: Space 512K, Generation 512K, Heap 2M
 Heap Min Capacity: 100M
 Heap Initial Capacity: 100M
 Heap Max Capacity: 1G
 Pre-touch: Disabled
 Parallel Workers: 8

Heap:
 PSYoungGen      total 29696K, used 21928K [0x00000000eab00000, 0x00000000ecc00000, 0x0000000100000000)
  eden space 25600K, 73% used [0x00000000eab00000,0x00000000ebd467c0,0x00000000ec400000)
  from space 4096K, 78% used [0x00000000ec400000,0x00000000ec723aa0,0x00000000ec800000)
  to   space 4096K, 0% used [0x00000000ec800000,0x00000000ec800000,0x00000000ecc00000)
 ParOldGen       total 68608K, used 0K [0x00000000c0000000, 0x00000000c4300000, 0x00000000eab00000)
  object space 68608K, 0% used [0x00000000c0000000,0x00000000c0000000,0x00000000c4300000)
 Metaspace       used 7091K, committed 7360K, reserved 1114112K
  class space    used 684K, committed 832K, reserved 1048576K

Card table byte_map: [0x0000023b23da0000,0x0000023b23fb0000] _byte_map_base: 0x0000023b237a0000

Marking Bits: (ParMarkBitMap*) 0x00007ff87b943260
 Begin Bits: [0x0000023b365f0000, 0x0000023b375f0000)
 End Bits:   [0x0000023b375f0000, 0x0000023b385f0000)

Polling page: 0x0000023b23b80000

Metaspace:

Usage:
  Non-class:      6.26 MB used.
      Class:    684.20 KB used.
       Both:      6.93 MB used.

Virtual space:
  Non-class space:       64.00 MB reserved,       6.38 MB ( 10%) committed,  1 nodes.
      Class space:        1.00 GB reserved,     832.00 KB ( <1%) committed,  1 nodes.
             Both:        1.06 GB reserved,       7.19 MB ( <1%) committed. 

Chunk freelists:
   Non-Class:  9.33 MB
       Class:  15.01 MB
        Both:  24.34 MB

MaxMetaspaceSize: unlimited
CompressedClassSpaceSize: 1.00 GB
Initial GC threshold: 21.00 MB
Current GC threshold: 21.00 MB
CDS: on
 - commit_granule_bytes: 65536.
 - commit_granule_words: 8192.
 - virtual_space_node_default_size: 8388608.
 - enlarge_chunks_in_place: 1.
 - use_allocation_guard: 0.


Internal statistics:

num_allocs_failed_limit: 0.
num_arena_births: 218.
num_arena_deaths: 0.
num_vsnodes_births: 2.
num_vsnodes_deaths: 0.
num_space_committed: 115.
num_space_uncommitted: 0.
num_chunks_returned_to_freelist: 0.
num_chunks_taken_from_freelist: 370.
num_chunk_merges: 0.
num_chunk_splits: 248.
num_chunks_enlarged: 163.
num_inconsistent_stats: 0.

CodeHeap 'non-profiled nmethods': size=120000Kb used=656Kb max_used=656Kb free=119344Kb
 bounds [0x0000023b2f0c0000, 0x0000023b2f330000, 0x0000023b365f0000]
CodeHeap 'profiled nmethods': size=120000Kb used=2890Kb max_used=2890Kb free=117109Kb
 bounds [0x0000023b275f0000, 0x0000023b278d0000, 0x0000023b2eb20000]
CodeHeap 'non-nmethods': size=5760Kb used=1210Kb max_used=1241Kb free=4549Kb
 bounds [0x0000023b2eb20000, 0x0000023b2ed90000, 0x0000023b2f0c0000]
 total_blobs=2119 nmethods=1642 adapters=384
 compilation: enabled
              stopped_count=0, restarted_count=0
 full_count=0

Compilation events (20 events):
Event: 5.233 Thread 0x0000023b04056660 nmethod 1608 0x0000023b278acd90 code [0x0000023b278ad020, 0x0000023b278ade40]
Event: 5.233 Thread 0x0000023b04056660 1609       3       java.security.Security::getImpl (14 bytes)
Event: 5.233 Thread 0x0000023b04056660 nmethod 1609 0x0000023b278ae210 code [0x0000023b278ae400, 0x0000023b278ae998]
Event: 5.233 Thread 0x0000023b04056660 1610       3       sun.security.jca.GetInstance$Instance::toArray (19 bytes)
Event: 5.233 Thread 0x0000023b04056660 nmethod 1610 0x0000023b278aeb90 code [0x0000023b278aed40, 0x0000023b278af168]
Event: 5.234 Thread 0x0000023b04056660 1611   !   3       java.security.AccessController::doPrivileged (26 bytes)
Event: 5.235 Thread 0x0000023b04056660 nmethod 1611 0x0000023b278af290 code [0x0000023b278af4a0, 0x0000023b278af9e0]
Event: 5.235 Thread 0x0000023b04056660 1613       3       java.security.CodeSource::matchCerts (254 bytes)
Event: 5.236 Thread 0x0000023b04056660 nmethod 1613 0x0000023b278afc90 code [0x0000023b278aff00, 0x0000023b278b09c0]
Event: 5.236 Thread 0x0000023b04056660 1612       3       java.security.SecureClassLoader$CodeSourceKey::equals (60 bytes)
Event: 5.236 Thread 0x0000023b04056660 nmethod 1612 0x0000023b278b0d90 code [0x0000023b278b0fa0, 0x0000023b278b15d8]
Event: 5.236 Thread 0x0000023b04056660 1614       3       java.util.jar.JarFile$JarFileEntry::realEntry (67 bytes)
Event: 5.237 Thread 0x0000023b04056660 nmethod 1614 0x0000023b278b1790 code [0x0000023b278b19a0, 0x0000023b278b1f40]
Event: 5.237 Thread 0x0000023b04056660 1615       3       java.lang.ClassLoader::setSigners (6 bytes)
Event: 5.237 Thread 0x0000023b04056660 nmethod 1615 0x0000023b278b2190 code [0x0000023b278b2340, 0x0000023b278b2488]
Event: 5.238 Thread 0x0000023b04056660 1616   !   3       java.net.URLClassLoader::findClass (47 bytes)
Event: 5.238 Thread 0x0000023b04056660 nmethod 1616 0x0000023b278b2590 code [0x0000023b278b2780, 0x0000023b278b2dd0]
Event: 5.238 Thread 0x0000023b04056660 1617       3       java.net.URLClassLoader$1::<init> (15 bytes)
Event: 5.238 Thread 0x0000023b04056660 nmethod 1617 0x0000023b278b3010 code [0x0000023b278b31c0, 0x0000023b278b3358]
Event: 5.240 Thread 0x0000023b04056660 1619       1       java.util.Collections$EmptyMap::get (2 bytes)

GC Heap History (2 events):
Event: 3.206 GC heap before
{Heap before GC invocations=1 (full 0):
 PSYoungGen      total 29696K, used 25600K [0x00000000eab00000, 0x00000000ecc00000, 0x0000000100000000)
  eden space 25600K, 100% used [0x00000000eab00000,0x00000000ec400000,0x00000000ec400000)
  from space 4096K, 0% used [0x00000000ec800000,0x00000000ec800000,0x00000000ecc00000)
  to   space 4096K, 0% used [0x00000000ec400000,0x00000000ec400000,0x00000000ec800000)
 ParOldGen       total 68608K, used 0K [0x00000000c0000000, 0x00000000c4300000, 0x00000000eab00000)
  object space 68608K, 0% used [0x00000000c0000000,0x00000000c0000000,0x00000000c4300000)
 Metaspace       used 4341K, committed 4544K, reserved 1114112K
  class space    used 438K, committed 512K, reserved 1048576K
}
Event: 3.223 GC heap after
{Heap after GC invocations=1 (full 0):
 PSYoungGen      total 29696K, used 3214K [0x00000000eab00000, 0x00000000ecc00000, 0x0000000100000000)
  eden space 25600K, 0% used [0x00000000eab00000,0x00000000eab00000,0x00000000ec400000)
  from space 4096K, 78% used [0x00000000ec400000,0x00000000ec723aa0,0x00000000ec800000)
  to   space 4096K, 0% used [0x00000000ec800000,0x00000000ec800000,0x00000000ecc00000)
 ParOldGen       total 68608K, used 0K [0x00000000c0000000, 0x00000000c4300000, 0x00000000eab00000)
  object space 68608K, 0% used [0x00000000c0000000,0x00000000c0000000,0x00000000c4300000)
 Metaspace       used 4341K, committed 4544K, reserved 1114112K
  class space    used 438K, committed 512K, reserved 1048576K
}

Dll operation events (8 events):
Event: 0.180 Loaded shared library c:\Users\Abutalib\.vscode\extensions\redhat.java-1.41.1-win32-x64\jre\21.0.6-win32-x86_64\bin\java.dll
Event: 0.463 Loaded shared library c:\Users\Abutalib\.vscode\extensions\redhat.java-1.41.1-win32-x64\jre\21.0.6-win32-x86_64\bin\zip.dll
Event: 0.506 Loaded shared library C:\Users\Abutalib\.vscode\extensions\redhat.java-1.41.1-win32-x64\jre\21.0.6-win32-x86_64\bin\instrument.dll
Event: 0.520 Loaded shared library C:\Users\Abutalib\.vscode\extensions\redhat.java-1.41.1-win32-x64\jre\21.0.6-win32-x86_64\bin\net.dll
Event: 0.527 Loaded shared library C:\Users\Abutalib\.vscode\extensions\redhat.java-1.41.1-win32-x64\jre\21.0.6-win32-x86_64\bin\nio.dll
Event: 0.544 Loaded shared library C:\Users\Abutalib\.vscode\extensions\redhat.java-1.41.1-win32-x64\jre\21.0.6-win32-x86_64\bin\zip.dll
Event: 0.634 Loaded shared library C:\Users\Abutalib\.vscode\extensions\redhat.java-1.41.1-win32-x64\jre\21.0.6-win32-x86_64\bin\jimage.dll
Event: 0.876 Loaded shared library c:\Users\Abutalib\.vscode\extensions\redhat.java-1.41.1-win32-x64\jre\21.0.6-win32-x86_64\bin\verify.dll

Deoptimization events (20 events):
Event: 5.119 Thread 0x0000023b2216a1b0 Uncommon trap: trap_request=0xffffffde fr.pc=0x0000023b2f151710 relative=0x0000000000000570
Event: 5.119 Thread 0x0000023b2216a1b0 Uncommon trap: reason=class_check action=maybe_recompile pc=0x0000023b2f151710 method=java.util.Collections$UnmodifiableCollection$1.<init>(Ljava/util/Collections$UnmodifiableCollection;)V @ 17 c2
Event: 5.119 Thread 0x0000023b2216a1b0 DEOPT PACKING pc=0x0000023b2f151710 sp=0x000000649aefe3e0
Event: 5.119 Thread 0x0000023b2216a1b0 DEOPT UNPACKING pc=0x0000023b2eb73aa2 sp=0x000000649aefe328 mode 2
Event: 5.190 Thread 0x0000023b2216a1b0 Uncommon trap: trap_request=0xffffffc6 fr.pc=0x0000023b2f15c320 relative=0x0000000000000680
Event: 5.190 Thread 0x0000023b2216a1b0 Uncommon trap: reason=bimorphic_or_optimized_type_check action=maybe_recompile pc=0x0000023b2f15c320 method=java.util.Collections$UnmodifiableCollection$1.<init>(Ljava/util/Collections$UnmodifiableCollection;)V @ 17 c2
Event: 5.190 Thread 0x0000023b2216a1b0 DEOPT PACKING pc=0x0000023b2f15c320 sp=0x000000649aefe840
Event: 5.190 Thread 0x0000023b2216a1b0 DEOPT UNPACKING pc=0x0000023b2eb73aa2 sp=0x000000649aefe788 mode 2
Event: 5.200 Thread 0x0000023b2216a1b0 Uncommon trap: trap_request=0xffffff45 fr.pc=0x0000023b2f137fcc relative=0x00000000000000ac
Event: 5.200 Thread 0x0000023b2216a1b0 Uncommon trap: reason=unstable_if action=reinterpret pc=0x0000023b2f137fcc method=java.util.concurrent.locks.ReentrantLock$NonfairSync.initialTryLock()Z @ 10 c2
Event: 5.200 Thread 0x0000023b2216a1b0 DEOPT PACKING pc=0x0000023b2f137fcc sp=0x000000649aefe6d0
Event: 5.200 Thread 0x0000023b2216a1b0 DEOPT UNPACKING pc=0x0000023b2eb73aa2 sp=0x000000649aefe660 mode 2
Event: 5.201 Thread 0x0000023b2216a1b0 Uncommon trap: trap_request=0xffffff45 fr.pc=0x0000023b2f133a34 relative=0x0000000000000094
Event: 5.201 Thread 0x0000023b2216a1b0 Uncommon trap: reason=unstable_if action=reinterpret pc=0x0000023b2f133a34 method=java.util.concurrent.locks.ReentrantLock$Sync.tryRelease(I)Z @ 26 c2
Event: 5.201 Thread 0x0000023b2216a1b0 DEOPT PACKING pc=0x0000023b2f133a34 sp=0x000000649aefe7a0
Event: 5.201 Thread 0x0000023b2216a1b0 DEOPT UNPACKING pc=0x0000023b2eb73aa2 sp=0x000000649aefe720 mode 2
Event: 5.240 Thread 0x0000023b2216a1b0 Uncommon trap: trap_request=0xffffffc6 fr.pc=0x0000023b2f15c320 relative=0x0000000000000680
Event: 5.240 Thread 0x0000023b2216a1b0 Uncommon trap: reason=bimorphic_or_optimized_type_check action=maybe_recompile pc=0x0000023b2f15c320 method=java.util.Collections$UnmodifiableCollection$1.<init>(Ljava/util/Collections$UnmodifiableCollection;)V @ 17 c2
Event: 5.240 Thread 0x0000023b2216a1b0 DEOPT PACKING pc=0x0000023b2f15c320 sp=0x000000649aefe370
Event: 5.240 Thread 0x0000023b2216a1b0 DEOPT UNPACKING pc=0x0000023b2eb73aa2 sp=0x000000649aefe2b8 mode 2

Classes loaded (20 events):
Event: 5.217 Loading class java/util/concurrent/ScheduledThreadPoolExecutor$DelayedWorkQueue
Event: 5.217 Loading class java/util/concurrent/ScheduledThreadPoolExecutor$DelayedWorkQueue done
Event: 5.217 Loading class java/util/concurrent/RunnableScheduledFuture
Event: 5.217 Loading class java/util/concurrent/RunnableFuture
Event: 5.217 Loading class java/util/concurrent/RunnableFuture done
Event: 5.217 Loading class java/util/concurrent/ScheduledFuture
Event: 5.217 Loading class java/util/concurrent/Delayed
Event: 5.217 Loading class java/util/concurrent/Delayed done
Event: 5.217 Loading class java/util/concurrent/ScheduledFuture done
Event: 5.217 Loading class java/util/concurrent/RunnableScheduledFuture done
Event: 5.221 Loading class java/util/concurrent/ScheduledThreadPoolExecutor$ScheduledFutureTask
Event: 5.222 Loading class java/util/concurrent/FutureTask
Event: 5.222 Loading class java/util/concurrent/FutureTask done
Event: 5.222 Loading class java/util/concurrent/ScheduledThreadPoolExecutor$ScheduledFutureTask done
Event: 5.222 Loading class java/util/concurrent/FutureTask$WaitNode
Event: 5.222 Loading class java/util/concurrent/FutureTask$WaitNode done
Event: 5.222 Loading class java/util/concurrent/Executors$RunnableAdapter
Event: 5.222 Loading class java/util/concurrent/Executors$RunnableAdapter done
Event: 5.223 Loading class java/util/concurrent/ThreadPoolExecutor$Worker
Event: 5.223 Loading class java/util/concurrent/ThreadPoolExecutor$Worker done

Classes unloaded (0 events):
No events

Classes redefined (0 events):
No events

Internal exceptions (20 events):
Event: 3.052 Thread 0x0000023b2216a1b0 Exception <a 'java/lang/ClassNotFoundException'{0x00000000ec2bbda0}: sun/net/www/protocol/c/Handler> (0x00000000ec2bbda0) 
thrown [s\src\hotspot\share\classfile\systemDictionary.cpp, line 312]
Event: 3.053 Thread 0x0000023b2216a1b0 Exception <a 'java/lang/ClassNotFoundException'{0x00000000ec2bcf38}: sun/net/www/protocol/c/Handler> (0x00000000ec2bcf38) 
thrown [s\src\hotspot\share\classfile\systemDictionary.cpp, line 312]
Event: 3.078 Thread 0x0000023b2216a1b0 Exception <a 'java/io/FileNotFoundException'{0x00000000ec2e6d00}> (0x00000000ec2e6d00) 
thrown [s\src\hotspot\share\prims\jni.cpp, line 520]
Event: 3.231 Thread 0x0000023b2216a1b0 Implicit null exception at 0x0000023b2f10e1a9 to 0x0000023b2f10ea18
Event: 3.236 Thread 0x0000023b2216a1b0 Implicit null exception at 0x0000023b2f11d01a to 0x0000023b2f11d220
Event: 3.239 Thread 0x0000023b2216a1b0 Exception <a 'java/lang/NoSuchMethodError'{0x00000000eab125f0}: 'void java.lang.invoke.DirectMethodHandle$Holder.invokeStatic(java.lang.Object, java.lang.Object, java.lang.Object, java.lang.Object)'> (0x00000000eab125f0) 
thrown [s\src\hotspot\share\interpreter\linkResolver.cpp, line 773]
Event: 3.251 Thread 0x0000023b2216a1b0 Implicit null exception at 0x0000023b2f11db1a to 0x0000023b2f11dd24
Event: 3.252 Thread 0x0000023b2216a1b0 Implicit null exception at 0x0000023b2f111cbd to 0x0000023b2f111d41
Event: 3.420 Thread 0x0000023b2216a1b0 Exception <a 'java/lang/NoSuchMethodError'{0x00000000ead4f0c8}: 'long java.lang.invoke.DirectMethodHandle$Holder.invokeStatic(java.lang.Object, java.lang.Object, int)'> (0x00000000ead4f0c8) 
thrown [s\src\hotspot\share\interpreter\linkResolver.cpp, line 773]
Event: 3.422 Thread 0x0000023b2216a1b0 Exception <a 'java/lang/NoSuchMethodError'{0x00000000ead56bd0}: 'java.lang.Object java.lang.invoke.DirectMethodHandle$Holder.invokeSpecial(java.lang.Object, java.lang.Object, java.lang.Object, java.lang.Object, long)'> (0x00000000ead56bd0) 
thrown [s\src\hotspot\share\interpreter\linkResolver.cpp, line 773]
Event: 3.426 Thread 0x0000023b2216a1b0 Exception <a 'java/lang/NoSuchMethodError'{0x00000000ead64850}: 'java.lang.Object java.lang.invoke.DirectMethodHandle$Holder.invokeSpecial(java.lang.Object, java.lang.Object, java.lang.Object, int, java.lang.Object)'> (0x00000000ead64850) 
thrown [s\src\hotspot\share\interpreter\linkResolver.cpp, line 773]
Event: 3.431 Thread 0x0000023b2216a1b0 Exception <a 'java/lang/NoSuchMethodError'{0x00000000ead7c1e0}: 'java.lang.Object java.lang.invoke.Invokers$Holder.invokeExact_MT(java.lang.Object, java.lang.Object, java.lang.Object, java.lang.Object, java.lang.Object, java.lang.Object)'> (0x00000000ead7c1e0) 
thrown [s\src\hotspot\share\interpreter\linkResolver.cpp, line 773]
Event: 3.439 Thread 0x0000023b2216a1b0 Exception <a 'java/lang/NoSuchMethodError'{0x00000000ead95ac8}: 'int java.lang.invoke.DirectMethodHandle$Holder.invokeStaticInit(java.lang.Object, java.lang.Object, java.lang.Object, java.lang.Object)'> (0x00000000ead95ac8) 
thrown [s\src\hotspot\share\interpreter\linkResolver.cpp, line 773]
Event: 3.441 Thread 0x0000023b2216a1b0 Exception <a 'java/lang/NoSuchMethodError'{0x00000000ead9e280}: 'java.lang.Object java.lang.invoke.DirectMethodHandle$Holder.invokeInterface(java.lang.Object, java.lang.Object)'> (0x00000000ead9e280) 
thrown [s\src\hotspot\share\interpreter\linkResolver.cpp, line 773]
Event: 3.442 Thread 0x0000023b2216a1b0 Exception <a 'java/lang/IncompatibleClassChangeError'{0x00000000eada17b8}: Found class java.lang.Object, but interface was expected> (0x00000000eada17b8) 
thrown [s\src\hotspot\share\interpreter\linkResolver.cpp, line 840]
Event: 3.444 Thread 0x0000023b2216a1b0 Exception <a 'java/lang/NoSuchMethodError'{0x00000000eada5970}: 'void java.lang.invoke.DirectMethodHandle$Holder.invokeStatic(java.lang.Object, java.lang.Object)'> (0x00000000eada5970) 
thrown [s\src\hotspot\share\interpreter\linkResolver.cpp, line 773]
Event: 3.445 Thread 0x0000023b2216a1b0 Exception <a 'java/lang/NoSuchMethodError'{0x00000000eada8d18}: 'void java.lang.invoke.DirectMethodHandle$Holder.invokeStaticInit(java.lang.Object, java.lang.Object)'> (0x00000000eada8d18) 
thrown [s\src\hotspot\share\interpreter\linkResolver.cpp, line 773]
Event: 3.448 Thread 0x0000023b2216a1b0 Exception <a 'java/lang/NoSuchMethodError'{0x00000000eadafd38}: 'int java.lang.invoke.DirectMethodHandle$Holder.invokeStaticInit(java.lang.Object, java.lang.Object)'> (0x00000000eadafd38) 
thrown [s\src\hotspot\share\interpreter\linkResolver.cpp, line 773]
Event: 3.661 Thread 0x0000023b2216a1b0 Exception <a 'java/lang/NoSuchMethodError'{0x00000000eaf11160}: 'void java.lang.invoke.DirectMethodHandle$Holder.invokeSpecial(java.lang.Object, java.lang.Object, java.lang.Object)'> (0x00000000eaf11160) 
thrown [s\src\hotspot\share\interpreter\linkResolver.cpp, line 773]
Event: 5.152 Thread 0x0000023b2216a1b0 Exception <a 'java/lang/NoSuchMethodError'{0x00000000eb8f58c0}: 'int java.lang.invoke.DirectMethodHandle$Holder.invokeVirtual(java.lang.Object, java.lang.Object)'> (0x00000000eb8f58c0) 
thrown [s\src\hotspot\share\interpreter\linkResolver.cpp, line 773]

ZGC Phase Switch (0 events):
No events

VM Operations (19 events):
Event: 0.458 Executing VM operation: HandshakeAllThreads (Deoptimize)
Event: 0.458 Executing VM operation: HandshakeAllThreads (Deoptimize) done
Event: 0.665 Executing VM operation: HandshakeAllThreads (Deoptimize)
Event: 0.665 Executing VM operation: HandshakeAllThreads (Deoptimize) done
Event: 1.665 Executing VM operation: Cleanup
Event: 1.665 Executing VM operation: Cleanup done
Event: 1.733 Executing VM operation: HandshakeAllThreads (Deoptimize)
Event: 1.733 Executing VM operation: HandshakeAllThreads (Deoptimize) done
Event: 1.824 Executing VM operation: HandshakeAllThreads (Deoptimize)
Event: 1.824 Executing VM operation: HandshakeAllThreads (Deoptimize) done
Event: 2.826 Executing VM operation: Cleanup
Event: 2.826 Executing VM operation: Cleanup done
Event: 3.002 Executing VM operation: HandshakeAllThreads (Deoptimize)
Event: 3.002 Executing VM operation: HandshakeAllThreads (Deoptimize) done
Event: 3.206 Executing VM operation: ParallelGCFailedAllocation (Allocation Failure)
Event: 3.223 Executing VM operation: ParallelGCFailedAllocation (Allocation Failure) done
Event: 4.231 Executing VM operation: Cleanup
Event: 4.700 Executing VM operation: Cleanup done
Event: 5.702 Executing VM operation: Cleanup

Memory protections (0 events):
No events

Nmethod flushes (0 events):
No events

Events (20 events):
Event: 0.330 Thread 0x0000023b2216a1b0 Thread added: 0x0000023b244be7c0
Event: 0.331 Thread 0x0000023b2216a1b0 Thread added: 0x0000023b387b5de0
Event: 0.331 Thread 0x0000023b2216a1b0 Thread added: 0x0000023b387b9810
Event: 0.331 Thread 0x0000023b2216a1b0 Thread added: 0x0000023b387ba460
Event: 0.332 Thread 0x0000023b2216a1b0 Thread added: 0x0000023b387bcfc0
Event: 0.332 Thread 0x0000023b2216a1b0 Thread added: 0x0000023b387bda10
Event: 0.332 Thread 0x0000023b2216a1b0 Thread added: 0x0000023b387be840
Event: 0.366 Thread 0x0000023b2216a1b0 Thread added: 0x0000023b04056660
Event: 0.436 Thread 0x0000023b2216a1b0 Thread added: 0x0000023b2446dd30
Event: 1.212 Thread 0x0000023b2216a1b0 Thread added: 0x0000023b0435b0d0
Event: 1.817 Thread 0x0000023b04056660 Thread added: 0x0000023b0446f210
Event: 2.061 Thread 0x0000023b0446f210 Thread exited: 0x0000023b0446f210
Event: 2.461 Thread 0x0000023b04056660 Thread added: 0x0000023b044ba150
Event: 2.462 Thread 0x0000023b04056660 Thread added: 0x0000023b044ba7f0
Event: 2.644 Thread 0x0000023b044ba7f0 Thread exited: 0x0000023b044ba7f0
Event: 2.644 Thread 0x0000023b044ba150 Thread exited: 0x0000023b044ba150
Event: 2.982 Thread 0x0000023b387be840 Thread added: 0x0000023b048ad0b0
Event: 3.105 Thread 0x0000023b048ad0b0 Thread exited: 0x0000023b048ad0b0
Event: 4.873 Thread 0x0000023b04056660 Thread added: 0x0000023b04819470
Event: 5.223 Thread 0x0000023b2216a1b0 Thread added: 0x0000023b04ac0f30


Dynamic libraries:
0x00007ff6fa340000 - 0x00007ff6fa34e000 	c:\Users\Abutalib\.vscode\extensions\redhat.java-1.41.1-win32-x64\jre\21.0.6-win32-x86_64\bin\java.exe
0x00007ff8de5c0000 - 0x00007ff8de820000 	C:\WINDOWS\SYSTEM32\ntdll.dll
0x00007ff8dd2a0000 - 0x00007ff8dd367000 	C:\WINDOWS\System32\KERNEL32.DLL
0x00007ff8dbb40000 - 0x00007ff8dbf0a000 	C:\WINDOWS\System32\KERNELBASE.dll
0x00007ff8db7a0000 - 0x00007ff8db8eb000 	C:\WINDOWS\System32\ucrtbase.dll
0x00007ff8d68e0000 - 0x00007ff8d68fe000 	c:\Users\Abutalib\.vscode\extensions\redhat.java-1.41.1-win32-x64\jre\21.0.6-win32-x86_64\bin\VCRUNTIME140.dll
0x00007ff8d68c0000 - 0x00007ff8d68d8000 	c:\Users\Abutalib\.vscode\extensions\redhat.java-1.41.1-win32-x64\jre\21.0.6-win32-x86_64\bin\jli.dll
0x00007ff8ddd20000 - 0x00007ff8ddeec000 	C:\WINDOWS\System32\USER32.dll
0x00007ff8db990000 - 0x00007ff8db9b7000 	C:\WINDOWS\System32\win32u.dll
0x00007ff8dd110000 - 0x00007ff8dd13a000 	C:\WINDOWS\System32\GDI32.dll
0x00007ff8dbf10000 - 0x00007ff8dc041000 	C:\WINDOWS\System32\gdi32full.dll
0x00007ff8dc110000 - 0x00007ff8dc1b3000 	C:\WINDOWS\System32\msvcp_win.dll
0x00007ff8c3b90000 - 0x00007ff8c3e27000 	C:\WINDOWS\WinSxS\amd64_microsoft.windows.common-controls_6595b64144ccf1df_6.0.26100.3624_none_3e086962e3345f24\COMCTL32.dll
0x00007ff8dd960000 - 0x00007ff8dda09000 	C:\WINDOWS\System32\msvcrt.dll
0x00007ff8ddc30000 - 0x00007ff8ddc5f000 	C:\WINDOWS\System32\IMM32.DLL
0x00007ff8d68b0000 - 0x00007ff8d68bc000 	c:\Users\Abutalib\.vscode\extensions\redhat.java-1.41.1-win32-x64\jre\21.0.6-win32-x86_64\bin\vcruntime140_1.dll
0x00007ff8c3a00000 - 0x00007ff8c3a8d000 	c:\Users\Abutalib\.vscode\extensions\redhat.java-1.41.1-win32-x64\jre\21.0.6-win32-x86_64\bin\msvcp140.dll
0x00007ff87ac90000 - 0x00007ff87ba20000 	c:\Users\Abutalib\.vscode\extensions\redhat.java-1.41.1-win32-x64\jre\21.0.6-win32-x86_64\bin\server\jvm.dll
0x00007ff8dcc60000 - 0x00007ff8dcd12000 	C:\WINDOWS\System32\ADVAPI32.dll
0x00007ff8dd3f0000 - 0x00007ff8dd496000 	C:\WINDOWS\System32\sechost.dll
0x00007ff8ddef0000 - 0x00007ff8de006000 	C:\WINDOWS\System32\RPCRT4.dll
0x00007ff8dd370000 - 0x00007ff8dd3e4000 	C:\WINDOWS\System32\WS2_32.dll
0x00007ff8db5f0000 - 0x00007ff8db64e000 	C:\WINDOWS\SYSTEM32\POWRPROF.dll
0x00007ff8d1bb0000 - 0x00007ff8d1be6000 	C:\WINDOWS\SYSTEM32\WINMM.dll
0x00007ff8d3630000 - 0x00007ff8d363b000 	C:\WINDOWS\SYSTEM32\VERSION.dll
0x00007ff8db5d0000 - 0x00007ff8db5e4000 	C:\WINDOWS\SYSTEM32\UMPDC.dll
0x00007ff8da5b0000 - 0x00007ff8da5ca000 	C:\WINDOWS\SYSTEM32\kernel.appcore.dll
0x00007ff8c3ae0000 - 0x00007ff8c3aea000 	c:\Users\Abutalib\.vscode\extensions\redhat.java-1.41.1-win32-x64\jre\21.0.6-win32-x86_64\bin\jimage.dll
0x00007ff8d1840000 - 0x00007ff8d1a81000 	C:\WINDOWS\SYSTEM32\DBGHELP.DLL
0x00007ff8de010000 - 0x00007ff8de392000 	C:\WINDOWS\System32\combase.dll
0x00007ff8dd140000 - 0x00007ff8dd216000 	C:\WINDOWS\System32\OLEAUT32.dll
0x00007ff8bdb70000 - 0x00007ff8bdba9000 	C:\WINDOWS\SYSTEM32\dbgcore.DLL
0x00007ff8db8f0000 - 0x00007ff8db989000 	C:\WINDOWS\System32\bcryptPrimitives.dll
0x00007ff8c3b80000 - 0x00007ff8c3b8f000 	c:\Users\Abutalib\.vscode\extensions\redhat.java-1.41.1-win32-x64\jre\21.0.6-win32-x86_64\bin\instrument.dll
0x00007ff8c3ac0000 - 0x00007ff8c3adf000 	c:\Users\Abutalib\.vscode\extensions\redhat.java-1.41.1-win32-x64\jre\21.0.6-win32-x86_64\bin\java.dll
0x00007ff8dc530000 - 0x00007ff8dcc59000 	C:\WINDOWS\System32\SHELL32.dll
0x00007ff8dc1c0000 - 0x00007ff8dc328000 	C:\WINDOWS\System32\wintypes.dll
0x00007ff8d9410000 - 0x00007ff8d9c62000 	C:\WINDOWS\SYSTEM32\windows.storage.dll
0x00007ff8dcf60000 - 0x00007ff8dd04d000 	C:\WINDOWS\System32\SHCORE.dll
0x00007ff8dd230000 - 0x00007ff8dd294000 	C:\WINDOWS\System32\shlwapi.dll
0x00007ff8db6b0000 - 0x00007ff8db6df000 	C:\WINDOWS\SYSTEM32\profapi.dll
0x00007ff8c3aa0000 - 0x00007ff8c3ab8000 	c:\Users\Abutalib\.vscode\extensions\redhat.java-1.41.1-win32-x64\jre\21.0.6-win32-x86_64\bin\zip.dll
0x00007ff8c39f0000 - 0x00007ff8c3a00000 	C:\Users\Abutalib\.vscode\extensions\redhat.java-1.41.1-win32-x64\jre\21.0.6-win32-x86_64\bin\net.dll
0x00007ff8d3f10000 - 0x00007ff8d402d000 	C:\WINDOWS\SYSTEM32\WINHTTP.dll
0x00007ff8daad0000 - 0x00007ff8dab3a000 	C:\WINDOWS\system32\mswsock.dll
0x00007ff8c39d0000 - 0x00007ff8c39e6000 	C:\Users\Abutalib\.vscode\extensions\redhat.java-1.41.1-win32-x64\jre\21.0.6-win32-x86_64\bin\nio.dll
0x00007ff8c3b70000 - 0x00007ff8c3b80000 	c:\Users\Abutalib\.vscode\extensions\redhat.java-1.41.1-win32-x64\jre\21.0.6-win32-x86_64\bin\verify.dll

dbghelp: loaded successfully - version: 4.0.5 - missing functions: none
symbol engine: initialized successfully - sym options: 0x614 - pdb path: .;c:\Users\Abutalib\.vscode\extensions\redhat.java-1.41.1-win32-x64\jre\21.0.6-win32-x86_64\bin;C:\WINDOWS\SYSTEM32;C:\WINDOWS\WinSxS\amd64_microsoft.windows.common-controls_6595b64144ccf1df_6.0.26100.3624_none_3e086962e3345f24;c:\Users\Abutalib\.vscode\extensions\redhat.java-1.41.1-win32-x64\jre\21.0.6-win32-x86_64\bin\server

VM Arguments:
jvm_args: --add-modules=ALL-SYSTEM --add-opens=java.base/java.util=ALL-UNNAMED --add-opens=java.base/java.lang=ALL-UNNAMED --add-opens=java.base/sun.nio.fs=ALL-UNNAMED -Declipse.application=org.eclipse.jdt.ls.core.id1 -Dosgi.bundles.defaultStartLevel=4 -Declipse.product=org.eclipse.jdt.ls.core.product -Djava.import.generatesMetadataFilesAtProjectRoot=false -DDetectVMInstallationsJob.disabled=true -Dfile.encoding=utf8 -XX:+UseParallelGC -XX:GCTimeRatio=4 -XX:AdaptiveSizePolicyWeight=90 -Dsun.zip.disableMemoryMapping=true -Xmx1G -Xms100m -Xlog:disable -javaagent:c:\Users\Abutalib\.vscode\extensions\redhat.java-1.41.1-win32-x64\lombok\lombok-1.18.36.jar -XX:+HeapDumpOnOutOfMemoryError -XX:HeapDumpPath=c:\Users\Abutalib\AppData\Roaming\Code\User\workspaceStorage\0ceda78fae11a4b9d94dbcca64103f9c\redhat.java -Daether.dependencyCollector.impl=bf 
java_command: c:\Users\Abutalib\.vscode\extensions\redhat.java-1.41.1-win32-x64\server\plugins\org.eclipse.equinox.launcher_1.7.0.v20250331-1702.jar -configuration c:\Users\Abutalib\AppData\Roaming\Code\User\globalStorage\redhat.java\1.41.1\config_win -data c:\Users\Abutalib\AppData\Roaming\Code\User\workspaceStorage\0ceda78fae11a4b9d94dbcca64103f9c\redhat.java\jdt_ws --pipe=\\.\pipe\lsp-5951b4da6b133566c25e2749b795e27b-sock
java_class_path (initial): c:\Users\Abutalib\.vscode\extensions\redhat.java-1.41.1-win32-x64\server\plugins\org.eclipse.equinox.launcher_1.7.0.v20250331-1702.jar
Launcher Type: SUN_STANDARD

[Global flags]
    uintx AdaptiveSizePolicyWeight                 = 90                                        {product} {command line}
     intx CICompilerCount                          = 4                                         {product} {ergonomic}
    uintx GCTimeRatio                              = 4                                         {product} {command line}
     bool HeapDumpOnOutOfMemoryError               = true                                   {manageable} {command line}
    ccstr HeapDumpPath                             = c:\Users\Abutalib\AppData\Roaming\Code\User\workspaceStorage\0ceda78fae11a4b9d94dbcca64103f9c\redhat.java         {manageable} {command line}
   size_t InitialHeapSize                          = 104857600                                 {product} {command line}
   size_t MaxHeapSize                              = 1073741824                                {product} {command line}
   size_t MaxNewSize                               = 357564416                                 {product} {ergonomic}
   size_t MinHeapDeltaBytes                        = 524288                                    {product} {ergonomic}
   size_t MinHeapSize                              = 104857600                                 {product} {command line}
   size_t NewSize                                  = 34603008                                  {product} {ergonomic}
    uintx NonNMethodCodeHeapSize                   = 5839372                                {pd product} {ergonomic}
    uintx NonProfiledCodeHeapSize                  = 122909434                              {pd product} {ergonomic}
   size_t OldSize                                  = 70254592                                  {product} {ergonomic}
    uintx ProfiledCodeHeapSize                     = 122909434                              {pd product} {ergonomic}
    uintx ReservedCodeCacheSize                    = 251658240                              {pd product} {ergonomic}
     bool SegmentedCodeCache                       = true                                      {product} {ergonomic}
   size_t SoftMaxHeapSize                          = 1073741824                             {manageable} {ergonomic}
     bool UseCompressedOops                        = true                           {product lp64_product} {ergonomic}
     bool UseLargePagesIndividualAllocation        = false                                  {pd product} {ergonomic}
     bool UseParallelGC                            = true                                      {product} {command line}

Logging:
Log output configuration:
 #0: stdout all=off uptime,level,tags foldmultilines=false
 #1: stderr all=off uptime,level,tags foldmultilines=false

Environment Variables:
JAVA_HOME=C:\Program Files\Microsoft\jdk-17.0.12.7-hotspot
PATH=C:\Program Files\Microsoft\jdk-17.0.12.7-hotspot\bin;C:\Users\Abutalib\AppData\Local\Programs\Python\Python311\Scripts\;C:\Users\Abutalib\AppData\Local\Programs\Python\Python311\;C:\Ruby32-x64\bin;C:\Program Files\Common Files\Oracle\Java\javapath;C:\Users\Abutalib\AppData\Local\Programs\Python\Python311;c:\users\abutalib\appdata\local\programs\python\python311\lib\site-packages\pip\__init__.py;C:\WINDOWS\system32;C:\WINDOWS;C:\WINDOWS\System32\OpenSSH\;C:\WINDOWS\System32\Wbem;C:\WINDOWS\System32\WindowsPowerShell\v1.0\;C:\Program Files (x86)\Yarn\bin\;C:\Program Files\Git\cmd;C:\ProgramData\chocolatey\bin;C:\php;C:\ProgramData\ComposerSetup\bin;C:\Program Files\Amazon\AWSCLIV2\;C:\Users\Abutalib\AppData\Local\nvm;C:\nvm4w\nodejs;C:\Program Files\nodejs\;;C:\Users\Abutalib\AppData\Local\Microsoft\WindowsApps;C:\Users\Abutalib\AppData\Local\Android\Sdk\emulator;C:\Users\Abutalib\AppData\Local\Android\Sdk\platform-tools;C:\Users\Abutalib\AppData\Local\Android\Sdk\cmdline-tools\13.0\bin;C:\java programs\Microsoft VS Code\bin;C:\Users\Abutalib\PyCharm Community Edition 2022.3\bin;;C:\MinGW\bin;C:\MinGW\bin\gcc.exe;C:\Users\Abutalib\AppData\Local\Yarn\bin;C:\Program Files\Microsoft\jdk-17.0.12.7-hotspot\bin;C:\Users\Abutalib\AppData\Local\Microsoft\WinGet\Packages\Schniz.fnm_Microsoft.Winget.Source_8wekyb3d8bbwe;C:\Users\Abutalib\AppData\Local\Android\Sdk\system-images\android-34-ext12\google_apis_playstore\x86_64;C:\Users\Abutalib\AppData\Local\nvm;C:\nvm4w\nodejs;C:\Users\Abutalib\AppData\Roaming\npm
USERNAME=Abutalib
OS=Windows_NT
PROCESSOR_IDENTIFIER=AMD64 Family 23 Model 104 Stepping 1, AuthenticAMD
TMP=C:\Users\Abutalib\AppData\Local\Temp
TEMP=C:\Users\Abutalib\AppData\Local\Temp




Periodic native trim disabled

---------------  S Y S T E M  ---------------

OS:
 Windows 11 , 64 bit Build 26100 (10.0.26100.3775)
OS uptime: 0 days 19:20 hours
Hyper-V role detected

CPU: total 8 (initial active 8) (8 cores per cpu, 2 threads per core) family 23 model 104 stepping 1 microcode 0x8608107, cx8, cmov, fxsr, ht, mmx, 3dnowpref, sse, sse2, sse3, ssse3, sse4a, sse4.1, sse4.2, popcnt, lzcnt, tsc, tscinvbit, avx, avx2, aes, clmul, bmi1, bmi2, adx, sha, fma, vzeroupper, clflush, clflushopt, hv, rdtscp, rdpid, f16c
Processor Information for processor 0
  Max Mhz: 2600, Current Mhz: 2600, Mhz Limit: 2600
Processor Information for processor 1
  Max Mhz: 2600, Current Mhz: 2600, Mhz Limit: 2600
Processor Information for processor 2
  Max Mhz: 2600, Current Mhz: 2600, Mhz Limit: 2600
Processor Information for processor 3
  Max Mhz: 2600, Current Mhz: 2600, Mhz Limit: 2600
Processor Information for processor 4
  Max Mhz: 2600, Current Mhz: 2600, Mhz Limit: 2600
Processor Information for processor 5
  Max Mhz: 2600, Current Mhz: 2600, Mhz Limit: 2600
Processor Information for processor 6
  Max Mhz: 2600, Current Mhz: 1789, Mhz Limit: 2600
Processor Information for processor 7
  Max Mhz: 2600, Current Mhz: 1789, Mhz Limit: 2600

Memory: 4k page, system-wide physical 7502M (591M free)
TotalPageFile size 30030M (AvailPageFile size 17M)
current process WorkingSet (physical memory assigned to process): 87M, peak: 87M
current process commit charge ("private bytes"): 205M, peak: 205M

vm_info: OpenJDK 64-Bit Server VM (21.0.6+7-LTS) for windows-amd64 JRE (21.0.6+7-LTS), built on 2025-01-21T00:00:00Z by "admin" with MS VC++ 17.7 (VS2022)

END.
