#
# There is insufficient memory for the Java Runtime Environment to continue.
# Native memory allocation (malloc) failed to allocate 2290832 bytes. Error detail: Chunk::new
# Possible reasons:
#   The system is out of physical RAM or swap space
#   This process is running with CompressedOops enabled, and the Java Heap may be blocking the growth of the native heap
# Possible solutions:
#   Reduce memory load on the system
#   Increase physical memory or swap space
#   Check if swap backing store is full
#   Decrease Java heap size (-Xmx/-Xms)
#   Decrease number of Java threads
#   Decrease Java thread stack sizes (-Xss)
#   Set larger code cache with -XX:ReservedCodeCacheSize=
#   JVM is running with Zero Based Compressed Oops mode in which the Java heap is
#     placed in the first 32GB address space. The Java Heap base address is the
#     maximum limit for the native heap growth. Please use -XX:HeapBaseMinAddress
#     to set the Java Heap base and to place the Java Heap above 32GB virtual address.
# This output file may be truncated or incomplete.
#
#  Out of Memory Error (arena.cpp:191), pid=26748, tid=19644
#
# JRE version: OpenJDK Runtime Environment Microsoft-9889599 (17.0.12+7) (build 17.0.12+7-LTS)
# Java VM: OpenJDK 64-Bit Server VM Microsoft-9889599 (17.0.12+7-LTS, mixed mode, sharing, tiered, compressed oops, compressed class ptrs, g1 gc, windows-amd64)
# No core dump will be written. Minidumps are not enabled by default on client versions of Windows
#

---------------  S U M M A R Y ------------

Command Line: -XX:+HeapDumpOnOutOfMemoryError --add-opens=java.base/java.util=ALL-UNNAMED --add-opens=java.base/java.lang=ALL-UNNAMED --add-opens=java.base/java.lang.invoke=ALL-UNNAMED --add-opens=java.prefs/java.util.prefs=ALL-UNNAMED --add-exports=jdk.compiler/com.sun.tools.javac.api=ALL-UNNAMED --add-exports=jdk.compiler/com.sun.tools.javac.util=ALL-UNNAMED --add-opens=java.base/java.nio.charset=ALL-UNNAMED --add-opens=java.base/java.net=ALL-UNNAMED --add-opens=java.base/java.util.concurrent.atomic=ALL-UNNAMED -Xmx4096m -Dfile.encoding=UTF-8 -Duser.country=IN -Duser.language=en -Duser.variant -javaagent:C:\Users\Abutalib\.gradle\wrapper\dists\gradle-8.10.2-all\7iv73wktx1xtkvlq19urqw1wm\gradle-8.10.2\lib\agents\gradle-instrumentation-agent-8.10.2.jar org.gradle.launcher.daemon.bootstrap.GradleDaemon 8.10.2

Host: AMD Ryzen 3 5300U with Radeon Graphics         , 8 cores, 7G,  Windows 11 , 64 bit Build 26100 (10.0.26100.4202)
Time: Sun Jun 29 14:12:43 2025 India Standard Time elapsed time: 177.350851 seconds (0d 0h 2m 57s)

---------------  T H R E A D  ---------------

Current thread (0x0000027bffbf5f60):  JavaThread "C2 CompilerThread0" daemon [_thread_in_native, id=19644, stack(0x000000cf2fc00000,0x000000cf2fd00000)]


Current CompileTask:
C2: 177351 11885       4       org.gradle.internal.instantiation.generator.AbstractClassGenerator::inspectType (560 bytes)

Stack: [0x000000cf2fc00000,0x000000cf2fd00000]
Native frames: (J=compiled Java code, j=interpreted, Vv=VM code, C=native code)
V  [jvm.dll+0x686d99]
V  [jvm.dll+0x83daf8]
V  [jvm.dll+0x83f5a3]
V  [jvm.dll+0x83fc13]
V  [jvm.dll+0x2492ef]
V  [jvm.dll+0xad0a4]
V  [jvm.dll+0xad73c]
V  [jvm.dll+0x36a44e]
V  [jvm.dll+0x1bd015]
V  [jvm.dll+0x21a6ac]
V  [jvm.dll+0x21996f]
V  [jvm.dll+0x1a53e6]
V  [jvm.dll+0x229faa]
V  [jvm.dll+0x2280fb]
V  [jvm.dll+0x7f3508]
V  [jvm.dll+0x7ed87c]
V  [jvm.dll+0x685c77]
C  [ucrtbase.dll+0x37b0]
C  [KERNEL32.DLL+0x2e8d7]
C  [ntdll.dll+0x3c34c]


---------------  P R O C E S S  ---------------

Threads class SMR info:
_java_thread_list=0x0000027bd84acb00, length=120, elements={
0x0000027bedb48fd0, 0x0000027bffbba540, 0x0000027bffbbb7b0, 0x0000027bffbf14d0,
0x0000027bffbf1da0, 0x0000027bffbf3680, 0x0000027bffbf3f50, 0x0000027bffbf5f60,
0x0000027bffc0f050, 0x0000027bffc29640, 0x0000027bffba8550, 0x0000027bd616bfa0,
0x0000027bd67b40d0, 0x0000027bd7a8b9a0, 0x0000027bd80bf5f0, 0x0000027bd61ac930,
0x0000027bd6390c80, 0x0000027bd75e6d60, 0x0000027bd75e6340, 0x0000027bd75e7270,
0x0000027bd75e7780, 0x0000027bd75e7c90, 0x0000027bd75e81a0, 0x0000027bd75e86b0,
0x0000027bd75e6850, 0x0000027bd75e90d0, 0x0000027bd75e95e0, 0x0000027bd8519ae0,
0x0000027bd8518190, 0x0000027bd851c360, 0x0000027bd8518bb0, 0x0000027bd851c870,
0x0000027bd851cd80, 0x0000027bd851d290, 0x0000027bd851d7a0, 0x0000027bd6f71470,
0x0000027bd6f70f60, 0x0000027bd6f6f610, 0x0000027bd6f723a0, 0x0000027bd6f71980,
0x0000027bd6f6f100, 0x0000027bd6f6fb20, 0x0000027bd6f71e90, 0x0000027bd6f70030,
0x0000027bd6f70540, 0x0000027bd6f70a50, 0x0000027bd6f728b0, 0x0000027bd915fd40,
0x0000027bd9160250, 0x0000027bd915dee0, 0x0000027bd915f320, 0x0000027bd9161690,
0x0000027bd9161180, 0x0000027bd915e3f0, 0x0000027bd9160760, 0x0000027bd91620b0,
0x0000027bd9161ba0, 0x0000027bd9162fe0, 0x0000027bd915f830, 0x0000027bd91634f0,
0x0000027bd9165860, 0x0000027bd9164930, 0x0000027bd9165350, 0x0000027bda608e40,
0x0000027bda609350, 0x0000027bda60c0e0, 0x0000027bda608930, 0x0000027bda60c5f0,
0x0000027bda60cb00, 0x0000027bda60d010, 0x0000027bda60d520, 0x0000027bda60a280,
0x0000027bda60e450, 0x0000027bda60da30, 0x0000027bda60df40, 0x0000027bda60f890,
0x0000027bda60e960, 0x0000027bda60fda0, 0x0000027bda60ee70, 0x0000027bda60f380,
0x0000027bd978cbc0, 0x0000027bd978ad60, 0x0000027bd978b780, 0x0000027bd978c6b0,
0x0000027bd978bc90, 0x0000027bd9789920, 0x0000027bd978d5e0, 0x0000027bd9789e30,
0x0000027bd978a850, 0x0000027bd978daf0, 0x0000027bd978a340, 0x0000027bd978e000,
0x0000027bd978fe60, 0x0000027bd9790880, 0x0000027bd978e510, 0x0000027bd978b270,
0x0000027bd978ef30, 0x0000027bd978f440, 0x0000027bd978f950, 0x0000027bd9790370,
0x0000027bd9790d90, 0x0000027bd97912a0, 0x0000027bd9163a00, 0x0000027bd9164e40,
0x0000027bd9163f10, 0x0000027bd9164420, 0x0000027bd851a500, 0x0000027bda617e10,
0x0000027bda6173f0, 0x0000027bda619c70, 0x0000027bda618320, 0x0000027bda619760,
0x0000027bda619250, 0x0000027bda618d40, 0x0000027bda618830, 0x0000027bda61a180,
0x0000027bda61b0b0, 0x0000027bda61a690, 0x0000027bda617900, 0x0000027bd647e770
}

Java Threads: ( => current thread )
  0x0000027bedb48fd0 JavaThread "main" [_thread_blocked, id=6004, stack(0x000000cf2ef00000,0x000000cf2f000000)]
  0x0000027bffbba540 JavaThread "Reference Handler" daemon [_thread_blocked, id=25488, stack(0x000000cf2f600000,0x000000cf2f700000)]
  0x0000027bffbbb7b0 JavaThread "Finalizer" daemon [_thread_blocked, id=18052, stack(0x000000cf2f700000,0x000000cf2f800000)]
  0x0000027bffbf14d0 JavaThread "Signal Dispatcher" daemon [_thread_blocked, id=18212, stack(0x000000cf2f800000,0x000000cf2f900000)]
  0x0000027bffbf1da0 JavaThread "Attach Listener" daemon [_thread_blocked, id=21884, stack(0x000000cf2f900000,0x000000cf2fa00000)]
  0x0000027bffbf3680 JavaThread "Service Thread" daemon [_thread_blocked, id=22180, stack(0x000000cf2fa00000,0x000000cf2fb00000)]
  0x0000027bffbf3f50 JavaThread "Monitor Deflation Thread" daemon [_thread_blocked, id=3384, stack(0x000000cf2fb00000,0x000000cf2fc00000)]
=>0x0000027bffbf5f60 JavaThread "C2 CompilerThread0" daemon [_thread_in_native, id=19644, stack(0x000000cf2fc00000,0x000000cf2fd00000)]
  0x0000027bffc0f050 JavaThread "C1 CompilerThread0" daemon [_thread_blocked, id=31808, stack(0x000000cf2fd00000,0x000000cf2fe00000)]
  0x0000027bffc29640 JavaThread "Sweeper thread" daemon [_thread_blocked, id=30504, stack(0x000000cf2fe00000,0x000000cf2ff00000)]
  0x0000027bffba8550 JavaThread "Common-Cleaner" daemon [_thread_blocked, id=24196, stack(0x000000cf2ff00000,0x000000cf30000000)]
  0x0000027bd616bfa0 JavaThread "Notification Thread" daemon [_thread_blocked, id=10124, stack(0x000000cf30000000,0x000000cf30100000)]
  0x0000027bd67b40d0 JavaThread "Daemon health stats" [_thread_blocked, id=18416, stack(0x000000cf30200000,0x000000cf30300000)]
  0x0000027bd7a8b9a0 JavaThread "Incoming local TCP Connector on port 61712" [_thread_in_native, id=12880, stack(0x000000cf30700000,0x000000cf30800000)]
  0x0000027bd80bf5f0 JavaThread "Daemon periodic checks" [_thread_blocked, id=11360, stack(0x000000cf30800000,0x000000cf30900000)]
  0x0000027bd61ac930 JavaThread "Daemon" [_thread_blocked, id=34128, stack(0x000000cf30900000,0x000000cf30a00000)]
  0x0000027bd6390c80 JavaThread "Handler for socket connection from /127.0.0.1:61712 to /127.0.0.1:61713" [_thread_in_native, id=22092, stack(0x000000cf30a00000,0x000000cf30b00000)]
  0x0000027bd75e6d60 JavaThread "Cancel handler" [_thread_blocked, id=1132, stack(0x000000cf30b00000,0x000000cf30c00000)]
  0x0000027bd75e6340 JavaThread "Daemon worker" [_thread_in_Java, id=10764, stack(0x000000cf30c00000,0x000000cf30d00000)]
  0x0000027bd75e7270 JavaThread "Asynchronous log dispatcher for DefaultDaemonConnection: socket connection from /127.0.0.1:61712 to /127.0.0.1:61713" [_thread_blocked, id=17840, stack(0x000000cf30d00000,0x000000cf30e00000)]
  0x0000027bd75e7780 JavaThread "Stdin handler" [_thread_blocked, id=4044, stack(0x000000cf30e00000,0x000000cf30f00000)]
  0x0000027bd75e7c90 JavaThread "Daemon client event forwarder" [_thread_blocked, id=31860, stack(0x000000cf30f00000,0x000000cf31000000)]
  0x0000027bd75e81a0 JavaThread "Cache worker for journal cache (C:\Users\Abutalib\.gradle\caches\journal-1)" [_thread_blocked, id=24860, stack(0x000000cf31000000,0x000000cf31100000)]
  0x0000027bd75e86b0 JavaThread "File lock request listener" [_thread_in_native, id=3932, stack(0x000000cf31100000,0x000000cf31200000)]
  0x0000027bd75e6850 JavaThread "Cache worker for file hash cache (C:\Users\Abutalib\.gradle\caches\8.10.2\fileHashes)" [_thread_blocked, id=18620, stack(0x000000cf31200000,0x000000cf31300000)]
  0x0000027bd75e90d0 JavaThread "File watcher server" daemon [_thread_in_native, id=29844, stack(0x000000cf31900000,0x000000cf31a00000)]
  0x0000027bd75e95e0 JavaThread "File watcher consumer" daemon [_thread_blocked, id=9536, stack(0x000000cf31a00000,0x000000cf31b00000)]
  0x0000027bd8519ae0 JavaThread "Cache worker for file content cache (C:\Users\Abutalib\.gradle\caches\8.10.2\fileContent)" [_thread_blocked, id=1888, stack(0x000000cf31c00000,0x000000cf31d00000)]
  0x0000027bd8518190 JavaThread "jar transforms" [_thread_blocked, id=32796, stack(0x000000cf32000000,0x000000cf32100000)]
  0x0000027bd851c360 JavaThread "Unconstrained build operations" [_thread_blocked, id=19920, stack(0x000000cf32300000,0x000000cf32400000)]
  0x0000027bd8518bb0 JavaThread "Unconstrained build operations Thread 2" [_thread_blocked, id=29776, stack(0x000000cf32400000,0x000000cf32500000)]
  0x0000027bd851c870 JavaThread "Unconstrained build operations Thread 3" [_thread_blocked, id=17920, stack(0x000000cf32500000,0x000000cf32600000)]
  0x0000027bd851cd80 JavaThread "Unconstrained build operations Thread 4" [_thread_blocked, id=28072, stack(0x000000cf32600000,0x000000cf32700000)]
  0x0000027bd851d290 JavaThread "Unconstrained build operations Thread 5" [_thread_blocked, id=34548, stack(0x000000cf32700000,0x000000cf32800000)]
  0x0000027bd851d7a0 JavaThread "Unconstrained build operations Thread 6" [_thread_blocked, id=29308, stack(0x000000cf32800000,0x000000cf32900000)]
  0x0000027bd6f71470 JavaThread "Unconstrained build operations Thread 7" [_thread_blocked, id=29164, stack(0x000000cf32900000,0x000000cf32a00000)]
  0x0000027bd6f70f60 JavaThread "Unconstrained build operations Thread 8" [_thread_blocked, id=10100, stack(0x000000cf32b00000,0x000000cf32c00000)]
  0x0000027bd6f6f610 JavaThread "Unconstrained build operations Thread 9" [_thread_blocked, id=19392, stack(0x000000cf32c00000,0x000000cf32d00000)]
  0x0000027bd6f723a0 JavaThread "Unconstrained build operations Thread 10" [_thread_blocked, id=19824, stack(0x000000cf32d00000,0x000000cf32e00000)]
  0x0000027bd6f71980 JavaThread "Unconstrained build operations Thread 11" [_thread_blocked, id=31388, stack(0x000000cf32e00000,0x000000cf32f00000)]
  0x0000027bd6f6f100 JavaThread "Unconstrained build operations Thread 12" [_thread_blocked, id=17652, stack(0x000000cf32f00000,0x000000cf33000000)]
  0x0000027bd6f6fb20 JavaThread "Unconstrained build operations Thread 13" [_thread_blocked, id=204, stack(0x000000cf33000000,0x000000cf33100000)]
  0x0000027bd6f71e90 JavaThread "Unconstrained build operations Thread 14" [_thread_blocked, id=15156, stack(0x000000cf33100000,0x000000cf33200000)]
  0x0000027bd6f70030 JavaThread "Unconstrained build operations Thread 15" [_thread_blocked, id=32112, stack(0x000000cf33200000,0x000000cf33300000)]
  0x0000027bd6f70540 JavaThread "Unconstrained build operations Thread 16" [_thread_blocked, id=4440, stack(0x000000cf33300000,0x000000cf33400000)]
  0x0000027bd6f70a50 JavaThread "Unconstrained build operations Thread 17" [_thread_blocked, id=4288, stack(0x000000cf33400000,0x000000cf33500000)]
  0x0000027bd6f728b0 JavaThread "Unconstrained build operations Thread 18" [_thread_blocked, id=12404, stack(0x000000cf33500000,0x000000cf33600000)]
  0x0000027bd915fd40 JavaThread "Unconstrained build operations Thread 19" [_thread_blocked, id=31032, stack(0x000000cf33600000,0x000000cf33700000)]
  0x0000027bd9160250 JavaThread "Unconstrained build operations Thread 20" [_thread_blocked, id=15148, stack(0x000000cf33700000,0x000000cf33800000)]
  0x0000027bd915dee0 JavaThread "Unconstrained build operations Thread 21" [_thread_blocked, id=22920, stack(0x000000cf2ec00000,0x000000cf2ed00000)]
  0x0000027bd915f320 JavaThread "Unconstrained build operations Thread 22" [_thread_blocked, id=30104, stack(0x000000cf2ee00000,0x000000cf2ef00000)]
  0x0000027bd9161690 JavaThread "Unconstrained build operations Thread 23" [_thread_blocked, id=22608, stack(0x000000cf33800000,0x000000cf33900000)]
  0x0000027bd9161180 JavaThread "Unconstrained build operations Thread 24" [_thread_blocked, id=31088, stack(0x000000cf33900000,0x000000cf33a00000)]
  0x0000027bd915e3f0 JavaThread "Unconstrained build operations Thread 25" [_thread_blocked, id=2012, stack(0x000000cf33a00000,0x000000cf33b00000)]
  0x0000027bd9160760 JavaThread "Unconstrained build operations Thread 26" [_thread_blocked, id=20248, stack(0x000000cf33b00000,0x000000cf33c00000)]
  0x0000027bd91620b0 JavaThread "Unconstrained build operations Thread 27" [_thread_blocked, id=8332, stack(0x000000cf33c00000,0x000000cf33d00000)]
  0x0000027bd9161ba0 JavaThread "Memory manager" [_thread_blocked, id=756, stack(0x000000cf33d00000,0x000000cf33e00000)]
  0x0000027bd9162fe0 JavaThread "ForkJoinPool.commonPool-worker-1" daemon [_thread_blocked, id=26592, stack(0x000000cf34000000,0x000000cf34100000)]
  0x0000027bd915f830 JavaThread "ForkJoinPool.commonPool-worker-2" daemon [_thread_blocked, id=3052, stack(0x000000cf34100000,0x000000cf34200000)]
  0x0000027bd91634f0 JavaThread "ForkJoinPool.commonPool-worker-3" daemon [_thread_blocked, id=19992, stack(0x000000cf34200000,0x000000cf34300000)]
  0x0000027bd9165860 JavaThread "ForkJoinPool.commonPool-worker-4" daemon [_thread_blocked, id=33448, stack(0x000000cf34300000,0x000000cf34400000)]
  0x0000027bd9164930 JavaThread "ForkJoinPool.commonPool-worker-5" daemon [_thread_blocked, id=17132, stack(0x000000cf34400000,0x000000cf34500000)]
  0x0000027bd9165350 JavaThread "ForkJoinPool.commonPool-worker-7" daemon [_thread_blocked, id=17776, stack(0x000000cf34600000,0x000000cf34700000)]
  0x0000027bda608e40 JavaThread "included builds" [_thread_blocked, id=15672, stack(0x000000cf34a00000,0x000000cf34b00000)]
  0x0000027bda609350 JavaThread "Unconstrained build operations Thread 28" [_thread_blocked_trans, id=19312, stack(0x000000cf35200000,0x000000cf35300000)]
  0x0000027bda60c0e0 JavaThread "Unconstrained build operations Thread 29" [_thread_blocked, id=2680, stack(0x000000cf35300000,0x000000cf35400000)]
  0x0000027bda608930 JavaThread "Unconstrained build operations Thread 30" [_thread_blocked, id=21580, stack(0x000000cf35400000,0x000000cf35500000)]
  0x0000027bda60c5f0 JavaThread "Unconstrained build operations Thread 31" [_thread_blocked_trans, id=9740, stack(0x000000cf35500000,0x000000cf35600000)]
  0x0000027bda60cb00 JavaThread "Unconstrained build operations Thread 32" [_thread_blocked, id=4932, stack(0x000000cf35600000,0x000000cf35700000)]
  0x0000027bda60d010 JavaThread "Unconstrained build operations Thread 33" [_thread_blocked, id=20176, stack(0x000000cf35700000,0x000000cf35800000)]
  0x0000027bda60d520 JavaThread "Unconstrained build operations Thread 34" [_thread_blocked, id=33044, stack(0x000000cf35800000,0x000000cf35900000)]
  0x0000027bda60a280 JavaThread "Unconstrained build operations Thread 35" [_thread_blocked, id=18844, stack(0x000000cf35900000,0x000000cf35a00000)]
  0x0000027bda60e450 JavaThread "Unconstrained build operations Thread 36" [_thread_blocked, id=14308, stack(0x000000cf35a00000,0x000000cf35b00000)]
  0x0000027bda60da30 JavaThread "Unconstrained build operations Thread 37" [_thread_blocked, id=28740, stack(0x000000cf35b00000,0x000000cf35c00000)]
  0x0000027bda60df40 JavaThread "Unconstrained build operations Thread 38" [_thread_blocked_trans, id=5024, stack(0x000000cf35c00000,0x000000cf35d00000)]
  0x0000027bda60f890 JavaThread "Unconstrained build operations Thread 39" [_thread_blocked, id=29356, stack(0x000000cf35d00000,0x000000cf35e00000)]
  0x0000027bda60e960 JavaThread "Unconstrained build operations Thread 40" [_thread_blocked, id=26412, stack(0x000000cf35e00000,0x000000cf35f00000)]
  0x0000027bda60fda0 JavaThread "Unconstrained build operations Thread 41" [_thread_blocked, id=26352, stack(0x000000cf35f00000,0x000000cf36000000)]
  0x0000027bda60ee70 JavaThread "Unconstrained build operations Thread 42" [_thread_blocked, id=17068, stack(0x000000cf36000000,0x000000cf36100000)]
  0x0000027bda60f380 JavaThread "Unconstrained build operations Thread 43" [_thread_blocked, id=33256, stack(0x000000cf36100000,0x000000cf36200000)]
  0x0000027bd978cbc0 Thread [stack: 0x000000cf36200000,0x000000cf36300000] [id=11936]
  0x0000027bd978ad60 JavaThread "RMI Scheduler(0)" daemon [_thread_blocked, id=10652, stack(0x000000cf36300000,0x000000cf36400000)]
  0x0000027bd978b780 JavaThread "RMI GC Daemon" daemon [_thread_blocked, id=11148, stack(0x000000cf36500000,0x000000cf36600000)]
  0x0000027bd978c6b0 JavaThread "RMI TCP Accept-0" daemon [_thread_in_native, id=9244, stack(0x000000cf36600000,0x000000cf36700000)]
  0x0000027bd978bc90 JavaThread "RMI Reaper" [_thread_blocked, id=18720, stack(0x000000cf36700000,0x000000cf36800000)]
  0x0000027bd9789920 JavaThread "RMI TCP Connection(idle)" daemon [_thread_blocked, id=33832, stack(0x000000cf36800000,0x000000cf36900000)]
  0x0000027bd978d5e0 JavaThread "Unconstrained build operations Thread 44" [_thread_blocked, id=25548, stack(0x000000cf34500000,0x000000cf34600000)]
  0x0000027bd9789e30 JavaThread "Unconstrained build operations Thread 45" [_thread_blocked, id=33424, stack(0x000000cf34700000,0x000000cf34800000)]
  0x0000027bd978a850 JavaThread "Unconstrained build operations Thread 46" [_thread_blocked, id=3344, stack(0x000000cf34800000,0x000000cf34900000)]
  0x0000027bd978daf0 JavaThread "Unconstrained build operations Thread 47" [_thread_blocked, id=19212, stack(0x000000cf34900000,0x000000cf34a00000)]
  0x0000027bd978a340 JavaThread "Unconstrained build operations Thread 48" [_thread_blocked, id=10624, stack(0x000000cf36900000,0x000000cf36a00000)]
  0x0000027bd978e000 JavaThread "Unconstrained build operations Thread 49" [_thread_in_vm, id=8540, stack(0x000000cf36a00000,0x000000cf36b00000)]
  0x0000027bd978fe60 JavaThread "Unconstrained build operations Thread 50" [_thread_blocked, id=3360, stack(0x000000cf36b00000,0x000000cf36c00000)]
  0x0000027bd9790880 JavaThread "Unconstrained build operations Thread 51" [_thread_blocked, id=10344, stack(0x000000cf36c00000,0x000000cf36d00000)]
  0x0000027bd978e510 Thread [stack: 0x000000cf36400000,0x000000cf36500000] [id=1728]
  0x0000027bd978b270 JavaThread "RMI TCP Connection(3)-127.0.0.1" daemon [_thread_in_native, id=33412, stack(0x000000cf36e00000,0x000000cf36f00000)]
  0x0000027bd978ef30 JavaThread "Unconstrained build operations Thread 52" [_thread_blocked, id=32580, stack(0x000000cf36f00000,0x000000cf37000000)]
  0x0000027bd978f440 JavaThread "Unconstrained build operations Thread 53" [_thread_blocked, id=24544, stack(0x000000cf37000000,0x000000cf37100000)]
  0x0000027bd978f950 JavaThread "Unconstrained build operations Thread 54" [_thread_blocked, id=22556, stack(0x000000cf37100000,0x000000cf37200000)]
  0x0000027bd9790370 JavaThread "Unconstrained build operations Thread 55" [_thread_blocked, id=30540, stack(0x000000cf37200000,0x000000cf37300000)]
  0x0000027bd9790d90 JavaThread "Unconstrained build operations Thread 56" [_thread_blocked, id=5352, stack(0x000000cf37300000,0x000000cf37400000)]
  0x0000027bd97912a0 JavaThread "Unconstrained build operations Thread 57" [_thread_blocked, id=31996, stack(0x000000cf37400000,0x000000cf37500000)]
  0x0000027bd9163a00 JavaThread "Unconstrained build operations Thread 58" [_thread_blocked, id=21936, stack(0x000000cf37500000,0x000000cf37600000)]
  0x0000027bd9164e40 JavaThread "Unconstrained build operations Thread 59" [_thread_blocked, id=4100, stack(0x000000cf37600000,0x000000cf37700000)]
  0x0000027bd9163f10 JavaThread "Unconstrained build operations Thread 60" [_thread_blocked, id=17596, stack(0x000000cf37700000,0x000000cf37800000)]
  0x0000027bd9164420 JavaThread "Unconstrained build operations Thread 61" [_thread_blocked, id=32380, stack(0x000000cf37800000,0x000000cf37900000)]
  0x0000027bd851a500 JavaThread "Unconstrained build operations Thread 62" [_thread_blocked, id=13304, stack(0x000000cf37900000,0x000000cf37a00000)]
  0x0000027bda617e10 JavaThread "Unconstrained build operations Thread 63" [_thread_blocked, id=27056, stack(0x000000cf37a00000,0x000000cf37b00000)]
  0x0000027bda6173f0 JavaThread "Unconstrained build operations Thread 64" [_thread_blocked, id=34016, stack(0x000000cf37b00000,0x000000cf37c00000)]
  0x0000027bda619c70 JavaThread "Unconstrained build operations Thread 65" [_thread_blocked, id=34416, stack(0x000000cf37c00000,0x000000cf37d00000)]
  0x0000027bda618320 JavaThread "Unconstrained build operations Thread 66" [_thread_blocked, id=5536, stack(0x000000cf37d00000,0x000000cf37e00000)]
  0x0000027bda619760 JavaThread "Unconstrained build operations Thread 67" [_thread_blocked, id=16280, stack(0x000000cf37e00000,0x000000cf37f00000)]
  0x0000027bda619250 JavaThread "Unconstrained build operations Thread 68" [_thread_blocked, id=29428, stack(0x000000cf37f00000,0x000000cf38000000)]
  0x0000027bda618d40 JavaThread "Unconstrained build operations Thread 69" [_thread_blocked, id=25432, stack(0x000000cf38000000,0x000000cf38100000)]
  0x0000027bda618830 JavaThread "Unconstrained build operations Thread 70" [_thread_blocked, id=26152, stack(0x000000cf38100000,0x000000cf38200000)]
  0x0000027bda61a180 JavaThread "Unconstrained build operations Thread 71" [_thread_blocked, id=28896, stack(0x000000cf38200000,0x000000cf38300000)]
  0x0000027bda61b0b0 JavaThread "Unconstrained build operations Thread 72" [_thread_blocked, id=34292, stack(0x000000cf38300000,0x000000cf38400000)]
  0x0000027bda61a690 JavaThread "jar transforms Thread 2" [_thread_blocked, id=18524, stack(0x000000cf36d00000,0x000000cf36e00000)]
  0x0000027bda617900 JavaThread "DisconnectableInputStream source reader" daemon [_thread_blocked, id=25840, stack(0x000000cf31800000,0x000000cf31900000)]
  0x0000027bd647e770 JavaThread "C2 CompilerThread1" daemon [_thread_blocked, id=6500, stack(0x000000cf31d00000,0x000000cf31e00000)]

Other Threads:
  0x0000027bffbb4400 VMThread "VM Thread" [stack: 0x000000cf2f500000,0x000000cf2f600000] [id=18776]
  0x0000027bd616c480 WatcherThread [stack: 0x000000cf30100000,0x000000cf30200000] [id=12656]
  0x0000027bedbb91d0 GCTaskThread "GC Thread#0" [stack: 0x000000cf2f000000,0x000000cf2f100000] [id=3032]
  0x0000027bd675cb10 GCTaskThread "GC Thread#1" [stack: 0x000000cf30400000,0x000000cf30500000] [id=22844]
  0x0000027bd67a5dd0 GCTaskThread "GC Thread#2" [stack: 0x000000cf30500000,0x000000cf30600000] [id=24940]
  0x0000027bd6313c70 GCTaskThread "GC Thread#3" [stack: 0x000000cf30300000,0x000000cf30400000] [id=30192]
  0x0000027bd6313f30 GCTaskThread "GC Thread#4" [stack: 0x000000cf30600000,0x000000cf30700000] [id=21056]
  0x0000027bd63139b0 GCTaskThread "GC Thread#5" [stack: 0x000000cf31300000,0x000000cf31400000] [id=15064]
  0x0000027bd63144b0 GCTaskThread "GC Thread#6" [stack: 0x000000cf31400000,0x000000cf31500000] [id=33868]
  0x0000027bd6312bf0 GCTaskThread "GC Thread#7" [stack: 0x000000cf31500000,0x000000cf31600000] [id=27912]
  0x0000027bedbcad00 ConcurrentGCThread "G1 Main Marker" [stack: 0x000000cf2f100000,0x000000cf2f200000] [id=25716]
  0x0000027bedbcb630 ConcurrentGCThread "G1 Conc#0" [stack: 0x000000cf2f200000,0x000000cf2f300000] [id=2520]
  0x0000027bd6312930 ConcurrentGCThread "G1 Conc#1" [stack: 0x000000cf31600000,0x000000cf31700000] [id=34224]
  0x0000027bedbfe6b0 ConcurrentGCThread "G1 Refine#0" [stack: 0x000000cf2f300000,0x000000cf2f400000] [id=23736]
  0x0000027bd67e0e30 ConcurrentGCThread "G1 Refine#1" [stack: 0x000000cf31f00000,0x000000cf32000000] [id=29220]
  0x0000027bd7be4080 ConcurrentGCThread "G1 Refine#2" [stack: 0x000000cf32a00000,0x000000cf32b00000] [id=25948]
  0x0000027bffa732f0 ConcurrentGCThread "G1 Service" [stack: 0x000000cf2f400000,0x000000cf2f500000] [id=34404]

Threads with active compile tasks:
C2 CompilerThread0   177442 11885       4       org.gradle.internal.instantiation.generator.AbstractClassGenerator::inspectType (560 bytes)

VM state: not at safepoint (normal execution)

VM Mutex/Monitor currently owned by a thread: None

Heap address: 0x0000000700000000, size: 4096 MB, Compressed Oops mode: Zero based, Oop shift amount: 3

CDS archive(s) mapped at: [0x0000027b91000000-0x0000027b91bb0000-0x0000027b91bb0000), size 12255232, SharedBaseAddress: 0x0000027b91000000, ArchiveRelocationMode: 1.
Compressed class space mapped at: 0x0000027b92000000-0x0000027bd2000000, reserved size: 1073741824
Narrow klass base: 0x0000027b91000000, Narrow klass shift: 0, Narrow klass range: 0x100000000

GC Precious Log:
 CPUs: 8 total, 8 available
 Memory: 7502M
 Large Page Support: Disabled
 NUMA Support: Disabled
 Compressed Oops: Enabled (Zero based)
 Heap Region Size: 2M
 Heap Min Capacity: 8M
 Heap Initial Capacity: 118M
 Heap Max Capacity: 4G
 Pre-touch: Disabled
 Parallel Workers: 8
 Concurrent Workers: 2
 Concurrent Refinement Workers: 8
 Periodic GC: Disabled

Heap:
 garbage-first heap   total 157696K, used 97679K [0x0000000700000000, 0x0000000800000000)
  region size 2048K, 9 young (18432K), 3 survivors (6144K)
 Metaspace       used 86227K, committed 87168K, reserved 1179648K
  class space    used 11978K, committed 12416K, reserved 1048576K

Heap Regions: E=young(eden), S=young(survivor), O=old, HS=humongous(starts), HC=humongous(continues), CS=collection set, F=free, OA=open archive, CA=closed archive, TAMS=top-at-mark-start (previous, next)
|   0|0x0000000700000000, 0x0000000700200000, 0x0000000700200000|100%|HS|  |TAMS 0x0000000700200000, 0x0000000700000000| Complete 
|   1|0x0000000700200000, 0x0000000700400000, 0x0000000700400000|100%|HC|  |TAMS 0x0000000700400000, 0x0000000700200000| Complete 
|   2|0x0000000700400000, 0x0000000700600000, 0x0000000700600000|100%| O|  |TAMS 0x0000000700600000, 0x0000000700400000| Untracked 
|   3|0x0000000700600000, 0x0000000700800000, 0x0000000700800000|100%| O|  |TAMS 0x0000000700800000, 0x0000000700600000| Untracked 
|   4|0x0000000700800000, 0x0000000700a00000, 0x0000000700a00000|100%| O|  |TAMS 0x0000000700a00000, 0x0000000700800000| Untracked 
|   5|0x0000000700a00000, 0x0000000700c00000, 0x0000000700c00000|100%| O|  |TAMS 0x0000000700c00000, 0x0000000700a00000| Untracked 
|   6|0x0000000700c00000, 0x0000000700e00000, 0x0000000700e00000|100%| O|  |TAMS 0x0000000700e00000, 0x0000000700c00000| Untracked 
|   7|0x0000000700e00000, 0x0000000701000000, 0x0000000701000000|100%| O|  |TAMS 0x0000000701000000, 0x0000000700e00000| Untracked 
|   8|0x0000000701000000, 0x0000000701200000, 0x0000000701200000|100%|HS|  |TAMS 0x0000000701200000, 0x0000000701000000| Complete 
|   9|0x0000000701200000, 0x0000000701400000, 0x0000000701400000|100%| O|  |TAMS 0x0000000701400000, 0x0000000701200000| Untracked 
|  10|0x0000000701400000, 0x0000000701600000, 0x0000000701600000|100%| O|  |TAMS 0x0000000701600000, 0x0000000701400000| Untracked 
|  11|0x0000000701600000, 0x0000000701800000, 0x0000000701800000|100%| O|  |TAMS 0x0000000701800000, 0x0000000701600000| Untracked 
|  12|0x0000000701800000, 0x0000000701a00000, 0x0000000701a00000|100%| O|  |TAMS 0x0000000701a00000, 0x0000000701800000| Untracked 
|  13|0x0000000701a00000, 0x0000000701c00000, 0x0000000701c00000|100%| O|  |TAMS 0x0000000701c00000, 0x0000000701a00000| Untracked 
|  14|0x0000000701c00000, 0x0000000701e00000, 0x0000000701e00000|100%| O|  |TAMS 0x0000000701e00000, 0x0000000701c00000| Untracked 
|  15|0x0000000701e00000, 0x0000000702000000, 0x0000000702000000|100%| O|  |TAMS 0x0000000702000000, 0x0000000701e00000| Untracked 
|  16|0x0000000702000000, 0x0000000702200000, 0x0000000702200000|100%| O|  |TAMS 0x0000000702200000, 0x0000000702000000| Untracked 
|  17|0x0000000702200000, 0x0000000702400000, 0x0000000702400000|100%| O|  |TAMS 0x0000000702400000, 0x0000000702200000| Untracked 
|  18|0x0000000702400000, 0x0000000702600000, 0x0000000702600000|100%| O|  |TAMS 0x0000000702600000, 0x0000000702400000| Untracked 
|  19|0x0000000702600000, 0x0000000702800000, 0x0000000702800000|100%| O|  |TAMS 0x0000000702800000, 0x0000000702600000| Untracked 
|  20|0x0000000702800000, 0x0000000702a00000, 0x0000000702a00000|100%| O|  |TAMS 0x0000000702a00000, 0x0000000702800000| Untracked 
|  21|0x0000000702a00000, 0x0000000702c00000, 0x0000000702c00000|100%| O|  |TAMS 0x0000000702c00000, 0x0000000702a00000| Untracked 
|  22|0x0000000702c00000, 0x0000000702e00000, 0x0000000702e00000|100%| O|  |TAMS 0x0000000702e00000, 0x0000000702c00000| Untracked 
|  23|0x0000000702e00000, 0x0000000703000000, 0x0000000703000000|100%| O|  |TAMS 0x0000000703000000, 0x0000000702e00000| Untracked 
|  24|0x0000000703000000, 0x0000000703200000, 0x0000000703200000|100%| O|  |TAMS 0x0000000703200000, 0x0000000703000000| Untracked 
|  25|0x0000000703200000, 0x0000000703400000, 0x0000000703400000|100%| O|  |TAMS 0x0000000703400000, 0x0000000703200000| Untracked 
|  26|0x0000000703400000, 0x0000000703600000, 0x0000000703600000|100%| O|  |TAMS 0x0000000703400000, 0x0000000703400000| Untracked 
|  27|0x0000000703600000, 0x0000000703800000, 0x0000000703800000|100%| O|  |TAMS 0x0000000703800000, 0x0000000703600000| Untracked 
|  28|0x0000000703800000, 0x0000000703a00000, 0x0000000703a00000|100%|HS|  |TAMS 0x0000000703a00000, 0x0000000703800000| Complete 
|  29|0x0000000703a00000, 0x0000000703c00000, 0x0000000703c00000|100%|HS|  |TAMS 0x0000000703c00000, 0x0000000703a00000| Complete 
|  30|0x0000000703c00000, 0x0000000703e00000, 0x0000000703e00000|100%|HC|  |TAMS 0x0000000703e00000, 0x0000000703c00000| Complete 
|  31|0x0000000703e00000, 0x0000000704000000, 0x0000000704000000|100%|HS|  |TAMS 0x0000000704000000, 0x0000000703e00000| Complete 
|  32|0x0000000704000000, 0x0000000704200000, 0x0000000704200000|100%|HC|  |TAMS 0x0000000704200000, 0x0000000704000000| Complete 
|  33|0x0000000704200000, 0x0000000704400000, 0x0000000704400000|100%| O|  |TAMS 0x0000000704400000, 0x0000000704200000| Untracked 
|  34|0x0000000704400000, 0x0000000704600000, 0x0000000704600000|100%| O|  |TAMS 0x0000000704600000, 0x0000000704400000| Untracked 
|  35|0x0000000704600000, 0x0000000704800000, 0x0000000704800000|100%| O|  |TAMS 0x0000000704800000, 0x0000000704600000| Untracked 
|  36|0x0000000704800000, 0x0000000704a00000, 0x0000000704a00000|100%| O|  |TAMS 0x0000000704a00000, 0x0000000704800000| Untracked 
|  37|0x0000000704a00000, 0x0000000704c00000, 0x0000000704c00000|100%| O|  |TAMS 0x0000000704b52000, 0x0000000704a00000| Untracked 
|  38|0x0000000704c00000, 0x0000000704e00000, 0x0000000704e00000|100%| O|  |TAMS 0x0000000704c00000, 0x0000000704c00000| Untracked 
|  39|0x0000000704e00000, 0x0000000705000000, 0x0000000705000000|100%| O|  |TAMS 0x0000000704e00000, 0x0000000704e00000| Untracked 
|  40|0x0000000705000000, 0x000000070507e600, 0x0000000705200000| 24%| O|  |TAMS 0x0000000705000000, 0x0000000705000000| Untracked 
|  41|0x0000000705200000, 0x0000000705200000, 0x0000000705400000|  0%| F|  |TAMS 0x0000000705200000, 0x0000000705200000| Untracked 
|  42|0x0000000705400000, 0x0000000705400000, 0x0000000705600000|  0%| F|  |TAMS 0x0000000705400000, 0x0000000705400000| Untracked 
|  43|0x0000000705600000, 0x0000000705600000, 0x0000000705800000|  0%| F|  |TAMS 0x0000000705600000, 0x0000000705600000| Untracked 
|  44|0x0000000705800000, 0x0000000705800000, 0x0000000705a00000|  0%| F|  |TAMS 0x0000000705800000, 0x0000000705800000| Untracked 
|  45|0x0000000705a00000, 0x0000000705a00000, 0x0000000705c00000|  0%| F|  |TAMS 0x0000000705a00000, 0x0000000705a00000| Untracked 
|  46|0x0000000705c00000, 0x0000000705c00000, 0x0000000705e00000|  0%| F|  |TAMS 0x0000000705c00000, 0x0000000705c00000| Untracked 
|  47|0x0000000705e00000, 0x0000000705e00000, 0x0000000706000000|  0%| F|  |TAMS 0x0000000705e00000, 0x0000000705e00000| Untracked 
|  48|0x0000000706000000, 0x0000000706000000, 0x0000000706200000|  0%| F|  |TAMS 0x0000000706000000, 0x0000000706000000| Untracked 
|  49|0x0000000706200000, 0x0000000706200000, 0x0000000706400000|  0%| F|  |TAMS 0x0000000706200000, 0x0000000706200000| Untracked 
|  50|0x0000000706400000, 0x0000000706400000, 0x0000000706600000|  0%| F|  |TAMS 0x0000000706400000, 0x0000000706400000| Untracked 
|  51|0x0000000706600000, 0x0000000706600000, 0x0000000706800000|  0%| F|  |TAMS 0x0000000706600000, 0x0000000706600000| Untracked 
|  52|0x0000000706800000, 0x0000000706800000, 0x0000000706a00000|  0%| F|  |TAMS 0x0000000706800000, 0x0000000706800000| Untracked 
|  53|0x0000000706a00000, 0x0000000706ae5848, 0x0000000706c00000| 44%| S|CS|TAMS 0x0000000706a00000, 0x0000000706a00000| Complete 
|  54|0x0000000706c00000, 0x0000000706e00000, 0x0000000706e00000|100%| S|CS|TAMS 0x0000000706c00000, 0x0000000706c00000| Complete 
|  55|0x0000000706e00000, 0x0000000706e00000, 0x0000000707000000|  0%| F|  |TAMS 0x0000000706e00000, 0x0000000706e00000| Untracked 
|  56|0x0000000707000000, 0x0000000707000000, 0x0000000707200000|  0%| F|  |TAMS 0x0000000707000000, 0x0000000707000000| Untracked 
|  57|0x0000000707200000, 0x0000000707400000, 0x0000000707400000|100%| S|CS|TAMS 0x0000000707200000, 0x0000000707200000| Complete 
|  58|0x0000000707400000, 0x0000000707400000, 0x0000000707600000|  0%| F|  |TAMS 0x0000000707400000, 0x0000000707400000| Untracked 
|  59|0x0000000707600000, 0x0000000707600000, 0x0000000707800000|  0%| F|  |TAMS 0x0000000707600000, 0x0000000707600000| Untracked 
|  60|0x0000000707800000, 0x0000000707800000, 0x0000000707a00000|  0%| F|  |TAMS 0x0000000707800000, 0x0000000707800000| Untracked 
|  61|0x0000000707a00000, 0x0000000707a00000, 0x0000000707c00000|  0%| F|  |TAMS 0x0000000707a00000, 0x0000000707a00000| Untracked 
|  62|0x0000000707c00000, 0x0000000707c00000, 0x0000000707e00000|  0%| F|  |TAMS 0x0000000707c00000, 0x0000000707c00000| Untracked 
|  63|0x0000000707e00000, 0x0000000707e00000, 0x0000000708000000|  0%| F|  |TAMS 0x0000000707e00000, 0x0000000707e00000| Untracked 
|  64|0x0000000708000000, 0x0000000708000000, 0x0000000708200000|  0%| F|  |TAMS 0x0000000708000000, 0x0000000708000000| Untracked 
|  65|0x0000000708200000, 0x0000000708200000, 0x0000000708400000|  0%| F|  |TAMS 0x0000000708200000, 0x0000000708200000| Untracked 
|  66|0x0000000708400000, 0x0000000708400000, 0x0000000708600000|  0%| F|  |TAMS 0x0000000708400000, 0x0000000708400000| Untracked 
|  67|0x0000000708600000, 0x0000000708600000, 0x0000000708800000|  0%| F|  |TAMS 0x0000000708600000, 0x0000000708600000| Untracked 
|  68|0x0000000708800000, 0x0000000708800000, 0x0000000708a00000|  0%| F|  |TAMS 0x0000000708800000, 0x0000000708800000| Untracked 
|  69|0x0000000708a00000, 0x0000000708a00000, 0x0000000708c00000|  0%| F|  |TAMS 0x0000000708a00000, 0x0000000708a00000| Untracked 
|  70|0x0000000708c00000, 0x0000000708cf7e78, 0x0000000708e00000| 48%| E|  |TAMS 0x0000000708c00000, 0x0000000708c00000| Complete 
|  71|0x0000000708e00000, 0x0000000709000000, 0x0000000709000000|100%| E|CS|TAMS 0x0000000708e00000, 0x0000000708e00000| Complete 
|  72|0x0000000709000000, 0x0000000709200000, 0x0000000709200000|100%| E|CS|TAMS 0x0000000709000000, 0x0000000709000000| Complete 
|  73|0x0000000709200000, 0x0000000709400000, 0x0000000709400000|100%| E|CS|TAMS 0x0000000709200000, 0x0000000709200000| Complete 
|  74|0x0000000709400000, 0x0000000709600000, 0x0000000709600000|100%| E|CS|TAMS 0x0000000709400000, 0x0000000709400000| Complete 
|  75|0x0000000709600000, 0x0000000709800000, 0x0000000709800000|100%| E|CS|TAMS 0x0000000709600000, 0x0000000709600000| Complete 
|  76|0x0000000709800000, 0x0000000709a00000, 0x0000000709a00000|100%| E|CS|TAMS 0x0000000709800000, 0x0000000709800000| Complete 

Card table byte_map: [0x0000027bf61a0000,0x0000027bf69a0000] _byte_map_base: 0x0000027bf29a0000

Marking Bits (Prev, Next): (CMBitMap*) 0x0000027bedbb9740, (CMBitMap*) 0x0000027bedbb9700
 Prev Bits: [0x0000027bfb1a0000, 0x0000027bff1a0000)
 Next Bits: [0x0000027bf71a0000, 0x0000027bfb1a0000)

Polling page: 0x0000027beb9b0000

Metaspace:

Usage:
  Non-class:     72.51 MB used.
      Class:     11.70 MB used.
       Both:     84.21 MB used.

Virtual space:
  Non-class space:      128.00 MB reserved,      73.00 MB ( 57%) committed,  2 nodes.
      Class space:        1.00 GB reserved,      12.12 MB (  1%) committed,  1 nodes.
             Both:        1.12 GB reserved,      85.12 MB (  7%) committed. 

Chunk freelists:
   Non-Class:  6.84 MB
       Class:  3.70 MB
        Both:  10.55 MB

MaxMetaspaceSize: unlimited
CompressedClassSpaceSize: 1.00 GB
Initial GC threshold: 21.00 MB
Current GC threshold: 125.44 MB
CDS: on
MetaspaceReclaimPolicy: balanced
 - commit_granule_bytes: 65536.
 - commit_granule_words: 8192.
 - virtual_space_node_default_size: 8388608.
 - enlarge_chunks_in_place: 1.
 - new_chunks_are_fully_committed: 0.
 - uncommit_free_chunks: 1.
 - use_allocation_guard: 0.
 - handle_deallocations: 1.


Internal statistics:

num_allocs_failed_limit: 9.
num_arena_births: 1222.
num_arena_deaths: 0.
num_vsnodes_births: 3.
num_vsnodes_deaths: 0.
num_space_committed: 1362.
num_space_uncommitted: 0.
num_chunks_returned_to_freelist: 9.
num_chunks_taken_from_freelist: 4947.
num_chunk_merges: 9.
num_chunk_splits: 3240.
num_chunks_enlarged: 2081.
num_inconsistent_stats: 0.

CodeHeap 'non-profiled nmethods': size=120000Kb used=5780Kb max_used=5816Kb free=114220Kb
 bounds [0x0000027b87ad0000, 0x0000027b88080000, 0x0000027b8f000000]
CodeHeap 'profiled nmethods': size=120000Kb used=20808Kb max_used=20808Kb free=99191Kb
 bounds [0x0000027b80000000, 0x0000027b81460000, 0x0000027b87530000]
CodeHeap 'non-nmethods': size=5760Kb used=2416Kb max_used=2451Kb free=3343Kb
 bounds [0x0000027b87530000, 0x0000027b877b0000, 0x0000027b87ad0000]
 total_blobs=11350 nmethods=10394 adapters=868
 compilation: enabled
              stopped_count=0, restarted_count=0
 full_count=0

Compilation events (20 events):
Event: 176.442 Thread 0x0000027bffc0f050 nmethod 12021 0x0000027b87da9190 code [0x0000027b87da9320, 0x0000027b87da93f8]
Event: 176.442 Thread 0x0000027bffc0f050 12022       1       java.lang.StackTraceElement::getModuleName (5 bytes)
Event: 176.442 Thread 0x0000027bffc0f050 nmethod 12022 0x0000027b87da8e90 code [0x0000027b87da9020, 0x0000027b87da90f8]
Event: 176.442 Thread 0x0000027bffc0f050 12023       1       java.lang.StackTraceElement::getModuleVersion (5 bytes)
Event: 176.442 Thread 0x0000027bffc0f050 nmethod 12023 0x0000027b87da8a10 code [0x0000027b87da8ba0, 0x0000027b87da8c78]
Event: 176.442 Thread 0x0000027bffc0f050 12025       3       java.util.AbstractList::listIterator (15 bytes)
Event: 176.443 Thread 0x0000027bffc0f050 nmethod 12025 0x0000027b8144c090 code [0x0000027b8144c280, 0x0000027b8144c8c8]
Event: 176.443 Thread 0x0000027bffc0f050 12028       3       java.util.AbstractList::indexOf (65 bytes)
Event: 176.444 Thread 0x0000027bffc0f050 nmethod 12028 0x0000027b8144cb10 code [0x0000027b8144cd60, 0x0000027b8144d718]
Event: 176.444 Thread 0x0000027bffc0f050 12027       3       org.gradle.internal.serialize.ExceptionPlaceholder$2::transform (70 bytes)
Event: 176.445 Thread 0x0000027bffc0f050 nmethod 12027 0x0000027b8144d910 code [0x0000027b8144db20, 0x0000027b8144e238]
Event: 176.445 Thread 0x0000027bffc0f050 12029       3       java.util.AbstractList::rangeCheckForAdd (26 bytes)
Event: 176.446 Thread 0x0000027bffc0f050 nmethod 12029 0x0000027b8144e490 code [0x0000027b8144e6e0, 0x0000027b8144ef08]
Event: 176.446 Thread 0x0000027bffc0f050 12030       3       java.util.AbstractList$ListItr::<init> (16 bytes)
Event: 176.446 Thread 0x0000027bffc0f050 nmethod 12030 0x0000027b8091a490 code [0x0000027b8091a640, 0x0000027b8091a8f8]
Event: 176.446 Thread 0x0000027bffc0f050 12024       1       java.lang.StackTraceElement::getMethodName (5 bytes)
Event: 176.446 Thread 0x0000027bffc0f050 nmethod 12024 0x0000027b87c76010 code [0x0000027b87c761a0, 0x0000027b87c76278]
Event: 176.446 Thread 0x0000027bffc0f050 12026       3       org.gradle.internal.serialize.ExceptionReplacingObjectOutputStream::replaceObject (11 bytes)
Event: 176.446 Thread 0x0000027bffc0f050 nmethod 12026 0x0000027b8144f210 code [0x0000027b8144f3c0, 0x0000027b8144f628]
Event: 176.474 Thread 0x0000027bffc0f050 12032       3       java.io.ObjectStreamClass$FieldReflector::getPrimFieldValues (317 bytes)

GC Heap History (20 events):
Event: 69.789 GC heap before
{Heap before GC invocations=29 (full 0):
 garbage-first heap   total 120832K, used 86847K [0x0000000700000000, 0x0000000800000000)
  region size 2048K, 10 young (20480K), 1 survivors (2048K)
 Metaspace       used 68979K, committed 69632K, reserved 1114112K
  class space    used 9614K, committed 9920K, reserved 1048576K
}
Event: 69.793 GC heap after
{Heap after GC invocations=30 (full 0):
 garbage-first heap   total 120832K, used 69725K [0x0000000700000000, 0x0000000800000000)
  region size 2048K, 2 young (4096K), 2 survivors (4096K)
 Metaspace       used 68979K, committed 69632K, reserved 1114112K
  class space    used 9614K, committed 9920K, reserved 1048576K
}
Event: 70.641 GC heap before
{Heap before GC invocations=30 (full 0):
 garbage-first heap   total 120832K, used 98397K [0x0000000700000000, 0x0000000800000000)
  region size 2048K, 16 young (32768K), 2 survivors (4096K)
 Metaspace       used 70604K, committed 71232K, reserved 1114112K
  class space    used 9827K, committed 10112K, reserved 1048576K
}
Event: 70.646 GC heap after
{Heap after GC invocations=31 (full 0):
 garbage-first heap   total 120832K, used 70644K [0x0000000700000000, 0x0000000800000000)
  region size 2048K, 2 young (4096K), 2 survivors (4096K)
 Metaspace       used 70604K, committed 71232K, reserved 1114112K
  class space    used 9827K, committed 10112K, reserved 1048576K
}
Event: 71.673 GC heap before
{Heap before GC invocations=32 (full 0):
 garbage-first heap   total 126976K, used 97268K [0x0000000700000000, 0x0000000800000000)
  region size 2048K, 15 young (30720K), 2 survivors (4096K)
 Metaspace       used 71321K, committed 72000K, reserved 1114112K
  class space    used 9925K, committed 10240K, reserved 1048576K
}
Event: 71.679 GC heap after
{Heap after GC invocations=33 (full 0):
 garbage-first heap   total 126976K, used 73844K [0x0000000700000000, 0x0000000800000000)
  region size 2048K, 2 young (4096K), 2 survivors (4096K)
 Metaspace       used 71321K, committed 72000K, reserved 1114112K
  class space    used 9925K, committed 10240K, reserved 1048576K
}
Event: 73.373 GC heap before
{Heap before GC invocations=33 (full 0):
 garbage-first heap   total 126976K, used 102516K [0x0000000700000000, 0x0000000800000000)
  region size 2048K, 16 young (32768K), 2 survivors (4096K)
 Metaspace       used 72399K, committed 73152K, reserved 1114112K
  class space    used 10072K, committed 10432K, reserved 1048576K
}
Event: 73.379 GC heap after
{Heap after GC invocations=34 (full 0):
 garbage-first heap   total 126976K, used 75532K [0x0000000700000000, 0x0000000800000000)
  region size 2048K, 2 young (4096K), 2 survivors (4096K)
 Metaspace       used 72399K, committed 73152K, reserved 1114112K
  class space    used 10072K, committed 10432K, reserved 1048576K
}
Event: 75.721 GC heap before
{Heap before GC invocations=35 (full 0):
 garbage-first heap   total 131072K, used 102156K [0x0000000700000000, 0x0000000800000000)
  region size 2048K, 15 young (30720K), 2 survivors (4096K)
 Metaspace       used 74019K, committed 74752K, reserved 1114112K
  class space    used 10295K, committed 10624K, reserved 1048576K
}
Event: 75.732 GC heap after
{Heap after GC invocations=36 (full 0):
 garbage-first heap   total 131072K, used 77497K [0x0000000700000000, 0x0000000800000000)
  region size 2048K, 2 young (4096K), 2 survivors (4096K)
 Metaspace       used 74019K, committed 74752K, reserved 1114112K
  class space    used 10295K, committed 10624K, reserved 1048576K
}
Event: 75.890 GC heap before
{Heap before GC invocations=36 (full 0):
 garbage-first heap   total 131072K, used 79545K [0x0000000700000000, 0x0000000800000000)
  region size 2048K, 3 young (6144K), 2 survivors (4096K)
 Metaspace       used 74176K, committed 74880K, reserved 1114112K
  class space    used 10321K, committed 10624K, reserved 1048576K
}
Event: 75.897 GC heap after
{Heap after GC invocations=37 (full 0):
 garbage-first heap   total 131072K, used 75347K [0x0000000700000000, 0x0000000800000000)
  region size 2048K, 1 young (2048K), 1 survivors (2048K)
 Metaspace       used 74176K, committed 74880K, reserved 1114112K
  class space    used 10321K, committed 10624K, reserved 1048576K
}
Event: 78.555 GC heap before
{Heap before GC invocations=37 (full 0):
 garbage-first heap   total 131072K, used 101971K [0x0000000700000000, 0x0000000800000000)
  region size 2048K, 14 young (28672K), 1 survivors (2048K)
 Metaspace       used 76198K, committed 76992K, reserved 1179648K
  class space    used 10593K, committed 10944K, reserved 1048576K
}
Event: 78.561 GC heap after
{Heap after GC invocations=38 (full 0):
 garbage-first heap   total 157696K, used 77636K [0x0000000700000000, 0x0000000800000000)
  region size 2048K, 2 young (4096K), 2 survivors (4096K)
 Metaspace       used 76198K, committed 76992K, reserved 1179648K
  class space    used 10593K, committed 10944K, reserved 1048576K
}
Event: 81.812 GC heap before
{Heap before GC invocations=39 (full 0):
 garbage-first heap   total 157696K, used 120644K [0x0000000700000000, 0x0000000800000000)
  region size 2048K, 24 young (49152K), 2 survivors (4096K)
 Metaspace       used 79780K, committed 80576K, reserved 1179648K
  class space    used 11095K, committed 11456K, reserved 1048576K
}
Event: 81.823 GC heap after
{Heap after GC invocations=40 (full 0):
 garbage-first heap   total 157696K, used 82457K [0x0000000700000000, 0x0000000800000000)
  region size 2048K, 3 young (6144K), 3 survivors (6144K)
 Metaspace       used 79780K, committed 80576K, reserved 1179648K
  class space    used 11095K, committed 11456K, reserved 1048576K
}
Event: 147.076 GC heap before
{Heap before GC invocations=40 (full 0):
 garbage-first heap   total 157696K, used 121369K [0x0000000700000000, 0x0000000800000000)
  region size 2048K, 23 young (47104K), 3 survivors (6144K)
 Metaspace       used 83596K, committed 84416K, reserved 1179648K
  class space    used 11636K, committed 12032K, reserved 1048576K
}
Event: 147.128 GC heap after
{Heap after GC invocations=41 (full 0):
 garbage-first heap   total 157696K, used 85703K [0x0000000700000000, 0x0000000800000000)
  region size 2048K, 2 young (4096K), 2 survivors (4096K)
 Metaspace       used 83596K, committed 84416K, reserved 1179648K
  class space    used 11636K, committed 12032K, reserved 1048576K
}
Event: 164.285 GC heap before
{Heap before GC invocations=41 (full 0):
 garbage-first heap   total 157696K, used 124615K [0x0000000700000000, 0x0000000800000000)
  region size 2048K, 21 young (43008K), 2 survivors (4096K)
 Metaspace       used 85237K, committed 86080K, reserved 1179648K
  class space    used 11813K, committed 12224K, reserved 1048576K
}
Event: 164.292 GC heap after
{Heap after GC invocations=42 (full 0):
 garbage-first heap   total 157696K, used 87439K [0x0000000700000000, 0x0000000800000000)
  region size 2048K, 3 young (6144K), 3 survivors (6144K)
 Metaspace       used 85237K, committed 86080K, reserved 1179648K
  class space    used 11813K, committed 12224K, reserved 1048576K
}

Dll operation events (17 events):
Event: 0.029 Loaded shared library C:\Program Files\Microsoft\jdk-17.0.12.7-hotspot\bin\java.dll
Event: 0.058 Loaded shared library C:\Program Files\Microsoft\jdk-17.0.12.7-hotspot\bin\jsvml.dll
Event: 0.264 Loaded shared library C:\Program Files\Microsoft\jdk-17.0.12.7-hotspot\bin\zip.dll
Event: 0.331 Loaded shared library C:\Program Files\Microsoft\jdk-17.0.12.7-hotspot\bin\instrument.dll
Event: 0.339 Loaded shared library C:\Program Files\Microsoft\jdk-17.0.12.7-hotspot\bin\net.dll
Event: 0.342 Loaded shared library C:\Program Files\Microsoft\jdk-17.0.12.7-hotspot\bin\nio.dll
Event: 0.347 Loaded shared library C:\Program Files\Microsoft\jdk-17.0.12.7-hotspot\bin\zip.dll
Event: 1.072 Loaded shared library C:\Program Files\Microsoft\jdk-17.0.12.7-hotspot\bin\jimage.dll
Event: 1.522 Loaded shared library C:\Program Files\Microsoft\jdk-17.0.12.7-hotspot\bin\verify.dll
Event: 1.885 Loaded shared library C:\Users\Abutalib\.gradle\native\c067742578af261105cb4f569cf0c3c89f3d7b1fecec35dd04571415982c5e48\windows-amd64\native-platform.dll
Event: 1.923 Loaded shared library C:\Users\Abutalib\.gradle\native\100fb08df4bc3b14c8652ba06237920a3bd2aa13389f12d3474272988ae205f9\windows-amd64\native-platform-file-events.dll
Event: 5.600 Loaded shared library C:\Program Files\Microsoft\jdk-17.0.12.7-hotspot\bin\management.dll
Event: 5.612 Loaded shared library C:\Program Files\Microsoft\jdk-17.0.12.7-hotspot\bin\management_ext.dll
Event: 6.156 Loaded shared library C:\Program Files\Microsoft\jdk-17.0.12.7-hotspot\bin\extnet.dll
Event: 7.058 Loaded shared library C:\Program Files\Microsoft\jdk-17.0.12.7-hotspot\bin\sunmscapi.dll
Event: 82.527 Loaded shared library C:\Users\Abutalib\AppData\Local\Temp\native-platform5556793957811036327dir\native-platform.dll
Event: 87.857 Loaded shared library C:\Program Files\Microsoft\jdk-17.0.12.7-hotspot\bin\rmi.dll

Deoptimization events (20 events):
Event: 175.841 Thread 0x0000027bd75e8bc0 Uncommon trap: trap_request=0xffffffde fr.pc=0x0000027b87e3c110 relative=0x0000000000000270
Event: 175.841 Thread 0x0000027bd75e8bc0 Uncommon trap: reason=class_check action=maybe_recompile pc=0x0000027b87e3c110 method=java.util.concurrent.locks.ReentrantLock$Sync.lock()V @ 1 c2
Event: 175.841 Thread 0x0000027bd75e8bc0 DEOPT PACKING pc=0x0000027b87e3c110 sp=0x000000cf318feec0
Event: 175.841 Thread 0x0000027bd75e8bc0 DEOPT UNPACKING pc=0x0000027b875869a3 sp=0x000000cf318fee20 mode 2
Event: 176.293 Thread 0x0000027bd75e6340 Uncommon trap: trap_request=0xffffffde fr.pc=0x0000027b87ada9ac relative=0x00000000000001ac
Event: 176.293 Thread 0x0000027bd75e6340 Uncommon trap: reason=class_check action=maybe_recompile pc=0x0000027b87ada9ac method=java.lang.String.equals(Ljava/lang/Object;)Z @ 8 c2
Event: 176.293 Thread 0x0000027bd75e6340 DEOPT PACKING pc=0x0000027b87ada9ac sp=0x000000cf30cfc3f0
Event: 176.293 Thread 0x0000027bd75e6340 DEOPT UNPACKING pc=0x0000027b875869a3 sp=0x000000cf30cfc398 mode 2
Event: 176.294 Thread 0x0000027bd75e6340 Uncommon trap: trap_request=0xffffffde fr.pc=0x0000027b87ada9ac relative=0x00000000000001ac
Event: 176.294 Thread 0x0000027bd75e6340 Uncommon trap: reason=class_check action=maybe_recompile pc=0x0000027b87ada9ac method=java.lang.String.equals(Ljava/lang/Object;)Z @ 8 c2
Event: 176.294 Thread 0x0000027bd75e6340 DEOPT PACKING pc=0x0000027b87ada9ac sp=0x000000cf30cfc3f0
Event: 176.324 Thread 0x0000027bd75e6340 DEOPT UNPACKING pc=0x0000027b875869a3 sp=0x000000cf30cfc398 mode 2
Event: 176.324 Thread 0x0000027bd75e6340 Uncommon trap: trap_request=0xffffffde fr.pc=0x0000027b87ada9ac relative=0x00000000000001ac
Event: 176.324 Thread 0x0000027bd75e6340 Uncommon trap: reason=class_check action=maybe_recompile pc=0x0000027b87ada9ac method=java.lang.String.equals(Ljava/lang/Object;)Z @ 8 c2
Event: 176.324 Thread 0x0000027bd75e6340 DEOPT PACKING pc=0x0000027b87ada9ac sp=0x000000cf30cfc3f0
Event: 176.324 Thread 0x0000027bd75e6340 DEOPT UNPACKING pc=0x0000027b875869a3 sp=0x000000cf30cfc398 mode 2
Event: 176.324 Thread 0x0000027bd75e6340 Uncommon trap: trap_request=0xffffffde fr.pc=0x0000027b87ada9ac relative=0x00000000000001ac
Event: 176.324 Thread 0x0000027bd75e6340 Uncommon trap: reason=class_check action=maybe_recompile pc=0x0000027b87ada9ac method=java.lang.String.equals(Ljava/lang/Object;)Z @ 8 c2
Event: 176.324 Thread 0x0000027bd75e6340 DEOPT PACKING pc=0x0000027b87ada9ac sp=0x000000cf30cfc3f0
Event: 176.324 Thread 0x0000027bd75e6340 DEOPT UNPACKING pc=0x0000027b875869a3 sp=0x000000cf30cfc398 mode 2

Classes loaded (20 events):
Event: 164.496 Loading class java/lang/ProcessBuilder$Redirect$3
Event: 164.496 Loading class java/lang/ProcessBuilder$Redirect$3 done
Event: 164.496 Loading class java/lang/ProcessBuilder$Redirect$5
Event: 164.497 Loading class java/lang/ProcessBuilder$Redirect$5 done
Event: 164.497 Loading class java/lang/ProcessBuilder$Redirect$Type
Event: 164.497 Loading class java/lang/ProcessBuilder$Redirect$Type done
Event: 164.497 Loading class java/lang/ProcessBuilder$RedirectPipeImpl
Event: 164.498 Loading class java/lang/ProcessBuilder$RedirectPipeImpl done
Event: 175.515 Loading class java/util/HashMap$UnsafeHolder
Event: 175.516 Loading class java/util/HashMap$UnsafeHolder done
Event: 175.578 Loading class java/lang/StackTraceElement$HashedModules
Event: 175.579 Loading class java/lang/StackTraceElement$HashedModules done
Event: 175.615 Loading class java/util/logging/LogRecord
Event: 175.617 Loading class java/util/logging/LogRecord done
Event: 176.062 Loading class java/lang/Throwable$PrintStreamOrWriter
Event: 176.065 Loading class java/lang/Throwable$PrintStreamOrWriter done
Event: 176.201 Loading class java/lang/Short$ShortCache
Event: 176.201 Loading class java/lang/Short$ShortCache done
Event: 176.444 Loading class java/util/Collections$EmptyListIterator
Event: 176.474 Loading class java/util/Collections$EmptyListIterator done

Classes unloaded (0 events):
No events

Classes redefined (0 events):
No events

Internal exceptions (20 events):
Event: 144.131 Thread 0x0000027bda608e40 Exception <a 'sun/nio/fs/WindowsException'{0x0000000707e299b0}> (0x0000000707e299b0) 
thrown [s\src\hotspot\share\prims\jni.cpp, line 516]
Event: 144.132 Thread 0x0000027bda608e40 Exception <a 'sun/nio/fs/WindowsException'{0x0000000707e2b9f0}> (0x0000000707e2b9f0) 
thrown [s\src\hotspot\share\prims\jni.cpp, line 516]
Event: 150.815 Thread 0x0000027bd978ea20 Exception <a 'java/lang/InterruptedException'{0x00000007089273b0}> (0x00000007089273b0) 
thrown [s\src\hotspot\share\runtime\objectMonitor.cpp, line 1658]
Event: 163.109 Thread 0x0000027bda608e40 Exception <a 'sun/nio/fs/WindowsException'{0x0000000708411be0}> (0x0000000708411be0) 
thrown [s\src\hotspot\share\prims\jni.cpp, line 516]
Event: 163.109 Thread 0x0000027bda608e40 Exception <a 'sun/nio/fs/WindowsException'{0x0000000708414410}> (0x0000000708414410) 
thrown [s\src\hotspot\share\prims\jni.cpp, line 516]
Event: 163.110 Thread 0x0000027bda608e40 Exception <a 'sun/nio/fs/WindowsException'{0x0000000708416a00}> (0x0000000708416a00) 
thrown [s\src\hotspot\share\prims\jni.cpp, line 516]
Event: 163.111 Thread 0x0000027bda608e40 Exception <a 'sun/nio/fs/WindowsException'{0x0000000708418c68}> (0x0000000708418c68) 
thrown [s\src\hotspot\share\prims\jni.cpp, line 516]
Event: 163.118 Thread 0x0000027bda608e40 Exception <a 'sun/nio/fs/WindowsException'{0x0000000708426cb8}> (0x0000000708426cb8) 
thrown [s\src\hotspot\share\prims\jni.cpp, line 516]
Event: 164.354 Thread 0x0000027bd75e6340 Exception <a 'java/lang/ClassNotFoundException'{0x00000007098d3e18}: settings_60mahl92oqrzvdpdj4oimh0xsBeanInfo> (0x00000007098d3e18) 
thrown [s\src\hotspot\share\classfile\systemDictionary.cpp, line 256]
Event: 164.355 Thread 0x0000027bd75e6340 Exception <a 'java/lang/ClassNotFoundException'{0x00000007098da778}: settings_60mahl92oqrzvdpdj4oimh0xsCustomizer> (0x00000007098da778) 
thrown [s\src\hotspot\share\classfile\systemDictionary.cpp, line 256]
Event: 164.409 Thread 0x0000027bd75e6340 Exception <a 'java/lang/ClassNotFoundException'{0x0000000709985af0}: org/gradle/internal/extensibility/DefaultConventionBeanInfo> (0x0000000709985af0) 
thrown [s\src\hotspot\share\classfile\systemDictionary.cpp, line 256]
Event: 164.410 Thread 0x0000027bd75e6340 Exception <a 'java/lang/ClassNotFoundException'{0x00000007099c98a0}: org/gradle/internal/extensibility/DefaultConventionCustomizer> (0x00000007099c98a0) 
thrown [s\src\hotspot\share\classfile\systemDictionary.cpp, line 256]
Event: 164.476 Thread 0x0000027bd75e6340 Exception <a 'java/lang/ClassNotFoundException'{0x0000000709678788}: com/facebook/react/ReactSettingsExtension_DecoratedBeanInfo> (0x0000000709678788) 
thrown [s\src\hotspot\share\classfile\systemDictionary.cpp, line 256]
Event: 164.477 Thread 0x0000027bd75e6340 Exception <a 'java/lang/ClassNotFoundException'{0x0000000709681338}: com/facebook/react/ReactSettingsExtensionBeanInfo> (0x0000000709681338) 
thrown [s\src\hotspot\share\classfile\systemDictionary.cpp, line 256]
Event: 164.477 Thread 0x0000027bd75e6340 Exception <a 'java/lang/ClassNotFoundException'{0x0000000709689eb8}: com/facebook/react/ReactSettingsExtensionCustomizer> (0x0000000709689eb8) 
thrown [s\src\hotspot\share\classfile\systemDictionary.cpp, line 256]
Event: 164.480 Thread 0x0000027bd75e6340 Exception <a 'java/lang/ClassNotFoundException'{0x000000070969a8d0}: com/facebook/react/ReactSettingsExtension_DecoratedCustomizer> (0x000000070969a8d0) 
thrown [s\src\hotspot\share\classfile\systemDictionary.cpp, line 256]
Event: 175.378 Thread 0x0000027bd75e6340 Exception <a 'java/lang/reflect/InvocationTargetException'{0x000000070974aaf8}> (0x000000070974aaf8) 
thrown [s\src\hotspot\share\runtime\reflection.cpp, line 1128]
Event: 175.378 Thread 0x0000027bd75e6340 Exception <a 'java/lang/reflect/InvocationTargetException'{0x000000070974bb10}> (0x000000070974bb10) 
thrown [s\src\hotspot\share\runtime\reflection.cpp, line 1128]
Event: 175.508 Thread 0x0000027bd75e6340 Exception <a 'java/lang/NoSuchMethodError'{0x00000007095357b0}: static Lorg/jetbrains/kotlin/gradle/plugin/statistics/MetricContainer;.<clinit>()V> (0x00000007095357b0) 
thrown [s\src\hotspot\share\prims\jni.cpp, line 1112]
Event: 175.663 Thread 0x0000027bd75e6340 Exception <a 'java/lang/NoSuchMethodError'{0x00000007092bf7b8}: 'void java.lang.invoke.DirectMethodHandle$Holder.invokeStatic(java.lang.Object, int, java.lang.Object)'> (0x00000007092bf7b8) 
thrown [s\src\hotspot\share\interpreter\linkResolver.cpp, line 759]

VM Operations (20 events):
Event: 161.136 Executing VM operation: Cleanup done
Event: 162.136 Executing VM operation: Cleanup
Event: 162.136 Executing VM operation: Cleanup done
Event: 163.137 Executing VM operation: Cleanup
Event: 163.137 Executing VM operation: Cleanup done
Event: 164.138 Executing VM operation: Cleanup
Event: 164.138 Executing VM operation: Cleanup done
Event: 164.285 Executing VM operation: G1CollectForAllocation
Event: 164.292 Executing VM operation: G1CollectForAllocation done
Event: 166.291 Executing VM operation: Cleanup
Event: 166.292 Executing VM operation: Cleanup done
Event: 167.292 Executing VM operation: Cleanup
Event: 167.292 Executing VM operation: Cleanup done
Event: 175.377 Executing VM operation: HandshakeAllThreads
Event: 175.377 Executing VM operation: HandshakeAllThreads done
Event: 175.377 Executing VM operation: Cleanup
Event: 175.378 Executing VM operation: Cleanup done
Event: 176.059 Executing VM operation: HandshakeAllThreads
Event: 176.060 Executing VM operation: HandshakeAllThreads done
Event: 177.060 Executing VM operation: Cleanup

Events (20 events):
Event: 164.296 Thread 0x0000027bd978ea20 Thread exited: 0x0000027bd978ea20
Event: 164.308 Thread 0x0000027bda61a690 Thread added: 0x0000027bda61a690
Event: 175.624 Thread 0x0000027bd9160c70 Thread exited: 0x0000027bd9160c70
Event: 175.683 Thread 0x0000027bd647d780 Thread added: 0x0000027bd647d780
Event: 175.724 Thread 0x0000027bd647f210 Thread added: 0x0000027bd647f210
Event: 175.794 Thread 0x0000027bd851be50 Thread exited: 0x0000027bd851be50
Event: 175.808 Thread 0x0000027bda609d70 Thread exited: 0x0000027bda609d70
Event: 175.835 Thread 0x0000027bd8517770 Thread exited: 0x0000027bd8517770
Event: 175.843 Thread 0x0000027bd75e8bc0 Thread exited: 0x0000027bd75e8bc0
Event: 175.855 Thread 0x0000027bd85195d0 Thread exited: 0x0000027bd85195d0
Event: 175.868 Thread 0x0000027bda60b1b0 Thread exited: 0x0000027bda60b1b0
Event: 175.869 Thread 0x0000027bda608420 Thread exited: 0x0000027bda608420
Event: 175.869 Thread 0x0000027bda60aca0 Thread exited: 0x0000027bda60aca0
Event: 175.870 Thread 0x0000027bda609860 Thread exited: 0x0000027bda609860
Event: 175.870 Thread 0x0000027bda60b6c0 Thread exited: 0x0000027bda60b6c0
Event: 175.871 Thread 0x0000027bda60a790 Thread exited: 0x0000027bda60a790
Event: 175.871 Thread 0x0000027bda60bbd0 Thread exited: 0x0000027bda60bbd0
Event: 175.959 Thread 0x0000027bda617900 Thread added: 0x0000027bda617900
Event: 176.153 Thread 0x0000027bd647f210 Thread exited: 0x0000027bd647f210
Event: 176.201 Thread 0x0000027bd647d780 Thread exited: 0x0000027bd647d780


Dynamic libraries:
0x00007ff67d7c0000 - 0x00007ff67d7ce000 	C:\Program Files\Microsoft\jdk-17.0.12.7-hotspot\bin\java.exe
0x00007ffa68460000 - 0x00007ffa686c5000 	C:\WINDOWS\SYSTEM32\ntdll.dll
0x00007ffa67300000 - 0x00007ffa673c9000 	C:\WINDOWS\System32\KERNEL32.DLL
0x00007ffa65b30000 - 0x00007ffa65f18000 	C:\WINDOWS\System32\KERNELBASE.dll
0x00007ffa659b0000 - 0x00007ffa65afb000 	C:\WINDOWS\System32\ucrtbase.dll
0x00007ffa40920000 - 0x00007ffa4093d000 	C:\Program Files\Microsoft\jdk-17.0.12.7-hotspot\bin\VCRUNTIME140.dll
0x00007ffa4b6f0000 - 0x00007ffa4b707000 	C:\Program Files\Microsoft\jdk-17.0.12.7-hotspot\bin\jli.dll
0x00007ffa67b50000 - 0x00007ffa67d1a000 	C:\WINDOWS\System32\USER32.dll
0x00007ffa65b00000 - 0x00007ffa65b27000 	C:\WINDOWS\System32\win32u.dll
0x00007ffa649b0000 - 0x00007ffa64c4a000 	C:\WINDOWS\WinSxS\amd64_microsoft.windows.common-controls_6595b64144ccf1df_6.0.26100.4202_none_3e0698d4e335f517\COMCTL32.dll
0x00007ffa666b0000 - 0x00007ffa66759000 	C:\WINDOWS\System32\msvcrt.dll
0x00007ffa67b20000 - 0x00007ffa67b4b000 	C:\WINDOWS\System32\GDI32.dll
0x00007ffa65730000 - 0x00007ffa65867000 	C:\WINDOWS\System32\gdi32full.dll
0x00007ffa65870000 - 0x00007ffa65913000 	C:\WINDOWS\System32\msvcp_win.dll
0x00007ffa66870000 - 0x00007ffa668a0000 	C:\WINDOWS\System32\IMM32.DLL
0x00007ffa4f720000 - 0x00007ffa4f72c000 	C:\Program Files\Microsoft\jdk-17.0.12.7-hotspot\bin\vcruntime140_1.dll
0x00007ffa05f10000 - 0x00007ffa05f9d000 	C:\Program Files\Microsoft\jdk-17.0.12.7-hotspot\bin\msvcp140.dll
0x00007ff9ed3f0000 - 0x00007ff9ee060000 	C:\Program Files\Microsoft\jdk-17.0.12.7-hotspot\bin\server\jvm.dll
0x00007ffa66ca0000 - 0x00007ffa66d53000 	C:\WINDOWS\System32\ADVAPI32.dll
0x00007ffa67d20000 - 0x00007ffa67dc6000 	C:\WINDOWS\System32\sechost.dll
0x00007ffa662d0000 - 0x00007ffa663e5000 	C:\WINDOWS\System32\RPCRT4.dll
0x00007ffa67270000 - 0x00007ffa672e4000 	C:\WINDOWS\System32\WS2_32.dll
0x00007ffa65400000 - 0x00007ffa6545e000 	C:\WINDOWS\SYSTEM32\POWRPROF.dll
0x00007ffa5c960000 - 0x00007ffa5c96b000 	C:\WINDOWS\SYSTEM32\VERSION.dll
0x00007ffa5c920000 - 0x00007ffa5c955000 	C:\WINDOWS\SYSTEM32\WINMM.dll
0x00007ffa653e0000 - 0x00007ffa653f4000 	C:\WINDOWS\SYSTEM32\UMPDC.dll
0x00007ffa63a40000 - 0x00007ffa63a5b000 	C:\WINDOWS\SYSTEM32\kernel.appcore.dll
0x00007ffa4b970000 - 0x00007ffa4b97a000 	C:\Program Files\Microsoft\jdk-17.0.12.7-hotspot\bin\jimage.dll
0x00007ffa64d80000 - 0x00007ffa64fc1000 	C:\WINDOWS\SYSTEM32\DBGHELP.DLL
0x00007ffa668b0000 - 0x00007ffa66c35000 	C:\WINDOWS\System32\combase.dll
0x00007ffa66590000 - 0x00007ffa66671000 	C:\WINDOWS\System32\OLEAUT32.dll
0x00007ffa64c50000 - 0x00007ffa64c89000 	C:\WINDOWS\SYSTEM32\dbgcore.DLL
0x00007ffa65f20000 - 0x00007ffa65fb9000 	C:\WINDOWS\System32\bcryptPrimitives.dll
0x00007ffa3e870000 - 0x00007ffa3e87e000 	C:\Program Files\Microsoft\jdk-17.0.12.7-hotspot\bin\instrument.dll
0x00007ffa3e880000 - 0x00007ffa3e8a5000 	C:\Program Files\Microsoft\jdk-17.0.12.7-hotspot\bin\java.dll
0x00007ffa00440000 - 0x00007ffa00517000 	C:\Program Files\Microsoft\jdk-17.0.12.7-hotspot\bin\jsvml.dll
0x00007ffa673d0000 - 0x00007ffa67b12000 	C:\WINDOWS\System32\SHELL32.dll
0x00007ffa655b0000 - 0x00007ffa65724000 	C:\WINDOWS\System32\wintypes.dll
0x00007ffa627b0000 - 0x00007ffa63008000 	C:\WINDOWS\SYSTEM32\windows.storage.dll
0x00007ffa66fc0000 - 0x00007ffa670b1000 	C:\WINDOWS\System32\SHCORE.dll
0x00007ffa66260000 - 0x00007ffa662ca000 	C:\WINDOWS\System32\shlwapi.dll
0x00007ffa654c0000 - 0x00007ffa654ef000 	C:\WINDOWS\SYSTEM32\profapi.dll
0x00007ffa34240000 - 0x00007ffa34258000 	C:\Program Files\Microsoft\jdk-17.0.12.7-hotspot\bin\zip.dll
0x00007ffa357b0000 - 0x00007ffa357ca000 	C:\Program Files\Microsoft\jdk-17.0.12.7-hotspot\bin\net.dll
0x00007ffa59ef0000 - 0x00007ffa5a00e000 	C:\WINDOWS\SYSTEM32\WINHTTP.dll
0x00007ffa63f70000 - 0x00007ffa63fda000 	C:\WINDOWS\system32\mswsock.dll
0x00007ffa34aa0000 - 0x00007ffa34ab6000 	C:\Program Files\Microsoft\jdk-17.0.12.7-hotspot\bin\nio.dll
0x00007ffa4b580000 - 0x00007ffa4b590000 	C:\Program Files\Microsoft\jdk-17.0.12.7-hotspot\bin\verify.dll
0x00007ffa33710000 - 0x00007ffa33737000 	C:\Users\Abutalib\.gradle\native\c067742578af261105cb4f569cf0c3c89f3d7b1fecec35dd04571415982c5e48\windows-amd64\native-platform.dll
0x00007ff9fbed0000 - 0x00007ff9fc014000 	C:\Users\Abutalib\.gradle\native\100fb08df4bc3b14c8652ba06237920a3bd2aa13389f12d3474272988ae205f9\windows-amd64\native-platform-file-events.dll
0x00007ffa44700000 - 0x00007ffa4470a000 	C:\Program Files\Microsoft\jdk-17.0.12.7-hotspot\bin\management.dll
0x00007ffa40910000 - 0x00007ffa4091b000 	C:\Program Files\Microsoft\jdk-17.0.12.7-hotspot\bin\management_ext.dll
0x00007ffa672f0000 - 0x00007ffa672f8000 	C:\WINDOWS\System32\PSAPI.DLL
0x00007ffa650d0000 - 0x00007ffa650eb000 	C:\WINDOWS\SYSTEM32\CRYPTSP.dll
0x00007ffa64080000 - 0x00007ffa640ba000 	C:\WINDOWS\system32\rsaenh.dll
0x00007ffa64010000 - 0x00007ffa6403b000 	C:\WINDOWS\SYSTEM32\USERENV.dll
0x00007ffa65490000 - 0x00007ffa654b6000 	C:\WINDOWS\SYSTEM32\bcrypt.dll
0x00007ffa64260000 - 0x00007ffa6426c000 	C:\WINDOWS\SYSTEM32\CRYPTBASE.dll
0x00007ffa63490000 - 0x00007ffa634c3000 	C:\WINDOWS\SYSTEM32\IPHLPAPI.DLL
0x00007ffa666a0000 - 0x00007ffa666aa000 	C:\WINDOWS\System32\NSI.dll
0x00007ffa5e910000 - 0x00007ffa5e92f000 	C:\WINDOWS\SYSTEM32\dhcpcsvc6.DLL
0x00007ffa5a430000 - 0x00007ffa5a455000 	C:\WINDOWS\SYSTEM32\dhcpcsvc.DLL
0x00007ffa63520000 - 0x00007ffa63647000 	C:\WINDOWS\SYSTEM32\DNSAPI.dll
0x00007ffa3f640000 - 0x00007ffa3f649000 	C:\Program Files\Microsoft\jdk-17.0.12.7-hotspot\bin\extnet.dll
0x00007ffa3e7e0000 - 0x00007ffa3e7ee000 	C:\Program Files\Microsoft\jdk-17.0.12.7-hotspot\bin\sunmscapi.dll
0x00007ffa66080000 - 0x00007ffa661f7000 	C:\WINDOWS\System32\CRYPT32.dll
0x00007ffa64500000 - 0x00007ffa64530000 	C:\WINDOWS\SYSTEM32\ncrypt.dll
0x00007ffa64660000 - 0x00007ffa6469f000 	C:\WINDOWS\SYSTEM32\NTASN1.dll
0x00007ffa56ae0000 - 0x00007ffa56ae8000 	C:\WINDOWS\system32\wshunix.dll
0x00007ffa3f3d0000 - 0x00007ffa3f3e8000 	C:\WINDOWS\system32\napinsp.dll
0x00007ffa3f3b0000 - 0x00007ffa3f3c2000 	C:\WINDOWS\System32\winrnr.dll
0x00007ffa3f300000 - 0x00007ffa3f330000 	C:\WINDOWS\system32\nlansp_c.dll
0x00007ffa57ad0000 - 0x00007ffa57af0000 	C:\WINDOWS\system32\wshbth.dll
0x00007ffa5a420000 - 0x00007ffa5a42b000 	C:\Windows\System32\rasadhlp.dll
0x00007ffa5a250000 - 0x00007ffa5a2d6000 	C:\WINDOWS\System32\fwpuclnt.dll
0x00007ffa3f650000 - 0x00007ffa3f66e000 	C:\Users\Abutalib\AppData\Local\Temp\native-platform5556793957811036327dir\native-platform.dll
0x00007ffa5e0e0000 - 0x00007ffa5e0e7000 	C:\Program Files\Microsoft\jdk-17.0.12.7-hotspot\bin\rmi.dll

dbghelp: loaded successfully - version: 4.0.5 - missing functions: none
symbol engine: initialized successfully - sym options: 0x614 - pdb path: .;C:\Program Files\Microsoft\jdk-17.0.12.7-hotspot\bin;C:\WINDOWS\SYSTEM32;C:\WINDOWS\WinSxS\amd64_microsoft.windows.common-controls_6595b64144ccf1df_6.0.26100.4202_none_3e0698d4e335f517;C:\Program Files\Microsoft\jdk-17.0.12.7-hotspot\bin\server;C:\Users\Abutalib\.gradle\native\c067742578af261105cb4f569cf0c3c89f3d7b1fecec35dd04571415982c5e48\windows-amd64;C:\Users\Abutalib\.gradle\native\100fb08df4bc3b14c8652ba06237920a3bd2aa13389f12d3474272988ae205f9\windows-amd64;C:\Users\Abutalib\AppData\Local\Temp\native-platform5556793957811036327dir

VM Arguments:
jvm_args: -XX:+HeapDumpOnOutOfMemoryError --add-opens=java.base/java.util=ALL-UNNAMED --add-opens=java.base/java.lang=ALL-UNNAMED --add-opens=java.base/java.lang.invoke=ALL-UNNAMED --add-opens=java.prefs/java.util.prefs=ALL-UNNAMED --add-exports=jdk.compiler/com.sun.tools.javac.api=ALL-UNNAMED --add-exports=jdk.compiler/com.sun.tools.javac.util=ALL-UNNAMED --add-opens=java.base/java.nio.charset=ALL-UNNAMED --add-opens=java.base/java.net=ALL-UNNAMED --add-opens=java.base/java.util.concurrent.atomic=ALL-UNNAMED -Xmx4096m -Dfile.encoding=UTF-8 -Duser.country=IN -Duser.language=en -Duser.variant -javaagent:C:\Users\Abutalib\.gradle\wrapper\dists\gradle-8.10.2-all\7iv73wktx1xtkvlq19urqw1wm\gradle-8.10.2\lib\agents\gradle-instrumentation-agent-8.10.2.jar 
java_command: org.gradle.launcher.daemon.bootstrap.GradleDaemon 8.10.2
java_class_path (initial): C:\Users\Abutalib\.gradle\wrapper\dists\gradle-8.10.2-all\7iv73wktx1xtkvlq19urqw1wm\gradle-8.10.2\lib\gradle-daemon-main-8.10.2.jar
Launcher Type: SUN_STANDARD

[Global flags]
     intx CICompilerCount                          = 4                                         {product} {ergonomic}
     uint ConcGCThreads                            = 2                                         {product} {ergonomic}
     uint G1ConcRefinementThreads                  = 8                                         {product} {ergonomic}
   size_t G1HeapRegionSize                         = 2097152                                   {product} {ergonomic}
    uintx GCDrainStackTargetSize                   = 64                                        {product} {ergonomic}
     bool HeapDumpOnOutOfMemoryError               = true                                   {manageable} {command line}
   size_t InitialHeapSize                          = 123731968                                 {product} {ergonomic}
   size_t MarkStackSize                            = 4194304                                   {product} {ergonomic}
   size_t MaxHeapSize                              = 4294967296                                {product} {command line}
   size_t MaxNewSize                               = 2575302656                                {product} {ergonomic}
   size_t MinHeapDeltaBytes                        = 2097152                                   {product} {ergonomic}
   size_t MinHeapSize                              = 8388608                                   {product} {ergonomic}
    uintx NonNMethodCodeHeapSize                   = 5839372                                {pd product} {ergonomic}
    uintx NonProfiledCodeHeapSize                  = 122909434                              {pd product} {ergonomic}
    uintx ProfiledCodeHeapSize                     = 122909434                              {pd product} {ergonomic}
    uintx ReservedCodeCacheSize                    = 251658240                              {pd product} {ergonomic}
     bool SegmentedCodeCache                       = true                                      {product} {ergonomic}
   size_t SoftMaxHeapSize                          = 4294967296                             {manageable} {ergonomic}
     bool UseCompressedClassPointers               = true                           {product lp64_product} {ergonomic}
     bool UseCompressedOops                        = true                           {product lp64_product} {ergonomic}
     bool UseG1GC                                  = true                                      {product} {ergonomic}
     bool UseLargePagesIndividualAllocation        = false                                  {pd product} {ergonomic}

Logging:
Log output configuration:
 #0: stdout all=warning uptime,level,tags
 #1: stderr all=off uptime,level,tags

Environment Variables:
JAVA_HOME=C:\Program Files\Microsoft\jdk-17.0.12.7-hotspot
CLASSPATH=C:\NexgenLMS\NexGenMobile\android\\gradle\wrapper\gradle-wrapper.jar
PATH=C:\Program Files\Microsoft\jdk-17.0.12.7-hotspot\bin;C:\Users\Abutalib\AppData\Local\Programs\Python\Python311\Scripts\;C:\Users\Abutalib\AppData\Local\Programs\Python\Python311\;C:\Ruby32-x64\bin;C:\Program Files\Common Files\Oracle\Java\javapath;C:\Users\Abutalib\AppData\Local\Programs\Python\Python311;c:\users\abutalib\appdata\local\programs\python\python311\lib\site-packages\pip\__init__.py;C:\WINDOWS\system32;C:\WINDOWS;C:\WINDOWS\System32\OpenSSH\;C:\WINDOWS\System32\Wbem;C:\WINDOWS\System32\WindowsPowerShell\v1.0\;C:\Program Files (x86)\Yarn\bin\;C:\Program Files\Git\cmd;C:\ProgramData\chocolatey\bin;C:\php;C:\ProgramData\ComposerSetup\bin;C:\Program Files\Amazon\AWSCLIV2\;%NVM_HOME%;%NVM_SYMLINK%;C:\Program Files\nodejs\;;C:\Users\Abutalib\AppData\Local\Microsoft\WindowsApps;C:\Users\Abutalib\AppData\Local\Android\Sdk\emulator;C:\Users\Abutalib\AppData\Local\Android\Sdk\platform-tools;C:\Users\Abutalib\AppData\Local\Android\Sdk\cmdline-tools\13.0\bin;C:\java programs\Microsoft VS Code\bin;C:\Users\Abutalib\PyCharm Community Edition 2022.3\bin;;C:\MinGW\bin;C:\MinGW\bin\gcc.exe;C:\Users\Abutalib\AppData\Local\Yarn\bin;C:\Program Files\Microsoft\jdk-17.0.12.7-hotspot\bin;C:\Users\Abutalib\AppData\Local\Microsoft\WinGet\Packages\Schniz.fnm_Microsoft.Winget.Source_8wekyb3d8bbwe;C:\Users\Abutalib\AppData\Local\Android\Sdk\system-images\android-34-ext12\google_apis_playstore\x86_64;C:\Users\Abutalib\AppData\Local\nvm;C:\nvm4w\nodejs;C:\Users\Abutalib\AppData\Roaming\npm
USERNAME=Abutalib
OS=Windows_NT
PROCESSOR_IDENTIFIER=AMD64 Family 23 Model 104 Stepping 1, AuthenticAMD
TMP=C:\Users\Abutalib\AppData\Local\Temp
TEMP=C:\Users\Abutalib\AppData\Local\Temp



Periodic native trim disabled


---------------  S Y S T E M  ---------------

OS:
 Windows 11 , 64 bit Build 26100 (10.0.26100.4202)
OS uptime: 7 days 18:57 hours
Hyper-V role detected

CPU: total 8 (initial active 8) (8 cores per cpu, 2 threads per core) family 23 model 104 stepping 1 microcode 0x8608107, cx8, cmov, fxsr, ht, mmx, 3dnowpref, sse, sse2, sse3, ssse3, sse4a, sse4.1, sse4.2, popcnt, lzcnt, tsc, tscinvbit, avx, avx2, aes, clmul, bmi1, bmi2, adx, sha, fma, vzeroupper, clflush, clflushopt, hv
Processor Information for the first 8 processors :
  Max Mhz: 2600, Current Mhz: 2600, Mhz Limit: 2600

Memory: 4k page, system-wide physical 7502M (977M free)
TotalPageFile size 30030M (AvailPageFile size 98M)
current process WorkingSet (physical memory assigned to process): 252M, peak: 331M
current process commit charge ("private bytes"): 439M, peak: 449M

vm_info: OpenJDK 64-Bit Server VM (17.0.12+7-LTS) for windows-amd64 JRE (17.0.12+7-LTS), built on Jul 16 2024 18:11:44 by "MicrosoftCorporation" with unknown MS VC++:1939

END.
