#
# There is insufficient memory for the Java Runtime Environment to continue.
# Native memory allocation (malloc) failed to allocate 675680 bytes. Error detail: Chunk::new
# Possible reasons:
#   The system is out of physical RAM or swap space
#   This process is running with CompressedOops enabled, and the Java Heap may be blocking the growth of the native heap
# Possible solutions:
#   Reduce memory load on the system
#   Increase physical memory or swap space
#   Check if swap backing store is full
#   Decrease Java heap size (-Xmx/-Xms)
#   Decrease number of Java threads
#   Decrease Java thread stack sizes (-Xss)
#   Set larger code cache with -XX:ReservedCodeCacheSize=
#   JVM is running with Unscaled Compressed Oops mode in which the Java heap is
#     placed in the first 4GB address space. The Java Heap base address is the
#     maximum limit for the native heap growth. Please use -XX:HeapBaseMinAddress
#     to set the Java Heap base and to place the Java Heap above 4GB virtual address.
# This output file may be truncated or incomplete.
#
#  Out of Memory Error (arena.cpp:191), pid=24468, tid=19260
#
# JRE version: OpenJDK Runtime Environment Microsoft-9889599 (17.0.12+7) (build 17.0.12+7-LTS)
# Java VM: OpenJDK 64-Bit Server VM Microsoft-9889599 (17.0.12+7-LTS, mixed mode, sharing, tiered, compressed oops, compressed class ptrs, g1 gc, windows-amd64)
# No core dump will be written. Minidumps are not enabled by default on client versions of Windows
#

---------------  S U M M A R Y ------------

Command Line: org.jetbrains.kotlin.cli.jvm.K2JVMCompiler @C:\NexgenLMS\NexGenMobile\node_modules\react-native-pager-view\android\build\20250505_4363426428419079021.compiler.options

Host: AMD Ryzen 3 5300U with Radeon Graphics         , 8 cores, 7G,  Windows 11 , 64 bit Build 26100 (10.0.26100.3775)
Time: Mon May  5 17:09:18 2025 India Standard Time elapsed time: 9.994849 seconds (0d 0h 0m 9s)

---------------  T H R E A D  ---------------

Current thread (0x000001cf71619820):  JavaThread "C2 CompilerThread2" daemon [_thread_in_native, id=19260, stack(0x0000003efd600000,0x0000003efd700000)]


Current CompileTask:
C2:  10033 1157       4       org.jetbrains.kotlin.com.intellij.openapi.vfs.impl.ArchiveHandler::processEntry (225 bytes)

Stack: [0x0000003efd600000,0x0000003efd700000]
Native frames: (J=compiled Java code, j=interpreted, Vv=VM code, C=native code)
V  [jvm.dll+0x686d99]
V  [jvm.dll+0x83daf8]
V  [jvm.dll+0x83f5a3]
V  [jvm.dll+0x83fc13]
V  [jvm.dll+0x2492ef]
V  [jvm.dll+0xad0a4]
V  [jvm.dll+0xad73c]
V  [jvm.dll+0x36a44e]
V  [jvm.dll+0x334b83]
V  [jvm.dll+0x33401a]
V  [jvm.dll+0x21a538]
V  [jvm.dll+0x21996f]
V  [jvm.dll+0x1a53e6]
V  [jvm.dll+0x229faa]
V  [jvm.dll+0x2280fb]
V  [jvm.dll+0x7f3508]
V  [jvm.dll+0x7ed87c]
V  [jvm.dll+0x685c77]
C  [ucrtbase.dll+0x37b0]
C  [KERNEL32.DLL+0x2e8d7]
C  [ntdll.dll+0xb14fc]


---------------  P R O C E S S  ---------------

Threads class SMR info:
_java_thread_list=0x000001cf71394170, length=14, elements={
0x000001cf4c948670, 0x000001cf6c8086a0, 0x000001cf6c809bd0, 0x000001cf6c828030,
0x000001cf6c82b570, 0x000001cf6c82bf30, 0x000001cf6c82d460, 0x000001cf6c84e210,
0x000001cf6c850750, 0x000001cf6c853be0, 0x000001cf6c994060, 0x000001cf6c9a0800,
0x000001cf71619300, 0x000001cf71619820
}

Java Threads: ( => current thread )
  0x000001cf4c948670 JavaThread "main" [_thread_in_Java, id=25160, stack(0x0000003efbd00000,0x0000003efbe00000)]
  0x000001cf6c8086a0 JavaThread "Reference Handler" daemon [_thread_blocked, id=18480, stack(0x0000003efc400000,0x0000003efc500000)]
  0x000001cf6c809bd0 JavaThread "Finalizer" daemon [_thread_blocked, id=21132, stack(0x0000003efc500000,0x0000003efc600000)]
  0x000001cf6c828030 JavaThread "Signal Dispatcher" daemon [_thread_blocked, id=18528, stack(0x0000003efc600000,0x0000003efc700000)]
  0x000001cf6c82b570 JavaThread "Attach Listener" daemon [_thread_blocked, id=25352, stack(0x0000003efc700000,0x0000003efc800000)]
  0x000001cf6c82bf30 JavaThread "Service Thread" daemon [_thread_blocked, id=17076, stack(0x0000003efc800000,0x0000003efc900000)]
  0x000001cf6c82d460 JavaThread "Monitor Deflation Thread" daemon [_thread_blocked, id=24892, stack(0x0000003efc900000,0x0000003efca00000)]
  0x000001cf6c84e210 JavaThread "C2 CompilerThread0" daemon [_thread_in_native, id=24956, stack(0x0000003efca00000,0x0000003efcb00000)]
  0x000001cf6c850750 JavaThread "C1 CompilerThread0" daemon [_thread_blocked, id=1460, stack(0x0000003efcb00000,0x0000003efcc00000)]
  0x000001cf6c853be0 JavaThread "Sweeper thread" daemon [_thread_blocked, id=24528, stack(0x0000003efcc00000,0x0000003efcd00000)]
  0x000001cf6c994060 JavaThread "Notification Thread" daemon [_thread_blocked, id=13936, stack(0x0000003efcd00000,0x0000003efce00000)]
  0x000001cf6c9a0800 JavaThread "Common-Cleaner" daemon [_thread_blocked, id=12256, stack(0x0000003efcf00000,0x0000003efd000000)]
  0x000001cf71619300 JavaThread "C2 CompilerThread1" daemon [_thread_blocked, id=17544, stack(0x0000003efd500000,0x0000003efd600000)]
=>0x000001cf71619820 JavaThread "C2 CompilerThread2" daemon [_thread_in_native, id=19260, stack(0x0000003efd600000,0x0000003efd700000)]

Other Threads:
  0x000001cf6c8015c0 VMThread "VM Thread" [stack: 0x0000003efc300000,0x0000003efc400000] [id=18052]
  0x000001cf6c994540 WatcherThread [stack: 0x0000003efce00000,0x0000003efcf00000] [id=2120]
  0x000001cf4c9a1d00 GCTaskThread "GC Thread#0" [stack: 0x0000003efbe00000,0x0000003efbf00000] [id=27188]
  0x000001cf7118b050 GCTaskThread "GC Thread#1" [stack: 0x0000003efd000000,0x0000003efd100000] [id=15488]
  0x000001cf711d4120 GCTaskThread "GC Thread#2" [stack: 0x0000003efd100000,0x0000003efd200000] [id=10680]
  0x000001cf711d43e0 GCTaskThread "GC Thread#3" [stack: 0x0000003efd200000,0x0000003efd300000] [id=15148]
  0x000001cf711d46a0 GCTaskThread "GC Thread#4" [stack: 0x0000003efd300000,0x0000003efd400000] [id=6116]
  0x000001cf71250ba0 GCTaskThread "GC Thread#5" [stack: 0x0000003efd400000,0x0000003efd500000] [id=19648]
  0x000001cf718a8a10 GCTaskThread "GC Thread#6" [stack: 0x0000003efd700000,0x0000003efd800000] [id=25228]
  0x000001cf71d70860 GCTaskThread "GC Thread#7" [stack: 0x0000003efd800000,0x0000003efd900000] [id=22588]
  0x000001cf4c9b16d0 ConcurrentGCThread "G1 Main Marker" [stack: 0x0000003efbf00000,0x0000003efc000000] [id=22580]
  0x000001cf4c9b20f0 ConcurrentGCThread "G1 Conc#0" [stack: 0x0000003efc000000,0x0000003efc100000] [id=25208]
  0x000001cf6c6c20c0 ConcurrentGCThread "G1 Refine#0" [stack: 0x0000003efc100000,0x0000003efc200000] [id=26424]
  0x000001cf6c6c36c0 ConcurrentGCThread "G1 Service" [stack: 0x0000003efc200000,0x0000003efc300000] [id=16552]

Threads with active compile tasks:
C2 CompilerThread0    12018 1094       4       org.jetbrains.kotlin.com.intellij.openapi.vfs.impl.ArchiveHandler::directoryEntry (144 bytes)
C2 CompilerThread2    12018 1157       4       org.jetbrains.kotlin.com.intellij.openapi.vfs.impl.ArchiveHandler::processEntry (225 bytes)

VM state: not at safepoint (normal execution)

VM Mutex/Monitor currently owned by a thread: None

Heap address: 0x000000008ac00000, size: 1876 MB, Compressed Oops mode: 32-bit

CDS archive(s) mapped at: [0x000001cf00000000-0x000001cf00bb0000-0x000001cf00bb0000), size 12255232, SharedBaseAddress: 0x000001cf00000000, ArchiveRelocationMode: 1.
Compressed class space mapped at: 0x000001cf01000000-0x000001cf41000000, reserved size: 1073741824
Narrow klass base: 0x000001cf00000000, Narrow klass shift: 0, Narrow klass range: 0x100000000

GC Precious Log:
 CPUs: 8 total, 8 available
 Memory: 7502M
 Large Page Support: Disabled
 NUMA Support: Disabled
 Compressed Oops: Enabled (32-bit)
 Heap Region Size: 1M
 Heap Min Capacity: 8M
 Heap Initial Capacity: 118M
 Heap Max Capacity: 1876M
 Pre-touch: Disabled
 Parallel Workers: 8
 Concurrent Workers: 2
 Concurrent Refinement Workers: 8
 Periodic GC: Disabled

Heap:
 garbage-first heap   total 120832K, used 19480K [0x000000008ac00000, 0x0000000100000000)
  region size 1024K, 12 young (12288K), 4 survivors (4096K)
 Metaspace       used 15652K, committed 15872K, reserved 1114112K
  class space    used 2067K, committed 2176K, reserved 1048576K

Heap Regions: E=young(eden), S=young(survivor), O=old, HS=humongous(starts), HC=humongous(continues), CS=collection set, F=free, OA=open archive, CA=closed archive, TAMS=top-at-mark-start (previous, next)
|   0|0x000000008ac00000, 0x000000008ad00000, 0x000000008ad00000|100%|HS|  |TAMS 0x000000008ac00000, 0x000000008ac00000| Complete 
|   1|0x000000008ad00000, 0x000000008ae00000, 0x000000008ae00000|100%|HC|  |TAMS 0x000000008ad00000, 0x000000008ad00000| Complete 
|   2|0x000000008ae00000, 0x000000008af00000, 0x000000008af00000|100%|HC|  |TAMS 0x000000008ae00000, 0x000000008ae00000| Complete 
|   3|0x000000008af00000, 0x000000008b000000, 0x000000008b000000|100%|HC|  |TAMS 0x000000008af00000, 0x000000008af00000| Complete 
|   4|0x000000008b000000, 0x000000008b100000, 0x000000008b100000|100%|HS|  |TAMS 0x000000008b000000, 0x000000008b000000| Complete 
|   5|0x000000008b100000, 0x000000008b200000, 0x000000008b200000|100%|HC|  |TAMS 0x000000008b100000, 0x000000008b100000| Complete 
|   6|0x000000008b200000, 0x000000008b300000, 0x000000008b300000|100%| O|  |TAMS 0x000000008b200000, 0x000000008b200000| Untracked 
|   7|0x000000008b300000, 0x000000008b400000, 0x000000008b400000|100%| O|  |TAMS 0x000000008b300000, 0x000000008b300000| Untracked 
|   8|0x000000008b400000, 0x000000008b4a7c00, 0x000000008b500000| 65%| O|  |TAMS 0x000000008b400000, 0x000000008b400000| Untracked 
|   9|0x000000008b500000, 0x000000008b500000, 0x000000008b600000|  0%| F|  |TAMS 0x000000008b500000, 0x000000008b500000| Untracked 
|  10|0x000000008b600000, 0x000000008b600000, 0x000000008b700000|  0%| F|  |TAMS 0x000000008b600000, 0x000000008b600000| Untracked 
|  11|0x000000008b700000, 0x000000008b700000, 0x000000008b800000|  0%| F|  |TAMS 0x000000008b700000, 0x000000008b700000| Untracked 
|  12|0x000000008b800000, 0x000000008b800000, 0x000000008b900000|  0%| F|  |TAMS 0x000000008b800000, 0x000000008b800000| Untracked 
|  13|0x000000008b900000, 0x000000008b900000, 0x000000008ba00000|  0%| F|  |TAMS 0x000000008b900000, 0x000000008b900000| Untracked 
|  14|0x000000008ba00000, 0x000000008ba00000, 0x000000008bb00000|  0%| F|  |TAMS 0x000000008ba00000, 0x000000008ba00000| Untracked 
|  15|0x000000008bb00000, 0x000000008bb00000, 0x000000008bc00000|  0%| F|  |TAMS 0x000000008bb00000, 0x000000008bb00000| Untracked 
|  16|0x000000008bc00000, 0x000000008bc00000, 0x000000008bd00000|  0%| F|  |TAMS 0x000000008bc00000, 0x000000008bc00000| Untracked 
|  17|0x000000008bd00000, 0x000000008bd00000, 0x000000008be00000|  0%| F|  |TAMS 0x000000008bd00000, 0x000000008bd00000| Untracked 
|  18|0x000000008be00000, 0x000000008be00000, 0x000000008bf00000|  0%| F|  |TAMS 0x000000008be00000, 0x000000008be00000| Untracked 
|  19|0x000000008bf00000, 0x000000008bf00000, 0x000000008c000000|  0%| F|  |TAMS 0x000000008bf00000, 0x000000008bf00000| Untracked 
|  20|0x000000008c000000, 0x000000008c000000, 0x000000008c100000|  0%| F|  |TAMS 0x000000008c000000, 0x000000008c000000| Untracked 
|  21|0x000000008c100000, 0x000000008c100000, 0x000000008c200000|  0%| F|  |TAMS 0x000000008c100000, 0x000000008c100000| Untracked 
|  22|0x000000008c200000, 0x000000008c200000, 0x000000008c300000|  0%| F|  |TAMS 0x000000008c200000, 0x000000008c200000| Untracked 
|  23|0x000000008c300000, 0x000000008c300000, 0x000000008c400000|  0%| F|  |TAMS 0x000000008c300000, 0x000000008c300000| Untracked 
|  24|0x000000008c400000, 0x000000008c400000, 0x000000008c500000|  0%| F|  |TAMS 0x000000008c400000, 0x000000008c400000| Untracked 
|  25|0x000000008c500000, 0x000000008c500000, 0x000000008c600000|  0%| F|  |TAMS 0x000000008c500000, 0x000000008c500000| Untracked 
|  26|0x000000008c600000, 0x000000008c600000, 0x000000008c700000|  0%| F|  |TAMS 0x000000008c600000, 0x000000008c600000| Untracked 
|  27|0x000000008c700000, 0x000000008c700000, 0x000000008c800000|  0%| F|  |TAMS 0x000000008c700000, 0x000000008c700000| Untracked 
|  28|0x000000008c800000, 0x000000008c800000, 0x000000008c900000|  0%| F|  |TAMS 0x000000008c800000, 0x000000008c800000| Untracked 
|  29|0x000000008c900000, 0x000000008c900000, 0x000000008ca00000|  0%| F|  |TAMS 0x000000008c900000, 0x000000008c900000| Untracked 
|  30|0x000000008ca00000, 0x000000008ca00000, 0x000000008cb00000|  0%| F|  |TAMS 0x000000008ca00000, 0x000000008ca00000| Untracked 
|  31|0x000000008cb00000, 0x000000008cb00000, 0x000000008cc00000|  0%| F|  |TAMS 0x000000008cb00000, 0x000000008cb00000| Untracked 
|  32|0x000000008cc00000, 0x000000008cc00000, 0x000000008cd00000|  0%| F|  |TAMS 0x000000008cc00000, 0x000000008cc00000| Untracked 
|  33|0x000000008cd00000, 0x000000008cd00000, 0x000000008ce00000|  0%| F|  |TAMS 0x000000008cd00000, 0x000000008cd00000| Untracked 
|  34|0x000000008ce00000, 0x000000008ce00000, 0x000000008cf00000|  0%| F|  |TAMS 0x000000008ce00000, 0x000000008ce00000| Untracked 
|  35|0x000000008cf00000, 0x000000008cf00000, 0x000000008d000000|  0%| F|  |TAMS 0x000000008cf00000, 0x000000008cf00000| Untracked 
|  36|0x000000008d000000, 0x000000008d000000, 0x000000008d100000|  0%| F|  |TAMS 0x000000008d000000, 0x000000008d000000| Untracked 
|  37|0x000000008d100000, 0x000000008d100000, 0x000000008d200000|  0%| F|  |TAMS 0x000000008d100000, 0x000000008d100000| Untracked 
|  38|0x000000008d200000, 0x000000008d200000, 0x000000008d300000|  0%| F|  |TAMS 0x000000008d200000, 0x000000008d200000| Untracked 
|  39|0x000000008d300000, 0x000000008d300000, 0x000000008d400000|  0%| F|  |TAMS 0x000000008d300000, 0x000000008d300000| Untracked 
|  40|0x000000008d400000, 0x000000008d400000, 0x000000008d500000|  0%| F|  |TAMS 0x000000008d400000, 0x000000008d400000| Untracked 
|  41|0x000000008d500000, 0x000000008d500000, 0x000000008d600000|  0%| F|  |TAMS 0x000000008d500000, 0x000000008d500000| Untracked 
|  42|0x000000008d600000, 0x000000008d600000, 0x000000008d700000|  0%| F|  |TAMS 0x000000008d600000, 0x000000008d600000| Untracked 
|  43|0x000000008d700000, 0x000000008d700000, 0x000000008d800000|  0%| F|  |TAMS 0x000000008d700000, 0x000000008d700000| Untracked 
|  44|0x000000008d800000, 0x000000008d800000, 0x000000008d900000|  0%| F|  |TAMS 0x000000008d800000, 0x000000008d800000| Untracked 
|  45|0x000000008d900000, 0x000000008d900000, 0x000000008da00000|  0%| F|  |TAMS 0x000000008d900000, 0x000000008d900000| Untracked 
|  46|0x000000008da00000, 0x000000008da00000, 0x000000008db00000|  0%| F|  |TAMS 0x000000008da00000, 0x000000008da00000| Untracked 
|  47|0x000000008db00000, 0x000000008db00000, 0x000000008dc00000|  0%| F|  |TAMS 0x000000008db00000, 0x000000008db00000| Untracked 
|  48|0x000000008dc00000, 0x000000008dc00000, 0x000000008dd00000|  0%| F|  |TAMS 0x000000008dc00000, 0x000000008dc00000| Untracked 
|  49|0x000000008dd00000, 0x000000008dd00000, 0x000000008de00000|  0%| F|  |TAMS 0x000000008dd00000, 0x000000008dd00000| Untracked 
|  50|0x000000008de00000, 0x000000008de00000, 0x000000008df00000|  0%| F|  |TAMS 0x000000008de00000, 0x000000008de00000| Untracked 
|  51|0x000000008df00000, 0x000000008df00000, 0x000000008e000000|  0%| F|  |TAMS 0x000000008df00000, 0x000000008df00000| Untracked 
|  52|0x000000008e000000, 0x000000008e000000, 0x000000008e100000|  0%| F|  |TAMS 0x000000008e000000, 0x000000008e000000| Untracked 
|  53|0x000000008e100000, 0x000000008e100000, 0x000000008e200000|  0%| F|  |TAMS 0x000000008e100000, 0x000000008e100000| Untracked 
|  54|0x000000008e200000, 0x000000008e200000, 0x000000008e300000|  0%| F|  |TAMS 0x000000008e200000, 0x000000008e200000| Untracked 
|  55|0x000000008e300000, 0x000000008e300000, 0x000000008e400000|  0%| F|  |TAMS 0x000000008e300000, 0x000000008e300000| Untracked 
|  56|0x000000008e400000, 0x000000008e400000, 0x000000008e500000|  0%| F|  |TAMS 0x000000008e400000, 0x000000008e400000| Untracked 
|  57|0x000000008e500000, 0x000000008e500000, 0x000000008e600000|  0%| F|  |TAMS 0x000000008e500000, 0x000000008e500000| Untracked 
|  58|0x000000008e600000, 0x000000008e600000, 0x000000008e700000|  0%| F|  |TAMS 0x000000008e600000, 0x000000008e600000| Untracked 
|  59|0x000000008e700000, 0x000000008e700000, 0x000000008e800000|  0%| F|  |TAMS 0x000000008e700000, 0x000000008e700000| Untracked 
|  60|0x000000008e800000, 0x000000008e800000, 0x000000008e900000|  0%| F|  |TAMS 0x000000008e800000, 0x000000008e800000| Untracked 
|  61|0x000000008e900000, 0x000000008e900000, 0x000000008ea00000|  0%| F|  |TAMS 0x000000008e900000, 0x000000008e900000| Untracked 
|  62|0x000000008ea00000, 0x000000008ea00000, 0x000000008eb00000|  0%| F|  |TAMS 0x000000008ea00000, 0x000000008ea00000| Untracked 
|  63|0x000000008eb00000, 0x000000008eb00000, 0x000000008ec00000|  0%| F|  |TAMS 0x000000008eb00000, 0x000000008eb00000| Untracked 
|  64|0x000000008ec00000, 0x000000008ec00000, 0x000000008ed00000|  0%| F|  |TAMS 0x000000008ec00000, 0x000000008ec00000| Untracked 
|  65|0x000000008ed00000, 0x000000008ed00000, 0x000000008ee00000|  0%| F|  |TAMS 0x000000008ed00000, 0x000000008ed00000| Untracked 
|  66|0x000000008ee00000, 0x000000008ee00000, 0x000000008ef00000|  0%| F|  |TAMS 0x000000008ee00000, 0x000000008ee00000| Untracked 
|  67|0x000000008ef00000, 0x000000008ef00000, 0x000000008f000000|  0%| F|  |TAMS 0x000000008ef00000, 0x000000008ef00000| Untracked 
|  68|0x000000008f000000, 0x000000008f000000, 0x000000008f100000|  0%| F|  |TAMS 0x000000008f000000, 0x000000008f000000| Untracked 
|  69|0x000000008f100000, 0x000000008f100000, 0x000000008f200000|  0%| F|  |TAMS 0x000000008f100000, 0x000000008f100000| Untracked 
|  70|0x000000008f200000, 0x000000008f200000, 0x000000008f300000|  0%| F|  |TAMS 0x000000008f200000, 0x000000008f200000| Untracked 
|  71|0x000000008f300000, 0x000000008f300000, 0x000000008f400000|  0%| F|  |TAMS 0x000000008f300000, 0x000000008f300000| Untracked 
|  72|0x000000008f400000, 0x000000008f400000, 0x000000008f500000|  0%| F|  |TAMS 0x000000008f400000, 0x000000008f400000| Untracked 
|  73|0x000000008f500000, 0x000000008f500000, 0x000000008f600000|  0%| F|  |TAMS 0x000000008f500000, 0x000000008f500000| Untracked 
|  74|0x000000008f600000, 0x000000008f600000, 0x000000008f700000|  0%| F|  |TAMS 0x000000008f600000, 0x000000008f600000| Untracked 
|  75|0x000000008f700000, 0x000000008f700000, 0x000000008f800000|  0%| F|  |TAMS 0x000000008f700000, 0x000000008f700000| Untracked 
|  76|0x000000008f800000, 0x000000008f800000, 0x000000008f900000|  0%| F|  |TAMS 0x000000008f800000, 0x000000008f800000| Untracked 
|  77|0x000000008f900000, 0x000000008f900000, 0x000000008fa00000|  0%| F|  |TAMS 0x000000008f900000, 0x000000008f900000| Untracked 
|  78|0x000000008fa00000, 0x000000008fa00000, 0x000000008fb00000|  0%| F|  |TAMS 0x000000008fa00000, 0x000000008fa00000| Untracked 
|  79|0x000000008fb00000, 0x000000008fb00000, 0x000000008fc00000|  0%| F|  |TAMS 0x000000008fb00000, 0x000000008fb00000| Untracked 
|  80|0x000000008fc00000, 0x000000008fc5e640, 0x000000008fd00000| 36%| S|CS|TAMS 0x000000008fc00000, 0x000000008fc00000| Complete 
|  81|0x000000008fd00000, 0x000000008fe00000, 0x000000008fe00000|100%| S|CS|TAMS 0x000000008fd00000, 0x000000008fd00000| Complete 
|  82|0x000000008fe00000, 0x000000008ff00000, 0x000000008ff00000|100%| S|CS|TAMS 0x000000008fe00000, 0x000000008fe00000| Complete 
|  83|0x000000008ff00000, 0x0000000090000000, 0x0000000090000000|100%| S|CS|TAMS 0x000000008ff00000, 0x000000008ff00000| Complete 
|  84|0x0000000090000000, 0x0000000090000000, 0x0000000090100000|  0%| F|  |TAMS 0x0000000090000000, 0x0000000090000000| Untracked 
|  85|0x0000000090100000, 0x0000000090100000, 0x0000000090200000|  0%| F|  |TAMS 0x0000000090100000, 0x0000000090100000| Untracked 
|  86|0x0000000090200000, 0x0000000090200000, 0x0000000090300000|  0%| F|  |TAMS 0x0000000090200000, 0x0000000090200000| Untracked 
|  87|0x0000000090300000, 0x0000000090300000, 0x0000000090400000|  0%| F|  |TAMS 0x0000000090300000, 0x0000000090300000| Untracked 
|  88|0x0000000090400000, 0x0000000090400000, 0x0000000090500000|  0%| F|  |TAMS 0x0000000090400000, 0x0000000090400000| Untracked 
|  89|0x0000000090500000, 0x0000000090500000, 0x0000000090600000|  0%| F|  |TAMS 0x0000000090500000, 0x0000000090500000| Untracked 
|  90|0x0000000090600000, 0x0000000090600000, 0x0000000090700000|  0%| F|  |TAMS 0x0000000090600000, 0x0000000090600000| Untracked 
|  91|0x0000000090700000, 0x0000000090700000, 0x0000000090800000|  0%| F|  |TAMS 0x0000000090700000, 0x0000000090700000| Untracked 
|  92|0x0000000090800000, 0x0000000090800000, 0x0000000090900000|  0%| F|  |TAMS 0x0000000090800000, 0x0000000090800000| Untracked 
|  93|0x0000000090900000, 0x0000000090900000, 0x0000000090a00000|  0%| F|  |TAMS 0x0000000090900000, 0x0000000090900000| Untracked 
|  94|0x0000000090a00000, 0x0000000090a00000, 0x0000000090b00000|  0%| F|  |TAMS 0x0000000090a00000, 0x0000000090a00000| Untracked 
|  95|0x0000000090b00000, 0x0000000090b00000, 0x0000000090c00000|  0%| F|  |TAMS 0x0000000090b00000, 0x0000000090b00000| Untracked 
|  96|0x0000000090c00000, 0x0000000090c00000, 0x0000000090d00000|  0%| F|  |TAMS 0x0000000090c00000, 0x0000000090c00000| Untracked 
|  97|0x0000000090d00000, 0x0000000090d00000, 0x0000000090e00000|  0%| F|  |TAMS 0x0000000090d00000, 0x0000000090d00000| Untracked 
|  98|0x0000000090e00000, 0x0000000090e00000, 0x0000000090f00000|  0%| F|  |TAMS 0x0000000090e00000, 0x0000000090e00000| Untracked 
|  99|0x0000000090f00000, 0x0000000090f00000, 0x0000000091000000|  0%| F|  |TAMS 0x0000000090f00000, 0x0000000090f00000| Untracked 
| 100|0x0000000091000000, 0x0000000091000000, 0x0000000091100000|  0%| F|  |TAMS 0x0000000091000000, 0x0000000091000000| Untracked 
| 101|0x0000000091100000, 0x0000000091100000, 0x0000000091200000|  0%| F|  |TAMS 0x0000000091100000, 0x0000000091100000| Untracked 
| 102|0x0000000091200000, 0x0000000091200000, 0x0000000091300000|  0%| F|  |TAMS 0x0000000091200000, 0x0000000091200000| Untracked 
| 103|0x0000000091300000, 0x0000000091300000, 0x0000000091400000|  0%| F|  |TAMS 0x0000000091300000, 0x0000000091300000| Untracked 
| 104|0x0000000091400000, 0x0000000091400000, 0x0000000091500000|  0%| F|  |TAMS 0x0000000091400000, 0x0000000091400000| Untracked 
| 105|0x0000000091500000, 0x0000000091500000, 0x0000000091600000|  0%| F|  |TAMS 0x0000000091500000, 0x0000000091500000| Untracked 
| 106|0x0000000091600000, 0x0000000091600000, 0x0000000091700000|  0%| F|  |TAMS 0x0000000091600000, 0x0000000091600000| Untracked 
| 107|0x0000000091700000, 0x0000000091700000, 0x0000000091800000|  0%| F|  |TAMS 0x0000000091700000, 0x0000000091700000| Untracked 
| 108|0x0000000091800000, 0x0000000091800000, 0x0000000091900000|  0%| F|  |TAMS 0x0000000091800000, 0x0000000091800000| Untracked 
| 109|0x0000000091900000, 0x0000000091900000, 0x0000000091a00000|  0%| F|  |TAMS 0x0000000091900000, 0x0000000091900000| Untracked 
| 110|0x0000000091a00000, 0x0000000091a81c10, 0x0000000091b00000| 50%| E|  |TAMS 0x0000000091a00000, 0x0000000091a00000| Complete 
| 111|0x0000000091b00000, 0x0000000091c00000, 0x0000000091c00000|100%| E|CS|TAMS 0x0000000091b00000, 0x0000000091b00000| Complete 
| 112|0x0000000091c00000, 0x0000000091d00000, 0x0000000091d00000|100%| E|CS|TAMS 0x0000000091c00000, 0x0000000091c00000| Complete 
| 113|0x0000000091d00000, 0x0000000091e00000, 0x0000000091e00000|100%| E|CS|TAMS 0x0000000091d00000, 0x0000000091d00000| Complete 
| 114|0x0000000091e00000, 0x0000000091f00000, 0x0000000091f00000|100%| E|CS|TAMS 0x0000000091e00000, 0x0000000091e00000| Complete 
| 115|0x0000000091f00000, 0x0000000092000000, 0x0000000092000000|100%| E|CS|TAMS 0x0000000091f00000, 0x0000000091f00000| Complete 
| 116|0x0000000092000000, 0x0000000092100000, 0x0000000092100000|100%| E|CS|TAMS 0x0000000092000000, 0x0000000092000000| Complete 
| 117|0x0000000092100000, 0x0000000092200000, 0x0000000092200000|100%| E|CS|TAMS 0x0000000092100000, 0x0000000092100000| Complete 

Card table byte_map: [0x000001cf65b80000,0x000001cf65f30000] _byte_map_base: 0x000001cf6572a000

Marking Bits (Prev, Next): (CMBitMap*) 0x000001cf4c9a2320, (CMBitMap*) 0x000001cf4c9a2360
 Prev Bits: [0x000001cf662e0000, 0x000001cf68030000)
 Next Bits: [0x000001cf68030000, 0x000001cf69d80000)

Polling page: 0x000001cf55d40000

Metaspace:

Usage:
  Non-class:     13.27 MB used.
      Class:      2.02 MB used.
       Both:     15.29 MB used.

Virtual space:
  Non-class space:       64.00 MB reserved,      13.38 MB ( 21%) committed,  1 nodes.
      Class space:        1.00 GB reserved,       2.12 MB ( <1%) committed,  1 nodes.
             Both:        1.06 GB reserved,      15.50 MB (  1%) committed. 

Chunk freelists:
   Non-Class:  368.00 KB
       Class:  13.84 MB
        Both:  14.20 MB

MaxMetaspaceSize: unlimited
CompressedClassSpaceSize: 1.00 GB
Initial GC threshold: 21.00 MB
Current GC threshold: 21.00 MB
CDS: on
MetaspaceReclaimPolicy: balanced
 - commit_granule_bytes: 65536.
 - commit_granule_words: 8192.
 - virtual_space_node_default_size: 8388608.
 - enlarge_chunks_in_place: 1.
 - new_chunks_are_fully_committed: 0.
 - uncommit_free_chunks: 1.
 - use_allocation_guard: 0.
 - handle_deallocations: 1.


Internal statistics:

num_allocs_failed_limit: 0.
num_arena_births: 108.
num_arena_deaths: 0.
num_vsnodes_births: 2.
num_vsnodes_deaths: 0.
num_space_committed: 247.
num_space_uncommitted: 0.
num_chunks_returned_to_freelist: 0.
num_chunks_taken_from_freelist: 629.
num_chunk_merges: 0.
num_chunk_splits: 494.
num_chunks_enlarged: 444.
num_inconsistent_stats: 0.

CodeHeap 'non-profiled nmethods': size=120000Kb used=503Kb max_used=503Kb free=119496Kb
 bounds [0x000001cf5d830000, 0x000001cf5daa0000, 0x000001cf64d60000]
CodeHeap 'profiled nmethods': size=120000Kb used=1856Kb max_used=1856Kb free=118143Kb
 bounds [0x000001cf55d60000, 0x000001cf55fd0000, 0x000001cf5d290000]
CodeHeap 'non-nmethods': size=5760Kb used=1186Kb max_used=1231Kb free=4573Kb
 bounds [0x000001cf5d290000, 0x000001cf5d500000, 0x000001cf5d830000]
 total_blobs=1659 nmethods=1173 adapters=399
 compilation: enabled
              stopped_count=0, restarted_count=0
 full_count=0

Compilation events (20 events):
Event: 6.788 Thread 0x000001cf71619820 nmethod 1154 0x000001cf5d8a5d10 code [0x000001cf5d8a5ea0, 0x000001cf5d8a6308]
Event: 6.788 Thread 0x000001cf71619820 1156       4       java.util.zip.ZipEntry::isDirectory (10 bytes)
Event: 6.790 Thread 0x000001cf71619820 nmethod 1156 0x000001cf5d8a6610 code [0x000001cf5d8a6780, 0x000001cf5d8a6878]
Event: 6.790 Thread 0x000001cf71619820 1157       4       org.jetbrains.kotlin.com.intellij.openapi.vfs.impl.ArchiveHandler::processEntry (225 bytes)
Event: 6.792 Thread 0x000001cf71619300 nmethod 1159 0x000001cf5d8a6a10 code [0x000001cf5d8a6bc0, 0x000001cf5d8a71c8]
Event: 6.792 Thread 0x000001cf71619300 1158       4       org.jetbrains.kotlin.com.intellij.openapi.util.text.StringUtil::trimLeading (49 bytes)
Event: 6.795 Thread 0x000001cf71619300 nmethod 1158 0x000001cf5d8a7510 code [0x000001cf5d8a76a0, 0x000001cf5d8a7828]
Event: 6.795 Thread 0x000001cf71619300 1163       4       org.jetbrains.kotlin.com.intellij.openapi.vfs.impl.ZipHandlerBase$$Lambda$126/0x000001cf0121a408::<init> (15 bytes)
Event: 6.797 Thread 0x000001cf71619300 nmethod 1163 0x000001cf5d8a7a90 code [0x000001cf5d8a7c00, 0x000001cf5d8a7e38]
Event: 6.797 Thread 0x000001cf71619300 1164       4       org.jetbrains.kotlin.com.intellij.openapi.vfs.impl.ZipHandlerBase$$Lambda$126/0x000001cf0121a408::apply (20 bytes)
Event: 6.801 Thread 0x000001cf71619300 nmethod 1164 0x000001cf5d8a7e90 code [0x000001cf5d8a8020, 0x000001cf5d8a8378]
Event: 6.801 Thread 0x000001cf71619300 1165       4       org.jetbrains.kotlin.com.intellij.openapi.vfs.impl.ZipHandlerBase::lambda$buildEntryMapForZipFile$0 (36 bytes)
Event: 6.805 Thread 0x000001cf71619300 nmethod 1165 0x000001cf5d8a8590 code [0x000001cf5d8a8720, 0x000001cf5d8a89d8]
Event: 6.805 Thread 0x000001cf71619300 1155   !   4       java.util.zip.ZipFile$ZipEntryIterator::next (71 bytes)
Event: 6.808 Thread 0x000001cf71619300 nmethod 1155 0x000001cf5d8a8b90 code [0x000001cf5d8a8d20, 0x000001cf5d8a9188]
Event: 6.808 Thread 0x000001cf71619300 1138   !   4       java.util.AbstractList$Itr::next (46 bytes)
Event: 6.811 Thread 0x000001cf71619300 nmethod 1138 0x000001cf5d8a9490 code [0x000001cf5d8a9620, 0x000001cf5d8a97d8]
Event: 6.811 Thread 0x000001cf71619300 1139       4       org.jetbrains.kotlin.com.intellij.util.SmartList::get (28 bytes)
Event: 6.812 Thread 0x000001cf71619300 nmethod 1139 0x000001cf5d8a9a10 code [0x000001cf5d8a9ba0, 0x000001cf5d8a9cd8]
Event: 6.812 Thread 0x000001cf71619300 1141       4       org.jetbrains.kotlin.com.intellij.util.containers.FactoryMap::get (69 bytes)

GC Heap History (4 events):
Event: 3.176 GC heap before
{Heap before GC invocations=0 (full 0):
 garbage-first heap   total 120832K, used 27648K [0x000000008ac00000, 0x0000000100000000)
  region size 1024K, 23 young (23552K), 0 survivors (0K)
 Metaspace       used 7151K, committed 7296K, reserved 1114112K
  class space    used 751K, committed 832K, reserved 1048576K
}
Event: 3.194 GC heap after
{Heap after GC invocations=1 (full 0):
 garbage-first heap   total 120832K, used 7040K [0x000000008ac00000, 0x0000000100000000)
  region size 1024K, 3 young (3072K), 3 survivors (3072K)
 Metaspace       used 7151K, committed 7296K, reserved 1114112K
  class space    used 751K, committed 832K, reserved 1048576K
}
Event: 6.769 GC heap before
{Heap before GC invocations=1 (full 0):
 garbage-first heap   total 120832K, used 40832K [0x000000008ac00000, 0x0000000100000000)
  region size 1024K, 34 young (34816K), 3 survivors (3072K)
 Metaspace       used 15217K, committed 15424K, reserved 1114112K
  class space    used 2013K, committed 2112K, reserved 1048576K
}
Event: 6.783 GC heap after
{Heap after GC invocations=2 (full 0):
 garbage-first heap   total 120832K, used 12312K [0x000000008ac00000, 0x0000000100000000)
  region size 1024K, 4 young (4096K), 4 survivors (4096K)
 Metaspace       used 15217K, committed 15424K, reserved 1114112K
  class space    used 2013K, committed 2112K, reserved 1048576K
}

Dll operation events (7 events):
Event: 0.042 Loaded shared library C:\Program Files\Microsoft\jdk-17.0.12.7-hotspot\bin\java.dll
Event: 0.955 Loaded shared library C:\Program Files\Microsoft\jdk-17.0.12.7-hotspot\bin\jsvml.dll
Event: 1.167 Loaded shared library C:\Program Files\Microsoft\jdk-17.0.12.7-hotspot\bin\net.dll
Event: 1.173 Loaded shared library C:\Program Files\Microsoft\jdk-17.0.12.7-hotspot\bin\nio.dll
Event: 1.248 Loaded shared library C:\Program Files\Microsoft\jdk-17.0.12.7-hotspot\bin\zip.dll
Event: 1.317 Loaded shared library C:\Program Files\Microsoft\jdk-17.0.12.7-hotspot\bin\jimage.dll
Event: 4.449 Loaded shared library C:\Program Files\Microsoft\jdk-17.0.12.7-hotspot\bin\verify.dll

Deoptimization events (20 events):
Event: 4.396 Thread 0x000001cf4c948670 DEOPT PACKING pc=0x000001cf5d85c960 sp=0x0000003efbdfdd50
Event: 4.396 Thread 0x000001cf4c948670 DEOPT UNPACKING pc=0x000001cf5d2e69a3 sp=0x0000003efbdfdcd0 mode 2
Event: 5.431 Thread 0x000001cf4c948670 DEOPT PACKING pc=0x000001cf55ef0952 sp=0x0000003efbdfe150
Event: 5.431 Thread 0x000001cf4c948670 DEOPT UNPACKING pc=0x000001cf5d2e7143 sp=0x0000003efbdfd650 mode 0
Event: 5.452 Thread 0x000001cf4c948670 Uncommon trap: trap_request=0xffffff6e fr.pc=0x000001cf5d85ef7c relative=0x00000000000003dc
Event: 5.452 Thread 0x000001cf4c948670 Uncommon trap: reason=loop_limit_check action=maybe_recompile pc=0x000001cf5d85ef7c method=java.lang.StringLatin1.indexOf([BI[BII)I @ 37 c2
Event: 5.452 Thread 0x000001cf4c948670 DEOPT PACKING pc=0x000001cf5d85ef7c sp=0x0000003efbdfe130
Event: 5.452 Thread 0x000001cf4c948670 DEOPT UNPACKING pc=0x000001cf5d2e69a3 sp=0x0000003efbdfe090 mode 2
Event: 5.563 Thread 0x000001cf4c948670 Uncommon trap: trap_request=0xffffff45 fr.pc=0x000001cf5d88df9c relative=0x000000000000079c
Event: 5.563 Thread 0x000001cf4c948670 Uncommon trap: reason=unstable_if action=reinterpret pc=0x000001cf5d88df9c method=org.jetbrains.kotlin.com.intellij.openapi.vfs.impl.ZipEntryMap.isTheOne(Lorg/jetbrains/kotlin/com/intellij/openapi/vfs/impl/ArchiveHandler$EntryInfo;Ljava/lang/CharSequence;
Event: 5.563 Thread 0x000001cf4c948670 DEOPT PACKING pc=0x000001cf5d88df9c sp=0x0000003efbdfe180
Event: 5.563 Thread 0x000001cf4c948670 DEOPT UNPACKING pc=0x000001cf5d2e69a3 sp=0x0000003efbdfe060 mode 2
Event: 5.563 Thread 0x000001cf4c948670 Uncommon trap: trap_request=0xffffff45 fr.pc=0x000001cf5d88a588 relative=0x00000000000004a8
Event: 5.563 Thread 0x000001cf4c948670 Uncommon trap: reason=unstable_if action=reinterpret pc=0x000001cf5d88a588 method=org.jetbrains.kotlin.com.intellij.openapi.vfs.impl.ZipEntryMap.isTheOne(Lorg/jetbrains/kotlin/com/intellij/openapi/vfs/impl/ArchiveHandler$EntryInfo;Ljava/lang/CharSequence;
Event: 5.563 Thread 0x000001cf4c948670 DEOPT PACKING pc=0x000001cf5d88a588 sp=0x0000003efbdfe090
Event: 5.563 Thread 0x000001cf4c948670 DEOPT UNPACKING pc=0x000001cf5d2e69a3 sp=0x0000003efbdfe040 mode 2
Event: 5.587 Thread 0x000001cf4c948670 Uncommon trap: trap_request=0xffffff45 fr.pc=0x000001cf5d88ca1c relative=0x000000000000079c
Event: 5.587 Thread 0x000001cf4c948670 Uncommon trap: reason=unstable_if action=reinterpret pc=0x000001cf5d88ca1c method=org.jetbrains.kotlin.com.intellij.openapi.vfs.impl.ZipEntryMap.isTheOne(Lorg/jetbrains/kotlin/com/intellij/openapi/vfs/impl/ArchiveHandler$EntryInfo;Ljava/lang/CharSequence;
Event: 5.587 Thread 0x000001cf4c948670 DEOPT PACKING pc=0x000001cf5d88ca1c sp=0x0000003efbdfe140
Event: 5.587 Thread 0x000001cf4c948670 DEOPT UNPACKING pc=0x000001cf5d2e69a3 sp=0x0000003efbdfe088 mode 2

Classes loaded (20 events):
Event: 4.753 Loading class java/nio/channels/Channel done
Event: 4.753 Loading class java/nio/channels/WritableByteChannel done
Event: 4.755 Loading class jdk/internal/reflect/UnsafeStaticIntegerFieldAccessorImpl
Event: 4.755 Loading class jdk/internal/reflect/UnsafeStaticIntegerFieldAccessorImpl done
Event: 4.869 Loading class java/util/AbstractList$Itr
Event: 4.869 Loading class java/util/AbstractList$Itr done
Event: 4.906 Loading class java/util/function/UnaryOperator
Event: 4.908 Loading class java/util/function/UnaryOperator done
Event: 5.299 Loading class java/net/MalformedURLException
Event: 5.299 Loading class java/net/MalformedURLException done
Event: 5.301 Loading class java/nio/file/InvalidPathException
Event: 5.301 Loading class java/nio/file/InvalidPathException done
Event: 5.365 Loading class java/util/DualPivotQuicksort
Event: 5.366 Loading class java/util/DualPivotQuicksort done
Event: 5.372 Loading class java/util/zip/ZipFile$ZipEntryIterator
Event: 5.372 Loading class java/util/zip/ZipFile$ZipEntryIterator done
Event: 5.385 Loading class java/util/AbstractMap$SimpleEntry
Event: 5.385 Loading class java/util/AbstractMap$SimpleEntry done
Event: 6.905 Loading class java/lang/ArrayIndexOutOfBoundsException
Event: 6.905 Loading class java/lang/ArrayIndexOutOfBoundsException done

Classes unloaded (0 events):
No events

Classes redefined (0 events):
No events

Internal exceptions (20 events):
Event: 3.134 Thread 0x000001cf4c948670 Exception <a 'java/lang/NoSuchMethodError'{0x0000000090b5ed38}: 'long java.lang.invoke.DirectMethodHandle$Holder.invokeStaticInit(java.lang.Object)'> (0x0000000090b5ed38) 
thrown [s\src\hotspot\share\interpreter\linkResolver.cpp, line 759]
Event: 3.266 Thread 0x000001cf4c948670 Exception <a 'java/lang/NoSuchMethodError'{0x00000000920260d0}: 'int java.lang.invoke.DirectMethodHandle$Holder.invokeStaticInit(java.lang.Object, java.lang.Object, java.lang.Object, java.lang.Object)'> (0x00000000920260d0) 
thrown [s\src\hotspot\share\interpreter\linkResolver.cpp, line 759]
Event: 3.354 Thread 0x000001cf4c948670 Exception <a 'java/lang/NoSuchMethodError'{0x0000000091e3b7c8}: 'long java.lang.invoke.Invokers$Holder.invoke_MT(java.lang.Object, java.lang.Object, java.lang.Object, java.lang.Object)'> (0x0000000091e3b7c8) 
thrown [s\src\hotspot\share\interpreter\linkResolver.cpp, line 759]
Event: 3.362 Thread 0x000001cf4c948670 Exception <a 'java/lang/NoSuchMethodError'{0x0000000091e46e58}: 'int java.lang.invoke.DirectMethodHandle$Holder.invokeSpecial(java.lang.Object, java.lang.Object, java.lang.Object)'> (0x0000000091e46e58) 
thrown [s\src\hotspot\share\interpreter\linkResolver.cpp, line 759]
Event: 3.363 Thread 0x000001cf4c948670 Exception <a 'java/lang/NoSuchMethodError'{0x0000000091e4ab48}: 'int java.lang.invoke.DirectMethodHandle$Holder.invokeSpecial(java.lang.Object, java.lang.Object, java.lang.Object, java.lang.Object)'> (0x0000000091e4ab48) 
thrown [s\src\hotspot\share\interpreter\linkResolver.cpp, line 759]
Event: 3.364 Thread 0x000001cf4c948670 Exception <a 'java/lang/NoSuchMethodError'{0x0000000091e4e1b0}: 'int java.lang.invoke.Invokers$Holder.invoke_MT(java.lang.Object, java.lang.Object, java.lang.Object, java.lang.Object)'> (0x0000000091e4e1b0) 
thrown [s\src\hotspot\share\interpreter\linkResolver.cpp, line 759]
Event: 3.371 Thread 0x000001cf4c948670 Exception <a 'java/lang/NoSuchMethodError'{0x0000000091e5d738}: 'void java.lang.invoke.DelegatingMethodHandle$Holder.reinvoke_L(java.lang.Object, java.lang.Object, java.lang.Object, long, java.lang.Object)'> (0x0000000091e5d738) 
thrown [s\src\hotspot\share\interpreter\linkResolver.cpp, line 759]
Event: 3.373 Thread 0x000001cf4c948670 Exception <a 'java/lang/NoSuchMethodError'{0x0000000091e65370}: 'java.lang.Object java.lang.invoke.DirectMethodHandle$Holder.invokeSpecial(java.lang.Object, java.lang.Object, java.lang.Object, java.lang.Object, long)'> (0x0000000091e65370) 
thrown [s\src\hotspot\share\interpreter\linkResolver.cpp, line 759]
Event: 3.377 Thread 0x000001cf4c948670 Exception <a 'java/lang/NoSuchMethodError'{0x0000000091e74730}: 'int java.lang.invoke.DelegatingMethodHandle$Holder.reinvoke_L(java.lang.Object, java.lang.Object, java.lang.Object, long, java.lang.Object, java.lang.Object)'> (0x0000000091e74730) 
thrown [s\src\hotspot\share\interpreter\linkResolver.cpp, line 759]
Event: 3.384 Thread 0x000001cf4c948670 Exception <a 'java/lang/NoSuchMethodError'{0x0000000091e832c0}: 'int java.lang.invoke.DelegatingMethodHandle$Holder.reinvoke_L(java.lang.Object, java.lang.Object, java.lang.Object, long, int, int)'> (0x0000000091e832c0) 
thrown [s\src\hotspot\share\interpreter\linkResolver.cpp, line 759]
Event: 3.390 Thread 0x000001cf4c948670 Exception <a 'java/lang/NoSuchMethodError'{0x0000000091e91e50}: 'int java.lang.invoke.DelegatingMethodHandle$Holder.reinvoke_L(java.lang.Object, java.lang.Object, java.lang.Object, long, long, long)'> (0x0000000091e91e50) 
thrown [s\src\hotspot\share\interpreter\linkResolver.cpp, line 759]
Event: 3.395 Thread 0x000001cf4c948670 Exception <a 'java/lang/NoSuchMethodError'{0x0000000091ea0468}: 'int java.lang.invoke.DelegatingMethodHandle$Holder.reinvoke_L(java.lang.Object, java.lang.Object, java.lang.Object, long, int)'> (0x0000000091ea0468) 
thrown [s\src\hotspot\share\interpreter\linkResolver.cpp, line 759]
Event: 3.465 Thread 0x000001cf4c948670 Exception <a 'java/lang/NoSuchMethodError'{0x0000000091d498a0}: 'int java.lang.invoke.DirectMethodHandle$Holder.invokeStaticInit(java.lang.Object, java.lang.Object, java.lang.Object)'> (0x0000000091d498a0) 
thrown [s\src\hotspot\share\interpreter\linkResolver.cpp, line 759]
Event: 3.498 Thread 0x000001cf4c948670 Exception <a 'java/lang/NoSuchMethodError'{0x0000000091d729c0}: 'int java.lang.invoke.DirectMethodHandle$Holder.invokeStaticInit(java.lang.Object, java.lang.Object)'> (0x0000000091d729c0) 
thrown [s\src\hotspot\share\interpreter\linkResolver.cpp, line 759]
Event: 3.575 Thread 0x000001cf4c948670 Exception <a 'java/lang/NoSuchMethodError'{0x0000000091c52748}: 'void java.lang.invoke.DirectMethodHandle$Holder.invokeSpecial(java.lang.Object, java.lang.Object, java.lang.Object)'> (0x0000000091c52748) 
thrown [s\src\hotspot\share\interpreter\linkResolver.cpp, line 759]
Event: 3.906 Thread 0x000001cf4c948670 Exception <a 'java/lang/NoSuchMethodError'{0x0000000091976350}: 'void java.lang.invoke.DirectMethodHandle$Holder.invokeStatic(java.lang.Object, java.lang.Object, java.lang.Object, java.lang.Object)'> (0x0000000091976350) 
thrown [s\src\hotspot\share\interpreter\linkResolver.cpp, line 759]
Event: 4.206 Thread 0x000001cf4c948670 Exception <a 'java/lang/NoSuchMethodError'{0x000000009153bc88}: 'void java.lang.invoke.DirectMethodHandle$Holder.invokeStaticInit(java.lang.Object, java.lang.Object)'> (0x000000009153bc88) 
thrown [s\src\hotspot\share\interpreter\linkResolver.cpp, line 759]
Event: 4.852 Thread 0x000001cf4c948670 Exception <a 'java/lang/NoSuchMethodError'{0x00000000911fb3a8}: 'void java.lang.invoke.DirectMethodHandle$Holder.invokeVirtual(java.lang.Object, java.lang.Object)'> (0x00000000911fb3a8) 
thrown [s\src\hotspot\share\interpreter\linkResolver.cpp, line 759]
Event: 4.879 Thread 0x000001cf4c948670 Exception <a 'java/lang/NoSuchMethodError'{0x0000000091075c28}: 'int java.lang.invoke.DirectMethodHandle$Holder.invokeVirtual(java.lang.Object, java.lang.Object)'> (0x0000000091075c28) 
thrown [s\src\hotspot\share\interpreter\linkResolver.cpp, line 759]
Event: 4.930 Thread 0x000001cf4c948670 Exception <a 'java/lang/NoSuchMethodError'{0x0000000090f314c0}: 'java.lang.Object java.lang.invoke.Invokers$Holder.invokeExact_MT(java.lang.Object, java.lang.Object, java.lang.Object, java.lang.Object, java.lang.Object, java.lang.Object)'> (0x0000000090f314c0) 
thrown [s\src\hotspot\share\interpreter\linkResolver.cpp, line 759]

VM Operations (20 events):
Event: 1.250 Executing VM operation: HandshakeAllThreads
Event: 1.250 Executing VM operation: HandshakeAllThreads done
Event: 2.084 Executing VM operation: HandshakeAllThreads
Event: 2.084 Executing VM operation: HandshakeAllThreads done
Event: 2.084 Executing VM operation: Cleanup
Event: 2.084 Executing VM operation: Cleanup done
Event: 2.375 Executing VM operation: HandshakeAllThreads
Event: 2.375 Executing VM operation: HandshakeAllThreads done
Event: 3.175 Executing VM operation: G1CollectForAllocation
Event: 3.194 Executing VM operation: G1CollectForAllocation done
Event: 4.200 Executing VM operation: Cleanup
Event: 4.205 Executing VM operation: Cleanup done
Event: 5.216 Executing VM operation: Cleanup
Event: 5.216 Executing VM operation: Cleanup done
Event: 6.231 Executing VM operation: Cleanup
Event: 6.769 Executing VM operation: Cleanup done
Event: 6.769 Executing VM operation: G1CollectForAllocation
Event: 6.783 Executing VM operation: G1CollectForAllocation done
Event: 7.796 Executing VM operation: Cleanup
Event: 7.796 Executing VM operation: Cleanup done

Events (14 events):
Event: 0.955 Thread 0x000001cf4c948670 Thread added: 0x000001cf4c948670
Event: 0.974 Thread 0x000001cf6c8086a0 Thread added: 0x000001cf6c8086a0
Event: 0.974 Thread 0x000001cf6c809bd0 Thread added: 0x000001cf6c809bd0
Event: 1.009 Thread 0x000001cf6c828030 Thread added: 0x000001cf6c828030
Event: 1.009 Thread 0x000001cf6c82b570 Thread added: 0x000001cf6c82b570
Event: 1.009 Thread 0x000001cf6c82bf30 Thread added: 0x000001cf6c82bf30
Event: 1.009 Thread 0x000001cf6c82d460 Thread added: 0x000001cf6c82d460
Event: 1.009 Thread 0x000001cf6c84e210 Thread added: 0x000001cf6c84e210
Event: 1.010 Thread 0x000001cf6c850750 Thread added: 0x000001cf6c850750
Event: 1.010 Thread 0x000001cf6c853be0 Thread added: 0x000001cf6c853be0
Event: 1.123 Thread 0x000001cf6c994060 Thread added: 0x000001cf6c994060
Event: 1.133 Thread 0x000001cf6c9a0800 Thread added: 0x000001cf6c9a0800
Event: 5.392 Thread 0x000001cf71619300 Thread added: 0x000001cf71619300
Event: 5.392 Thread 0x000001cf71619820 Thread added: 0x000001cf71619820


Dynamic libraries:
0x00007ff6ec4d0000 - 0x00007ff6ec4de000 	C:\Program Files\Microsoft\jdk-17.0.12.7-hotspot\bin\java.exe
0x00007ff8de5c0000 - 0x00007ff8de820000 	C:\WINDOWS\SYSTEM32\ntdll.dll
0x00007ff8dd2a0000 - 0x00007ff8dd367000 	C:\WINDOWS\System32\KERNEL32.DLL
0x00007ff8dbb40000 - 0x00007ff8dbf0a000 	C:\WINDOWS\System32\KERNELBASE.dll
0x00007ff8db7a0000 - 0x00007ff8db8eb000 	C:\WINDOWS\System32\ucrtbase.dll
0x00007ff8d7da0000 - 0x00007ff8d7db7000 	C:\Program Files\Microsoft\jdk-17.0.12.7-hotspot\bin\jli.dll
0x00007ff8ddd20000 - 0x00007ff8ddeec000 	C:\WINDOWS\System32\USER32.dll
0x00007ff8db990000 - 0x00007ff8db9b7000 	C:\WINDOWS\System32\win32u.dll
0x00007ff8dd110000 - 0x00007ff8dd13a000 	C:\WINDOWS\System32\GDI32.dll
0x00007ff8dbf10000 - 0x00007ff8dc041000 	C:\WINDOWS\System32\gdi32full.dll
0x00007ff8dc110000 - 0x00007ff8dc1b3000 	C:\WINDOWS\System32\msvcp_win.dll
0x00007ff8d4690000 - 0x00007ff8d46ad000 	C:\Program Files\Microsoft\jdk-17.0.12.7-hotspot\bin\VCRUNTIME140.dll
0x00007ff8c3b90000 - 0x00007ff8c3e27000 	C:\WINDOWS\WinSxS\amd64_microsoft.windows.common-controls_6595b64144ccf1df_6.0.26100.3624_none_3e086962e3345f24\COMCTL32.dll
0x00007ff8dd960000 - 0x00007ff8dda09000 	C:\WINDOWS\System32\msvcrt.dll
0x00007ff8ddc30000 - 0x00007ff8ddc5f000 	C:\WINDOWS\System32\IMM32.DLL
0x00007ff8d6990000 - 0x00007ff8d699c000 	C:\Program Files\Microsoft\jdk-17.0.12.7-hotspot\bin\vcruntime140_1.dll
0x00007ff89fe40000 - 0x00007ff89fecd000 	C:\Program Files\Microsoft\jdk-17.0.12.7-hotspot\bin\msvcp140.dll
0x00007ff8943b0000 - 0x00007ff895020000 	C:\Program Files\Microsoft\jdk-17.0.12.7-hotspot\bin\server\jvm.dll
0x00007ff8dcc60000 - 0x00007ff8dcd12000 	C:\WINDOWS\System32\ADVAPI32.dll
0x00007ff8dd3f0000 - 0x00007ff8dd496000 	C:\WINDOWS\System32\sechost.dll
0x00007ff8ddef0000 - 0x00007ff8de006000 	C:\WINDOWS\System32\RPCRT4.dll
0x00007ff8dd370000 - 0x00007ff8dd3e4000 	C:\WINDOWS\System32\WS2_32.dll
0x00007ff8db5f0000 - 0x00007ff8db64e000 	C:\WINDOWS\SYSTEM32\POWRPROF.dll
0x00007ff8d1bb0000 - 0x00007ff8d1be6000 	C:\WINDOWS\SYSTEM32\WINMM.dll
0x00007ff8d3630000 - 0x00007ff8d363b000 	C:\WINDOWS\SYSTEM32\VERSION.dll
0x00007ff8db5d0000 - 0x00007ff8db5e4000 	C:\WINDOWS\SYSTEM32\UMPDC.dll
0x00007ff8da5b0000 - 0x00007ff8da5ca000 	C:\WINDOWS\SYSTEM32\kernel.appcore.dll
0x00007ff8d4f80000 - 0x00007ff8d4f8a000 	C:\Program Files\Microsoft\jdk-17.0.12.7-hotspot\bin\jimage.dll
0x00007ff8d1840000 - 0x00007ff8d1a81000 	C:\WINDOWS\SYSTEM32\DBGHELP.DLL
0x00007ff8de010000 - 0x00007ff8de392000 	C:\WINDOWS\System32\combase.dll
0x00007ff8dd140000 - 0x00007ff8dd216000 	C:\WINDOWS\System32\OLEAUT32.dll
0x00007ff8bdb70000 - 0x00007ff8bdba9000 	C:\WINDOWS\SYSTEM32\dbgcore.DLL
0x00007ff8db8f0000 - 0x00007ff8db989000 	C:\WINDOWS\System32\bcryptPrimitives.dll
0x00007ff8b3980000 - 0x00007ff8b39a5000 	C:\Program Files\Microsoft\jdk-17.0.12.7-hotspot\bin\java.dll
0x00007ff898600000 - 0x00007ff8986d7000 	C:\Program Files\Microsoft\jdk-17.0.12.7-hotspot\bin\jsvml.dll
0x00007ff8dc530000 - 0x00007ff8dcc59000 	C:\WINDOWS\System32\SHELL32.dll
0x00007ff8dc1c0000 - 0x00007ff8dc328000 	C:\WINDOWS\System32\wintypes.dll
0x00007ff8d9410000 - 0x00007ff8d9c62000 	C:\WINDOWS\SYSTEM32\windows.storage.dll
0x00007ff8dcf60000 - 0x00007ff8dd04d000 	C:\WINDOWS\System32\SHCORE.dll
0x00007ff8dd230000 - 0x00007ff8dd294000 	C:\WINDOWS\System32\shlwapi.dll
0x00007ff8db6b0000 - 0x00007ff8db6df000 	C:\WINDOWS\SYSTEM32\profapi.dll
0x00007ff8b5420000 - 0x00007ff8b543a000 	C:\Program Files\Microsoft\jdk-17.0.12.7-hotspot\bin\net.dll
0x00007ff8d3f10000 - 0x00007ff8d402d000 	C:\WINDOWS\SYSTEM32\WINHTTP.dll
0x00007ff8daad0000 - 0x00007ff8dab3a000 	C:\WINDOWS\system32\mswsock.dll
0x00007ff8b3770000 - 0x00007ff8b3786000 	C:\Program Files\Microsoft\jdk-17.0.12.7-hotspot\bin\nio.dll
0x00007ff8b3750000 - 0x00007ff8b3768000 	C:\Program Files\Microsoft\jdk-17.0.12.7-hotspot\bin\zip.dll
0x00007ff8d4800000 - 0x00007ff8d4810000 	C:\Program Files\Microsoft\jdk-17.0.12.7-hotspot\bin\verify.dll

dbghelp: loaded successfully - version: 4.0.5 - missing functions: none
symbol engine: initialized successfully - sym options: 0x614 - pdb path: .;C:\Program Files\Microsoft\jdk-17.0.12.7-hotspot\bin;C:\WINDOWS\SYSTEM32;C:\WINDOWS\WinSxS\amd64_microsoft.windows.common-controls_6595b64144ccf1df_6.0.26100.3624_none_3e086962e3345f24;C:\Program Files\Microsoft\jdk-17.0.12.7-hotspot\bin\server

VM Arguments:
java_command: org.jetbrains.kotlin.cli.jvm.K2JVMCompiler @C:\NexgenLMS\NexGenMobile\node_modules\react-native-pager-view\android\build\20250505_4363426428419079021.compiler.options
java_class_path (initial): C:\Users\Abutalib\.gradle\caches\modules-2\files-2.1\org.jetbrains.kotlin\kotlin-compiler-embeddable\1.9.24\78dab849090e6c5e2eadb6e59a11cdc28fb67a08\kotlin-compiler-embeddable-1.9.24.jar;C:\Users\Abutalib\.gradle\caches\modules-2\files-2.1\org.jetbrains.kotlin\kotlin-stdlib\1.9.24\9928532f12c66ad816a625b3f9984f8368ca6d2b\kotlin-stdlib-1.9.24.jar;C:\Users\Abutalib\.gradle\caches\modules-2\files-2.1\org.jetbrains.kotlin\kotlin-script-runtime\1.9.24\96771497da90fbc5af1c90fce148db2595a62502\kotlin-script-runtime-1.9.24.jar;C:\Users\Abutalib\.gradle\caches\modules-2\files-2.1\org.jetbrains.kotlin\kotlin-reflect\1.6.10\1cbe9c92c12a94eea200d23c2bbaedaf3daf5132\kotlin-reflect-1.6.10.jar;C:\Users\Abutalib\.gradle\caches\modules-2\files-2.1\org.jetbrains.kotlin\kotlin-daemon-embeddable\1.9.24\86685b9c5e8d170925bd9ddbdc263374a6a73281\kotlin-daemon-embeddable-1.9.24.jar;C:\Users\Abutalib\.gradle\caches\modules-2\files-2.1\org.jetbrains.intellij.deps\trove4j\1.0.20200330\3afb14d5f9ceb459d724e907a21145e8ff394f02\trove4j-1.0.20200330.jar;C:\Users\Abutalib\.gradle\caches\modules-2\files-2.1\org.jetbrains\annotations\13.0\919f0dfe192fb4e063e7dacadee7f8bb9a2672a9\annotations-13.0.jar
Launcher Type: SUN_STANDARD

[Global flags]
     intx CICompilerCount                          = 4                                         {product} {ergonomic}
     uint ConcGCThreads                            = 2                                         {product} {ergonomic}
     uint G1ConcRefinementThreads                  = 8                                         {product} {ergonomic}
   size_t G1HeapRegionSize                         = 1048576                                   {product} {ergonomic}
    uintx GCDrainStackTargetSize                   = 64                                        {product} {ergonomic}
   size_t InitialHeapSize                          = 123731968                                 {product} {ergonomic}
   size_t MarkStackSize                            = 4194304                                   {product} {ergonomic}
   size_t MaxHeapSize                              = 1967128576                                {product} {ergonomic}
   size_t MaxNewSize                               = 1179648000                                {product} {ergonomic}
   size_t MinHeapDeltaBytes                        = 1048576                                   {product} {ergonomic}
   size_t MinHeapSize                              = 8388608                                   {product} {ergonomic}
    uintx NonNMethodCodeHeapSize                   = 5839372                                {pd product} {ergonomic}
    uintx NonProfiledCodeHeapSize                  = 122909434                              {pd product} {ergonomic}
    uintx ProfiledCodeHeapSize                     = 122909434                              {pd product} {ergonomic}
    uintx ReservedCodeCacheSize                    = 251658240                              {pd product} {ergonomic}
     bool SegmentedCodeCache                       = true                                      {product} {ergonomic}
   size_t SoftMaxHeapSize                          = 1967128576                             {manageable} {ergonomic}
     bool UseCompressedClassPointers               = true                           {product lp64_product} {ergonomic}
     bool UseCompressedOops                        = true                           {product lp64_product} {ergonomic}
     bool UseG1GC                                  = true                                      {product} {ergonomic}
     bool UseLargePagesIndividualAllocation        = false                                  {pd product} {ergonomic}

Logging:
Log output configuration:
 #0: stdout all=warning uptime,level,tags
 #1: stderr all=off uptime,level,tags

Environment Variables:
JAVA_HOME=C:\Program Files\Microsoft\jdk-17.0.12.7-hotspot
CLASSPATH=C:\NexgenLMS\NexGenMobile\android\\gradle\wrapper\gradle-wrapper.jar
PATH=C:\NexgenLMS\NexGenMobile\node_modules\.bin;C:\NexgenLMS\node_modules\.bin;C:\node_modules\.bin;C:\Users\Abutalib\AppData\Roaming\npm\node_modules\npm\node_modules\@npmcli\run-script\lib\node-gyp-bin;C:\Program Files\Microsoft\jdk-17.0.12.7-hotspot\bin;C:\Users\Abutalib\AppData\Local\Programs\Python\Python311\Scripts\;C:\Users\Abutalib\AppData\Local\Programs\Python\Python311\;C:\Ruby32-x64\bin;C:\Program Files\Common Files\Oracle\Java\javapath;C:\Users\Abutalib\AppData\Local\Programs\Python\Python311;c:\users\abutalib\appdata\local\programs\python\python311\lib\site-packages\pip\__init__.py;C:\WINDOWS\system32;C:\WINDOWS;C:\WINDOWS\System32\OpenSSH\;C:\WINDOWS\System32\Wbem;C:\WINDOWS\System32\WindowsPowerShell\v1.0\;C:\Program Files (x86)\Yarn\bin\;C:\Program Files\Git\cmd;C:\ProgramData\chocolatey\bin;C:\php;C:\ProgramData\ComposerSetup\bin;C:\Program Files\Amazon\AWSCLIV2\;%NVM_HOME%;%NVM_SYMLINK%;C:\Program Files\nodejs\;;C:\Users\Abutalib\AppData\Local\Microsoft\WindowsApps;C:\Users\Abutalib\AppData\Local\Android\Sdk\emulator;C:\Users\Abutalib\AppData\Local\Android\Sdk\platform-tools;C:\Users\Abutalib\AppData\Local\Android\Sdk\cmdline-tools\13.0\bin;C:\java programs\Microsoft VS Code\bin;C:\Users\Abutalib\PyCharm Community Edition 2022.3\bin;;C:\MinGW\bin;C:\MinGW\bin\gcc.exe;C:\Users\Abutalib\AppData\Local\Yarn\bin;C:\Program Files\Microsoft\jdk-17.0.12.7-hotspot\bin;C:\Users\Abutalib\AppData\Local\Microsoft\WinGet\Packages\Schniz.fnm_Microsoft.Winget.Source_8wekyb3d8bbwe;C:\Users\Abutalib\AppData\Local\Android\Sdk\system-images\android-34-ext12\google_apis_playstore\x86_64;C:\Users\Abutalib\AppData\Local\nvm;C:\nvm4w\nodejs;C:\Users\Abutalib\AppData\Roaming\npm
USERNAME=Abutalib
OS=Windows_NT
PROCESSOR_IDENTIFIER=AMD64 Family 23 Model 104 Stepping 1, AuthenticAMD
TMP=C:\Users\Abutalib\AppData\Local\Temp
TEMP=C:\Users\Abutalib\AppData\Local\Temp



Periodic native trim disabled


---------------  S Y S T E M  ---------------

OS:
 Windows 11 , 64 bit Build 26100 (10.0.26100.3775)
OS uptime: 0 days 19:20 hours
Hyper-V role detected

CPU: total 8 (initial active 8) (8 cores per cpu, 2 threads per core) family 23 model 104 stepping 1 microcode 0x8608107, cx8, cmov, fxsr, ht, mmx, 3dnowpref, sse, sse2, sse3, ssse3, sse4a, sse4.1, sse4.2, popcnt, lzcnt, tsc, tscinvbit, avx, avx2, aes, clmul, bmi1, bmi2, adx, sha, fma, vzeroupper, clflush, clflushopt, hv
Processor Information for the first 8 processors :
  Max Mhz: 2600, Current Mhz: 2600, Mhz Limit: 2600

Memory: 4k page, system-wide physical 7502M (676M free)
TotalPageFile size 30030M (AvailPageFile size 251M)
current process WorkingSet (physical memory assigned to process): 124M, peak: 124M
current process commit charge ("private bytes"): 242M, peak: 242M

vm_info: OpenJDK 64-Bit Server VM (17.0.12+7-LTS) for windows-amd64 JRE (17.0.12+7-LTS), built on Jul 16 2024 18:11:44 by "MicrosoftCorporation" with unknown MS VC++:1939

END.
