#
# There is insufficient memory for the Java Runtime Environment to continue.
# Native memory allocation (malloc) failed to allocate 1256128 bytes. Error detail: Chunk::new
# Possible reasons:
#   The system is out of physical RAM or swap space
#   This process is running with CompressedOops enabled, and the Java Heap may be blocking the growth of the native heap
# Possible solutions:
#   Reduce memory load on the system
#   Increase physical memory or swap space
#   Check if swap backing store is full
#   Decrease Java heap size (-Xmx/-Xms)
#   Decrease number of Java threads
#   Decrease Java thread stack sizes (-Xss)
#   Set larger code cache with -XX:ReservedCodeCacheSize=
#   JVM is running with Zero Based Compressed Oops mode in which the Java heap is
#     placed in the first 32GB address space. The Java Heap base address is the
#     maximum limit for the native heap growth. Please use -XX:HeapBaseMinAddress
#     to set the Java Heap base and to place the Java Heap above 32GB virtual address.
# This output file may be truncated or incomplete.
#
#  Out of Memory Error (arena.cpp:191), pid=28356, tid=20532
#
# JRE version: OpenJDK Runtime Environment Microsoft-9889599 (17.0.12+7) (build 17.0.12+7-LTS)
# Java VM: OpenJDK 64-Bit Server VM Microsoft-9889599 (17.0.12+7-LTS, mixed mode, sharing, tiered, compressed oops, compressed class ptrs, g1 gc, windows-amd64)
# No core dump will be written. Minidumps are not enabled by default on client versions of Windows
#

---------------  S U M M A R Y ------------

Command Line: -XX:MaxMetaspaceSize=512m --add-opens=java.base/java.util=ALL-UNNAMED --add-opens=java.base/java.lang=ALL-UNNAMED --add-opens=java.base/java.lang.invoke=ALL-UNNAMED --add-opens=java.prefs/java.util.prefs=ALL-UNNAMED --add-exports=jdk.compiler/com.sun.tools.javac.api=ALL-UNNAMED --add-exports=jdk.compiler/com.sun.tools.javac.util=ALL-UNNAMED --add-opens=java.base/java.nio.charset=ALL-UNNAMED --add-opens=java.base/java.net=ALL-UNNAMED --add-opens=java.base/java.util.concurrent.atomic=ALL-UNNAMED -Xmx4096m -Dfile.encoding=windows-1252 -Duser.country=IN -Duser.language=en -Duser.variant -javaagent:C:\Users\Abutalib\.gradle\wrapper\dists\gradle-8.10.2-all\7iv73wktx1xtkvlq19urqw1wm\gradle-8.10.2\lib\agents\gradle-instrumentation-agent-8.10.2.jar org.gradle.launcher.daemon.bootstrap.GradleDaemon 8.10.2

Host: AMD Ryzen 3 5300U with Radeon Graphics         , 8 cores, 7G,  Windows 11 , 64 bit Build 26100 (10.0.26100.3775)
Time: Mon Apr 21 11:31:28 2025 India Standard Time elapsed time: 201.889272 seconds (0d 0h 3m 21s)

---------------  T H R E A D  ---------------

Current thread (0x000001d90f1cb160):  JavaThread "C2 CompilerThread0" daemon [_thread_in_native, id=20532, stack(0x000000108e100000,0x000000108e200000)]


Current CompileTask:
C2: 201889 16657       4       org.gradle.api.internal.artifacts.ivyservice.resolveengine.result.DesugaredAttributeContainerSerializer::read (155 bytes)

Stack: [0x000000108e100000,0x000000108e200000]
Native frames: (J=compiled Java code, j=interpreted, Vv=VM code, C=native code)
V  [jvm.dll+0x686d99]
V  [jvm.dll+0x83daf8]
V  [jvm.dll+0x83f5a3]
V  [jvm.dll+0x83fc13]
V  [jvm.dll+0x2492ef]
V  [jvm.dll+0xad0a4]
V  [jvm.dll+0xad73c]
V  [jvm.dll+0x36a44e]
V  [jvm.dll+0x334b83]
V  [jvm.dll+0x33401a]
V  [jvm.dll+0x21a538]
V  [jvm.dll+0x21996f]
V  [jvm.dll+0x1a53e6]
V  [jvm.dll+0x229faa]
V  [jvm.dll+0x2280fb]
V  [jvm.dll+0x7f3508]
V  [jvm.dll+0x7ed87c]
V  [jvm.dll+0x685c77]
C  [ucrtbase.dll+0x37b0]
C  [KERNEL32.DLL+0x2e8d7]
C  [ntdll.dll+0xb14fc]


---------------  P R O C E S S  ---------------

Threads class SMR info:
_java_thread_list=0x000001d93456c310, length=142, elements={
0x000001d96bffce40, 0x000001d90f1875c0, 0x000001d90f188c00, 0x000001d90f1c5f70,
0x000001d90f1c8850, 0x000001d90f1c9c90, 0x000001d90f1ca560, 0x000001d90f1cb160,
0x000001d90f1d5000, 0x000001d90f1e1930, 0x000001d90f2a03d0, 0x000001d90f346820,
0x000001d92f75fcb0, 0x000001d92ffc8290, 0x000001d92ffdf5c0, 0x000001d92fdabea0,
0x000001d92f2f9370, 0x000001d90f893e60, 0x000001d90f892510, 0x000001d90f894370,
0x000001d90f8910d0, 0x000001d90f891af0, 0x000001d90f894880, 0x000001d90f8915e0,
0x000001d90f893440, 0x000001d90f892a20, 0x000001d90f892f30, 0x000001d90f893950,
0x000001d90f892000, 0x000001d90f2a9620, 0x000001d90f2ac8c0, 0x000001d90f2ab990,
0x000001d90f2abea0, 0x000001d90f2a9110, 0x000001d90f2aa040, 0x000001d90f2aaf70,
0x000001d90f2aec30, 0x000001d90f2ab480, 0x000001d90f2af140, 0x000001d90f2afb60,
0x000001d90f2b0070, 0x000001d90f2b0580, 0x000001d92fb583c0, 0x000001d92fb56560,
0x000001d92fb57eb0, 0x000001d92fb592f0, 0x000001d92fb58de0, 0x000001d92fb56050,
0x000001d92fb59800, 0x000001d92fb56a70, 0x000001d92fb56f80, 0x000001d92fb57490,
0x000001d93039c5a0, 0x000001d93039d4d0, 0x000001d93039e400, 0x000001d93039b160,
0x000001d93039bb80, 0x000001d93039cfc0, 0x000001d93039cab0, 0x000001d93039e910,
0x000001d93039ee20, 0x000001d93039d9e0, 0x000001d93039def0, 0x000001d93039b670,
0x000001d93039f330, 0x000001d9303a1bb0, 0x000001d9303a0770, 0x000001d9303a16a0,
0x000001d9303a1190, 0x000001d9303a2ae0, 0x000001d9303a20c0, 0x000001d931e5a5c0,
0x000001d931e5aad0, 0x000001d931e58c70, 0x000001d931e59690, 0x000001d931e5bf10,
0x000001d931e58760, 0x000001d931e59ba0, 0x000001d931e5c930, 0x000001d931e5d860,
0x000001d931e5ce40, 0x000001d931e5a0b0, 0x000001d931e5d350, 0x000001d931e5dd70,
0x000001d931e5e280, 0x000001d931e5e790, 0x000001d931e5eca0, 0x000001d931e600e0,
0x000001d931e5f1b0, 0x000001d931e5f6c0, 0x000001d931e5fbd0, 0x000001d931c9a860,
0x000001d931c9d5f0, 0x000001d931c9d0e0, 0x000001d931c9c6c0, 0x000001d931c9cbd0,
0x000001d931c9a350, 0x000001d931c9ad70, 0x000001d931c9b280, 0x000001d931c99e40,
0x000001d931c9db00, 0x000001d931c9b790, 0x000001d931c9e010, 0x000001d931c9ea30,
0x000001d931c9bca0, 0x000001d931c9e520, 0x000001d931c9ef40, 0x000001d931c9f450,
0x000001d931c9c1b0, 0x000001d931ca17c0, 0x000001d931c9f960, 0x000001d931c9fe70,
0x000001d931ca0380, 0x000001d931ca0890, 0x000001d931ca0da0, 0x000001d931ca12b0,
0x000001d930ef5e20, 0x000001d930ef6330, 0x000001d930ef49e0, 0x000001d930ef6840,
0x000001d930ef44d0, 0x000001d930ef35a0, 0x000001d930ef3090, 0x000001d930ef6d50,
0x000001d930ef7260, 0x000001d930ef5910, 0x000001d930ef3ab0, 0x000001d930ef7770,
0x000001d930ef5400, 0x000001d930ef4ef0, 0x000001d930ef3fc0, 0x000001d930ef7c80,
0x000001d930ef9ff0, 0x000001d930ef95d0, 0x000001d930ef8190, 0x000001d930efa500,
0x000001d930ef90c0, 0x000001d930bb5470, 0x000001d930bb5980, 0x000001d930bb8c20,
0x000001d930bbaa80, 0x000001d930bbaf90
}

Java Threads: ( => current thread )
  0x000001d96bffce40 JavaThread "main" [_thread_blocked, id=28128, stack(0x000000108d400000,0x000000108d500000)]
  0x000001d90f1875c0 JavaThread "Reference Handler" daemon [_thread_blocked, id=22592, stack(0x000000108db00000,0x000000108dc00000)]
  0x000001d90f188c00 JavaThread "Finalizer" daemon [_thread_blocked, id=6756, stack(0x000000108dc00000,0x000000108dd00000)]
  0x000001d90f1c5f70 JavaThread "Signal Dispatcher" daemon [_thread_blocked, id=14856, stack(0x000000108dd00000,0x000000108de00000)]
  0x000001d90f1c8850 JavaThread "Attach Listener" daemon [_thread_blocked, id=20144, stack(0x000000108de00000,0x000000108df00000)]
  0x000001d90f1c9c90 JavaThread "Service Thread" daemon [_thread_blocked, id=5380, stack(0x000000108df00000,0x000000108e000000)]
  0x000001d90f1ca560 JavaThread "Monitor Deflation Thread" daemon [_thread_blocked, id=8180, stack(0x000000108e000000,0x000000108e100000)]
=>0x000001d90f1cb160 JavaThread "C2 CompilerThread0" daemon [_thread_in_native, id=20532, stack(0x000000108e100000,0x000000108e200000)]
  0x000001d90f1d5000 JavaThread "C1 CompilerThread0" daemon [_thread_in_native, id=17360, stack(0x000000108e200000,0x000000108e300000)]
  0x000001d90f1e1930 JavaThread "Sweeper thread" daemon [_thread_blocked, id=28696, stack(0x000000108e300000,0x000000108e400000)]
  0x000001d90f2a03d0 JavaThread "Common-Cleaner" daemon [_thread_blocked, id=26212, stack(0x000000108e400000,0x000000108e500000)]
  0x000001d90f346820 JavaThread "Notification Thread" daemon [_thread_blocked, id=14792, stack(0x000000108e500000,0x000000108e600000)]
  0x000001d92f75fcb0 JavaThread "Daemon health stats" [_thread_blocked, id=7640, stack(0x000000108ec00000,0x000000108ed00000)]
  0x000001d92ffc8290 JavaThread "Incoming local TCP Connector on port 59609" [_thread_in_native, id=9860, stack(0x000000108eb00000,0x000000108ec00000)]
  0x000001d92ffdf5c0 JavaThread "Daemon periodic checks" [_thread_blocked, id=11368, stack(0x000000108ed00000,0x000000108ee00000)]
  0x000001d92fdabea0 JavaThread "Daemon" [_thread_blocked, id=17196, stack(0x000000108ee00000,0x000000108ef00000)]
  0x000001d92f2f9370 JavaThread "Handler for socket connection from /127.0.0.1:59609 to /127.0.0.1:59614" [_thread_in_native, id=21764, stack(0x000000108ef00000,0x000000108f000000)]
  0x000001d90f893e60 JavaThread "Cancel handler" [_thread_blocked, id=28304, stack(0x000000108f000000,0x000000108f100000)]
  0x000001d90f892510 JavaThread "Daemon worker" [_thread_in_vm, id=24052, stack(0x000000108f100000,0x000000108f200000)]
  0x000001d90f894370 JavaThread "Asynchronous log dispatcher for DefaultDaemonConnection: socket connection from /127.0.0.1:59609 to /127.0.0.1:59614" [_thread_blocked, id=25512, stack(0x000000108f200000,0x000000108f300000)]
  0x000001d90f8910d0 JavaThread "Stdin handler" [_thread_blocked, id=8272, stack(0x000000108f300000,0x000000108f400000)]
  0x000001d90f891af0 JavaThread "Daemon client event forwarder" [_thread_blocked, id=29328, stack(0x000000108f400000,0x000000108f500000)]
  0x000001d90f894880 JavaThread "Cache worker for journal cache (C:\Users\Abutalib\.gradle\caches\journal-1)" [_thread_blocked, id=3256, stack(0x000000108f500000,0x000000108f600000)]
  0x000001d90f8915e0 JavaThread "File lock request listener" [_thread_in_native, id=18588, stack(0x000000108f600000,0x000000108f700000)]
  0x000001d90f893440 JavaThread "File lock release action executor" [_thread_blocked, id=22496, stack(0x000000108f700000,0x000000108f800000)]
  0x000001d90f892a20 JavaThread "Cache worker for file hash cache (C:\Users\Abutalib\.gradle\caches\8.10.2\fileHashes)" [_thread_blocked, id=1520, stack(0x000000108f800000,0x000000108f900000)]
  0x000001d90f892f30 JavaThread "Cache worker for file hash cache (C:\NexgenLMS\NexGenMobile\android\.gradle\8.10.2\fileHashes)" [_thread_blocked, id=27348, stack(0x000000108fd00000,0x000000108fe00000)]
  0x000001d90f893950 JavaThread "Cache worker for Build Output Cleanup Cache (C:\NexgenLMS\NexGenMobile\android\.gradle\buildOutputCleanup)" [_thread_blocked, id=22968, stack(0x000000108fe00000,0x000000108ff00000)]
  0x000001d90f892000 JavaThread "File watcher server" daemon [_thread_in_native, id=26380, stack(0x0000001090000000,0x0000001090100000)]
  0x000001d90f2a9620 JavaThread "File watcher consumer" daemon [_thread_blocked, id=8576, stack(0x000000108fc00000,0x000000108fd00000)]
  0x000001d90f2ac8c0 JavaThread "Cache worker for checksums cache (C:\NexgenLMS\NexGenMobile\android\.gradle\8.10.2\checksums)" [_thread_blocked, id=6612, stack(0x0000001090100000,0x0000001090200000)]
  0x000001d90f2ab990 JavaThread "Cache worker for file content cache (C:\Users\Abutalib\.gradle\caches\8.10.2\fileContent)" [_thread_blocked, id=11480, stack(0x0000001090200000,0x0000001090300000)]
  0x000001d90f2abea0 JavaThread "Cache worker for cache directory md-rule (C:\Users\Abutalib\.gradle\caches\8.10.2\md-rule)" [_thread_blocked, id=29352, stack(0x0000001090300000,0x0000001090400000)]
  0x000001d90f2a9110 JavaThread "Cache worker for cache directory md-supplier (C:\Users\Abutalib\.gradle\caches\8.10.2\md-supplier)" [_thread_blocked, id=11208, stack(0x0000001090400000,0x0000001090500000)]
  0x000001d90f2aa040 JavaThread "jar transforms" [_thread_blocked, id=27748, stack(0x0000001090500000,0x0000001090600000)]
  0x000001d90f2aaf70 JavaThread "Cache worker for Build Output Cleanup Cache (C:\NexgenLMS\NexGenMobile\node_modules\@react-native\gradle-plugin\.gradle\buildOutputCleanup)" [_thread_blocked, id=6536, stack(0x0000001090700000,0x0000001090800000)]
  0x000001d90f2aec30 JavaThread "Unconstrained build operations" [_thread_blocked, id=21052, stack(0x0000001090800000,0x0000001090900000)]
  0x000001d90f2ab480 JavaThread "Unconstrained build operations Thread 2" [_thread_blocked, id=23848, stack(0x0000001090900000,0x0000001090a00000)]
  0x000001d90f2af140 JavaThread "Unconstrained build operations Thread 3" [_thread_blocked, id=1628, stack(0x0000001090a00000,0x0000001090b00000)]
  0x000001d90f2afb60 JavaThread "Unconstrained build operations Thread 4" [_thread_blocked, id=25176, stack(0x0000001090b00000,0x0000001090c00000)]
  0x000001d90f2b0070 JavaThread "Unconstrained build operations Thread 5" [_thread_blocked, id=13388, stack(0x0000001090c00000,0x0000001090d00000)]
  0x000001d90f2b0580 JavaThread "Unconstrained build operations Thread 6" [_thread_blocked, id=13336, stack(0x0000001090d00000,0x0000001090e00000)]
  0x000001d92fb583c0 JavaThread "Unconstrained build operations Thread 7" [_thread_blocked, id=21940, stack(0x0000001090e00000,0x0000001090f00000)]
  0x000001d92fb56560 JavaThread "Unconstrained build operations Thread 8" [_thread_blocked, id=4392, stack(0x0000001090f00000,0x0000001091000000)]
  0x000001d92fb57eb0 JavaThread "Unconstrained build operations Thread 9" [_thread_blocked, id=11528, stack(0x0000001091000000,0x0000001091100000)]
  0x000001d92fb592f0 JavaThread "Unconstrained build operations Thread 10" [_thread_blocked, id=28272, stack(0x0000001091100000,0x0000001091200000)]
  0x000001d92fb58de0 JavaThread "Unconstrained build operations Thread 11" [_thread_blocked, id=14316, stack(0x0000001091200000,0x0000001091300000)]
  0x000001d92fb56050 JavaThread "Unconstrained build operations Thread 12" [_thread_blocked, id=26240, stack(0x0000001091300000,0x0000001091400000)]
  0x000001d92fb59800 JavaThread "Unconstrained build operations Thread 13" [_thread_blocked, id=18868, stack(0x0000001091400000,0x0000001091500000)]
  0x000001d92fb56a70 JavaThread "Unconstrained build operations Thread 14" [_thread_blocked, id=17872, stack(0x0000001091600000,0x0000001091700000)]
  0x000001d92fb56f80 JavaThread "Unconstrained build operations Thread 15" [_thread_blocked, id=10876, stack(0x0000001091500000,0x0000001091600000)]
  0x000001d92fb57490 JavaThread "Unconstrained build operations Thread 16" [_thread_blocked, id=12468, stack(0x0000001091700000,0x0000001091800000)]
  0x000001d93039c5a0 JavaThread "Unconstrained build operations Thread 17" [_thread_blocked, id=24748, stack(0x0000001091800000,0x0000001091900000)]
  0x000001d93039d4d0 JavaThread "Unconstrained build operations Thread 18" [_thread_blocked, id=19248, stack(0x0000001091900000,0x0000001091a00000)]
  0x000001d93039e400 JavaThread "Unconstrained build operations Thread 19" [_thread_blocked, id=9868, stack(0x0000001091a00000,0x0000001091b00000)]
  0x000001d93039b160 JavaThread "Unconstrained build operations Thread 20" [_thread_blocked, id=26860, stack(0x0000001091b00000,0x0000001091c00000)]
  0x000001d93039bb80 JavaThread "Unconstrained build operations Thread 21" [_thread_blocked, id=17652, stack(0x0000001091c00000,0x0000001091d00000)]
  0x000001d93039cfc0 JavaThread "Unconstrained build operations Thread 22" [_thread_blocked, id=1488, stack(0x0000001091d00000,0x0000001091e00000)]
  0x000001d93039cab0 JavaThread "Unconstrained build operations Thread 23" [_thread_blocked, id=28564, stack(0x0000001091e00000,0x0000001091f00000)]
  0x000001d93039e910 JavaThread "Unconstrained build operations Thread 24" [_thread_blocked, id=11184, stack(0x0000001091f00000,0x0000001092000000)]
  0x000001d93039ee20 JavaThread "Unconstrained build operations Thread 25" [_thread_blocked, id=21620, stack(0x0000001092000000,0x0000001092100000)]
  0x000001d93039d9e0 JavaThread "Unconstrained build operations Thread 26" [_thread_blocked, id=18724, stack(0x0000001092100000,0x0000001092200000)]
  0x000001d93039def0 JavaThread "Unconstrained build operations Thread 27" [_thread_blocked, id=21796, stack(0x0000001092200000,0x0000001092300000)]
  0x000001d93039b670 JavaThread "Memory manager" [_thread_blocked, id=19484, stack(0x0000001092400000,0x0000001092500000)]
  0x000001d93039f330 JavaThread "build event listener" [_thread_blocked, id=29324, stack(0x0000001092300000,0x0000001092400000)]
  0x000001d9303a1bb0 JavaThread "ForkJoinPool.commonPool-worker-1" daemon [_thread_blocked, id=25804, stack(0x000000108d100000,0x000000108d200000)]
  0x000001d9303a0770 JavaThread "ForkJoinPool.commonPool-worker-2" daemon [_thread_blocked, id=21008, stack(0x000000108d200000,0x000000108d300000)]
  0x000001d9303a16a0 JavaThread "ForkJoinPool.commonPool-worker-3" daemon [_thread_blocked, id=20664, stack(0x000000108d300000,0x000000108d400000)]
  0x000001d9303a1190 JavaThread "ForkJoinPool.commonPool-worker-4" daemon [_thread_blocked, id=18112, stack(0x0000001092700000,0x0000001092800000)]
  0x000001d9303a2ae0 JavaThread "ForkJoinPool.commonPool-worker-5" daemon [_thread_blocked, id=23448, stack(0x0000001092800000,0x0000001092900000)]
  0x000001d9303a20c0 JavaThread "ForkJoinPool.commonPool-worker-7" daemon [_thread_blocked, id=29272, stack(0x0000001092a00000,0x0000001092b00000)]
  0x000001d931e5a5c0 JavaThread "Execution worker" [_thread_blocked, id=29460, stack(0x0000001093000000,0x0000001093100000)]
  0x000001d931e5aad0 JavaThread "Execution worker Thread 2" [_thread_blocked, id=9612, stack(0x0000001093100000,0x0000001093200000)]
  0x000001d931e58c70 JavaThread "Execution worker Thread 3" [_thread_blocked, id=28476, stack(0x0000001093200000,0x0000001093300000)]
  0x000001d931e59690 JavaThread "Execution worker Thread 4" [_thread_blocked, id=12516, stack(0x0000001093300000,0x0000001093400000)]
  0x000001d931e5bf10 JavaThread "Execution worker Thread 5" [_thread_blocked, id=27040, stack(0x0000001093400000,0x0000001093500000)]
  0x000001d931e58760 JavaThread "Execution worker Thread 6" [_thread_blocked, id=4872, stack(0x0000001093500000,0x0000001093600000)]
  0x000001d931e59ba0 JavaThread "Execution worker Thread 7" [_thread_blocked, id=26384, stack(0x0000001093600000,0x0000001093700000)]
  0x000001d931e5c930 JavaThread "Cache worker for execution history cache (C:\NexgenLMS\NexGenMobile\node_modules\@react-native\gradle-plugin\.gradle\8.10.2\executionHistory)" [_thread_blocked, id=2024, stack(0x0000001093700000,0x0000001093800000)]
  0x000001d931e5d860 JavaThread "Unconstrained build operations Thread 28" [_thread_blocked, id=1896, stack(0x0000001093800000,0x0000001093900000)]
  0x000001d931e5ce40 JavaThread "Unconstrained build operations Thread 29" [_thread_blocked, id=23304, stack(0x0000001093900000,0x0000001093a00000)]
  0x000001d931e5a0b0 JavaThread "Unconstrained build operations Thread 30" [_thread_blocked, id=23300, stack(0x0000001093a00000,0x0000001093b00000)]
  0x000001d931e5d350 JavaThread "Unconstrained build operations Thread 31" [_thread_blocked, id=12668, stack(0x0000001093b00000,0x0000001093c00000)]
  0x000001d931e5dd70 JavaThread "Unconstrained build operations Thread 32" [_thread_blocked, id=15396, stack(0x0000001093c00000,0x0000001093d00000)]
  0x000001d931e5e280 JavaThread "Unconstrained build operations Thread 33" [_thread_blocked, id=24824, stack(0x0000001093d00000,0x0000001093e00000)]
  0x000001d931e5e790 JavaThread "Unconstrained build operations Thread 34" [_thread_blocked, id=10460, stack(0x0000001093e00000,0x0000001093f00000)]
  0x000001d931e5eca0 JavaThread "Unconstrained build operations Thread 35" [_thread_blocked, id=20596, stack(0x0000001093f00000,0x0000001094000000)]
  0x000001d931e600e0 JavaThread "Unconstrained build operations Thread 36" [_thread_blocked, id=21972, stack(0x0000001094000000,0x0000001094100000)]
  0x000001d931e5f1b0 JavaThread "Unconstrained build operations Thread 37" [_thread_blocked, id=5960, stack(0x0000001094100000,0x0000001094200000)]
  0x000001d931e5f6c0 JavaThread "Unconstrained build operations Thread 38" [_thread_blocked, id=10960, stack(0x0000001094200000,0x0000001094300000)]
  0x000001d931e5fbd0 JavaThread "Unconstrained build operations Thread 39" [_thread_blocked, id=19548, stack(0x0000001094300000,0x0000001094400000)]
  0x000001d931c9a860 JavaThread "Unconstrained build operations Thread 40" [_thread_blocked, id=16596, stack(0x0000001094400000,0x0000001094500000)]
  0x000001d931c9d5f0 JavaThread "Unconstrained build operations Thread 41" [_thread_blocked, id=27540, stack(0x0000001094500000,0x0000001094600000)]
  0x000001d931c9d0e0 JavaThread "Unconstrained build operations Thread 42" [_thread_blocked, id=364, stack(0x0000001094600000,0x0000001094700000)]
  0x000001d931c9c6c0 JavaThread "Unconstrained build operations Thread 43" [_thread_blocked, id=13536, stack(0x0000001094700000,0x0000001094800000)]
  0x000001d931c9cbd0 JavaThread "Unconstrained build operations Thread 44" [_thread_blocked, id=5784, stack(0x0000001094800000,0x0000001094900000)]
  0x000001d931c9a350 JavaThread "Unconstrained build operations Thread 45" [_thread_blocked, id=1484, stack(0x0000001094900000,0x0000001094a00000)]
  0x000001d931c9ad70 JavaThread "Unconstrained build operations Thread 46" [_thread_blocked, id=27272, stack(0x0000001094a00000,0x0000001094b00000)]
  0x000001d931c9b280 JavaThread "Unconstrained build operations Thread 47" [_thread_blocked, id=14584, stack(0x0000001094b00000,0x0000001094c00000)]
  0x000001d931c99e40 JavaThread "Unconstrained build operations Thread 48" [_thread_blocked, id=21956, stack(0x0000001094c00000,0x0000001094d00000)]
  0x000001d931c9db00 JavaThread "Unconstrained build operations Thread 49" [_thread_blocked, id=18260, stack(0x0000001094d00000,0x0000001094e00000)]
  0x000001d931c9b790 JavaThread "Unconstrained build operations Thread 50" [_thread_blocked, id=26768, stack(0x0000001094e00000,0x0000001094f00000)]
  0x000001d931c9e010 JavaThread "Unconstrained build operations Thread 51" [_thread_blocked, id=3444, stack(0x0000001094f00000,0x0000001095000000)]
  0x000001d931c9ea30 JavaThread "Unconstrained build operations Thread 52" [_thread_blocked, id=24304, stack(0x0000001095000000,0x0000001095100000)]
  0x000001d931c9bca0 JavaThread "Unconstrained build operations Thread 53" [_thread_blocked, id=8108, stack(0x0000001095100000,0x0000001095200000)]
  0x000001d931c9e520 JavaThread "Unconstrained build operations Thread 54" [_thread_blocked, id=14916, stack(0x0000001095200000,0x0000001095300000)]
  0x000001d931c9ef40 JavaThread "Unconstrained build operations Thread 55" [_thread_blocked, id=22892, stack(0x0000001095300000,0x0000001095400000)]
  0x000001d931c9f450 JavaThread "Unconstrained build operations Thread 56" [_thread_blocked, id=15096, stack(0x0000001095400000,0x0000001095500000)]
  0x000001d931c9c1b0 JavaThread "Unconstrained build operations Thread 57" [_thread_blocked, id=7932, stack(0x0000001095500000,0x0000001095600000)]
  0x000001d931ca17c0 JavaThread "Unconstrained build operations Thread 58" [_thread_blocked, id=22264, stack(0x0000001095600000,0x0000001095700000)]
  0x000001d931c9f960 JavaThread "Unconstrained build operations Thread 59" [_thread_blocked, id=4932, stack(0x0000001095700000,0x0000001095800000)]
  0x000001d931c9fe70 JavaThread "Unconstrained build operations Thread 60" [_thread_blocked, id=18752, stack(0x0000001095800000,0x0000001095900000)]
  0x000001d931ca0380 JavaThread "Unconstrained build operations Thread 61" [_thread_blocked, id=8036, stack(0x0000001095900000,0x0000001095a00000)]
  0x000001d931ca0890 JavaThread "Unconstrained build operations Thread 62" [_thread_blocked, id=17604, stack(0x0000001095a00000,0x0000001095b00000)]
  0x000001d931ca0da0 JavaThread "Unconstrained build operations Thread 63" [_thread_blocked, id=22720, stack(0x0000001095b00000,0x0000001095c00000)]
  0x000001d931ca12b0 JavaThread "Unconstrained build operations Thread 64" [_thread_blocked, id=23428, stack(0x0000001095c00000,0x0000001095d00000)]
  0x000001d930ef5e20 JavaThread "Unconstrained build operations Thread 65" [_thread_blocked, id=22940, stack(0x0000001095d00000,0x0000001095e00000)]
  0x000001d930ef6330 JavaThread "Unconstrained build operations Thread 66" [_thread_blocked, id=24788, stack(0x0000001095e00000,0x0000001095f00000)]
  0x000001d930ef49e0 JavaThread "Unconstrained build operations Thread 67" [_thread_blocked, id=6880, stack(0x0000001095f00000,0x0000001096000000)]
  0x000001d930ef6840 JavaThread "Unconstrained build operations Thread 68" [_thread_blocked, id=24908, stack(0x0000001096000000,0x0000001096100000)]
  0x000001d930ef44d0 JavaThread "Unconstrained build operations Thread 69" [_thread_blocked, id=26016, stack(0x0000001096100000,0x0000001096200000)]
  0x000001d930ef35a0 JavaThread "Unconstrained build operations Thread 70" [_thread_blocked, id=13908, stack(0x0000001096200000,0x0000001096300000)]
  0x000001d930ef3090 JavaThread "Unconstrained build operations Thread 71" [_thread_blocked, id=1712, stack(0x0000001096300000,0x0000001096400000)]
  0x000001d930ef6d50 JavaThread "Unconstrained build operations Thread 72" [_thread_blocked, id=25800, stack(0x0000001096400000,0x0000001096500000)]
  0x000001d930ef7260 JavaThread "jar transforms Thread 2" [_thread_blocked, id=15884, stack(0x0000001096500000,0x0000001096600000)]
  0x000001d930ef5910 JavaThread "jar transforms Thread 3" [_thread_blocked, id=4804, stack(0x0000001092e00000,0x0000001092f00000)]
  0x000001d930ef3ab0 JavaThread "Unconstrained build operations Thread 73" [_thread_blocked, id=26884, stack(0x0000001096600000,0x0000001096700000)]
  0x000001d930ef7770 JavaThread "Unconstrained build operations Thread 74" [_thread_blocked, id=29064, stack(0x0000001096700000,0x0000001096800000)]
  0x000001d930ef5400 JavaThread "Unconstrained build operations Thread 75" [_thread_blocked, id=27132, stack(0x0000001096800000,0x0000001096900000)]
  0x000001d930ef4ef0 JavaThread "Unconstrained build operations Thread 76" [_thread_blocked, id=28928, stack(0x0000001096900000,0x0000001096a00000)]
  0x000001d930ef3fc0 JavaThread "Unconstrained build operations Thread 77" [_thread_blocked, id=14144, stack(0x0000001096a00000,0x0000001096b00000)]
  0x000001d930ef7c80 JavaThread "Unconstrained build operations Thread 78" [_thread_blocked, id=28848, stack(0x0000001096b00000,0x0000001096c00000)]
  0x000001d930ef9ff0 JavaThread "Unconstrained build operations Thread 79" [_thread_blocked, id=27152, stack(0x0000001096c00000,0x0000001096d00000)]
  0x000001d930ef95d0 JavaThread "Unconstrained build operations Thread 80" [_thread_blocked, id=26348, stack(0x0000001096d00000,0x0000001096e00000)]
  0x000001d930ef8190 JavaThread "jar transforms Thread 4" [_thread_blocked, id=26048, stack(0x0000001096e00000,0x0000001096f00000)]
  0x000001d930efa500 JavaThread "jar transforms Thread 5" [_thread_blocked, id=21284, stack(0x0000001096f00000,0x0000001097000000)]
  0x000001d930ef90c0 JavaThread "jar transforms Thread 6" [_thread_blocked, id=3424, stack(0x0000001097000000,0x0000001097100000)]
  0x000001d930bb5470 JavaThread "build event listener" [_thread_blocked, id=25732, stack(0x0000001092500000,0x0000001092600000)]
  0x000001d930bb5980 JavaThread "jar transforms Thread 7" [_thread_blocked, id=22072, stack(0x0000001092b00000,0x0000001092c00000)]
  0x000001d930bb8c20 JavaThread "jar transforms Thread 8" [_thread_blocked, id=8320, stack(0x0000001092c00000,0x0000001092d00000)]
  0x000001d930bbaa80 JavaThread "File lock release action executor Thread 2" [_thread_blocked, id=19056, stack(0x0000001092900000,0x0000001092a00000)]
  0x000001d930bbaf90 JavaThread "ForkJoinPool.commonPool-worker-8" daemon [_thread_blocked, id=7232, stack(0x0000001092d00000,0x0000001092e00000)]

Other Threads:
  0x000001d90f182950 VMThread "VM Thread" [stack: 0x000000108da00000,0x000000108db00000] [id=8660]
  0x000001d96bffdbd0 WatcherThread [stack: 0x000000108e600000,0x000000108e700000] [id=13816]
  0x000001d96c06ae80 GCTaskThread "GC Thread#0" [stack: 0x000000108d500000,0x000000108d600000] [id=26404]
  0x000001d90f553520 GCTaskThread "GC Thread#1" [stack: 0x000000108e800000,0x000000108e900000] [id=16952]
  0x000001d90f5e8cc0 GCTaskThread "GC Thread#2" [stack: 0x000000108e900000,0x000000108ea00000] [id=13668]
  0x000001d92fc85a70 GCTaskThread "GC Thread#3" [stack: 0x000000108e700000,0x000000108e800000] [id=22732]
  0x000001d92f77ddb0 GCTaskThread "GC Thread#4" [stack: 0x000000108ea00000,0x000000108eb00000] [id=25636]
  0x000001d92fe25040 GCTaskThread "GC Thread#5" [stack: 0x000000108f900000,0x000000108fa00000] [id=12528]
  0x000001d93000c030 GCTaskThread "GC Thread#6" [stack: 0x000000108fa00000,0x000000108fb00000] [id=1236]
  0x000001d92f2fab20 GCTaskThread "GC Thread#7" [stack: 0x000000108fb00000,0x000000108fc00000] [id=6876]
  0x000001d96c07ccf0 ConcurrentGCThread "G1 Main Marker" [stack: 0x000000108d600000,0x000000108d700000] [id=21920]
  0x000001d96c07d620 ConcurrentGCThread "G1 Conc#0" [stack: 0x000000108d700000,0x000000108d800000] [id=2216]
  0x000001d90f7a3ec0 ConcurrentGCThread "G1 Conc#1" [stack: 0x000000108ff00000,0x0000001090000000] [id=20336]
  0x000001d96c0ae9a0 ConcurrentGCThread "G1 Refine#0" [stack: 0x000000108d800000,0x000000108d900000] [id=24836]
  0x000001d930bf7dc0 ConcurrentGCThread "G1 Refine#1" [stack: 0x0000001090600000,0x0000001090700000] [id=23032]
  0x000001d90f03e530 ConcurrentGCThread "G1 Service" [stack: 0x000000108d900000,0x000000108da00000] [id=26428]

Threads with active compile tasks:
C2 CompilerThread0   201943 16657       4       org.gradle.api.internal.artifacts.ivyservice.resolveengine.result.DesugaredAttributeContainerSerializer::read (155 bytes)

VM state: not at safepoint (normal execution)

VM Mutex/Monitor currently owned by a thread: None

Heap address: 0x0000000700000000, size: 4096 MB, Compressed Oops mode: Zero based, Oop shift amount: 3

CDS archive(s) mapped at: [0x000001d910000000-0x000001d910bb0000-0x000001d910bb0000), size 12255232, SharedBaseAddress: 0x000001d910000000, ArchiveRelocationMode: 1.
Compressed class space mapped at: 0x000001d911000000-0x000001d92b000000, reserved size: 436207616
Narrow klass base: 0x000001d910000000, Narrow klass shift: 0, Narrow klass range: 0x100000000

GC Precious Log:
 CPUs: 8 total, 8 available
 Memory: 7502M
 Large Page Support: Disabled
 NUMA Support: Disabled
 Compressed Oops: Enabled (Zero based)
 Heap Region Size: 2M
 Heap Min Capacity: 8M
 Heap Initial Capacity: 118M
 Heap Max Capacity: 4G
 Pre-touch: Disabled
 Parallel Workers: 8
 Concurrent Workers: 2
 Concurrent Refinement Workers: 8
 Periodic GC: Disabled

Heap:
 garbage-first heap   total 327680K, used 249733K [0x0000000700000000, 0x0000000800000000)
  region size 2048K, 37 young (75776K), 4 survivors (8192K)
 Metaspace       used 109700K, committed 111104K, reserved 557056K
  class space    used 15181K, committed 15808K, reserved 425984K

Heap Regions: E=young(eden), S=young(survivor), O=old, HS=humongous(starts), HC=humongous(continues), CS=collection set, F=free, OA=open archive, CA=closed archive, TAMS=top-at-mark-start (previous, next)
|   0|0x0000000700000000, 0x0000000700200000, 0x0000000700200000|100%|HS|  |TAMS 0x0000000700200000, 0x0000000700000000| Complete 
|   1|0x0000000700200000, 0x0000000700400000, 0x0000000700400000|100%|HC|  |TAMS 0x0000000700400000, 0x0000000700200000| Complete 
|   2|0x0000000700400000, 0x0000000700600000, 0x0000000700600000|100%| O|  |TAMS 0x0000000700600000, 0x0000000700400000| Untracked 
|   3|0x0000000700600000, 0x0000000700800000, 0x0000000700800000|100%| O|  |TAMS 0x0000000700800000, 0x0000000700600000| Untracked 
|   4|0x0000000700800000, 0x0000000700a00000, 0x0000000700a00000|100%| O|  |TAMS 0x0000000700a00000, 0x0000000700800000| Untracked 
|   5|0x0000000700a00000, 0x0000000700c00000, 0x0000000700c00000|100%| O|  |TAMS 0x0000000700c00000, 0x0000000700a00000| Untracked 
|   6|0x0000000700c00000, 0x0000000700e00000, 0x0000000700e00000|100%| O|  |TAMS 0x0000000700e00000, 0x0000000700c00000| Untracked 
|   7|0x0000000700e00000, 0x0000000700fee000, 0x0000000701000000| 96%| O|  |TAMS 0x0000000700fee000, 0x0000000700e00000| Untracked 
|   8|0x0000000701000000, 0x0000000701200000, 0x0000000701200000|100%| O|  |TAMS 0x0000000701200000, 0x0000000701000000| Untracked 
|   9|0x0000000701200000, 0x0000000701400000, 0x0000000701400000|100%| O|  |TAMS 0x0000000701400000, 0x0000000701200000| Untracked 
|  10|0x0000000701400000, 0x0000000701600000, 0x0000000701600000|100%| O|  |TAMS 0x0000000701600000, 0x0000000701400000| Untracked 
|  11|0x0000000701600000, 0x0000000701800000, 0x0000000701800000|100%| O|  |TAMS 0x0000000701800000, 0x0000000701600000| Untracked 
|  12|0x0000000701800000, 0x0000000701a00000, 0x0000000701a00000|100%| O|  |TAMS 0x0000000701a00000, 0x0000000701800000| Untracked 
|  13|0x0000000701a00000, 0x0000000701c00000, 0x0000000701c00000|100%| O|  |TAMS 0x0000000701c00000, 0x0000000701a00000| Untracked 
|  14|0x0000000701c00000, 0x0000000701e00000, 0x0000000701e00000|100%| O|  |TAMS 0x0000000701e00000, 0x0000000701c00000| Untracked 
|  15|0x0000000701e00000, 0x0000000702000000, 0x0000000702000000|100%| O|  |TAMS 0x0000000702000000, 0x0000000701e00000| Untracked 
|  16|0x0000000702000000, 0x0000000702200000, 0x0000000702200000|100%| O|  |TAMS 0x0000000702200000, 0x0000000702000000| Untracked 
|  17|0x0000000702200000, 0x0000000702400000, 0x0000000702400000|100%|HS|  |TAMS 0x0000000702400000, 0x0000000702200000| Complete 
|  18|0x0000000702400000, 0x0000000702600000, 0x0000000702600000|100%|HS|  |TAMS 0x0000000702600000, 0x0000000702400000| Complete 
|  19|0x0000000702600000, 0x0000000702800000, 0x0000000702800000|100%| O|  |TAMS 0x0000000702800000, 0x0000000702600000| Untracked 
|  20|0x0000000702800000, 0x0000000702a00000, 0x0000000702a00000|100%|HS|  |TAMS 0x0000000702a00000, 0x0000000702800000| Complete 
|  21|0x0000000702a00000, 0x0000000702c00000, 0x0000000702c00000|100%|HC|  |TAMS 0x0000000702c00000, 0x0000000702a00000| Complete 
|  22|0x0000000702c00000, 0x0000000702e00000, 0x0000000702e00000|100%|HS|  |TAMS 0x0000000702e00000, 0x0000000702c00000| Complete 
|  23|0x0000000702e00000, 0x0000000703000000, 0x0000000703000000|100%|HC|  |TAMS 0x0000000703000000, 0x0000000702e00000| Complete 
|  24|0x0000000703000000, 0x0000000703200000, 0x0000000703200000|100%| O|  |TAMS 0x0000000703200000, 0x0000000703000000| Untracked 
|  25|0x0000000703200000, 0x0000000703400000, 0x0000000703400000|100%| O|  |TAMS 0x0000000703400000, 0x0000000703200000| Untracked 
|  26|0x0000000703400000, 0x0000000703600000, 0x0000000703600000|100%| O|  |TAMS 0x0000000703600000, 0x0000000703400000| Untracked 
|  27|0x0000000703600000, 0x0000000703800000, 0x0000000703800000|100%| O|  |TAMS 0x0000000703800000, 0x0000000703600000| Untracked 
|  28|0x0000000703800000, 0x0000000703a00000, 0x0000000703a00000|100%| O|  |TAMS 0x0000000703a00000, 0x0000000703800000| Untracked 
|  29|0x0000000703a00000, 0x0000000703c00000, 0x0000000703c00000|100%| O|  |TAMS 0x0000000703c00000, 0x0000000703a00000| Untracked 
|  30|0x0000000703c00000, 0x0000000703e00000, 0x0000000703e00000|100%| O|  |TAMS 0x0000000703e00000, 0x0000000703c00000| Untracked 
|  31|0x0000000703e00000, 0x0000000704000000, 0x0000000704000000|100%|HS|  |TAMS 0x0000000703e00000, 0x0000000703e00000| Complete 
|  32|0x0000000704000000, 0x0000000704200000, 0x0000000704200000|100%| O|  |TAMS 0x0000000704200000, 0x0000000704000000| Untracked 
|  33|0x0000000704200000, 0x0000000704400000, 0x0000000704400000|100%| O|  |TAMS 0x0000000704400000, 0x0000000704200000| Untracked 
|  34|0x0000000704400000, 0x0000000704600000, 0x0000000704600000|100%|HS|  |TAMS 0x0000000704400000, 0x0000000704400000| Complete 
|  35|0x0000000704600000, 0x0000000704800000, 0x0000000704800000|100%| O|  |TAMS 0x0000000704800000, 0x0000000704600000| Untracked 
|  36|0x0000000704800000, 0x0000000704a00000, 0x0000000704a00000|100%| O|  |TAMS 0x0000000704a00000, 0x0000000704800000| Untracked 
|  37|0x0000000704a00000, 0x0000000704c00000, 0x0000000704c00000|100%| O|  |TAMS 0x0000000704c00000, 0x0000000704a00000| Untracked 
|  38|0x0000000704c00000, 0x0000000704e00000, 0x0000000704e00000|100%| O|  |TAMS 0x0000000704e00000, 0x0000000704c00000| Untracked 
|  39|0x0000000704e00000, 0x0000000705000000, 0x0000000705000000|100%| O|  |TAMS 0x0000000705000000, 0x0000000704e00000| Untracked 
|  40|0x0000000705000000, 0x0000000705200000, 0x0000000705200000|100%| O|  |TAMS 0x0000000705200000, 0x0000000705000000| Untracked 
|  41|0x0000000705200000, 0x0000000705400000, 0x0000000705400000|100%| O|  |TAMS 0x0000000705400000, 0x0000000705200000| Untracked 
|  42|0x0000000705400000, 0x0000000705600000, 0x0000000705600000|100%| O|  |TAMS 0x0000000705600000, 0x0000000705400000| Untracked 
|  43|0x0000000705600000, 0x0000000705800000, 0x0000000705800000|100%| O|  |TAMS 0x0000000705800000, 0x0000000705600000| Untracked 
|  44|0x0000000705800000, 0x0000000705a00000, 0x0000000705a00000|100%| O|  |TAMS 0x0000000705a00000, 0x0000000705800000| Untracked 
|  45|0x0000000705a00000, 0x0000000705c00000, 0x0000000705c00000|100%| O|  |TAMS 0x0000000705ba0a00, 0x0000000705a00000| Untracked 
|  46|0x0000000705c00000, 0x0000000705e00000, 0x0000000705e00000|100%| O|  |TAMS 0x0000000705c00000, 0x0000000705c00000| Untracked 
|  47|0x0000000705e00000, 0x0000000706000000, 0x0000000706000000|100%| O|  |TAMS 0x0000000705e00000, 0x0000000705e00000| Untracked 
|  48|0x0000000706000000, 0x0000000706200000, 0x0000000706200000|100%| O|  |TAMS 0x0000000706000000, 0x0000000706000000| Untracked 
|  49|0x0000000706200000, 0x0000000706400000, 0x0000000706400000|100%| O|  |TAMS 0x0000000706200000, 0x0000000706200000| Untracked 
|  50|0x0000000706400000, 0x0000000706600000, 0x0000000706600000|100%| O|  |TAMS 0x0000000706400000, 0x0000000706400000| Untracked 
|  51|0x0000000706600000, 0x0000000706800000, 0x0000000706800000|100%| O|  |TAMS 0x0000000706600000, 0x0000000706600000| Untracked 
|  52|0x0000000706800000, 0x0000000706a00000, 0x0000000706a00000|100%| O|  |TAMS 0x0000000706800000, 0x0000000706800000| Untracked 
|  53|0x0000000706a00000, 0x0000000706c00000, 0x0000000706c00000|100%| O|  |TAMS 0x0000000706a00000, 0x0000000706a00000| Untracked 
|  54|0x0000000706c00000, 0x0000000706e00000, 0x0000000706e00000|100%| O|  |TAMS 0x0000000706c00000, 0x0000000706c00000| Untracked 
|  55|0x0000000706e00000, 0x0000000707000000, 0x0000000707000000|100%| O|  |TAMS 0x0000000706e00000, 0x0000000706e00000| Untracked 
|  56|0x0000000707000000, 0x0000000707200000, 0x0000000707200000|100%| O|  |TAMS 0x0000000707000000, 0x0000000707000000| Untracked 
|  57|0x0000000707200000, 0x0000000707400000, 0x0000000707400000|100%| O|  |TAMS 0x0000000707200000, 0x0000000707200000| Untracked 
|  58|0x0000000707400000, 0x0000000707600000, 0x0000000707600000|100%| O|  |TAMS 0x0000000707400000, 0x0000000707400000| Untracked 
|  59|0x0000000707600000, 0x0000000707800000, 0x0000000707800000|100%| O|  |TAMS 0x0000000707600000, 0x0000000707600000| Untracked 
|  60|0x0000000707800000, 0x0000000707a00000, 0x0000000707a00000|100%| O|  |TAMS 0x0000000707800000, 0x0000000707800000| Untracked 
|  61|0x0000000707a00000, 0x0000000707c00000, 0x0000000707c00000|100%| O|  |TAMS 0x0000000707a00000, 0x0000000707a00000| Untracked 
|  62|0x0000000707c00000, 0x0000000707e00000, 0x0000000707e00000|100%| O|  |TAMS 0x0000000707c00000, 0x0000000707c00000| Untracked 
|  63|0x0000000707e00000, 0x0000000708000000, 0x0000000708000000|100%| O|  |TAMS 0x0000000707e00000, 0x0000000707e00000| Untracked 
|  64|0x0000000708000000, 0x0000000708200000, 0x0000000708200000|100%| O|  |TAMS 0x0000000708000000, 0x0000000708000000| Untracked 
|  65|0x0000000708200000, 0x0000000708400000, 0x0000000708400000|100%| O|  |TAMS 0x0000000708200000, 0x0000000708200000| Untracked 
|  66|0x0000000708400000, 0x0000000708600000, 0x0000000708600000|100%| O|  |TAMS 0x0000000708400000, 0x0000000708400000| Untracked 
|  67|0x0000000708600000, 0x0000000708800000, 0x0000000708800000|100%| O|  |TAMS 0x0000000708600000, 0x0000000708600000| Untracked 
|  68|0x0000000708800000, 0x0000000708a00000, 0x0000000708a00000|100%| O|  |TAMS 0x0000000708800000, 0x0000000708800000| Untracked 
|  69|0x0000000708a00000, 0x0000000708c00000, 0x0000000708c00000|100%| O|  |TAMS 0x0000000708a00000, 0x0000000708a00000| Untracked 
|  70|0x0000000708c00000, 0x0000000708e00000, 0x0000000708e00000|100%| O|  |TAMS 0x0000000708c00000, 0x0000000708c00000| Untracked 
|  71|0x0000000708e00000, 0x0000000709000000, 0x0000000709000000|100%| O|  |TAMS 0x0000000708e00000, 0x0000000708e00000| Untracked 
|  72|0x0000000709000000, 0x0000000709200000, 0x0000000709200000|100%| O|  |TAMS 0x0000000709000000, 0x0000000709000000| Untracked 
|  73|0x0000000709200000, 0x0000000709400000, 0x0000000709400000|100%| O|  |TAMS 0x0000000709200000, 0x0000000709200000| Untracked 
|  74|0x0000000709400000, 0x0000000709600000, 0x0000000709600000|100%| O|  |TAMS 0x0000000709400000, 0x0000000709400000| Untracked 
|  75|0x0000000709600000, 0x0000000709800000, 0x0000000709800000|100%| O|  |TAMS 0x0000000709600000, 0x0000000709600000| Untracked 
|  76|0x0000000709800000, 0x0000000709a00000, 0x0000000709a00000|100%| O|  |TAMS 0x0000000709800000, 0x0000000709800000| Untracked 
|  77|0x0000000709a00000, 0x0000000709c00000, 0x0000000709c00000|100%| O|  |TAMS 0x0000000709a00000, 0x0000000709a00000| Untracked 
|  78|0x0000000709c00000, 0x0000000709e00000, 0x0000000709e00000|100%| O|  |TAMS 0x0000000709c00000, 0x0000000709c00000| Untracked 
|  79|0x0000000709e00000, 0x000000070a000000, 0x000000070a000000|100%| O|  |TAMS 0x0000000709e00000, 0x0000000709e00000| Untracked 
|  80|0x000000070a000000, 0x000000070a200000, 0x000000070a200000|100%| O|  |TAMS 0x000000070a000000, 0x000000070a000000| Untracked 
|  81|0x000000070a200000, 0x000000070a400000, 0x000000070a400000|100%| O|  |TAMS 0x000000070a200000, 0x000000070a200000| Untracked 
|  82|0x000000070a400000, 0x000000070a600000, 0x000000070a600000|100%| O|  |TAMS 0x000000070a400000, 0x000000070a400000| Untracked 
|  83|0x000000070a600000, 0x000000070a800000, 0x000000070a800000|100%| O|  |TAMS 0x000000070a600000, 0x000000070a600000| Untracked 
|  84|0x000000070a800000, 0x000000070a835c00, 0x000000070aa00000| 10%| O|  |TAMS 0x000000070a800000, 0x000000070a800000| Untracked 
|  85|0x000000070aa00000, 0x000000070aa00000, 0x000000070ac00000|  0%| F|  |TAMS 0x000000070aa00000, 0x000000070aa00000| Untracked 
|  86|0x000000070ac00000, 0x000000070ac00000, 0x000000070ae00000|  0%| F|  |TAMS 0x000000070ac00000, 0x000000070ac00000| Untracked 
|  87|0x000000070ae00000, 0x000000070ae00000, 0x000000070b000000|  0%| F|  |TAMS 0x000000070ae00000, 0x000000070ae00000| Untracked 
|  88|0x000000070b000000, 0x000000070b000000, 0x000000070b200000|  0%| F|  |TAMS 0x000000070b000000, 0x000000070b000000| Untracked 
|  89|0x000000070b200000, 0x000000070b200000, 0x000000070b400000|  0%| F|  |TAMS 0x000000070b200000, 0x000000070b200000| Untracked 
|  90|0x000000070b400000, 0x000000070b400000, 0x000000070b600000|  0%| F|  |TAMS 0x000000070b400000, 0x000000070b400000| Untracked 
|  91|0x000000070b600000, 0x000000070b600000, 0x000000070b800000|  0%| F|  |TAMS 0x000000070b600000, 0x000000070b600000| Untracked 
|  92|0x000000070b800000, 0x000000070b800000, 0x000000070ba00000|  0%| F|  |TAMS 0x000000070b800000, 0x000000070b800000| Untracked 
|  93|0x000000070ba00000, 0x000000070ba00000, 0x000000070bc00000|  0%| F|  |TAMS 0x000000070ba00000, 0x000000070ba00000| Untracked 
|  94|0x000000070bc00000, 0x000000070bc00000, 0x000000070be00000|  0%| F|  |TAMS 0x000000070bc00000, 0x000000070bc00000| Untracked 
|  95|0x000000070be00000, 0x000000070be00000, 0x000000070c000000|  0%| F|  |TAMS 0x000000070be00000, 0x000000070be00000| Untracked 
|  96|0x000000070c000000, 0x000000070c000000, 0x000000070c200000|  0%| F|  |TAMS 0x000000070c000000, 0x000000070c000000| Untracked 
|  97|0x000000070c200000, 0x000000070c200000, 0x000000070c400000|  0%| F|  |TAMS 0x000000070c200000, 0x000000070c200000| Untracked 
|  98|0x000000070c400000, 0x000000070c400000, 0x000000070c600000|  0%| F|  |TAMS 0x000000070c400000, 0x000000070c400000| Untracked 
|  99|0x000000070c600000, 0x000000070c600000, 0x000000070c800000|  0%| F|  |TAMS 0x000000070c600000, 0x000000070c600000| Untracked 
| 100|0x000000070c800000, 0x000000070c800000, 0x000000070ca00000|  0%| F|  |TAMS 0x000000070c800000, 0x000000070c800000| Untracked 
| 101|0x000000070ca00000, 0x000000070ca00000, 0x000000070cc00000|  0%| F|  |TAMS 0x000000070ca00000, 0x000000070ca00000| Untracked 
| 102|0x000000070cc00000, 0x000000070cc00000, 0x000000070ce00000|  0%| F|  |TAMS 0x000000070cc00000, 0x000000070cc00000| Untracked 
| 103|0x000000070ce00000, 0x000000070ce00000, 0x000000070d000000|  0%| F|  |TAMS 0x000000070ce00000, 0x000000070ce00000| Untracked 
| 104|0x000000070d000000, 0x000000070d000000, 0x000000070d200000|  0%| F|  |TAMS 0x000000070d000000, 0x000000070d000000| Untracked 
| 105|0x000000070d200000, 0x000000070d200000, 0x000000070d400000|  0%| F|  |TAMS 0x000000070d200000, 0x000000070d200000| Untracked 
| 106|0x000000070d400000, 0x000000070d400000, 0x000000070d600000|  0%| F|  |TAMS 0x000000070d400000, 0x000000070d400000| Untracked 
| 107|0x000000070d600000, 0x000000070d7bda98, 0x000000070d800000| 87%| S|CS|TAMS 0x000000070d600000, 0x000000070d600000| Complete 
| 108|0x000000070d800000, 0x000000070da00000, 0x000000070da00000|100%| S|CS|TAMS 0x000000070d800000, 0x000000070d800000| Complete 
| 109|0x000000070da00000, 0x000000070da00000, 0x000000070dc00000|  0%| F|  |TAMS 0x000000070da00000, 0x000000070da00000| Untracked 
| 110|0x000000070dc00000, 0x000000070dc00000, 0x000000070de00000|  0%| F|  |TAMS 0x000000070dc00000, 0x000000070dc00000| Untracked 
| 111|0x000000070de00000, 0x000000070de00000, 0x000000070e000000|  0%| F|  |TAMS 0x000000070de00000, 0x000000070de00000| Untracked 
| 112|0x000000070e000000, 0x000000070e200000, 0x000000070e200000|100%| S|CS|TAMS 0x000000070e000000, 0x000000070e000000| Complete 
| 113|0x000000070e200000, 0x000000070e400000, 0x000000070e400000|100%| S|CS|TAMS 0x000000070e200000, 0x000000070e200000| Complete 
| 114|0x000000070e400000, 0x000000070e400000, 0x000000070e600000|  0%| F|  |TAMS 0x000000070e400000, 0x000000070e400000| Untracked 
| 115|0x000000070e600000, 0x000000070e600000, 0x000000070e800000|  0%| F|  |TAMS 0x000000070e600000, 0x000000070e600000| Untracked 
| 116|0x000000070e800000, 0x000000070e800000, 0x000000070ea00000|  0%| F|  |TAMS 0x000000070e800000, 0x000000070e800000| Untracked 
| 117|0x000000070ea00000, 0x000000070ea00000, 0x000000070ec00000|  0%| F|  |TAMS 0x000000070ea00000, 0x000000070ea00000| Untracked 
| 118|0x000000070ec00000, 0x000000070ec00000, 0x000000070ee00000|  0%| F|  |TAMS 0x000000070ec00000, 0x000000070ec00000| Untracked 
| 119|0x000000070ee00000, 0x000000070ee00000, 0x000000070f000000|  0%| F|  |TAMS 0x000000070ee00000, 0x000000070ee00000| Untracked 
| 120|0x000000070f000000, 0x000000070f000000, 0x000000070f200000|  0%| F|  |TAMS 0x000000070f000000, 0x000000070f000000| Untracked 
| 121|0x000000070f200000, 0x000000070f200000, 0x000000070f400000|  0%| F|  |TAMS 0x000000070f200000, 0x000000070f200000| Untracked 
| 122|0x000000070f400000, 0x000000070f400000, 0x000000070f600000|  0%| F|  |TAMS 0x000000070f400000, 0x000000070f400000| Untracked 
| 123|0x000000070f600000, 0x000000070f600000, 0x000000070f800000|  0%| F|  |TAMS 0x000000070f600000, 0x000000070f600000| Untracked 
| 124|0x000000070f800000, 0x000000070f800000, 0x000000070fa00000|  0%| F|  |TAMS 0x000000070f800000, 0x000000070f800000| Untracked 
| 125|0x000000070fa00000, 0x000000070facb478, 0x000000070fc00000| 39%| E|  |TAMS 0x000000070fa00000, 0x000000070fa00000| Complete 
| 126|0x000000070fc00000, 0x000000070fe00000, 0x000000070fe00000|100%| E|CS|TAMS 0x000000070fc00000, 0x000000070fc00000| Complete 
| 127|0x000000070fe00000, 0x0000000710000000, 0x0000000710000000|100%| E|CS|TAMS 0x000000070fe00000, 0x000000070fe00000| Complete 
| 128|0x0000000710000000, 0x0000000710200000, 0x0000000710200000|100%| E|CS|TAMS 0x0000000710000000, 0x0000000710000000| Complete 
| 129|0x0000000710200000, 0x0000000710400000, 0x0000000710400000|100%| E|CS|TAMS 0x0000000710200000, 0x0000000710200000| Complete 
| 130|0x0000000710400000, 0x0000000710600000, 0x0000000710600000|100%| E|CS|TAMS 0x0000000710400000, 0x0000000710400000| Complete 
| 131|0x0000000710600000, 0x0000000710800000, 0x0000000710800000|100%| E|CS|TAMS 0x0000000710600000, 0x0000000710600000| Complete 
| 132|0x0000000710800000, 0x0000000710a00000, 0x0000000710a00000|100%| E|CS|TAMS 0x0000000710800000, 0x0000000710800000| Complete 
| 133|0x0000000710a00000, 0x0000000710c00000, 0x0000000710c00000|100%| E|CS|TAMS 0x0000000710a00000, 0x0000000710a00000| Complete 
| 134|0x0000000710c00000, 0x0000000710e00000, 0x0000000710e00000|100%| E|CS|TAMS 0x0000000710c00000, 0x0000000710c00000| Complete 
| 135|0x0000000710e00000, 0x0000000711000000, 0x0000000711000000|100%| E|CS|TAMS 0x0000000710e00000, 0x0000000710e00000| Complete 
| 136|0x0000000711000000, 0x0000000711200000, 0x0000000711200000|100%| E|CS|TAMS 0x0000000711000000, 0x0000000711000000| Complete 
| 137|0x0000000711200000, 0x0000000711400000, 0x0000000711400000|100%| E|CS|TAMS 0x0000000711200000, 0x0000000711200000| Complete 
| 138|0x0000000711400000, 0x0000000711600000, 0x0000000711600000|100%| E|CS|TAMS 0x0000000711400000, 0x0000000711400000| Complete 
| 139|0x0000000711600000, 0x0000000711800000, 0x0000000711800000|100%| E|CS|TAMS 0x0000000711600000, 0x0000000711600000| Complete 
| 140|0x0000000711800000, 0x0000000711a00000, 0x0000000711a00000|100%| E|CS|TAMS 0x0000000711800000, 0x0000000711800000| Complete 
| 141|0x0000000711a00000, 0x0000000711c00000, 0x0000000711c00000|100%| E|CS|TAMS 0x0000000711a00000, 0x0000000711a00000| Complete 
| 142|0x0000000711c00000, 0x0000000711e00000, 0x0000000711e00000|100%| E|CS|TAMS 0x0000000711c00000, 0x0000000711c00000| Complete 
| 143|0x0000000711e00000, 0x0000000712000000, 0x0000000712000000|100%| E|CS|TAMS 0x0000000711e00000, 0x0000000711e00000| Complete 
| 144|0x0000000712000000, 0x0000000712200000, 0x0000000712200000|100%| E|CS|TAMS 0x0000000712000000, 0x0000000712000000| Complete 
| 145|0x0000000712200000, 0x0000000712400000, 0x0000000712400000|100%| E|CS|TAMS 0x0000000712200000, 0x0000000712200000| Complete 
| 146|0x0000000712400000, 0x0000000712600000, 0x0000000712600000|100%| E|CS|TAMS 0x0000000712400000, 0x0000000712400000| Complete 
| 147|0x0000000712600000, 0x0000000712800000, 0x0000000712800000|100%| E|CS|TAMS 0x0000000712600000, 0x0000000712600000| Complete 
| 148|0x0000000712800000, 0x0000000712a00000, 0x0000000712a00000|100%| E|CS|TAMS 0x0000000712800000, 0x0000000712800000| Complete 
| 149|0x0000000712a00000, 0x0000000712c00000, 0x0000000712c00000|100%| E|CS|TAMS 0x0000000712a00000, 0x0000000712a00000| Complete 
| 150|0x0000000712c00000, 0x0000000712e00000, 0x0000000712e00000|100%| E|CS|TAMS 0x0000000712c00000, 0x0000000712c00000| Complete 
| 151|0x0000000712e00000, 0x0000000713000000, 0x0000000713000000|100%| E|CS|TAMS 0x0000000712e00000, 0x0000000712e00000| Complete 
| 152|0x0000000713000000, 0x0000000713200000, 0x0000000713200000|100%| E|CS|TAMS 0x0000000713000000, 0x0000000713000000| Complete 
| 153|0x0000000713200000, 0x0000000713400000, 0x0000000713400000|100%| E|CS|TAMS 0x0000000713200000, 0x0000000713200000| Complete 
| 154|0x0000000713400000, 0x0000000713600000, 0x0000000713600000|100%| E|CS|TAMS 0x0000000713400000, 0x0000000713400000| Complete 
| 155|0x0000000713600000, 0x0000000713800000, 0x0000000713800000|100%| E|CS|TAMS 0x0000000713600000, 0x0000000713600000| Complete 
| 156|0x0000000713800000, 0x0000000713a00000, 0x0000000713a00000|100%| E|CS|TAMS 0x0000000713800000, 0x0000000713800000| Complete 
| 157|0x0000000713a00000, 0x0000000713c00000, 0x0000000713c00000|100%| E|CS|TAMS 0x0000000713a00000, 0x0000000713a00000| Complete 
|2046|0x00000007ffc00000, 0x00000007ffe00000, 0x00000007ffe00000|100%| O|  |TAMS 0x00000007ffe00000, 0x00000007ffc00000| Untracked 
|2047|0x00000007ffe00000, 0x0000000800000000, 0x0000000800000000|100%| O|  |TAMS 0x0000000800000000, 0x00000007ffe00000| Untracked 

Card table byte_map: [0x000001d974650000,0x000001d974e50000] _byte_map_base: 0x000001d970e50000

Marking Bits (Prev, Next): (CMBitMap*) 0x000001d96c06b3f0, (CMBitMap*) 0x000001d96c06b3b0
 Prev Bits: [0x000001d979650000, 0x000001d97d650000)
 Next Bits: [0x000001d975650000, 0x000001d979650000)

Polling page: 0x000001d96b620000

Metaspace:

Usage:
  Non-class:     92.32 MB used.
      Class:     14.83 MB used.
       Both:    107.15 MB used.

Virtual space:
  Non-class space:      128.00 MB reserved,      93.06 MB ( 73%) committed,  2 nodes.
      Class space:      416.00 MB reserved,      15.44 MB (  4%) committed,  1 nodes.
             Both:      544.00 MB reserved,     108.50 MB ( 20%) committed. 

Chunk freelists:
   Non-Class:  2.53 MB
       Class:  528.00 KB
        Both:  3.05 MB

MaxMetaspaceSize: 512.00 MB
CompressedClassSpaceSize: 416.00 MB
Initial GC threshold: 21.00 MB
Current GC threshold: 135.94 MB
CDS: on
MetaspaceReclaimPolicy: balanced
 - commit_granule_bytes: 65536.
 - commit_granule_words: 8192.
 - virtual_space_node_default_size: 8388608.
 - enlarge_chunks_in_place: 1.
 - new_chunks_are_fully_committed: 0.
 - uncommit_free_chunks: 1.
 - use_allocation_guard: 0.
 - handle_deallocations: 1.


Internal statistics:

num_allocs_failed_limit: 6.
num_arena_births: 1798.
num_arena_deaths: 0.
num_vsnodes_births: 3.
num_vsnodes_deaths: 0.
num_space_committed: 1736.
num_space_uncommitted: 0.
num_chunks_returned_to_freelist: 6.
num_chunks_taken_from_freelist: 6811.
num_chunk_merges: 6.
num_chunk_splits: 4311.
num_chunks_enlarged: 2651.
num_inconsistent_stats: 0.

CodeHeap 'non-profiled nmethods': size=120000Kb used=9856Kb max_used=10332Kb free=110143Kb
 bounds [0x000001d907ad0000, 0x000001d9084f0000, 0x000001d90f000000]
CodeHeap 'profiled nmethods': size=120000Kb used=26823Kb max_used=29187Kb free=93176Kb
 bounds [0x000001d900000000, 0x000001d901c90000, 0x000001d907530000]
CodeHeap 'non-nmethods': size=5760Kb used=2438Kb max_used=2489Kb free=3321Kb
 bounds [0x000001d907530000, 0x000001d9077b0000, 0x000001d907ad0000]
 total_blobs=14689 nmethods=13710 adapters=891
 compilation: enabled
              stopped_count=0, restarted_count=0
 full_count=0

Compilation events (20 events):
Event: 200.498 Thread 0x000001d90f1d5000 16701       3       org.gradle.api.internal.artifacts.ivyservice.resolveengine.strict.StrictVersionConstraints::contains (11 bytes)
Event: 200.498 Thread 0x000001d90f1d5000 nmethod 16701 0x000001d9000c4710 code [0x000001d9000c48c0, 0x000001d9000c4aa8]
Event: 200.499 Thread 0x000001d90f1d5000 16702       3       org.gradle.util.Path::equals (54 bytes)
Event: 200.499 Thread 0x000001d90f1d5000 nmethod 16702 0x000001d90024f610 code [0x000001d90024f7e0, 0x000001d90024fc08]
Event: 200.500 Thread 0x000001d90f1d5000 16703       3       org.gradle.internal.component.model.AbstractComponentGraphResolveState::getId (10 bytes)
Event: 200.500 Thread 0x000001d90f1d5000 nmethod 16703 0x000001d9002d4890 code [0x000001d9002d4a40, 0x000001d9002d4c28]
Event: 200.543 Thread 0x000001d90f1d5000 16704   !   2       java.util.concurrent.ConcurrentHashMap::putVal (432 bytes)
Event: 200.544 Thread 0x000001d90f1d5000 nmethod 16704 0x000001d90086a110 code [0x000001d90086a3c0, 0x000001d90086b348]
Event: 200.688 Thread 0x000001d90f1cb160 nmethod 16660 0x000001d90829f790 code [0x000001d90829fb40, 0x000001d9082a3d30]
Event: 200.688 Thread 0x000001d90f1cb160 16657       4       org.gradle.api.internal.artifacts.ivyservice.resolveengine.result.DesugaredAttributeContainerSerializer::read (155 bytes)
Event: 200.846 Thread 0x000001d90f1d5000 16705       3       org.gradle.internal.instantiation.generator.AbstractClassGenerator::isNameProperty (44 bytes)
Event: 200.848 Thread 0x000001d90f1d5000 nmethod 16705 0x000001d9000e3090 code [0x000001d9000e3300, 0x000001d9000e3f78]
Event: 200.854 Thread 0x000001d90f1d5000 16706       3       org.gradle.model.internal.asm.MethodVisitorScope::_AALOAD (7 bytes)
Event: 200.855 Thread 0x000001d90f1d5000 nmethod 16706 0x000001d900059d10 code [0x000001d900059ec0, 0x000001d90005a148]
Event: 201.745 Thread 0x000001d90f1d5000 16707       3       org.gradle.launcher.daemon.context.DefaultDaemonContext$Serializer::read (229 bytes)
Event: 201.747 Thread 0x000001d90f1d5000 nmethod 16707 0x000001d900a7b490 code [0x000001d900a7b860, 0x000001d900a7d678]
Event: 201.747 Thread 0x000001d90f1d5000 16709       3       java.util.Formatter$FormatSpecifier::print (62 bytes)
Event: 201.748 Thread 0x000001d90f1d5000 nmethod 16709 0x000001d90025ec10 code [0x000001d90025ee80, 0x000001d90025f8b8]
Event: 201.748 Thread 0x000001d90f1d5000 16708       3       java.util.Formatter$FormatSpecifier::printString (107 bytes)
Event: 201.749 Thread 0x000001d90f1d5000 nmethod 16708 0x000001d90007a210 code [0x000001d90007a4e0, 0x000001d90007b498]

GC Heap History (20 events):
Event: 136.976 GC heap before
{Heap before GC invocations=60 (full 0):
 garbage-first heap   total 167936K, used 137042K [0x0000000700000000, 0x0000000800000000)
  region size 2048K, 19 young (38912K), 1 survivors (2048K)
 Metaspace       used 86995K, committed 87936K, reserved 557056K
  class space    used 12000K, committed 12480K, reserved 425984K
}
Event: 136.982 GC heap after
{Heap after GC invocations=61 (full 0):
 garbage-first heap   total 327680K, used 102103K [0x0000000700000000, 0x0000000800000000)
  region size 2048K, 2 young (4096K), 2 survivors (4096K)
 Metaspace       used 86995K, committed 87936K, reserved 557056K
  class space    used 12000K, committed 12480K, reserved 425984K
}
Event: 142.175 GC heap before
{Heap before GC invocations=61 (full 0):
 garbage-first heap   total 327680K, used 265943K [0x0000000700000000, 0x0000000800000000)
  region size 2048K, 82 young (167936K), 2 survivors (4096K)
 Metaspace       used 95393K, committed 96384K, reserved 557056K
  class space    used 13271K, committed 13760K, reserved 425984K
}
Event: 142.185 GC heap after
{Heap after GC invocations=62 (full 0):
 garbage-first heap   total 327680K, used 107619K [0x0000000700000000, 0x0000000800000000)
  region size 2048K, 4 young (8192K), 4 survivors (8192K)
 Metaspace       used 95393K, committed 96384K, reserved 557056K
  class space    used 13271K, committed 13760K, reserved 425984K
}
Event: 147.457 GC heap before
{Heap before GC invocations=62 (full 0):
 garbage-first heap   total 327680K, used 263267K [0x0000000700000000, 0x0000000800000000)
  region size 2048K, 81 young (165888K), 4 survivors (8192K)
 Metaspace       used 98071K, committed 99072K, reserved 557056K
  class space    used 13624K, committed 14144K, reserved 425984K
}
Event: 147.471 GC heap after
{Heap after GC invocations=63 (full 0):
 garbage-first heap   total 327680K, used 117238K [0x0000000700000000, 0x0000000800000000)
  region size 2048K, 9 young (18432K), 9 survivors (18432K)
 Metaspace       used 98071K, committed 99072K, reserved 557056K
  class space    used 13624K, committed 14144K, reserved 425984K
}
Event: 156.590 GC heap before
{Heap before GC invocations=63 (full 0):
 garbage-first heap   total 327680K, used 264694K [0x0000000700000000, 0x0000000800000000)
  region size 2048K, 81 young (165888K), 9 survivors (18432K)
 Metaspace       used 100323K, committed 101440K, reserved 557056K
  class space    used 13951K, committed 14464K, reserved 425984K
}
Event: 156.659 GC heap after
{Heap after GC invocations=64 (full 0):
 garbage-first heap   total 327680K, used 132589K [0x0000000700000000, 0x0000000800000000)
  region size 2048K, 11 young (22528K), 11 survivors (22528K)
 Metaspace       used 100323K, committed 101440K, reserved 557056K
  class space    used 13951K, committed 14464K, reserved 425984K
}
Event: 159.872 GC heap before
{Heap before GC invocations=64 (full 0):
 garbage-first heap   total 327680K, used 259565K [0x0000000700000000, 0x0000000800000000)
  region size 2048K, 74 young (151552K), 11 survivors (22528K)
 Metaspace       used 100459K, committed 101504K, reserved 557056K
  class space    used 13974K, committed 14464K, reserved 425984K
}
Event: 159.900 GC heap after
{Heap after GC invocations=65 (full 0):
 garbage-first heap   total 327680K, used 140283K [0x0000000700000000, 0x0000000800000000)
  region size 2048K, 6 young (12288K), 6 survivors (12288K)
 Metaspace       used 100459K, committed 101504K, reserved 557056K
  class space    used 13974K, committed 14464K, reserved 425984K
}
Event: 165.402 GC heap before
{Heap before GC invocations=65 (full 0):
 garbage-first heap   total 327680K, used 263163K [0x0000000700000000, 0x0000000800000000)
  region size 2048K, 66 young (135168K), 6 survivors (12288K)
 Metaspace       used 100763K, committed 101888K, reserved 557056K
  class space    used 14011K, committed 14528K, reserved 425984K
}
Event: 165.422 GC heap after
{Heap after GC invocations=66 (full 0):
 garbage-first heap   total 327680K, used 147844K [0x0000000700000000, 0x0000000800000000)
  region size 2048K, 5 young (10240K), 5 survivors (10240K)
 Metaspace       used 100763K, committed 101888K, reserved 557056K
  class space    used 14011K, committed 14528K, reserved 425984K
}
Event: 181.993 GC heap before
{Heap before GC invocations=66 (full 0):
 garbage-first heap   total 327680K, used 262532K [0x0000000700000000, 0x0000000800000000)
  region size 2048K, 62 young (126976K), 5 survivors (10240K)
 Metaspace       used 102815K, committed 104000K, reserved 557056K
  class space    used 14223K, committed 14784K, reserved 425984K
}
Event: 182.015 GC heap after
{Heap after GC invocations=67 (full 0):
 garbage-first heap   total 327680K, used 161532K [0x0000000700000000, 0x0000000800000000)
  region size 2048K, 8 young (16384K), 8 survivors (16384K)
 Metaspace       used 102815K, committed 104000K, reserved 557056K
  class space    used 14223K, committed 14784K, reserved 425984K
}
Event: 183.447 GC heap before
{Heap before GC invocations=67 (full 0):
 garbage-first heap   total 327680K, used 259836K [0x0000000700000000, 0x0000000800000000)
  region size 2048K, 57 young (116736K), 8 survivors (16384K)
 Metaspace       used 102911K, committed 104192K, reserved 557056K
  class space    used 14235K, committed 14848K, reserved 425984K
}
Event: 183.475 GC heap after
{Heap after GC invocations=68 (full 0):
 garbage-first heap   total 327680K, used 169032K [0x0000000700000000, 0x0000000800000000)
  region size 2048K, 5 young (10240K), 5 survivors (10240K)
 Metaspace       used 102911K, committed 104192K, reserved 557056K
  class space    used 14235K, committed 14848K, reserved 425984K
}
Event: 188.339 GC heap before
{Heap before GC invocations=68 (full 0):
 garbage-first heap   total 327680K, used 261192K [0x0000000700000000, 0x0000000800000000)
  region size 2048K, 51 young (104448K), 5 survivors (10240K)
 Metaspace       used 103638K, committed 105024K, reserved 557056K
  class space    used 14359K, committed 15040K, reserved 425984K
}
Event: 188.352 GC heap after
{Heap after GC invocations=69 (full 0):
 garbage-first heap   total 327680K, used 178104K [0x0000000700000000, 0x0000000800000000)
  region size 2048K, 7 young (14336K), 7 survivors (14336K)
 Metaspace       used 103638K, committed 105024K, reserved 557056K
  class space    used 14359K, committed 15040K, reserved 425984K
}
Event: 193.191 GC heap before
{Heap before GC invocations=69 (full 0):
 garbage-first heap   total 327680K, used 266168K [0x0000000700000000, 0x0000000800000000)
  region size 2048K, 51 young (104448K), 7 survivors (14336K)
 Metaspace       used 105769K, committed 107200K, reserved 557056K
  class space    used 14661K, committed 15360K, reserved 425984K
}
Event: 193.216 GC heap after
{Heap after GC invocations=70 (full 0):
 garbage-first heap   total 327680K, used 184197K [0x0000000700000000, 0x0000000800000000)
  region size 2048K, 4 young (8192K), 4 survivors (8192K)
 Metaspace       used 105769K, committed 107200K, reserved 557056K
  class space    used 14661K, committed 15360K, reserved 425984K
}

Dll operation events (15 events):
Event: 0.033 Loaded shared library C:\Program Files\Microsoft\jdk-17.0.12.7-hotspot\bin\java.dll
Event: 1.817 Loaded shared library C:\Program Files\Microsoft\jdk-17.0.12.7-hotspot\bin\jsvml.dll
Event: 2.022 Loaded shared library C:\Program Files\Microsoft\jdk-17.0.12.7-hotspot\bin\zip.dll
Event: 2.032 Loaded shared library C:\Program Files\Microsoft\jdk-17.0.12.7-hotspot\bin\instrument.dll
Event: 2.069 Loaded shared library C:\Program Files\Microsoft\jdk-17.0.12.7-hotspot\bin\net.dll
Event: 2.074 Loaded shared library C:\Program Files\Microsoft\jdk-17.0.12.7-hotspot\bin\nio.dll
Event: 2.080 Loaded shared library C:\Program Files\Microsoft\jdk-17.0.12.7-hotspot\bin\zip.dll
Event: 3.215 Loaded shared library C:\Program Files\Microsoft\jdk-17.0.12.7-hotspot\bin\jimage.dll
Event: 3.938 Loaded shared library C:\Program Files\Microsoft\jdk-17.0.12.7-hotspot\bin\verify.dll
Event: 4.421 Loaded shared library C:\Users\Abutalib\.gradle\native\c067742578af261105cb4f569cf0c3c89f3d7b1fecec35dd04571415982c5e48\windows-amd64\native-platform.dll
Event: 4.604 Loaded shared library C:\Users\Abutalib\.gradle\native\100fb08df4bc3b14c8652ba06237920a3bd2aa13389f12d3474272988ae205f9\windows-amd64\native-platform-file-events.dll
Event: 8.186 Loaded shared library C:\Program Files\Microsoft\jdk-17.0.12.7-hotspot\bin\management.dll
Event: 8.193 Loaded shared library C:\Program Files\Microsoft\jdk-17.0.12.7-hotspot\bin\management_ext.dll
Event: 9.027 Loaded shared library C:\Program Files\Microsoft\jdk-17.0.12.7-hotspot\bin\extnet.dll
Event: 11.761 Loaded shared library C:\Program Files\Microsoft\jdk-17.0.12.7-hotspot\bin\sunmscapi.dll

Deoptimization events (20 events):
Event: 200.436 Thread 0x000001d90f892510 Uncommon trap: trap_request=0xffffffc6 fr.pc=0x000001d907c0dcc8 relative=0x0000000000001888
Event: 200.436 Thread 0x000001d90f892510 Uncommon trap: reason=bimorphic_or_optimized_type_check action=maybe_recompile pc=0x000001d907c0dcc8 method=java.util.concurrent.ConcurrentHashMap.putVal(Ljava/lang/Object;Ljava/lang/Object;Z)Ljava/lang/Object; @ 242 c2
Event: 200.436 Thread 0x000001d90f892510 DEOPT PACKING pc=0x000001d907c0dcc8 sp=0x000000108f1f8d90
Event: 200.436 Thread 0x000001d90f892510 DEOPT UNPACKING pc=0x000001d9075869a3 sp=0x000000108f1f8d10 mode 2
Event: 200.439 Thread 0x000001d90f892510 Uncommon trap: trap_request=0xffffffc6 fr.pc=0x000001d907c0dcc8 relative=0x0000000000001888
Event: 200.439 Thread 0x000001d90f892510 Uncommon trap: reason=bimorphic_or_optimized_type_check action=maybe_recompile pc=0x000001d907c0dcc8 method=java.util.concurrent.ConcurrentHashMap.putVal(Ljava/lang/Object;Ljava/lang/Object;Z)Ljava/lang/Object; @ 242 c2
Event: 200.439 Thread 0x000001d90f892510 DEOPT PACKING pc=0x000001d907c0dcc8 sp=0x000000108f1f8d90
Event: 200.439 Thread 0x000001d90f892510 DEOPT UNPACKING pc=0x000001d9075869a3 sp=0x000000108f1f8d10 mode 2
Event: 200.440 Thread 0x000001d90f892510 Uncommon trap: trap_request=0xffffffc6 fr.pc=0x000001d907c0dcc8 relative=0x0000000000001888
Event: 200.440 Thread 0x000001d90f892510 Uncommon trap: reason=bimorphic_or_optimized_type_check action=maybe_recompile pc=0x000001d907c0dcc8 method=java.util.concurrent.ConcurrentHashMap.putVal(Ljava/lang/Object;Ljava/lang/Object;Z)Ljava/lang/Object; @ 242 c2
Event: 200.440 Thread 0x000001d90f892510 DEOPT PACKING pc=0x000001d907c0dcc8 sp=0x000000108f1f8d90
Event: 200.440 Thread 0x000001d90f892510 DEOPT UNPACKING pc=0x000001d9075869a3 sp=0x000000108f1f8d10 mode 2
Event: 200.472 Thread 0x000001d90f892510 Uncommon trap: trap_request=0xffffff45 fr.pc=0x000001d9084de9c0 relative=0x0000000000000c00
Event: 200.472 Thread 0x000001d90f892510 Uncommon trap: reason=unstable_if action=reinterpret pc=0x000001d9084de9c0 method=org.gradle.api.internal.artifacts.ivyservice.resolveengine.graph.builder.ComponentState.alreadyResolved()Z @ 11 c2
Event: 200.472 Thread 0x000001d90f892510 DEOPT PACKING pc=0x000001d9084de9c0 sp=0x000000108f1f9dd0
Event: 200.473 Thread 0x000001d90f892510 DEOPT UNPACKING pc=0x000001d9075869a3 sp=0x000000108f1f9d60 mode 2
Event: 200.845 Thread 0x000001d90f892510 Uncommon trap: trap_request=0xffffff45 fr.pc=0x000001d908125da8 relative=0x0000000000000208
Event: 200.846 Thread 0x000001d90f892510 Uncommon trap: reason=unstable_if action=reinterpret pc=0x000001d908125da8 method=org.gradle.internal.instantiation.generator.AbstractClassGenerator.isNameProperty(Lorg/gradle/internal/instantiation/generator/AbstractClassGenerator$PropertyMetadata;)Z @ 2
Event: 200.846 Thread 0x000001d90f892510 DEOPT PACKING pc=0x000001d908125da8 sp=0x000000108f1f80c0
Event: 200.846 Thread 0x000001d90f892510 DEOPT UNPACKING pc=0x000001d9075869a3 sp=0x000000108f1f8050 mode 2

Classes loaded (20 events):
Event: 195.488 Loading class org/xml/sax/ext/Locator2 done
Event: 195.488 Loading class com/sun/org/apache/xerces/internal/parsers/AbstractSAXParser$LocatorProxy done
Event: 195.498 Loading class org/xml/sax/helpers/AttributesImpl
Event: 195.499 Loading class org/xml/sax/helpers/AttributesImpl done
Event: 195.505 Loading class java/util/regex/Pattern$Behind
Event: 195.511 Loading class java/util/regex/Pattern$Behind done
Event: 195.511 Loading class java/util/regex/Pattern$Neg
Event: 195.514 Loading class java/util/regex/Pattern$Neg done
Event: 195.537 Loading class javax/xml/datatype/DatatypeConfigurationException
Event: 195.537 Loading class javax/xml/datatype/DatatypeConfigurationException done
Event: 195.546 Loading class jdk/internal/reflect/UnsafeBooleanFieldAccessorImpl
Event: 195.547 Loading class jdk/internal/reflect/UnsafeBooleanFieldAccessorImpl done
Event: 195.548 Loading class jdk/internal/reflect/UnsafeIntegerFieldAccessorImpl
Event: 195.548 Loading class jdk/internal/reflect/UnsafeIntegerFieldAccessorImpl done
Event: 198.633 Loading class java/io/CharArrayWriter
Event: 198.635 Loading class java/io/CharArrayWriter done
Event: 198.713 Loading class java/io/SequenceInputStream
Event: 198.713 Loading class java/io/SequenceInputStream done
Event: 198.780 Loading class java/util/function/IntUnaryOperator
Event: 198.782 Loading class java/util/function/IntUnaryOperator done

Classes unloaded (0 events):
No events

Classes redefined (0 events):
No events

Internal exceptions (20 events):
Event: 186.422 Thread 0x000001d90f892510 Exception <a 'java/lang/ClassNotFoundException'{0x00000007120fde08}: build_5wkckg0nshompsnyo32vvdqhxCustomizer> (0x00000007120fde08) 
thrown [s\src\hotspot\share\classfile\systemDictionary.cpp, line 256]
Event: 186.445 Thread 0x000001d90f892510 Exception <a 'java/lang/ClassNotFoundException'{0x000000071215d9b0}: build_5wkckg0nshompsnyo32vvdqhx$_run_closure1BeanInfo> (0x000000071215d9b0) 
thrown [s\src\hotspot\share\classfile\systemDictionary.cpp, line 256]
Event: 186.446 Thread 0x000001d90f892510 Exception <a 'java/lang/ClassNotFoundException'{0x00000007121666b8}: build_5wkckg0nshompsnyo32vvdqhx$_run_closure1Customizer> (0x00000007121666b8) 
thrown [s\src\hotspot\share\classfile\systemDictionary.cpp, line 256]
Event: 188.595 Thread 0x000001d90f892510 Exception <a 'java/lang/ClassNotFoundException'{0x0000000711c853d0}: build_5wkckg0nshompsnyo32vvdqhxBeanInfo> (0x0000000711c853d0) 
thrown [s\src\hotspot\share\classfile\systemDictionary.cpp, line 256]
Event: 188.596 Thread 0x000001d90f892510 Exception <a 'java/lang/ClassNotFoundException'{0x0000000711c8c510}: build_5wkckg0nshompsnyo32vvdqhxCustomizer> (0x0000000711c8c510) 
thrown [s\src\hotspot\share\classfile\systemDictionary.cpp, line 256]
Event: 188.759 Thread 0x000001d90f892510 Exception <a 'java/lang/ClassNotFoundException'{0x000000071177f150}: build_5wkckg0nshompsnyo32vvdqhx$_run_closure1BeanInfo> (0x000000071177f150) 
thrown [s\src\hotspot\share\classfile\systemDictionary.cpp, line 256]
Event: 188.760 Thread 0x000001d90f892510 Exception <a 'java/lang/ClassNotFoundException'{0x00000007117895c0}: build_5wkckg0nshompsnyo32vvdqhx$_run_closure1Customizer> (0x00000007117895c0) 
thrown [s\src\hotspot\share\classfile\systemDictionary.cpp, line 256]
Event: 188.781 Thread 0x000001d90f892510 Exception <a 'java/lang/ClassNotFoundException'{0x000000071145a0f8}: sun/nio/fs/WindowsPathBeanInfo> (0x000000071145a0f8) 
thrown [s\src\hotspot\share\classfile\systemDictionary.cpp, line 256]
Event: 188.786 Thread 0x000001d90f892510 Exception <a 'java/lang/ClassNotFoundException'{0x0000000711463b90}: sun/nio/fs/WindowsPathCustomizer> (0x0000000711463b90) 
thrown [s\src\hotspot\share\classfile\systemDictionary.cpp, line 256]
Event: 188.809 Thread 0x000001d90f892510 Exception <a 'java/lang/ClassNotFoundException'{0x00000007114d0378}: java/nio/file/PathsBeanInfo> (0x00000007114d0378) 
thrown [s\src\hotspot\share\classfile\systemDictionary.cpp, line 256]
Event: 188.810 Thread 0x000001d90f892510 Exception <a 'java/lang/ClassNotFoundException'{0x00000007114d9ad0}: java/nio/file/PathsCustomizer> (0x00000007114d9ad0) 
thrown [s\src\hotspot\share\classfile\systemDictionary.cpp, line 256]
Event: 191.963 Thread 0x000001d90f892510 Exception <a 'sun/nio/fs/WindowsException'{0x000000070eb6af90}> (0x000000070eb6af90) 
thrown [s\src\hotspot\share\prims\jni.cpp, line 516]
Event: 191.963 Thread 0x000001d90f892510 Exception <a 'sun/nio/fs/WindowsException'{0x000000070eb6c5e0}> (0x000000070eb6c5e0) 
thrown [s\src\hotspot\share\prims\jni.cpp, line 516]
Event: 191.964 Thread 0x000001d90f892510 Exception <a 'sun/nio/fs/WindowsException'{0x000000070eb6dc80}> (0x000000070eb6dc80) 
thrown [s\src\hotspot\share\prims\jni.cpp, line 516]
Event: 191.964 Thread 0x000001d90f892510 Exception <a 'sun/nio/fs/WindowsException'{0x000000070eb6f320}> (0x000000070eb6f320) 
thrown [s\src\hotspot\share\prims\jni.cpp, line 516]
Event: 193.670 Thread 0x000001d90f892510 Exception <a 'java/lang/NullPointerException'{0x0000000713734d18}> (0x0000000713734d18) 
thrown [s\src\hotspot\share\interpreter\linkResolver.cpp, line 1433]
Event: 194.448 Thread 0x000001d90f892510 Implicit null exception at 0x000001d907c771b1 to 0x000001d907c787ac
Event: 194.598 Thread 0x000001d90f892510 Implicit null exception at 0x000001d90807b8ab to 0x000001d90807c334
Event: 196.555 Thread 0x000001d90f892510 Implicit null exception at 0x000001d908339919 to 0x000001d90833a894
Event: 198.785 Thread 0x000001d90f892510 Exception <a 'java/lang/NoSuchMethodError'{0x0000000711388b68}: 'int java.lang.invoke.DirectMethodHandle$Holder.invokeSpecial(java.lang.Object, java.lang.Object, int)'> (0x0000000711388b68) 
thrown [s\src\hotspot\share\interpreter\linkResolver.cpp, line 759]

VM Operations (20 events):
Event: 194.312 Executing VM operation: Cleanup
Event: 194.313 Executing VM operation: Cleanup done
Event: 195.317 Executing VM operation: Cleanup
Event: 195.317 Executing VM operation: Cleanup done
Event: 196.325 Executing VM operation: Cleanup
Event: 196.453 Executing VM operation: Cleanup done
Event: 197.467 Executing VM operation: Cleanup
Event: 197.548 Executing VM operation: Cleanup done
Event: 198.563 Executing VM operation: Cleanup
Event: 198.564 Executing VM operation: Cleanup done
Event: 199.578 Executing VM operation: Cleanup
Event: 199.578 Executing VM operation: Cleanup done
Event: 199.979 Executing VM operation: HandshakeAllThreads
Event: 199.994 Executing VM operation: HandshakeAllThreads done
Event: 200.440 Executing VM operation: HandshakeAllThreads
Event: 200.448 Executing VM operation: HandshakeAllThreads done
Event: 200.688 Executing VM operation: HandshakeAllThreads
Event: 200.700 Executing VM operation: HandshakeAllThreads done
Event: 200.700 Executing VM operation: Cleanup
Event: 200.705 Executing VM operation: Cleanup done

Events (20 events):
Event: 200.740 Thread 0x000001d90f1e1930 flushing nmethod 0x000001d901954490
Event: 200.740 Thread 0x000001d90f1e1930 flushing nmethod 0x000001d901976a10
Event: 200.741 Thread 0x000001d90f1e1930 flushing nmethod 0x000001d901a1c990
Event: 200.741 Thread 0x000001d90f1e1930 flushing nmethod 0x000001d901a22b10
Event: 200.742 Thread 0x000001d90f1e1930 flushing nmethod 0x000001d901ab2f10
Event: 200.742 Thread 0x000001d90f1e1930 flushing nmethod 0x000001d901ac7890
Event: 200.742 Thread 0x000001d90f1e1930 flushing nmethod 0x000001d901ac8f10
Event: 200.742 Thread 0x000001d90f1e1930 flushing nmethod 0x000001d901acb010
Event: 200.742 Thread 0x000001d90f1e1930 flushing nmethod 0x000001d901ace010
Event: 200.742 Thread 0x000001d90f1e1930 flushing nmethod 0x000001d901aef190
Event: 200.742 Thread 0x000001d90f1e1930 flushing nmethod 0x000001d901b24890
Event: 200.742 Thread 0x000001d90f1e1930 flushing nmethod 0x000001d901b6df10
Event: 200.742 Thread 0x000001d90f1e1930 flushing nmethod 0x000001d901b72090
Event: 200.742 Thread 0x000001d90f1e1930 flushing nmethod 0x000001d901b8dd90
Event: 200.742 Thread 0x000001d90f1e1930 flushing nmethod 0x000001d901b8e110
Event: 200.743 Thread 0x000001d90f1e1930 flushing nmethod 0x000001d901bf2210
Event: 200.743 Thread 0x000001d90f1e1930 flushing nmethod 0x000001d901bf2b10
Event: 200.743 Thread 0x000001d90f1e1930 flushing nmethod 0x000001d901c15d90
Event: 200.743 Thread 0x000001d90f1e1930 flushing nmethod 0x000001d901c16410
Event: 200.743 Thread 0x000001d90f1e1930 flushing nmethod 0x000001d901c16910


Dynamic libraries:
0x00007ff744e50000 - 0x00007ff744e5e000 	C:\Program Files\Microsoft\jdk-17.0.12.7-hotspot\bin\java.exe
0x00007fff74ec0000 - 0x00007fff75120000 	C:\WINDOWS\SYSTEM32\ntdll.dll
0x00007fff73cf0000 - 0x00007fff73db7000 	C:\WINDOWS\System32\KERNEL32.DLL
0x00007fff720a0000 - 0x00007fff7246a000 	C:\WINDOWS\System32\KERNELBASE.dll
0x00007fff72680000 - 0x00007fff727cb000 	C:\WINDOWS\System32\ucrtbase.dll
0x00007fff66100000 - 0x00007fff66117000 	C:\Program Files\Microsoft\jdk-17.0.12.7-hotspot\bin\jli.dll
0x00007fff74ac0000 - 0x00007fff74c8c000 	C:\WINDOWS\System32\USER32.dll
0x00007fff725b0000 - 0x00007fff725d7000 	C:\WINDOWS\System32\win32u.dll
0x00007fff732f0000 - 0x00007fff7331a000 	C:\WINDOWS\System32\GDI32.dll
0x00007fff72470000 - 0x00007fff725a1000 	C:\WINDOWS\System32\gdi32full.dll
0x00007fff72b50000 - 0x00007fff72bf3000 	C:\WINDOWS\System32\msvcp_win.dll
0x00007fff66120000 - 0x00007fff6613d000 	C:\Program Files\Microsoft\jdk-17.0.12.7-hotspot\bin\VCRUNTIME140.dll
0x00007fff5b990000 - 0x00007fff5bc27000 	C:\WINDOWS\WinSxS\amd64_microsoft.windows.common-controls_6595b64144ccf1df_6.0.26100.3624_none_3e086962e3345f24\COMCTL32.dll
0x00007fff73240000 - 0x00007fff732e9000 	C:\WINDOWS\System32\msvcrt.dll
0x00007fff72dc0000 - 0x00007fff72def000 	C:\WINDOWS\System32\IMM32.DLL
0x00007fff660f0000 - 0x00007fff660fc000 	C:\Program Files\Microsoft\jdk-17.0.12.7-hotspot\bin\vcruntime140_1.dll
0x00007fff66060000 - 0x00007fff660ed000 	C:\Program Files\Microsoft\jdk-17.0.12.7-hotspot\bin\msvcp140.dll
0x00007ffefdfa0000 - 0x00007ffefec10000 	C:\Program Files\Microsoft\jdk-17.0.12.7-hotspot\bin\server\jvm.dll
0x00007fff730d0000 - 0x00007fff73182000 	C:\WINDOWS\System32\ADVAPI32.dll
0x00007fff73320000 - 0x00007fff733c6000 	C:\WINDOWS\System32\sechost.dll
0x00007fff73400000 - 0x00007fff73516000 	C:\WINDOWS\System32\RPCRT4.dll
0x00007fff72e00000 - 0x00007fff72e74000 	C:\WINDOWS\System32\WS2_32.dll
0x00007fff71ef0000 - 0x00007fff71f4e000 	C:\WINDOWS\SYSTEM32\POWRPROF.dll
0x00007fff6acc0000 - 0x00007fff6acf6000 	C:\WINDOWS\SYSTEM32\WINMM.dll
0x00007fff6ad00000 - 0x00007fff6ad0b000 	C:\WINDOWS\SYSTEM32\VERSION.dll
0x00007fff71ed0000 - 0x00007fff71ee4000 	C:\WINDOWS\SYSTEM32\UMPDC.dll
0x00007fff70eb0000 - 0x00007fff70eca000 	C:\WINDOWS\SYSTEM32\kernel.appcore.dll
0x00007fff66050000 - 0x00007fff6605a000 	C:\Program Files\Microsoft\jdk-17.0.12.7-hotspot\bin\jimage.dll
0x00007fff65020000 - 0x00007fff65261000 	C:\WINDOWS\SYSTEM32\DBGHELP.DLL
0x00007fff737d0000 - 0x00007fff73b52000 	C:\WINDOWS\System32\combase.dll
0x00007fff744f0000 - 0x00007fff745c6000 	C:\WINDOWS\System32\OLEAUT32.dll
0x00007fff54af0000 - 0x00007fff54b29000 	C:\WINDOWS\SYSTEM32\dbgcore.DLL
0x00007fff725e0000 - 0x00007fff72679000 	C:\WINDOWS\System32\bcryptPrimitives.dll
0x00007fff4c4a0000 - 0x00007fff4c4ae000 	C:\Program Files\Microsoft\jdk-17.0.12.7-hotspot\bin\instrument.dll
0x00007fff59190000 - 0x00007fff591b5000 	C:\Program Files\Microsoft\jdk-17.0.12.7-hotspot\bin\java.dll
0x00007fff1c450000 - 0x00007fff1c527000 	C:\Program Files\Microsoft\jdk-17.0.12.7-hotspot\bin\jsvml.dll
0x00007fff73dc0000 - 0x00007fff744e9000 	C:\WINDOWS\System32\SHELL32.dll
0x00007fff72860000 - 0x00007fff729c8000 	C:\WINDOWS\System32\wintypes.dll
0x00007fff6fd20000 - 0x00007fff70572000 	C:\WINDOWS\SYSTEM32\windows.storage.dll
0x00007fff72e80000 - 0x00007fff72f6d000 	C:\WINDOWS\System32\SHCORE.dll
0x00007fff72cc0000 - 0x00007fff72d24000 	C:\WINDOWS\System32\shlwapi.dll
0x00007fff71fb0000 - 0x00007fff71fdf000 	C:\WINDOWS\SYSTEM32\profapi.dll
0x00007fff59150000 - 0x00007fff59168000 	C:\Program Files\Microsoft\jdk-17.0.12.7-hotspot\bin\zip.dll
0x00007fff59ba0000 - 0x00007fff59bba000 	C:\Program Files\Microsoft\jdk-17.0.12.7-hotspot\bin\net.dll
0x00007fff68420000 - 0x00007fff6853d000 	C:\WINDOWS\SYSTEM32\WINHTTP.dll
0x00007fff713d0000 - 0x00007fff7143a000 	C:\WINDOWS\system32\mswsock.dll
0x00007fff59170000 - 0x00007fff59186000 	C:\Program Files\Microsoft\jdk-17.0.12.7-hotspot\bin\nio.dll
0x00007fff65fd0000 - 0x00007fff65fe0000 	C:\Program Files\Microsoft\jdk-17.0.12.7-hotspot\bin\verify.dll
0x00007fff582a0000 - 0x00007fff582c7000 	C:\Users\Abutalib\.gradle\native\c067742578af261105cb4f569cf0c3c89f3d7b1fecec35dd04571415982c5e48\windows-amd64\native-platform.dll
0x00007fff1c300000 - 0x00007fff1c444000 	C:\Users\Abutalib\.gradle\native\100fb08df4bc3b14c8652ba06237920a3bd2aa13389f12d3474272988ae205f9\windows-amd64\native-platform-file-events.dll
0x00007fff4c8b0000 - 0x00007fff4c8ba000 	C:\Program Files\Microsoft\jdk-17.0.12.7-hotspot\bin\management.dll
0x00007fff4c8a0000 - 0x00007fff4c8ab000 	C:\Program Files\Microsoft\jdk-17.0.12.7-hotspot\bin\management_ext.dll
0x00007fff737c0000 - 0x00007fff737c8000 	C:\WINDOWS\System32\PSAPI.DLL
0x00007fff71670000 - 0x00007fff7168c000 	C:\WINDOWS\SYSTEM32\CRYPTSP.dll
0x00007fff70e10000 - 0x00007fff70e4a000 	C:\WINDOWS\system32\rsaenh.dll
0x00007fff71470000 - 0x00007fff7149b000 	C:\WINDOWS\SYSTEM32\USERENV.dll
0x00007fff71f80000 - 0x00007fff71fa6000 	C:\WINDOWS\SYSTEM32\bcrypt.dll
0x00007fff71690000 - 0x00007fff7169c000 	C:\WINDOWS\SYSTEM32\CRYPTBASE.dll
0x00007fff708c0000 - 0x00007fff708f3000 	C:\WINDOWS\SYSTEM32\IPHLPAPI.DLL
0x00007fff733d0000 - 0x00007fff733da000 	C:\WINDOWS\System32\NSI.dll
0x00007fff6a610000 - 0x00007fff6a62f000 	C:\WINDOWS\SYSTEM32\dhcpcsvc6.DLL
0x00007fff68620000 - 0x00007fff68645000 	C:\WINDOWS\SYSTEM32\dhcpcsvc.DLL
0x00007fff70950000 - 0x00007fff70a75000 	C:\WINDOWS\SYSTEM32\DNSAPI.dll
0x00007fff4c4b0000 - 0x00007fff4c4b9000 	C:\Program Files\Microsoft\jdk-17.0.12.7-hotspot\bin\extnet.dll
0x00007fff61dd0000 - 0x00007fff61dde000 	C:\Program Files\Microsoft\jdk-17.0.12.7-hotspot\bin\sunmscapi.dll
0x00007fff729d0000 - 0x00007fff72b47000 	C:\WINDOWS\System32\CRYPT32.dll
0x00007fff71870000 - 0x00007fff718a0000 	C:\WINDOWS\SYSTEM32\ncrypt.dll
0x00007fff71820000 - 0x00007fff7185f000 	C:\WINDOWS\SYSTEM32\NTASN1.dll
0x00007fff61dc0000 - 0x00007fff61dc8000 	C:\WINDOWS\system32\wshunix.dll
0x00007fff50910000 - 0x00007fff50928000 	C:\WINDOWS\system32\napinsp.dll
0x00007fff501d0000 - 0x00007fff501e2000 	C:\WINDOWS\System32\winrnr.dll
0x00007fff4c8c0000 - 0x00007fff4c8f0000 	C:\WINDOWS\system32\nlansp_c.dll
0x00007fff66ce0000 - 0x00007fff66cf6000 	C:\WINDOWS\system32\wshbth.dll
0x00007fff67f20000 - 0x00007fff67f2b000 	C:\Windows\System32\rasadhlp.dll
0x00007fff6b600000 - 0x00007fff6b685000 	C:\WINDOWS\System32\fwpuclnt.dll

dbghelp: loaded successfully - version: 4.0.5 - missing functions: none
symbol engine: initialized successfully - sym options: 0x614 - pdb path: .;C:\Program Files\Microsoft\jdk-17.0.12.7-hotspot\bin;C:\WINDOWS\SYSTEM32;C:\WINDOWS\WinSxS\amd64_microsoft.windows.common-controls_6595b64144ccf1df_6.0.26100.3624_none_3e086962e3345f24;C:\Program Files\Microsoft\jdk-17.0.12.7-hotspot\bin\server;C:\Users\Abutalib\.gradle\native\c067742578af261105cb4f569cf0c3c89f3d7b1fecec35dd04571415982c5e48\windows-amd64;C:\Users\Abutalib\.gradle\native\100fb08df4bc3b14c8652ba06237920a3bd2aa13389f12d3474272988ae205f9\windows-amd64

VM Arguments:
jvm_args: -XX:MaxMetaspaceSize=512m --add-opens=java.base/java.util=ALL-UNNAMED --add-opens=java.base/java.lang=ALL-UNNAMED --add-opens=java.base/java.lang.invoke=ALL-UNNAMED --add-opens=java.prefs/java.util.prefs=ALL-UNNAMED --add-exports=jdk.compiler/com.sun.tools.javac.api=ALL-UNNAMED --add-exports=jdk.compiler/com.sun.tools.javac.util=ALL-UNNAMED --add-opens=java.base/java.nio.charset=ALL-UNNAMED --add-opens=java.base/java.net=ALL-UNNAMED --add-opens=java.base/java.util.concurrent.atomic=ALL-UNNAMED -Xmx4096m -Dfile.encoding=windows-1252 -Duser.country=IN -Duser.language=en -Duser.variant -javaagent:C:\Users\Abutalib\.gradle\wrapper\dists\gradle-8.10.2-all\7iv73wktx1xtkvlq19urqw1wm\gradle-8.10.2\lib\agents\gradle-instrumentation-agent-8.10.2.jar 
java_command: org.gradle.launcher.daemon.bootstrap.GradleDaemon 8.10.2
java_class_path (initial): C:\Users\Abutalib\.gradle\wrapper\dists\gradle-8.10.2-all\7iv73wktx1xtkvlq19urqw1wm\gradle-8.10.2\lib\gradle-daemon-main-8.10.2.jar
Launcher Type: SUN_STANDARD

[Global flags]
     intx CICompilerCount                          = 4                                         {product} {ergonomic}
   size_t CompressedClassSpaceSize                 = 436207616                                 {product} {ergonomic}
     uint ConcGCThreads                            = 2                                         {product} {ergonomic}
     uint G1ConcRefinementThreads                  = 8                                         {product} {ergonomic}
   size_t G1HeapRegionSize                         = 2097152                                   {product} {ergonomic}
    uintx GCDrainStackTargetSize                   = 64                                        {product} {ergonomic}
   size_t InitialHeapSize                          = 123731968                                 {product} {ergonomic}
   size_t MarkStackSize                            = 4194304                                   {product} {ergonomic}
   size_t MaxHeapSize                              = 4294967296                                {product} {command line}
   size_t MaxMetaspaceSize                         = 536870912                                 {product} {command line}
   size_t MaxNewSize                               = 2575302656                                {product} {ergonomic}
   size_t MinHeapDeltaBytes                        = 2097152                                   {product} {ergonomic}
   size_t MinHeapSize                              = 8388608                                   {product} {ergonomic}
    uintx NonNMethodCodeHeapSize                   = 5839372                                {pd product} {ergonomic}
    uintx NonProfiledCodeHeapSize                  = 122909434                              {pd product} {ergonomic}
    uintx ProfiledCodeHeapSize                     = 122909434                              {pd product} {ergonomic}
    uintx ReservedCodeCacheSize                    = 251658240                              {pd product} {ergonomic}
     bool SegmentedCodeCache                       = true                                      {product} {ergonomic}
   size_t SoftMaxHeapSize                          = 4294967296                             {manageable} {ergonomic}
     bool UseCompressedClassPointers               = true                           {product lp64_product} {ergonomic}
     bool UseCompressedOops                        = true                           {product lp64_product} {ergonomic}
     bool UseG1GC                                  = true                                      {product} {ergonomic}
     bool UseLargePagesIndividualAllocation        = false                                  {pd product} {ergonomic}

Logging:
Log output configuration:
 #0: stdout all=warning uptime,level,tags
 #1: stderr all=off uptime,level,tags

Environment Variables:
JAVA_HOME=C:\Program Files\Microsoft\jdk-17.0.12.7-hotspot
CLASSPATH=C:\NexgenLMS\NexGenMobile\android\\gradle\wrapper\gradle-wrapper.jar
PATH=C:\NexgenLMS\NexGenMobile\node_modules\.bin;C:\NexgenLMS\NexGenMobile\node_modules\.bin;C:\NexgenLMS\node_modules\.bin;C:\node_modules\.bin;C:\Users\Abutalib\AppData\Roaming\npm\node_modules\npm\node_modules\@npmcli\run-script\lib\node-gyp-bin;C:\NexgenLMS\NexGenMobile\node_modules\.bin;C:\NexgenLMS\node_modules\.bin;C:\node_modules\.bin;C:\Users\Abutalib\AppData\Roaming\npm\node_modules\npm\node_modules\@npmcli\run-script\lib\node-gyp-bin;C:\Program Files\Microsoft\jdk-17.0.12.7-hotspot\bin;C:\Users\Abutalib\AppData\Local\Programs\Python\Python311\Scripts\;C:\Users\Abutalib\AppData\Local\Programs\Python\Python311\;C:\Ruby32-x64\bin;C:\Program Files\Common Files\Oracle\Java\javapath;C:\Users\Abutalib\AppData\Local\Programs\Python\Python311;c:\users\abutalib\appdata\local\programs\python\python311\lib\site-packages\pip\__init__.py;C:\WINDOWS\system32;C:\WINDOWS;C:\WINDOWS\System32\OpenSSH\;C:\WINDOWS\System32\Wbem;C:\WINDOWS\System32\WindowsPowerShell\v1.0\;C:\Program Files (x86)\Yarn\bin\;C:\Program Files\Git\cmd;C:\ProgramData\chocolatey\bin;C:\php;C:\ProgramData\ComposerSetup\bin;C:\Program Files\nodejs\;C:\Program Files\Amazon\AWSCLIV2\;C:\Program Files\nodejs;C:\Users\Abutalib\AppData\Local\Microsoft\WindowsApps;C:\Users\Abutalib\AppData\Local\Android\Sdk\emulator;C:\Users\Abutalib\AppData\Local\Android\Sdk\platform-tools;C:\Users\Abutalib\AppData\Local\Android\Sdk\cmdline-tools\13.0\bin;C:\java programs\Microsoft VS Code\bin;C:\Users\Abutalib\PyCharm Community Edition 2022.3\bin;;C:\MinGW\bin;C:\MinGW\bin\gcc.exe;C:\Users\Abutalib\AppData\Local\Yarn\bin;C:\Program Files\Microsoft\jdk-17.0.12.7-hotspot\bin;C:\Users\Abutalib\AppData\Local\Microsoft\WinGet\Packages\Schniz.fnm_Microsoft.Winget.Source_8wekyb3d8bbwe;C:\Users\Abutalib\AppData\Local\Android\Sdk\system-images\android-34-ext12\google_apis_playstore\x86_64;
USERNAME=Abutalib
OS=Windows_NT
PROCESSOR_IDENTIFIER=AMD64 Family 23 Model 104 Stepping 1, AuthenticAMD
TMP=C:\Users\Abutalib\AppData\Local\Temp
TEMP=C:\Users\Abutalib\AppData\Local\Temp



Periodic native trim disabled


---------------  S Y S T E M  ---------------

OS:
 Windows 11 , 64 bit Build 26100 (10.0.26100.3775)
OS uptime: 1 days 19:14 hours
Hyper-V role detected

CPU: total 8 (initial active 8) (8 cores per cpu, 2 threads per core) family 23 model 104 stepping 1 microcode 0x8608107, cx8, cmov, fxsr, ht, mmx, 3dnowpref, sse, sse2, sse3, ssse3, sse4a, sse4.1, sse4.2, popcnt, lzcnt, tsc, tscinvbit, avx, avx2, aes, clmul, bmi1, bmi2, adx, sha, fma, vzeroupper, clflush, clflushopt, hv
Processor Information for processor 0
  Max Mhz: 2600, Current Mhz: 2600, Mhz Limit: 2600
Processor Information for processor 1
  Max Mhz: 2600, Current Mhz: 2080, Mhz Limit: 2600
Processor Information for processor 2
  Max Mhz: 2600, Current Mhz: 2600, Mhz Limit: 2600
Processor Information for processor 3
  Max Mhz: 2600, Current Mhz: 2600, Mhz Limit: 2600
Processor Information for processor 4
  Max Mhz: 2600, Current Mhz: 2600, Mhz Limit: 2600
Processor Information for processor 5
  Max Mhz: 2600, Current Mhz: 2080, Mhz Limit: 2600
Processor Information for processor 6
  Max Mhz: 2600, Current Mhz: 2600, Mhz Limit: 2600
Processor Information for processor 7
  Max Mhz: 2600, Current Mhz: 2080, Mhz Limit: 2600

Memory: 4k page, system-wide physical 7502M (301M free)
TotalPageFile size 30030M (AvailPageFile size 0M)
current process WorkingSet (physical memory assigned to process): 397M, peak: 503M
current process commit charge ("private bytes"): 696M, peak: 701M

vm_info: OpenJDK 64-Bit Server VM (17.0.12+7-LTS) for windows-amd64 JRE (17.0.12+7-LTS), built on Jul 16 2024 18:11:44 by "MicrosoftCorporation" with unknown MS VC++:1939

END.
