#
# There is insufficient memory for the Java Runtime Environment to continue.
# Native memory allocation (malloc) failed to allocate 1933296 bytes. Error detail: Chunk::new
# Possible reasons:
#   The system is out of physical RAM or swap space
#   This process is running with CompressedOops enabled, and the Java Heap may be blocking the growth of the native heap
# Possible solutions:
#   Reduce memory load on the system
#   Increase physical memory or swap space
#   Check if swap backing store is full
#   Decrease Java heap size (-Xmx/-Xms)
#   Decrease number of Java threads
#   Decrease Java thread stack sizes (-Xss)
#   Set larger code cache with -XX:ReservedCodeCacheSize=
#   JVM is running with Unscaled Compressed Oops mode in which the Java heap is
#     placed in the first 4GB address space. The Java Heap base address is the
#     maximum limit for the native heap growth. Please use -XX:HeapBaseMinAddress
#     to set the Java Heap base and to place the Java Heap above 4GB virtual address.
# This output file may be truncated or incomplete.
#
#  Out of Memory Error (arena.cpp:191), pid=20972, tid=25792
#
# JRE version: OpenJDK Runtime Environment Microsoft-9889599 (17.0.12+7) (build 17.0.12+7-LTS)
# Java VM: OpenJDK 64-Bit Server VM Microsoft-9889599 (17.0.12+7-LTS, mixed mode, sharing, tiered, compressed oops, compressed class ptrs, g1 gc, windows-amd64)
# No core dump will be written. Minidumps are not enabled by default on client versions of Windows
#

---------------  S U M M A R Y ------------

Command Line: -XX:+HeapDumpOnOutOfMemoryError --add-opens=java.base/java.util=ALL-UNNAMED --add-opens=java.base/java.lang=ALL-UNNAMED --add-opens=java.base/java.lang.invoke=ALL-UNNAMED --add-opens=java.prefs/java.util.prefs=ALL-UNNAMED --add-exports=jdk.compiler/com.sun.tools.javac.api=ALL-UNNAMED --add-exports=jdk.compiler/com.sun.tools.javac.util=ALL-UNNAMED --add-opens=java.base/java.nio.charset=ALL-UNNAMED --add-opens=java.base/java.net=ALL-UNNAMED --add-opens=java.base/java.util.concurrent.atomic=ALL-UNNAMED -Xmx2048m -Dfile.encoding=UTF-8 -Duser.country=IN -Duser.language=en -Duser.variant -javaagent:C:\Users\Abutalib\.gradle\wrapper\dists\gradle-8.10.2-all\7iv73wktx1xtkvlq19urqw1wm\gradle-8.10.2\lib\agents\gradle-instrumentation-agent-8.10.2.jar org.gradle.launcher.daemon.bootstrap.GradleDaemon 8.10.2

Host: AMD Ryzen 3 5300U with Radeon Graphics         , 8 cores, 7G,  Windows 11 , 64 bit Build 26100 (10.0.26100.3912)
Time: Wed Jun  4 09:33:03 2025 India Standard Time elapsed time: 10.835566 seconds (0d 0h 0m 10s)

---------------  T H R E A D  ---------------

Current thread (0x0000021ee2ecd630):  JavaThread "C2 CompilerThread0" daemon [_thread_in_native, id=25792, stack(0x00000045aaf00000,0x00000045ab000000)]


Current CompileTask:
C2:  10835 2519   !   4       java.net.URLClassLoader$1::run (81 bytes)

Stack: [0x00000045aaf00000,0x00000045ab000000]
Native frames: (J=compiled Java code, j=interpreted, Vv=VM code, C=native code)
V  [jvm.dll+0x686d99]
V  [jvm.dll+0x83daf8]
V  [jvm.dll+0x83f5a3]
V  [jvm.dll+0x83fc13]
V  [jvm.dll+0x2492ef]
V  [jvm.dll+0xad0a4]
V  [jvm.dll+0xad73c]
V  [jvm.dll+0x36a3ff]
V  [jvm.dll+0x334b83]
V  [jvm.dll+0x33401a]
V  [jvm.dll+0x21a538]
V  [jvm.dll+0x21996f]
V  [jvm.dll+0x1a53e6]
V  [jvm.dll+0x229faa]
V  [jvm.dll+0x2280fb]
V  [jvm.dll+0x7f3508]
V  [jvm.dll+0x7ed87c]
V  [jvm.dll+0x685c77]
C  [ucrtbase.dll+0x37b0]
C  [KERNEL32.DLL+0x2e8d7]
C  [ntdll.dll+0x9c5dc]


---------------  P R O C E S S  ---------------

Threads class SMR info:
_java_thread_list=0x0000021ee9ea4250, length=26, elements={
0x0000021ec4a4d3a0, 0x0000021ee2eb0890, 0x0000021ee2eb2670, 0x0000021ee2ec7fa0,
0x0000021ee2ec8870, 0x0000021ee2ecc160, 0x0000021ee2ecca30, 0x0000021ee2ecd630,
0x0000021ee2ed41a0, 0x0000021ee7012850, 0x0000021ee2e97d10, 0x0000021ee7136020,
0x0000021ee72a8f40, 0x0000021ee866c6a0, 0x0000021ee2f2cc50, 0x0000021ee7b8b530,
0x0000021ee7c81860, 0x0000021ee8b96a90, 0x0000021ee8b96fa0, 0x0000021ee8b988f0,
0x0000021ee8b974b0, 0x0000021ee8b98e00, 0x0000021ee8b99310, 0x0000021ee8b99820,
0x0000021ee8b96580, 0x0000021ee8b979c0
}

Java Threads: ( => current thread )
  0x0000021ec4a4d3a0 JavaThread "main" [_thread_blocked, id=25360, stack(0x00000045aa200000,0x00000045aa300000)]
  0x0000021ee2eb0890 JavaThread "Reference Handler" daemon [_thread_blocked, id=19664, stack(0x00000045aa900000,0x00000045aaa00000)]
  0x0000021ee2eb2670 JavaThread "Finalizer" daemon [_thread_blocked, id=14152, stack(0x00000045aaa00000,0x00000045aab00000)]
  0x0000021ee2ec7fa0 JavaThread "Signal Dispatcher" daemon [_thread_blocked, id=4240, stack(0x00000045aab00000,0x00000045aac00000)]
  0x0000021ee2ec8870 JavaThread "Attach Listener" daemon [_thread_blocked, id=27360, stack(0x00000045aac00000,0x00000045aad00000)]
  0x0000021ee2ecc160 JavaThread "Service Thread" daemon [_thread_blocked, id=4028, stack(0x00000045aad00000,0x00000045aae00000)]
  0x0000021ee2ecca30 JavaThread "Monitor Deflation Thread" daemon [_thread_blocked, id=27064, stack(0x00000045aae00000,0x00000045aaf00000)]
=>0x0000021ee2ecd630 JavaThread "C2 CompilerThread0" daemon [_thread_in_native, id=25792, stack(0x00000045aaf00000,0x00000045ab000000)]
  0x0000021ee2ed41a0 JavaThread "C1 CompilerThread0" daemon [_thread_blocked, id=27116, stack(0x00000045ab000000,0x00000045ab100000)]
  0x0000021ee7012850 JavaThread "Sweeper thread" daemon [_thread_blocked, id=11528, stack(0x00000045ab100000,0x00000045ab200000)]
  0x0000021ee2e97d10 JavaThread "Common-Cleaner" daemon [_thread_blocked, id=10372, stack(0x00000045ab200000,0x00000045ab300000)]
  0x0000021ee7136020 JavaThread "Notification Thread" daemon [_thread_blocked, id=27148, stack(0x00000045ab300000,0x00000045ab400000)]
  0x0000021ee72a8f40 JavaThread "Daemon health stats" [_thread_blocked, id=29240, stack(0x00000045ab900000,0x00000045aba00000)]
  0x0000021ee866c6a0 JavaThread "Incoming local TCP Connector on port 61757" [_thread_in_native, id=3496, stack(0x00000045aba00000,0x00000045abb00000)]
  0x0000021ee2f2cc50 JavaThread "Daemon periodic checks" [_thread_blocked, id=24660, stack(0x00000045abb00000,0x00000045abc00000)]
  0x0000021ee7b8b530 JavaThread "Daemon" [_thread_blocked, id=28592, stack(0x00000045abc00000,0x00000045abd00000)]
  0x0000021ee7c81860 JavaThread "Handler for socket connection from /127.0.0.1:61757 to /127.0.0.1:61758" [_thread_in_native, id=20920, stack(0x00000045abd00000,0x00000045abe00000)]
  0x0000021ee8b96a90 JavaThread "Cancel handler" [_thread_blocked, id=572, stack(0x00000045abe00000,0x00000045abf00000)]
  0x0000021ee8b96fa0 JavaThread "Daemon worker" [_thread_in_native, id=17620, stack(0x00000045abf00000,0x00000045ac000000)]
  0x0000021ee8b988f0 JavaThread "Asynchronous log dispatcher for DefaultDaemonConnection: socket connection from /127.0.0.1:61757 to /127.0.0.1:61758" [_thread_blocked, id=29152, stack(0x00000045ac000000,0x00000045ac100000)]
  0x0000021ee8b974b0 JavaThread "Stdin handler" [_thread_blocked, id=18944, stack(0x00000045ac100000,0x00000045ac200000)]
  0x0000021ee8b98e00 JavaThread "Daemon client event forwarder" [_thread_blocked, id=30776, stack(0x00000045ac200000,0x00000045ac300000)]
  0x0000021ee8b99310 JavaThread "Cache worker for journal cache (C:\Users\Abutalib\.gradle\caches\journal-1)" [_thread_blocked, id=26656, stack(0x00000045ac300000,0x00000045ac400000)]
  0x0000021ee8b99820 JavaThread "File lock request listener" [_thread_in_native, id=14808, stack(0x00000045ac400000,0x00000045ac500000)]
  0x0000021ee8b96580 JavaThread "Cache worker for file hash cache (C:\Users\Abutalib\.gradle\caches\8.10.2\fileHashes)" [_thread_blocked, id=28096, stack(0x00000045ac500000,0x00000045ac600000)]
  0x0000021ee8b979c0 JavaThread "Cache worker for file hash cache (C:\NexgenLMS\NexGenMobile\android\.gradle\8.10.2\fileHashes)" [_thread_blocked, id=8844, stack(0x00000045ac900000,0x00000045aca00000)]

Other Threads:
  0x0000021ee2eaa010 VMThread "VM Thread" [stack: 0x00000045aa800000,0x00000045aa900000] [id=22360]
  0x0000021ec4a4e130 WatcherThread [stack: 0x00000045ab400000,0x00000045ab500000] [id=14600]
  0x0000021ec26fec30 GCTaskThread "GC Thread#0" [stack: 0x00000045aa300000,0x00000045aa400000] [id=29340]
  0x0000021ee745a620 GCTaskThread "GC Thread#1" [stack: 0x00000045ab500000,0x00000045ab600000] [id=21860]
  0x0000021ee73fec30 GCTaskThread "GC Thread#2" [stack: 0x00000045ab600000,0x00000045ab700000] [id=25816]
  0x0000021ee7e7f080 GCTaskThread "GC Thread#3" [stack: 0x00000045ab700000,0x00000045ab800000] [id=11428]
  0x0000021ee7e7f340 GCTaskThread "GC Thread#4" [stack: 0x00000045ab800000,0x00000045ab900000] [id=21616]
  0x0000021ee98f3d50 GCTaskThread "GC Thread#5" [stack: 0x00000045ac600000,0x00000045ac700000] [id=25252]
  0x0000021ee98f3a90 GCTaskThread "GC Thread#6" [stack: 0x00000045ac700000,0x00000045ac800000] [id=26520]
  0x0000021ee98f4010 GCTaskThread "GC Thread#7" [stack: 0x00000045ac800000,0x00000045ac900000] [id=27192]
  0x0000021ec4ab6350 ConcurrentGCThread "G1 Main Marker" [stack: 0x00000045aa400000,0x00000045aa500000] [id=23296]
  0x0000021ec4ab6c80 ConcurrentGCThread "G1 Conc#0" [stack: 0x00000045aa500000,0x00000045aa600000] [id=25804]
  0x0000021ee2d62030 ConcurrentGCThread "G1 Refine#0" [stack: 0x00000045aa600000,0x00000045aa700000] [id=23040]
  0x0000021ee2d63280 ConcurrentGCThread "G1 Service" [stack: 0x00000045aa700000,0x00000045aa800000] [id=17716]

Threads with active compile tasks:
C2 CompilerThread0    10901 2519   !   4       java.net.URLClassLoader$1::run (81 bytes)

VM state: not at safepoint (normal execution)

VM Mutex/Monitor currently owned by a thread: None

Heap address: 0x0000000080000000, size: 2048 MB, Compressed Oops mode: 32-bit

CDS archive(s) mapped at: [0x0000021e80000000-0x0000021e80bb0000-0x0000021e80bb0000), size 12255232, SharedBaseAddress: 0x0000021e80000000, ArchiveRelocationMode: 1.
Compressed class space mapped at: 0x0000021e81000000-0x0000021ec1000000, reserved size: 1073741824
Narrow klass base: 0x0000021e80000000, Narrow klass shift: 0, Narrow klass range: 0x100000000

GC Precious Log:
 CPUs: 8 total, 8 available
 Memory: 7502M
 Large Page Support: Disabled
 NUMA Support: Disabled
 Compressed Oops: Enabled (32-bit)
 Heap Region Size: 1M
 Heap Min Capacity: 8M
 Heap Initial Capacity: 118M
 Heap Max Capacity: 2G
 Pre-touch: Disabled
 Parallel Workers: 8
 Concurrent Workers: 2
 Concurrent Refinement Workers: 8
 Periodic GC: Disabled

Heap:
 garbage-first heap   total 120832K, used 49097K [0x0000000080000000, 0x0000000100000000)
  region size 1024K, 36 young (36864K), 9 survivors (9216K)
 Metaspace       used 19679K, committed 19968K, reserved 1114112K
  class space    used 2836K, committed 3008K, reserved 1048576K

Heap Regions: E=young(eden), S=young(survivor), O=old, HS=humongous(starts), HC=humongous(continues), CS=collection set, F=free, OA=open archive, CA=closed archive, TAMS=top-at-mark-start (previous, next)
|   0|0x0000000080000000, 0x0000000080100000, 0x0000000080100000|100%| O|  |TAMS 0x0000000080000000, 0x0000000080000000| Untracked 
|   1|0x0000000080100000, 0x0000000080200000, 0x0000000080200000|100%| O|  |TAMS 0x0000000080100000, 0x0000000080100000| Untracked 
|   2|0x0000000080200000, 0x0000000080300000, 0x0000000080300000|100%|HS|  |TAMS 0x0000000080200000, 0x0000000080200000| Complete 
|   3|0x0000000080300000, 0x0000000080400000, 0x0000000080400000|100%|HC|  |TAMS 0x0000000080300000, 0x0000000080300000| Complete 
|   4|0x0000000080400000, 0x0000000080500000, 0x0000000080500000|100%|HC|  |TAMS 0x0000000080400000, 0x0000000080400000| Complete 
|   5|0x0000000080500000, 0x0000000080600000, 0x0000000080600000|100%|HC|  |TAMS 0x0000000080500000, 0x0000000080500000| Complete 
|   6|0x0000000080600000, 0x0000000080700000, 0x0000000080700000|100%| O|  |TAMS 0x0000000080600000, 0x0000000080600000| Untracked 
|   7|0x0000000080700000, 0x0000000080800000, 0x0000000080800000|100%| O|  |TAMS 0x0000000080700000, 0x0000000080700000| Untracked 
|   8|0x0000000080800000, 0x0000000080900000, 0x0000000080900000|100%| O|  |TAMS 0x0000000080800000, 0x0000000080800000| Untracked 
|   9|0x0000000080900000, 0x0000000080a00000, 0x0000000080a00000|100%|HS|  |TAMS 0x0000000080900000, 0x0000000080900000| Complete 
|  10|0x0000000080a00000, 0x0000000080a00000, 0x0000000080b00000|  0%| F|  |TAMS 0x0000000080a00000, 0x0000000080a00000| Untracked 
|  11|0x0000000080b00000, 0x0000000080c00000, 0x0000000080c00000|100%| O|  |TAMS 0x0000000080b00000, 0x0000000080b00000| Untracked 
|  12|0x0000000080c00000, 0x0000000080d00000, 0x0000000080d00000|100%| O|  |TAMS 0x0000000080c00000, 0x0000000080c00000| Untracked 
|  13|0x0000000080d00000, 0x0000000080df2600, 0x0000000080e00000| 94%| O|  |TAMS 0x0000000080d00000, 0x0000000080d00000| Untracked 
|  14|0x0000000080e00000, 0x0000000080e00000, 0x0000000080f00000|  0%| F|  |TAMS 0x0000000080e00000, 0x0000000080e00000| Untracked 
|  15|0x0000000080f00000, 0x0000000080f00000, 0x0000000081000000|  0%| F|  |TAMS 0x0000000080f00000, 0x0000000080f00000| Untracked 
|  16|0x0000000081000000, 0x0000000081000000, 0x0000000081100000|  0%| F|  |TAMS 0x0000000081000000, 0x0000000081000000| Untracked 
|  17|0x0000000081100000, 0x0000000081100000, 0x0000000081200000|  0%| F|  |TAMS 0x0000000081100000, 0x0000000081100000| Untracked 
|  18|0x0000000081200000, 0x0000000081200000, 0x0000000081300000|  0%| F|  |TAMS 0x0000000081200000, 0x0000000081200000| Untracked 
|  19|0x0000000081300000, 0x0000000081300000, 0x0000000081400000|  0%| F|  |TAMS 0x0000000081300000, 0x0000000081300000| Untracked 
|  20|0x0000000081400000, 0x0000000081400000, 0x0000000081500000|  0%| F|  |TAMS 0x0000000081400000, 0x0000000081400000| Untracked 
|  21|0x0000000081500000, 0x0000000081500000, 0x0000000081600000|  0%| F|  |TAMS 0x0000000081500000, 0x0000000081500000| Untracked 
|  22|0x0000000081600000, 0x0000000081600000, 0x0000000081700000|  0%| F|  |TAMS 0x0000000081600000, 0x0000000081600000| Untracked 
|  23|0x0000000081700000, 0x0000000081700000, 0x0000000081800000|  0%| F|  |TAMS 0x0000000081700000, 0x0000000081700000| Untracked 
|  24|0x0000000081800000, 0x0000000081800000, 0x0000000081900000|  0%| F|  |TAMS 0x0000000081800000, 0x0000000081800000| Untracked 
|  25|0x0000000081900000, 0x0000000081900000, 0x0000000081a00000|  0%| F|  |TAMS 0x0000000081900000, 0x0000000081900000| Untracked 
|  26|0x0000000081a00000, 0x0000000081a00000, 0x0000000081b00000|  0%| F|  |TAMS 0x0000000081a00000, 0x0000000081a00000| Untracked 
|  27|0x0000000081b00000, 0x0000000081b00000, 0x0000000081c00000|  0%| F|  |TAMS 0x0000000081b00000, 0x0000000081b00000| Untracked 
|  28|0x0000000081c00000, 0x0000000081c00000, 0x0000000081d00000|  0%| F|  |TAMS 0x0000000081c00000, 0x0000000081c00000| Untracked 
|  29|0x0000000081d00000, 0x0000000081d00000, 0x0000000081e00000|  0%| F|  |TAMS 0x0000000081d00000, 0x0000000081d00000| Untracked 
|  30|0x0000000081e00000, 0x0000000081e00000, 0x0000000081f00000|  0%| F|  |TAMS 0x0000000081e00000, 0x0000000081e00000| Untracked 
|  31|0x0000000081f00000, 0x0000000081f00000, 0x0000000082000000|  0%| F|  |TAMS 0x0000000081f00000, 0x0000000081f00000| Untracked 
|  32|0x0000000082000000, 0x0000000082000000, 0x0000000082100000|  0%| F|  |TAMS 0x0000000082000000, 0x0000000082000000| Untracked 
|  33|0x0000000082100000, 0x0000000082100000, 0x0000000082200000|  0%| F|  |TAMS 0x0000000082100000, 0x0000000082100000| Untracked 
|  34|0x0000000082200000, 0x0000000082200000, 0x0000000082300000|  0%| F|  |TAMS 0x0000000082200000, 0x0000000082200000| Untracked 
|  35|0x0000000082300000, 0x0000000082300000, 0x0000000082400000|  0%| F|  |TAMS 0x0000000082300000, 0x0000000082300000| Untracked 
|  36|0x0000000082400000, 0x0000000082400000, 0x0000000082500000|  0%| F|  |TAMS 0x0000000082400000, 0x0000000082400000| Untracked 
|  37|0x0000000082500000, 0x0000000082500000, 0x0000000082600000|  0%| F|  |TAMS 0x0000000082500000, 0x0000000082500000| Untracked 
|  38|0x0000000082600000, 0x0000000082600000, 0x0000000082700000|  0%| F|  |TAMS 0x0000000082600000, 0x0000000082600000| Untracked 
|  39|0x0000000082700000, 0x0000000082800000, 0x0000000082800000|100%| S|CS|TAMS 0x0000000082700000, 0x0000000082700000| Complete 
|  40|0x0000000082800000, 0x0000000082900000, 0x0000000082900000|100%| S|CS|TAMS 0x0000000082800000, 0x0000000082800000| Complete 
|  41|0x0000000082900000, 0x0000000082a00000, 0x0000000082a00000|100%| S|CS|TAMS 0x0000000082900000, 0x0000000082900000| Complete 
|  42|0x0000000082a00000, 0x0000000082b00000, 0x0000000082b00000|100%| S|CS|TAMS 0x0000000082a00000, 0x0000000082a00000| Complete 
|  43|0x0000000082b00000, 0x0000000082c00000, 0x0000000082c00000|100%| S|CS|TAMS 0x0000000082b00000, 0x0000000082b00000| Complete 
|  44|0x0000000082c00000, 0x0000000082d00000, 0x0000000082d00000|100%| S|CS|TAMS 0x0000000082c00000, 0x0000000082c00000| Complete 
|  45|0x0000000082d00000, 0x0000000082e00000, 0x0000000082e00000|100%| S|CS|TAMS 0x0000000082d00000, 0x0000000082d00000| Complete 
|  46|0x0000000082e00000, 0x0000000082f00000, 0x0000000082f00000|100%| S|CS|TAMS 0x0000000082e00000, 0x0000000082e00000| Complete 
|  47|0x0000000082f00000, 0x0000000083000000, 0x0000000083000000|100%| S|CS|TAMS 0x0000000082f00000, 0x0000000082f00000| Complete 
|  48|0x0000000083000000, 0x0000000083000000, 0x0000000083100000|  0%| F|  |TAMS 0x0000000083000000, 0x0000000083000000| Untracked 
|  49|0x0000000083100000, 0x0000000083100000, 0x0000000083200000|  0%| F|  |TAMS 0x0000000083100000, 0x0000000083100000| Untracked 
|  50|0x0000000083200000, 0x0000000083200000, 0x0000000083300000|  0%| F|  |TAMS 0x0000000083200000, 0x0000000083200000| Untracked 
|  51|0x0000000083300000, 0x0000000083300000, 0x0000000083400000|  0%| F|  |TAMS 0x0000000083300000, 0x0000000083300000| Untracked 
|  52|0x0000000083400000, 0x0000000083400000, 0x0000000083500000|  0%| F|  |TAMS 0x0000000083400000, 0x0000000083400000| Untracked 
|  53|0x0000000083500000, 0x0000000083500000, 0x0000000083600000|  0%| F|  |TAMS 0x0000000083500000, 0x0000000083500000| Untracked 
|  54|0x0000000083600000, 0x0000000083600000, 0x0000000083700000|  0%| F|  |TAMS 0x0000000083600000, 0x0000000083600000| Untracked 
|  55|0x0000000083700000, 0x0000000083700000, 0x0000000083800000|  0%| F|  |TAMS 0x0000000083700000, 0x0000000083700000| Untracked 
|  56|0x0000000083800000, 0x0000000083800000, 0x0000000083900000|  0%| F|  |TAMS 0x0000000083800000, 0x0000000083800000| Untracked 
|  57|0x0000000083900000, 0x0000000083900000, 0x0000000083a00000|  0%| F|  |TAMS 0x0000000083900000, 0x0000000083900000| Untracked 
|  58|0x0000000083a00000, 0x0000000083a00000, 0x0000000083b00000|  0%| F|  |TAMS 0x0000000083a00000, 0x0000000083a00000| Untracked 
|  59|0x0000000083b00000, 0x0000000083b00000, 0x0000000083c00000|  0%| F|  |TAMS 0x0000000083b00000, 0x0000000083b00000| Untracked 
|  60|0x0000000083c00000, 0x0000000083c00000, 0x0000000083d00000|  0%| F|  |TAMS 0x0000000083c00000, 0x0000000083c00000| Untracked 
|  61|0x0000000083d00000, 0x0000000083d00000, 0x0000000083e00000|  0%| F|  |TAMS 0x0000000083d00000, 0x0000000083d00000| Untracked 
|  62|0x0000000083e00000, 0x0000000083e00000, 0x0000000083f00000|  0%| F|  |TAMS 0x0000000083e00000, 0x0000000083e00000| Untracked 
|  63|0x0000000083f00000, 0x0000000083f00000, 0x0000000084000000|  0%| F|  |TAMS 0x0000000083f00000, 0x0000000083f00000| Untracked 
|  64|0x0000000084000000, 0x0000000084000000, 0x0000000084100000|  0%| F|  |TAMS 0x0000000084000000, 0x0000000084000000| Untracked 
|  65|0x0000000084100000, 0x0000000084100000, 0x0000000084200000|  0%| F|  |TAMS 0x0000000084100000, 0x0000000084100000| Untracked 
|  66|0x0000000084200000, 0x0000000084200000, 0x0000000084300000|  0%| F|  |TAMS 0x0000000084200000, 0x0000000084200000| Untracked 
|  67|0x0000000084300000, 0x0000000084300000, 0x0000000084400000|  0%| F|  |TAMS 0x0000000084300000, 0x0000000084300000| Untracked 
|  68|0x0000000084400000, 0x0000000084400000, 0x0000000084500000|  0%| F|  |TAMS 0x0000000084400000, 0x0000000084400000| Untracked 
|  69|0x0000000084500000, 0x0000000084500000, 0x0000000084600000|  0%| F|  |TAMS 0x0000000084500000, 0x0000000084500000| Untracked 
|  70|0x0000000084600000, 0x0000000084600000, 0x0000000084700000|  0%| F|  |TAMS 0x0000000084600000, 0x0000000084600000| Untracked 
|  71|0x0000000084700000, 0x0000000084700000, 0x0000000084800000|  0%| F|  |TAMS 0x0000000084700000, 0x0000000084700000| Untracked 
|  72|0x0000000084800000, 0x0000000084800000, 0x0000000084900000|  0%| F|  |TAMS 0x0000000084800000, 0x0000000084800000| Untracked 
|  73|0x0000000084900000, 0x0000000084900000, 0x0000000084a00000|  0%| F|  |TAMS 0x0000000084900000, 0x0000000084900000| Untracked 
|  74|0x0000000084a00000, 0x0000000084a00000, 0x0000000084b00000|  0%| F|  |TAMS 0x0000000084a00000, 0x0000000084a00000| Untracked 
|  75|0x0000000084b00000, 0x0000000084b00000, 0x0000000084c00000|  0%| F|  |TAMS 0x0000000084b00000, 0x0000000084b00000| Untracked 
|  76|0x0000000084c00000, 0x0000000084c00000, 0x0000000084d00000|  0%| F|  |TAMS 0x0000000084c00000, 0x0000000084c00000| Untracked 
|  77|0x0000000084d00000, 0x0000000084d00000, 0x0000000084e00000|  0%| F|  |TAMS 0x0000000084d00000, 0x0000000084d00000| Untracked 
|  78|0x0000000084e00000, 0x0000000084e00000, 0x0000000084f00000|  0%| F|  |TAMS 0x0000000084e00000, 0x0000000084e00000| Untracked 
|  79|0x0000000084f00000, 0x0000000084f00000, 0x0000000085000000|  0%| F|  |TAMS 0x0000000084f00000, 0x0000000084f00000| Untracked 
|  80|0x0000000085000000, 0x0000000085000000, 0x0000000085100000|  0%| F|  |TAMS 0x0000000085000000, 0x0000000085000000| Untracked 
|  81|0x0000000085100000, 0x0000000085100000, 0x0000000085200000|  0%| F|  |TAMS 0x0000000085100000, 0x0000000085100000| Untracked 
|  82|0x0000000085200000, 0x0000000085200000, 0x0000000085300000|  0%| F|  |TAMS 0x0000000085200000, 0x0000000085200000| Untracked 
|  83|0x0000000085300000, 0x0000000085300000, 0x0000000085400000|  0%| F|  |TAMS 0x0000000085300000, 0x0000000085300000| Untracked 
|  84|0x0000000085400000, 0x0000000085400000, 0x0000000085500000|  0%| F|  |TAMS 0x0000000085400000, 0x0000000085400000| Untracked 
|  85|0x0000000085500000, 0x0000000085500000, 0x0000000085600000|  0%| F|  |TAMS 0x0000000085500000, 0x0000000085500000| Untracked 
|  86|0x0000000085600000, 0x0000000085600000, 0x0000000085700000|  0%| F|  |TAMS 0x0000000085600000, 0x0000000085600000| Untracked 
|  87|0x0000000085700000, 0x0000000085700000, 0x0000000085800000|  0%| F|  |TAMS 0x0000000085700000, 0x0000000085700000| Untracked 
|  88|0x0000000085800000, 0x0000000085800000, 0x0000000085900000|  0%| F|  |TAMS 0x0000000085800000, 0x0000000085800000| Untracked 
|  89|0x0000000085900000, 0x0000000085900000, 0x0000000085a00000|  0%| F|  |TAMS 0x0000000085900000, 0x0000000085900000| Untracked 
|  90|0x0000000085a00000, 0x0000000085a00000, 0x0000000085b00000|  0%| F|  |TAMS 0x0000000085a00000, 0x0000000085a00000| Untracked 
|  91|0x0000000085b00000, 0x0000000085c00000, 0x0000000085c00000|100%| E|  |TAMS 0x0000000085b00000, 0x0000000085b00000| Complete 
|  92|0x0000000085c00000, 0x0000000085d00000, 0x0000000085d00000|100%| E|CS|TAMS 0x0000000085c00000, 0x0000000085c00000| Complete 
|  93|0x0000000085d00000, 0x0000000085e00000, 0x0000000085e00000|100%| E|CS|TAMS 0x0000000085d00000, 0x0000000085d00000| Complete 
|  94|0x0000000085e00000, 0x0000000085f00000, 0x0000000085f00000|100%| E|CS|TAMS 0x0000000085e00000, 0x0000000085e00000| Complete 
|  95|0x0000000085f00000, 0x0000000086000000, 0x0000000086000000|100%| E|CS|TAMS 0x0000000085f00000, 0x0000000085f00000| Complete 
|  96|0x0000000086000000, 0x0000000086100000, 0x0000000086100000|100%| E|CS|TAMS 0x0000000086000000, 0x0000000086000000| Complete 
|  97|0x0000000086100000, 0x0000000086200000, 0x0000000086200000|100%| E|CS|TAMS 0x0000000086100000, 0x0000000086100000| Complete 
|  98|0x0000000086200000, 0x0000000086300000, 0x0000000086300000|100%| E|CS|TAMS 0x0000000086200000, 0x0000000086200000| Complete 
|  99|0x0000000086300000, 0x0000000086400000, 0x0000000086400000|100%| E|CS|TAMS 0x0000000086300000, 0x0000000086300000| Complete 
| 100|0x0000000086400000, 0x0000000086500000, 0x0000000086500000|100%| E|CS|TAMS 0x0000000086400000, 0x0000000086400000| Complete 
| 101|0x0000000086500000, 0x0000000086600000, 0x0000000086600000|100%| E|CS|TAMS 0x0000000086500000, 0x0000000086500000| Complete 
| 102|0x0000000086600000, 0x0000000086700000, 0x0000000086700000|100%| E|CS|TAMS 0x0000000086600000, 0x0000000086600000| Complete 
| 103|0x0000000086700000, 0x0000000086800000, 0x0000000086800000|100%| E|CS|TAMS 0x0000000086700000, 0x0000000086700000| Complete 
| 104|0x0000000086800000, 0x0000000086900000, 0x0000000086900000|100%| E|CS|TAMS 0x0000000086800000, 0x0000000086800000| Complete 
| 105|0x0000000086900000, 0x0000000086a00000, 0x0000000086a00000|100%| E|CS|TAMS 0x0000000086900000, 0x0000000086900000| Complete 
| 106|0x0000000086a00000, 0x0000000086b00000, 0x0000000086b00000|100%| E|CS|TAMS 0x0000000086a00000, 0x0000000086a00000| Complete 
| 107|0x0000000086b00000, 0x0000000086c00000, 0x0000000086c00000|100%| E|CS|TAMS 0x0000000086b00000, 0x0000000086b00000| Complete 
| 108|0x0000000086c00000, 0x0000000086d00000, 0x0000000086d00000|100%| E|CS|TAMS 0x0000000086c00000, 0x0000000086c00000| Complete 
| 109|0x0000000086d00000, 0x0000000086e00000, 0x0000000086e00000|100%| E|CS|TAMS 0x0000000086d00000, 0x0000000086d00000| Complete 
| 110|0x0000000086e00000, 0x0000000086f00000, 0x0000000086f00000|100%| E|CS|TAMS 0x0000000086e00000, 0x0000000086e00000| Complete 
| 111|0x0000000086f00000, 0x0000000087000000, 0x0000000087000000|100%| E|CS|TAMS 0x0000000086f00000, 0x0000000086f00000| Complete 
| 112|0x0000000087000000, 0x0000000087100000, 0x0000000087100000|100%| E|CS|TAMS 0x0000000087000000, 0x0000000087000000| Complete 
| 113|0x0000000087100000, 0x0000000087200000, 0x0000000087200000|100%| E|CS|TAMS 0x0000000087100000, 0x0000000087100000| Complete 
| 114|0x0000000087200000, 0x0000000087300000, 0x0000000087300000|100%| E|CS|TAMS 0x0000000087200000, 0x0000000087200000| Complete 
| 115|0x0000000087300000, 0x0000000087400000, 0x0000000087400000|100%| E|CS|TAMS 0x0000000087300000, 0x0000000087300000| Complete 
| 116|0x0000000087400000, 0x0000000087500000, 0x0000000087500000|100%| E|CS|TAMS 0x0000000087400000, 0x0000000087400000| Complete 
| 117|0x0000000087500000, 0x0000000087600000, 0x0000000087600000|100%| E|CS|TAMS 0x0000000087500000, 0x0000000087500000| Complete 

Card table byte_map: [0x0000021edbca0000,0x0000021edc0a0000] _byte_map_base: 0x0000021edb8a0000

Marking Bits (Prev, Next): (CMBitMap*) 0x0000021ec4aa5a20, (CMBitMap*) 0x0000021ec4aa5a60
 Prev Bits: [0x0000021edc4a0000, 0x0000021ede4a0000)
 Next Bits: [0x0000021ede4a0000, 0x0000021ee04a0000)

Polling page: 0x0000021ec40a0000

Metaspace:

Usage:
  Non-class:     16.45 MB used.
      Class:      2.77 MB used.
       Both:     19.23 MB used.

Virtual space:
  Non-class space:       64.00 MB reserved,      16.56 MB ( 26%) committed,  1 nodes.
      Class space:        1.00 GB reserved,       2.94 MB ( <1%) committed,  1 nodes.
             Both:        1.06 GB reserved,      19.50 MB (  2%) committed. 

Chunk freelists:
   Non-Class:  15.31 MB
       Class:  13.11 MB
        Both:  28.42 MB

MaxMetaspaceSize: unlimited
CompressedClassSpaceSize: 1.00 GB
Initial GC threshold: 21.00 MB
Current GC threshold: 21.00 MB
CDS: on
MetaspaceReclaimPolicy: balanced
 - commit_granule_bytes: 65536.
 - commit_granule_words: 8192.
 - virtual_space_node_default_size: 8388608.
 - enlarge_chunks_in_place: 1.
 - new_chunks_are_fully_committed: 0.
 - uncommit_free_chunks: 1.
 - use_allocation_guard: 0.
 - handle_deallocations: 1.


Internal statistics:

num_allocs_failed_limit: 0.
num_arena_births: 212.
num_arena_deaths: 0.
num_vsnodes_births: 2.
num_vsnodes_deaths: 0.
num_space_committed: 312.
num_space_uncommitted: 0.
num_chunks_returned_to_freelist: 0.
num_chunks_taken_from_freelist: 907.
num_chunk_merges: 0.
num_chunk_splits: 594.
num_chunks_enlarged: 442.
num_inconsistent_stats: 0.

CodeHeap 'non-profiled nmethods': size=120000Kb used=1344Kb max_used=1344Kb free=118656Kb
 bounds [0x0000021ed4040000, 0x0000021ed42b0000, 0x0000021edb570000]
CodeHeap 'profiled nmethods': size=120000Kb used=5662Kb max_used=5662Kb free=114337Kb
 bounds [0x0000021ecc570000, 0x0000021eccb00000, 0x0000021ed3aa0000]
CodeHeap 'non-nmethods': size=5760Kb used=1237Kb max_used=1281Kb free=4522Kb
 bounds [0x0000021ed3aa0000, 0x0000021ed3d10000, 0x0000021ed4040000]
 total_blobs=3251 nmethods=2707 adapters=456
 compilation: enabled
              stopped_count=0, restarted_count=0
 full_count=0

Compilation events (20 events):
Event: 10.626 Thread 0x0000021ee2ed41a0 2703       3       org.objectweb.asm.Frame::getInputStackSize (6 bytes)
Event: 10.627 Thread 0x0000021ee2ed41a0 nmethod 2703 0x0000021eccaed810 code [0x0000021eccaed9a0, 0x0000021eccaedab8]
Event: 10.627 Thread 0x0000021ee2ed41a0 2704       3       org.objectweb.asm.Attribute::computeAttributesSize (62 bytes)
Event: 10.627 Thread 0x0000021ee2ed41a0 nmethod 2704 0x0000021eccaedb90 code [0x0000021eccaedd60, 0x0000021eccaee088]
Event: 10.627 Thread 0x0000021ee2ed41a0 2706       3       org.objectweb.asm.ByteVector::putByteArray (49 bytes)
Event: 10.628 Thread 0x0000021ee2ed41a0 nmethod 2706 0x0000021eccaee210 code [0x0000021eccaee3c0, 0x0000021eccaee698]
Event: 10.628 Thread 0x0000021ee2ed41a0 2705       3       org.objectweb.asm.AnnotationWriter::computeAnnotationsSize (66 bytes)
Event: 10.628 Thread 0x0000021ee2ed41a0 nmethod 2705 0x0000021eccaee790 code [0x0000021eccaee960, 0x0000021eccaeec98]
Event: 10.634 Thread 0x0000021ee2ed41a0 2707   !   3       jdk.internal.reflect.NativeMethodAccessorImpl::invoke (137 bytes)
Event: 10.637 Thread 0x0000021ee2ed41a0 nmethod 2707 0x0000021eccaeee90 code [0x0000021eccaef0e0, 0x0000021eccaefd48]
Event: 10.642 Thread 0x0000021ee2ed41a0 2709       3       java.util.jar.Manifest::<init> (38 bytes)
Event: 10.642 Thread 0x0000021ee2ed41a0 nmethod 2709 0x0000021eccaf0290 code [0x0000021eccaf04c0, 0x0000021eccaf0cb8]
Event: 10.698 Thread 0x0000021ee2ed41a0 2711       3       org.gradle.internal.service.DefaultServiceRegistry$FactoryService::assembleParameters (58 bytes)
Event: 10.699 Thread 0x0000021ee2ed41a0 nmethod 2711 0x0000021eccaf0f90 code [0x0000021eccaf1180, 0x0000021eccaf17a8]
Event: 10.699 Thread 0x0000021ee2ed41a0 2710       3       org.gradle.internal.service.DefaultServiceRegistry$FactoryService::createServiceInstance (18 bytes)
Event: 10.699 Thread 0x0000021ee2ed41a0 nmethod 2710 0x0000021eccaf1990 code [0x0000021eccaf1b40, 0x0000021eccaf1d78]
Event: 10.700 Thread 0x0000021ee2ed41a0 2712       3       java.util.concurrent.locks.AbstractQueuedSynchronizer::<init> (5 bytes)
Event: 10.700 Thread 0x0000021ee2ed41a0 nmethod 2712 0x0000021eccaf1e90 code [0x0000021eccaf2040, 0x0000021eccaf21f8]
Event: 10.700 Thread 0x0000021ee2ed41a0 2713       3       java.util.concurrent.locks.AbstractOwnableSynchronizer::<init> (5 bytes)
Event: 10.700 Thread 0x0000021ee2ed41a0 nmethod 2713 0x0000021eccaf2310 code [0x0000021eccaf24a0, 0x0000021eccaf25f8]

GC Heap History (8 events):
Event: 1.855 GC heap before
{Heap before GC invocations=0 (full 0):
 garbage-first heap   total 120832K, used 23552K [0x0000000080000000, 0x0000000100000000)
  region size 1024K, 23 young (23552K), 0 survivors (0K)
 Metaspace       used 1103K, committed 1216K, reserved 1114112K
  class space    used 73K, committed 128K, reserved 1048576K
}
Event: 1.862 GC heap after
{Heap after GC invocations=1 (full 0):
 garbage-first heap   total 120832K, used 4448K [0x0000000080000000, 0x0000000100000000)
  region size 1024K, 3 young (3072K), 3 survivors (3072K)
 Metaspace       used 1103K, committed 1216K, reserved 1114112K
  class space    used 73K, committed 128K, reserved 1048576K
}
Event: 3.626 GC heap before
{Heap before GC invocations=1 (full 0):
 garbage-first heap   total 120832K, used 39264K [0x0000000080000000, 0x0000000100000000)
  region size 1024K, 34 young (34816K), 3 survivors (3072K)
 Metaspace       used 4362K, committed 4544K, reserved 1114112K
  class space    used 541K, committed 640K, reserved 1048576K
}
Event: 3.635 GC heap after
{Heap after GC invocations=2 (full 0):
 garbage-first heap   total 120832K, used 12073K [0x0000000080000000, 0x0000000100000000)
  region size 1024K, 4 young (4096K), 4 survivors (4096K)
 Metaspace       used 4362K, committed 4544K, reserved 1114112K
  class space    used 541K, committed 640K, reserved 1048576K
}
Event: 5.113 GC heap before
{Heap before GC invocations=2 (full 0):
 garbage-first heap   total 120832K, used 58153K [0x0000000080000000, 0x0000000100000000)
  region size 1024K, 47 young (48128K), 4 survivors (4096K)
 Metaspace       used 4661K, committed 4864K, reserved 1114112K
  class space    used 588K, committed 704K, reserved 1048576K
}
Event: 5.121 GC heap after
{Heap after GC invocations=3 (full 0):
 garbage-first heap   total 120832K, used 17472K [0x0000000080000000, 0x0000000100000000)
  region size 1024K, 5 young (5120K), 5 survivors (5120K)
 Metaspace       used 4661K, committed 4864K, reserved 1114112K
  class space    used 588K, committed 704K, reserved 1048576K
}
Event: 9.384 GC heap before
{Heap before GC invocations=3 (full 0):
 garbage-first heap   total 120832K, used 84032K [0x0000000080000000, 0x0000000100000000)
  region size 1024K, 70 young (71680K), 5 survivors (5120K)
 Metaspace       used 16506K, committed 16832K, reserved 1114112K
  class space    used 2323K, committed 2496K, reserved 1048576K
}
Event: 9.395 GC heap after
{Heap after GC invocations=4 (full 0):
 garbage-first heap   total 120832K, used 22473K [0x0000000080000000, 0x0000000100000000)
  region size 1024K, 9 young (9216K), 9 survivors (9216K)
 Metaspace       used 16506K, committed 16832K, reserved 1114112K
  class space    used 2323K, committed 2496K, reserved 1048576K
}

Dll operation events (15 events):
Event: 0.039 Loaded shared library C:\Program Files\Microsoft\jdk-17.0.12.7-hotspot\bin\java.dll
Event: 0.099 Loaded shared library C:\Program Files\Microsoft\jdk-17.0.12.7-hotspot\bin\jsvml.dll
Event: 0.235 Loaded shared library C:\Program Files\Microsoft\jdk-17.0.12.7-hotspot\bin\zip.dll
Event: 0.244 Loaded shared library C:\Program Files\Microsoft\jdk-17.0.12.7-hotspot\bin\instrument.dll
Event: 0.258 Loaded shared library C:\Program Files\Microsoft\jdk-17.0.12.7-hotspot\bin\net.dll
Event: 0.264 Loaded shared library C:\Program Files\Microsoft\jdk-17.0.12.7-hotspot\bin\nio.dll
Event: 0.270 Loaded shared library C:\Program Files\Microsoft\jdk-17.0.12.7-hotspot\bin\zip.dll
Event: 1.416 Loaded shared library C:\Program Files\Microsoft\jdk-17.0.12.7-hotspot\bin\jimage.dll
Event: 2.044 Loaded shared library C:\Program Files\Microsoft\jdk-17.0.12.7-hotspot\bin\verify.dll
Event: 2.398 Loaded shared library C:\Users\Abutalib\.gradle\native\c067742578af261105cb4f569cf0c3c89f3d7b1fecec35dd04571415982c5e48\windows-amd64\native-platform.dll
Event: 2.428 Loaded shared library C:\Users\Abutalib\.gradle\native\100fb08df4bc3b14c8652ba06237920a3bd2aa13389f12d3474272988ae205f9\windows-amd64\native-platform-file-events.dll
Event: 5.590 Loaded shared library C:\Program Files\Microsoft\jdk-17.0.12.7-hotspot\bin\management.dll
Event: 5.597 Loaded shared library C:\Program Files\Microsoft\jdk-17.0.12.7-hotspot\bin\management_ext.dll
Event: 6.160 Loaded shared library C:\Program Files\Microsoft\jdk-17.0.12.7-hotspot\bin\extnet.dll
Event: 7.103 Loaded shared library C:\Program Files\Microsoft\jdk-17.0.12.7-hotspot\bin\sunmscapi.dll

Deoptimization events (20 events):
Event: 7.876 Thread 0x0000021ee8b96fa0 DEOPT PACKING pc=0x0000021ed408b120 sp=0x00000045abffc3f0
Event: 7.876 Thread 0x0000021ee8b96fa0 DEOPT UNPACKING pc=0x0000021ed3af69a3 sp=0x00000045abffc380 mode 2
Event: 7.898 Thread 0x0000021ee8b96fa0 Uncommon trap: trap_request=0xffffff45 fr.pc=0x0000021ed40fb2e8 relative=0x0000000000000248
Event: 7.898 Thread 0x0000021ee8b96fa0 Uncommon trap: reason=unstable_if action=reinterpret pc=0x0000021ed40fb2e8 method=java.util.concurrent.ConcurrentHashMap.get(Ljava/lang/Object;)Ljava/lang/Object; @ 76 c2
Event: 7.898 Thread 0x0000021ee8b96fa0 DEOPT PACKING pc=0x0000021ed40fb2e8 sp=0x00000045abffb8c0
Event: 7.898 Thread 0x0000021ee8b96fa0 DEOPT UNPACKING pc=0x0000021ed3af69a3 sp=0x00000045abffb828 mode 2
Event: 8.622 Thread 0x0000021ee8b96fa0 Uncommon trap: trap_request=0xffffff45 fr.pc=0x0000021ed406f1b0 relative=0x0000000000000290
Event: 8.622 Thread 0x0000021ee8b96fa0 Uncommon trap: reason=unstable_if action=reinterpret pc=0x0000021ed406f1b0 method=java.lang.StringLatin1.compareToCI([B[B)I @ 31 c2
Event: 8.622 Thread 0x0000021ee8b96fa0 DEOPT PACKING pc=0x0000021ed406f1b0 sp=0x00000045abffb320
Event: 8.622 Thread 0x0000021ee8b96fa0 DEOPT UNPACKING pc=0x0000021ed3af69a3 sp=0x00000045abffb2c8 mode 2
Event: 8.709 Thread 0x0000021ee8b96fa0 Uncommon trap: trap_request=0xffffff45 fr.pc=0x0000021ed406318c relative=0x0000000000000a8c
Event: 8.709 Thread 0x0000021ee8b96fa0 Uncommon trap: reason=unstable_if action=reinterpret pc=0x0000021ed406318c method=java.io.WinNTFileSystem.resolve(Ljava/lang/String;Ljava/lang/String;)Ljava/lang/String; @ 19 c2
Event: 8.709 Thread 0x0000021ee8b96fa0 DEOPT PACKING pc=0x0000021ed406318c sp=0x00000045abffb2e0
Event: 8.709 Thread 0x0000021ee8b96fa0 DEOPT UNPACKING pc=0x0000021ed3af69a3 sp=0x00000045abffb288 mode 2
Event: 8.711 Thread 0x0000021ee8b96fa0 Uncommon trap: trap_request=0xffffff45 fr.pc=0x0000021ed40d2620 relative=0x00000000000005e0
Event: 8.711 Thread 0x0000021ee8b96fa0 Uncommon trap: reason=unstable_if action=reinterpret pc=0x0000021ed40d2620 method=java.io.File.getName()Ljava/lang/String; @ 16 c2
Event: 8.711 Thread 0x0000021ee8b96fa0 DEOPT PACKING pc=0x0000021ed40d2620 sp=0x00000045abffb290
Event: 8.711 Thread 0x0000021ee8b96fa0 DEOPT UNPACKING pc=0x0000021ed3af69a3 sp=0x00000045abffb260 mode 2
Event: 9.133 Thread 0x0000021ee8b96fa0 DEOPT PACKING pc=0x0000021ecc65e44b sp=0x00000045abffb1a0
Event: 9.134 Thread 0x0000021ee8b96fa0 DEOPT UNPACKING pc=0x0000021ed3af7143 sp=0x00000045abffa6c0 mode 0

Classes loaded (20 events):
Event: 9.545 Loading class java/io/ObjectInput done
Event: 9.546 Loading class java/io/ObjectInputStream done
Event: 10.104 Loading class javax/xml/parsers/ParserConfigurationException
Event: 10.105 Loading class javax/xml/parsers/ParserConfigurationException done
Event: 10.106 Loading class org/xml/sax/SAXException
Event: 10.106 Loading class org/xml/sax/SAXException done
Event: 10.106 Loading class javax/xml/xpath/XPathExpressionException
Event: 10.107 Loading class javax/xml/xpath/XPathException
Event: 10.108 Loading class javax/xml/xpath/XPathException done
Event: 10.108 Loading class javax/xml/xpath/XPathExpressionException done
Event: 10.108 Loading class org/xml/sax/ErrorHandler
Event: 10.109 Loading class org/xml/sax/ErrorHandler done
Event: 10.636 Loading class java/util/zip/GZIPOutputStream
Event: 10.637 Loading class java/util/zip/DeflaterOutputStream
Event: 10.637 Loading class java/util/zip/DeflaterOutputStream done
Event: 10.637 Loading class java/util/zip/GZIPOutputStream done
Event: 10.638 Loading class java/util/zip/GZIPInputStream
Event: 10.638 Loading class java/util/zip/GZIPInputStream done
Event: 10.640 Loading class java/io/UnsupportedEncodingException
Event: 10.641 Loading class java/io/UnsupportedEncodingException done

Classes unloaded (0 events):
No events

Classes redefined (0 events):
No events

Internal exceptions (20 events):
Event: 7.567 Thread 0x0000021ee8b96fa0 Exception <a 'java/lang/NoSuchMethodError'{0x0000000085bdda60}: 'long java.lang.invoke.DirectMethodHandle$Holder.invokeInterface(java.lang.Object, java.lang.Object)'> (0x0000000085bdda60) 
thrown [s\src\hotspot\share\interpreter\linkResolver.cpp, line 759]
Event: 7.791 Thread 0x0000021ee8b96fa0 Exception <a 'java/lang/NoSuchMethodError'{0x0000000085657868}: 'void java.lang.invoke.DirectMethodHandle$Holder.invokeStatic(java.lang.Object, java.lang.Object)'> (0x0000000085657868) 
thrown [s\src\hotspot\share\interpreter\linkResolver.cpp, line 759]
Event: 7.912 Thread 0x0000021ee8b96fa0 Exception <a 'java/lang/NoSuchMethodError'{0x0000000085476360}: 'int java.lang.invoke.DirectMethodHandle$Holder.invokeVirtual(java.lang.Object, java.lang.Object, java.lang.Object)'> (0x0000000085476360) 
thrown [s\src\hotspot\share\interpreter\linkResolver.cpp, line 759]
Event: 8.009 Thread 0x0000021ee8b96fa0 Exception <a 'java/lang/NoSuchMethodError'{0x0000000085104b30}: 'java.lang.Object java.lang.invoke.DirectMethodHandle$Holder.newInvokeSpecial(java.lang.Object, java.lang.Object, java.lang.Object, java.lang.Object, java.lang.Object, java.lang.Object)'> (0x0000000085104b30) 
thrown [s\src\hotspot\share\interpreter\linkResolver.cpp, line 759]
Event: 8.017 Thread 0x0000021ee8b96fa0 Exception <a 'java/lang/NoSuchMethodError'{0x0000000085121a58}: 'void java.lang.invoke.DirectMethodHandle$Holder.invokeSpecial(java.lang.Object, java.lang.Object, java.lang.Object, java.lang.Object, java.lang.Object)'> (0x0000000085121a58) 
thrown [s\src\hotspot\share\interpreter\linkResolver.cpp, line 759]
Event: 8.020 Thread 0x0000021ee8b96fa0 Exception <a 'java/lang/NoSuchMethodError'{0x00000000851354a8}: 'void java.lang.invoke.DirectMethodHandle$Holder.invokeStaticInit(java.lang.Object, java.lang.Object)'> (0x00000000851354a8) 
thrown [s\src\hotspot\share\interpreter\linkResolver.cpp, line 759]
Event: 8.154 Thread 0x0000021ee8b96fa0 Exception <a 'java/lang/NoSuchMethodError'{0x0000000084e0e0e0}: 'void java.lang.invoke.DelegatingMethodHandle$Holder.reinvoke_L(java.lang.Object, java.lang.Object, java.lang.Object, java.lang.Object, java.lang.Object, java.lang.Object, java.lang.Object, java.lang.Object, java.lang.Object, java.lang.Object)'> (0x0000000084e0e0e0) 
thrown [s\src\hotspot\share\interpreter\linkResolver.cpp, line 759]
Event: 8.155 Thread 0x0000021ee8b96fa0 Exception <a 'java/lang/NoSuchMethodError'{0x0000000084e16550}: 'java.lang.Object java.lang.invoke.DirectMethodHandle$Holder.invokeSpecial(java.lang.Object, java.lang.Object, java.lang.Object, java.lang.Object, java.lang.Object, java.lang.Object, java.lang.Object, java.lang.Object, java.lang.Object, java.lang.Object)'> (0x0000000084e16550) 
thrown [s\src\hotspot\share\interpreter\linkResolver.cpp, line 759]
Event: 8.156 Thread 0x0000021ee8b96fa0 Exception <a 'java/lang/NoSuchMethodError'{0x0000000084e1ae20}: 'java.lang.Object java.lang.invoke.Invokers$Holder.invoker(java.lang.Object, java.lang.Object, java.lang.Object, java.lang.Object, java.lang.Object, java.lang.Object, java.lang.Object, java.lang.Object, java.lang.Object, java.lang.Object)'> (0x0000000084e1ae20) 
thrown [s\src\hotspot\share\interpreter\linkResolver.cpp, line 759]
Event: 8.158 Thread 0x0000021ee8b96fa0 Exception <a 'java/lang/NoSuchMethodError'{0x0000000084e20a28}: 'java.lang.Object java.lang.invoke.DirectMethodHandle$Holder.invokeSpecial(java.lang.Object, java.lang.Object, java.lang.Object, java.lang.Object, java.lang.Object, java.lang.Object, java.lang.Object, java.lang.Object, java.lang.Object, java.lang.Object, java.lang.Object)'> (0x0000000084e20a28) 
thrown [s\src\hotspot\share\interpreter\linkResolver.cpp, line 759]
Event: 8.524 Thread 0x0000021ee8b96fa0 Exception <a 'java/lang/NoSuchMethodError'{0x00000000847e5b18}: 'java.lang.Object java.lang.invoke.DirectMethodHandle$Holder.newInvokeSpecial(java.lang.Object, java.lang.Object, int)'> (0x00000000847e5b18) 
thrown [s\src\hotspot\share\interpreter\linkResolver.cpp, line 759]
Event: 8.799 Thread 0x0000021ee8b96fa0 Exception <a 'java/lang/NoSuchMethodError'{0x0000000083ce1ce8}: 'int java.lang.invoke.DirectMethodHandle$Holder.invokeSpecialIFC(java.lang.Object, java.lang.Object, java.lang.Object, java.lang.Object)'> (0x0000000083ce1ce8) 
thrown [s\src\hotspot\share\interpreter\linkResolver.cpp, line 759]
Event: 8.804 Thread 0x0000021ee8b96fa0 Exception <a 'java/lang/NoSuchMethodError'{0x0000000083cf0dd0}: 'java.lang.Object java.lang.invoke.DirectMethodHandle$Holder.invokeInterface(java.lang.Object, java.lang.Object, java.lang.Object)'> (0x0000000083cf0dd0) 
thrown [s\src\hotspot\share\interpreter\linkResolver.cpp, line 759]
Event: 8.805 Thread 0x0000021ee8b96fa0 Exception <a 'java/lang/IncompatibleClassChangeError'{0x0000000083cf4c90}: Found class java.lang.Object, but interface was expected> (0x0000000083cf4c90) 
thrown [s\src\hotspot\share\interpreter\linkResolver.cpp, line 826]
Event: 8.912 Thread 0x0000021ee8b96fa0 Exception <a 'java/lang/NoSuchMethodError'{0x0000000083ae5b50}: 'int java.lang.invoke.DirectMethodHandle$Holder.invokeStatic(java.lang.Object, java.lang.Object, java.lang.Object, java.lang.Object)'> (0x0000000083ae5b50) 
thrown [s\src\hotspot\share\interpreter\linkResolver.cpp, line 759]
Event: 8.914 Thread 0x0000021ee8b96fa0 Exception <a 'java/lang/NoSuchMethodError'{0x0000000083ae9a20}: 'java.lang.Object java.lang.invoke.Invokers$Holder.invokeExact_MT(java.lang.Object, java.lang.Object, java.lang.Object, java.lang.Object, java.lang.Object, java.lang.Object)'> (0x0000000083ae9a20) 
thrown [s\src\hotspot\share\interpreter\linkResolver.cpp, line 759]
Event: 9.582 Thread 0x0000021ee8b96fa0 Exception <a 'java/lang/NoSuchMethodError'{0x000000008724c2a0}: 'int java.lang.invoke.DirectMethodHandle$Holder.invokeStaticInit(java.lang.Object, java.lang.Object, java.lang.Object)'> (0x000000008724c2a0) 
thrown [s\src\hotspot\share\interpreter\linkResolver.cpp, line 759]
Event: 10.186 Thread 0x0000021ee8b96fa0 Exception <a 'java/lang/NoSuchMethodError'{0x0000000086524c50}: 'java.lang.Object java.lang.invoke.DirectMethodHandle$Holder.invokeVirtual(java.lang.Object, java.lang.Object, java.lang.Object, java.lang.Object)'> (0x0000000086524c50) 
thrown [s\src\hotspot\share\interpreter\linkResolver.cpp, line 759]
Event: 10.310 Thread 0x0000021ee8b96fa0 Exception <a 'java/lang/NoSuchMethodError'{0x00000000863a6808}: 'java.lang.Object java.lang.invoke.DirectMethodHandle$Holder.newInvokeSpecial(java.lang.Object, java.lang.Object, java.lang.Object, java.lang.Object, java.lang.Object, java.lang.Object, java.lang.Object)'> (0x00000000863a6808) 
thrown [s\src\hotspot\share\interpreter\linkResolver.cpp, line 759]
Event: 10.311 Thread 0x0000021ee8b96fa0 Exception <a 'java/lang/NoSuchMethodError'{0x00000000863ab4d8}: 'java.lang.Object java.lang.invoke.Invokers$Holder.linkToTargetMethod(java.lang.Object, java.lang.Object, java.lang.Object, java.lang.Object, java.lang.Object, java.lang.Object, java.lang.Object)'> (0x00000000863ab4d8) 
thrown [s\src\hotspot\share\interpreter\linkResolver.cpp, line 759]

VM Operations (20 events):
Event: 6.109 Executing VM operation: HandshakeAllThreads
Event: 6.109 Executing VM operation: HandshakeAllThreads done
Event: 6.801 Executing VM operation: HandshakeAllThreads
Event: 6.801 Executing VM operation: HandshakeAllThreads done
Event: 6.801 Executing VM operation: Cleanup
Event: 6.801 Executing VM operation: Cleanup done
Event: 6.999 Executing VM operation: HandshakeAllThreads
Event: 6.999 Executing VM operation: HandshakeAllThreads done
Event: 8.000 Executing VM operation: Cleanup
Event: 8.000 Executing VM operation: Cleanup done
Event: 9.013 Executing VM operation: Cleanup
Event: 9.014 Executing VM operation: Cleanup done
Event: 9.025 Executing VM operation: HandshakeAllThreads
Event: 9.026 Executing VM operation: HandshakeAllThreads done
Event: 9.026 Executing VM operation: HandshakeAllThreads
Event: 9.026 Executing VM operation: HandshakeAllThreads done
Event: 9.384 Executing VM operation: G1CollectForAllocation
Event: 9.396 Executing VM operation: G1CollectForAllocation done
Event: 10.401 Executing VM operation: Cleanup
Event: 10.402 Executing VM operation: Cleanup done

Events (20 events):
Event: 0.131 Thread 0x0000021ee2ecca30 Thread added: 0x0000021ee2ecca30
Event: 0.131 Thread 0x0000021ee2ecd630 Thread added: 0x0000021ee2ecd630
Event: 0.132 Thread 0x0000021ee2ed41a0 Thread added: 0x0000021ee2ed41a0
Event: 0.134 Thread 0x0000021ee7012850 Thread added: 0x0000021ee7012850
Event: 0.168 Thread 0x0000021ee2e97d10 Thread added: 0x0000021ee2e97d10
Event: 0.296 Thread 0x0000021ee7136020 Thread added: 0x0000021ee7136020
Event: 5.688 Thread 0x0000021ee72a8f40 Thread added: 0x0000021ee72a8f40
Event: 6.716 Thread 0x0000021ee866c6a0 Thread added: 0x0000021ee866c6a0
Event: 6.924 Thread 0x0000021ee2f2cc50 Thread added: 0x0000021ee2f2cc50
Event: 7.168 Thread 0x0000021ee7b8b530 Thread added: 0x0000021ee7b8b530
Event: 7.190 Thread 0x0000021ee7c81860 Thread added: 0x0000021ee7c81860
Event: 7.350 Thread 0x0000021ee8b96a90 Thread added: 0x0000021ee8b96a90
Event: 7.380 Thread 0x0000021ee8b96fa0 Thread added: 0x0000021ee8b96fa0
Event: 7.428 Thread 0x0000021ee8b988f0 Thread added: 0x0000021ee8b988f0
Event: 7.437 Thread 0x0000021ee8b974b0 Thread added: 0x0000021ee8b974b0
Event: 7.442 Thread 0x0000021ee8b98e00 Thread added: 0x0000021ee8b98e00
Event: 8.522 Thread 0x0000021ee8b99310 Thread added: 0x0000021ee8b99310
Event: 8.545 Thread 0x0000021ee8b99820 Thread added: 0x0000021ee8b99820
Event: 8.620 Thread 0x0000021ee8b96580 Thread added: 0x0000021ee8b96580
Event: 10.701 Thread 0x0000021ee8b979c0 Thread added: 0x0000021ee8b979c0


Dynamic libraries:
0x00007ff6076b0000 - 0x00007ff6076be000 	C:\Program Files\Microsoft\jdk-17.0.12.7-hotspot\bin\java.exe
0x00007ff8edf40000 - 0x00007ff8ee1a6000 	C:\WINDOWS\SYSTEM32\ntdll.dll
0x00007ff8ed190000 - 0x00007ff8ed259000 	C:\WINDOWS\System32\KERNEL32.DLL
0x00007ff8eb660000 - 0x00007ff8eba2c000 	C:\WINDOWS\System32\KERNELBASE.dll
0x00007ff8eba30000 - 0x00007ff8ebb7b000 	C:\WINDOWS\System32\ucrtbase.dll
0x00007ff8cd270000 - 0x00007ff8cd287000 	C:\Program Files\Microsoft\jdk-17.0.12.7-hotspot\bin\jli.dll
0x00007ff8c3ed0000 - 0x00007ff8c3eed000 	C:\Program Files\Microsoft\jdk-17.0.12.7-hotspot\bin\VCRUNTIME140.dll
0x00007ff8ed8b0000 - 0x00007ff8eda7a000 	C:\WINDOWS\System32\USER32.dll
0x00007ff8eb370000 - 0x00007ff8eb397000 	C:\WINDOWS\System32\win32u.dll
0x00007ff8edec0000 - 0x00007ff8edeeb000 	C:\WINDOWS\System32\GDI32.dll
0x00007ff8eb3a0000 - 0x00007ff8eb4d2000 	C:\WINDOWS\System32\gdi32full.dll
0x00007ff8eb2c0000 - 0x00007ff8eb363000 	C:\WINDOWS\System32\msvcp_win.dll
0x00007ff8d4030000 - 0x00007ff8d42ca000 	C:\WINDOWS\WinSxS\amd64_microsoft.windows.common-controls_6595b64144ccf1df_6.0.26100.3912_none_3e07963ce335137e\COMCTL32.dll
0x00007ff8ede10000 - 0x00007ff8edeb9000 	C:\WINDOWS\System32\msvcrt.dll
0x00007ff8ecb50000 - 0x00007ff8ecb80000 	C:\WINDOWS\System32\IMM32.DLL
0x00007ff8e5ee0000 - 0x00007ff8e5eec000 	C:\Program Files\Microsoft\jdk-17.0.12.7-hotspot\bin\vcruntime140_1.dll
0x00007ff897530000 - 0x00007ff8975bd000 	C:\Program Files\Microsoft\jdk-17.0.12.7-hotspot\bin\msvcp140.dll
0x00007ff874470000 - 0x00007ff8750e0000 	C:\Program Files\Microsoft\jdk-17.0.12.7-hotspot\bin\server\jvm.dll
0x00007ff8ecb90000 - 0x00007ff8ecc42000 	C:\WINDOWS\System32\ADVAPI32.dll
0x00007ff8eca20000 - 0x00007ff8ecac6000 	C:\WINDOWS\System32\sechost.dll
0x00007ff8ecf60000 - 0x00007ff8ed076000 	C:\WINDOWS\System32\RPCRT4.dll
0x00007ff8ecad0000 - 0x00007ff8ecb44000 	C:\WINDOWS\System32\WS2_32.dll
0x00007ff8e41c0000 - 0x00007ff8e41f6000 	C:\WINDOWS\SYSTEM32\WINMM.dll
0x00007ff8eaf20000 - 0x00007ff8eaf7e000 	C:\WINDOWS\SYSTEM32\POWRPROF.dll
0x00007ff8e4c10000 - 0x00007ff8e4c1b000 	C:\WINDOWS\SYSTEM32\VERSION.dll
0x00007ff8eaf00000 - 0x00007ff8eaf14000 	C:\WINDOWS\SYSTEM32\UMPDC.dll
0x00007ff8e9e90000 - 0x00007ff8e9eaa000 	C:\WINDOWS\SYSTEM32\kernel.appcore.dll
0x00007ff8e5ec0000 - 0x00007ff8e5eca000 	C:\Program Files\Microsoft\jdk-17.0.12.7-hotspot\bin\jimage.dll
0x00007ff8de360000 - 0x00007ff8de5a1000 	C:\WINDOWS\SYSTEM32\DBGHELP.DLL
0x00007ff8eda80000 - 0x00007ff8ede04000 	C:\WINDOWS\System32\combase.dll
0x00007ff8ed080000 - 0x00007ff8ed160000 	C:\WINDOWS\System32\OLEAUT32.dll
0x00007ff8cc730000 - 0x00007ff8cc769000 	C:\WINDOWS\SYSTEM32\dbgcore.DLL
0x00007ff8eb220000 - 0x00007ff8eb2b9000 	C:\WINDOWS\System32\bcryptPrimitives.dll
0x00007ff8d2630000 - 0x00007ff8d263e000 	C:\Program Files\Microsoft\jdk-17.0.12.7-hotspot\bin\instrument.dll
0x00007ff8be720000 - 0x00007ff8be745000 	C:\Program Files\Microsoft\jdk-17.0.12.7-hotspot\bin\java.dll
0x00007ff8971a0000 - 0x00007ff897277000 	C:\Program Files\Microsoft\jdk-17.0.12.7-hotspot\bin\jsvml.dll
0x00007ff8ebf60000 - 0x00007ff8ec68d000 	C:\WINDOWS\System32\SHELL32.dll
0x00007ff8eb4e0000 - 0x00007ff8eb654000 	C:\WINDOWS\System32\wintypes.dll
0x00007ff8e8d40000 - 0x00007ff8e9596000 	C:\WINDOWS\SYSTEM32\windows.storage.dll
0x00007ff8ebd50000 - 0x00007ff8ebe3f000 	C:\WINDOWS\System32\SHCORE.dll
0x00007ff8ebe50000 - 0x00007ff8ebeb9000 	C:\WINDOWS\System32\shlwapi.dll
0x00007ff8eafe0000 - 0x00007ff8eb00f000 	C:\WINDOWS\SYSTEM32\profapi.dll
0x00007ff8be6e0000 - 0x00007ff8be6f8000 	C:\Program Files\Microsoft\jdk-17.0.12.7-hotspot\bin\zip.dll
0x00007ff8c3e10000 - 0x00007ff8c3e2a000 	C:\Program Files\Microsoft\jdk-17.0.12.7-hotspot\bin\net.dll
0x00007ff8e0bb0000 - 0x00007ff8e0cce000 	C:\WINDOWS\SYSTEM32\WINHTTP.dll
0x00007ff8ea400000 - 0x00007ff8ea46a000 	C:\WINDOWS\system32\mswsock.dll
0x00007ff8be700000 - 0x00007ff8be716000 	C:\Program Files\Microsoft\jdk-17.0.12.7-hotspot\bin\nio.dll
0x00007ff8e59b0000 - 0x00007ff8e59c0000 	C:\Program Files\Microsoft\jdk-17.0.12.7-hotspot\bin\verify.dll
0x00007ff8b50e0000 - 0x00007ff8b5107000 	C:\Users\Abutalib\.gradle\native\c067742578af261105cb4f569cf0c3c89f3d7b1fecec35dd04571415982c5e48\windows-amd64\native-platform.dll
0x00007ff8b58a0000 - 0x00007ff8b59e4000 	C:\Users\Abutalib\.gradle\native\100fb08df4bc3b14c8652ba06237920a3bd2aa13389f12d3474272988ae205f9\windows-amd64\native-platform-file-events.dll
0x00007ff8d4780000 - 0x00007ff8d478a000 	C:\Program Files\Microsoft\jdk-17.0.12.7-hotspot\bin\management.dll
0x00007ff8d30f0000 - 0x00007ff8d30fb000 	C:\Program Files\Microsoft\jdk-17.0.12.7-hotspot\bin\management_ext.dll
0x00007ff8ebf50000 - 0x00007ff8ebf58000 	C:\WINDOWS\System32\PSAPI.DLL
0x00007ff8ea6a0000 - 0x00007ff8ea6bc000 	C:\WINDOWS\SYSTEM32\CRYPTSP.dll
0x00007ff8e9df0000 - 0x00007ff8e9e2a000 	C:\WINDOWS\system32\rsaenh.dll
0x00007ff8ea4a0000 - 0x00007ff8ea4cb000 	C:\WINDOWS\SYSTEM32\USERENV.dll
0x00007ff8eafb0000 - 0x00007ff8eafd6000 	C:\WINDOWS\SYSTEM32\bcrypt.dll
0x00007ff8ea6c0000 - 0x00007ff8ea6cc000 	C:\WINDOWS\SYSTEM32\CRYPTBASE.dll
0x00007ff8e98b0000 - 0x00007ff8e98e3000 	C:\WINDOWS\SYSTEM32\IPHLPAPI.DLL
0x00007ff8ed260000 - 0x00007ff8ed26a000 	C:\WINDOWS\System32\NSI.dll
0x00007ff8e0e50000 - 0x00007ff8e0e6f000 	C:\WINDOWS\SYSTEM32\dhcpcsvc6.DLL
0x00007ff8e0e20000 - 0x00007ff8e0e45000 	C:\WINDOWS\SYSTEM32\dhcpcsvc.DLL
0x00007ff8e9940000 - 0x00007ff8e9a67000 	C:\WINDOWS\SYSTEM32\DNSAPI.dll
0x00007ff8d2fb0000 - 0x00007ff8d2fb9000 	C:\Program Files\Microsoft\jdk-17.0.12.7-hotspot\bin\extnet.dll
0x00007ff8d1dd0000 - 0x00007ff8d1dde000 	C:\Program Files\Microsoft\jdk-17.0.12.7-hotspot\bin\sunmscapi.dll
0x00007ff8ebb80000 - 0x00007ff8ebcf7000 	C:\WINDOWS\System32\CRYPT32.dll
0x00007ff8ea8b0000 - 0x00007ff8ea8e0000 	C:\WINDOWS\SYSTEM32\ncrypt.dll
0x00007ff8ea860000 - 0x00007ff8ea89f000 	C:\WINDOWS\SYSTEM32\NTASN1.dll
0x00007ff8d4790000 - 0x00007ff8d4798000 	C:\WINDOWS\system32\wshunix.dll

dbghelp: loaded successfully - version: 4.0.5 - missing functions: none
symbol engine: initialized successfully - sym options: 0x614 - pdb path: .;C:\Program Files\Microsoft\jdk-17.0.12.7-hotspot\bin;C:\WINDOWS\SYSTEM32;C:\WINDOWS\WinSxS\amd64_microsoft.windows.common-controls_6595b64144ccf1df_6.0.26100.3912_none_3e07963ce335137e;C:\Program Files\Microsoft\jdk-17.0.12.7-hotspot\bin\server;C:\Users\Abutalib\.gradle\native\c067742578af261105cb4f569cf0c3c89f3d7b1fecec35dd04571415982c5e48\windows-amd64;C:\Users\Abutalib\.gradle\native\100fb08df4bc3b14c8652ba06237920a3bd2aa13389f12d3474272988ae205f9\windows-amd64

VM Arguments:
jvm_args: -XX:+HeapDumpOnOutOfMemoryError --add-opens=java.base/java.util=ALL-UNNAMED --add-opens=java.base/java.lang=ALL-UNNAMED --add-opens=java.base/java.lang.invoke=ALL-UNNAMED --add-opens=java.prefs/java.util.prefs=ALL-UNNAMED --add-exports=jdk.compiler/com.sun.tools.javac.api=ALL-UNNAMED --add-exports=jdk.compiler/com.sun.tools.javac.util=ALL-UNNAMED --add-opens=java.base/java.nio.charset=ALL-UNNAMED --add-opens=java.base/java.net=ALL-UNNAMED --add-opens=java.base/java.util.concurrent.atomic=ALL-UNNAMED -Xmx2048m -Dfile.encoding=UTF-8 -Duser.country=IN -Duser.language=en -Duser.variant -javaagent:C:\Users\Abutalib\.gradle\wrapper\dists\gradle-8.10.2-all\7iv73wktx1xtkvlq19urqw1wm\gradle-8.10.2\lib\agents\gradle-instrumentation-agent-8.10.2.jar 
java_command: org.gradle.launcher.daemon.bootstrap.GradleDaemon 8.10.2
java_class_path (initial): C:\Users\Abutalib\.gradle\wrapper\dists\gradle-8.10.2-all\7iv73wktx1xtkvlq19urqw1wm\gradle-8.10.2\lib\gradle-daemon-main-8.10.2.jar
Launcher Type: SUN_STANDARD

[Global flags]
     intx CICompilerCount                          = 4                                         {product} {ergonomic}
     uint ConcGCThreads                            = 2                                         {product} {ergonomic}
     uint G1ConcRefinementThreads                  = 8                                         {product} {ergonomic}
   size_t G1HeapRegionSize                         = 1048576                                   {product} {ergonomic}
    uintx GCDrainStackTargetSize                   = 64                                        {product} {ergonomic}
     bool HeapDumpOnOutOfMemoryError               = true                                   {manageable} {command line}
   size_t InitialHeapSize                          = 123731968                                 {product} {ergonomic}
   size_t MarkStackSize                            = 4194304                                   {product} {ergonomic}
   size_t MaxHeapSize                              = 2147483648                                {product} {command line}
   size_t MaxNewSize                               = 1287651328                                {product} {ergonomic}
   size_t MinHeapDeltaBytes                        = 1048576                                   {product} {ergonomic}
   size_t MinHeapSize                              = 8388608                                   {product} {ergonomic}
    uintx NonNMethodCodeHeapSize                   = 5839372                                {pd product} {ergonomic}
    uintx NonProfiledCodeHeapSize                  = 122909434                              {pd product} {ergonomic}
    uintx ProfiledCodeHeapSize                     = 122909434                              {pd product} {ergonomic}
    uintx ReservedCodeCacheSize                    = 251658240                              {pd product} {ergonomic}
     bool SegmentedCodeCache                       = true                                      {product} {ergonomic}
   size_t SoftMaxHeapSize                          = 2147483648                             {manageable} {ergonomic}
     bool UseCompressedClassPointers               = true                           {product lp64_product} {ergonomic}
     bool UseCompressedOops                        = true                           {product lp64_product} {ergonomic}
     bool UseG1GC                                  = true                                      {product} {ergonomic}
     bool UseLargePagesIndividualAllocation        = false                                  {pd product} {ergonomic}

Logging:
Log output configuration:
 #0: stdout all=warning uptime,level,tags
 #1: stderr all=off uptime,level,tags

Environment Variables:
JAVA_HOME=C:\Program Files\Microsoft\jdk-17.0.12.7-hotspot
CLASSPATH=C:\NexgenLMS\NexGenMobile\android\\gradle\wrapper\gradle-wrapper.jar
PATH=C:\Program Files\Microsoft\jdk-17.0.12.7-hotspot\bin;C:\Users\Abutalib\AppData\Local\Programs\Python\Python311\Scripts\;C:\Users\Abutalib\AppData\Local\Programs\Python\Python311\;C:\Ruby32-x64\bin;C:\Program Files\Common Files\Oracle\Java\javapath;C:\Users\Abutalib\AppData\Local\Programs\Python\Python311;c:\users\abutalib\appdata\local\programs\python\python311\lib\site-packages\pip\__init__.py;C:\WINDOWS\system32;C:\WINDOWS;C:\WINDOWS\System32\OpenSSH\;C:\WINDOWS\System32\Wbem;C:\WINDOWS\System32\WindowsPowerShell\v1.0\;C:\Program Files (x86)\Yarn\bin\;C:\Program Files\Git\cmd;C:\ProgramData\chocolatey\bin;C:\php;C:\ProgramData\ComposerSetup\bin;C:\Program Files\Amazon\AWSCLIV2\;%NVM_HOME%;%NVM_SYMLINK%;C:\Program Files\nodejs\;;C:\Users\Abutalib\AppData\Local\Microsoft\WindowsApps;C:\Users\Abutalib\AppData\Local\Android\Sdk\emulator;C:\Users\Abutalib\AppData\Local\Android\Sdk\platform-tools;C:\Users\Abutalib\AppData\Local\Android\Sdk\cmdline-tools\13.0\bin;C:\java programs\Microsoft VS Code\bin;C:\Users\Abutalib\PyCharm Community Edition 2022.3\bin;;C:\MinGW\bin;C:\MinGW\bin\gcc.exe;C:\Users\Abutalib\AppData\Local\Yarn\bin;C:\Program Files\Microsoft\jdk-17.0.12.7-hotspot\bin;C:\Users\Abutalib\AppData\Local\Microsoft\WinGet\Packages\Schniz.fnm_Microsoft.Winget.Source_8wekyb3d8bbwe;C:\Users\Abutalib\AppData\Local\Android\Sdk\system-images\android-34-ext12\google_apis_playstore\x86_64;C:\Users\Abutalib\AppData\Local\nvm;C:\nvm4w\nodejs;C:\Users\Abutalib\AppData\Roaming\npm
USERNAME=Abutalib
OS=Windows_NT
PROCESSOR_IDENTIFIER=AMD64 Family 23 Model 104 Stepping 1, AuthenticAMD
TMP=C:\Users\Abutalib\AppData\Local\Temp
TEMP=C:\Users\Abutalib\AppData\Local\Temp



Periodic native trim disabled


---------------  S Y S T E M  ---------------

OS:
 Windows 11 , 64 bit Build 26100 (10.0.26100.3912)
OS uptime: 1 days 22:53 hours
Hyper-V role detected

CPU: total 8 (initial active 8) (8 cores per cpu, 2 threads per core) family 23 model 104 stepping 1 microcode 0x8608107, cx8, cmov, fxsr, ht, mmx, 3dnowpref, sse, sse2, sse3, ssse3, sse4a, sse4.1, sse4.2, popcnt, lzcnt, tsc, tscinvbit, avx, avx2, aes, clmul, bmi1, bmi2, adx, sha, fma, vzeroupper, clflush, clflushopt, hv
Processor Information for the first 8 processors :
  Max Mhz: 2600, Current Mhz: 2600, Mhz Limit: 2600

Memory: 4k page, system-wide physical 7502M (224M free)
TotalPageFile size 30030M (AvailPageFile size 7M)
current process WorkingSet (physical memory assigned to process): 190M, peak: 194M
current process commit charge ("private bytes"): 269M, peak: 272M

vm_info: OpenJDK 64-Bit Server VM (17.0.12+7-LTS) for windows-amd64 JRE (17.0.12+7-LTS), built on Jul 16 2024 18:11:44 by "MicrosoftCorporation" with unknown MS VC++:1939

END.
