#
# There is insufficient memory for the Java Runtime Environment to continue.
# Native memory allocation (malloc) failed to allocate 65552 bytes. Error detail: Chunk::new
# Possible reasons:
#   The system is out of physical RAM or swap space
#   This process is running with CompressedOops enabled, and the Java Heap may be blocking the growth of the native heap
# Possible solutions:
#   Reduce memory load on the system
#   Increase physical memory or swap space
#   Check if swap backing store is full
#   Decrease Java heap size (-Xmx/-Xms)
#
#  Out of Memory Error
#
# 
V  [jvm.dll+0x686d99]
V  [jvm.dll+0x83daf8]
V  [jvm.dll+0x83f5a3]
V  [jvm.dll+0x83fc13]
V  [jvm.dll+0x2492ef]
V  [jvm.dll+0xad0a4]
V  [jvm.dll+0xad73c]
V  [jvm.dll+0xad1b4]
V  [jvm.dll+0x6dd9cc]
V  [jvm.dll+0x5975af]
V  [jvm.dll+0x75e7a9]
V  [jvm.dll+0x75d80c]
V  [jvm.dll+0x5a22c8]
V  [jvm.dll+0x5a1cc6]
V  [jvm.dll+0x58e027]
V  [jvm.dll+0x223592]
V  [jvm.dll+0x21c149]
V  [jvm.dll+0x21986b]
V  [jvm.dll+0x1a53e6]
V  [jvm.dll+0x229faa]
V  [jvm.dll+0x2280fb]
V  [jvm.dll+0x7f3508]
V  [jvm.dll+0x7ed87c]
V  [jvm.dll+0x685c77]
C  [ucrtbase.dll+0x37b0]
C  [KERNEL32.DLL+0x2e8d7]
C  [ntdll.dll+0xb14fc]


---------------  P R O C E S S  ---------------

Threads class SMR info:
_java_thread_list=0x000002218c98e950, length=13, elements={
0x00000221277080f0, 0x0000022145509040, 0x000002214550b580, 0x00000221455265d0,
0x0000022145528eb0, 0x0000022145529780, 0x000002214552a050, 0x000002214552c060,
0x00000221455315a0, 0x000002214558ced0, 0x0000022145669500, 0x0000022145671c90,
0x000002218e76d140
}

Java Threads: ( => current thread )
  0x00000221277080f0 JavaThread "main" [_thread_in_Java, id=4760, stack(0x000000fc94300000,0x000000fc94400000)]
  0x0000022145509040 JavaThread "Reference Handler" daemon [_thread_blocked, id=21416, stack(0x000000fc94a00000,0x000000fc94b00000)]
  0x000002214550b580 JavaThread "Finalizer" daemon [_thread_blocked, id=20360, stack(0x000000fc94b00000,0x000000fc94c00000)]
  0x00000221455265d0 JavaThread "Signal Dispatcher" daemon [_thread_blocked, id=19896, stack(0x000000fc94c00000,0x000000fc94d00000)]
  0x0000022145528eb0 JavaThread "Attach Listener" daemon [_thread_blocked, id=12964, stack(0x000000fc94d00000,0x000000fc94e00000)]
  0x0000022145529780 JavaThread "Service Thread" daemon [_thread_blocked, id=20924, stack(0x000000fc94e00000,0x000000fc94f00000)]
  0x000002214552a050 JavaThread "Monitor Deflation Thread" daemon [_thread_blocked, id=21572, stack(0x000000fc94f00000,0x000000fc95000000)]
=>0x000002214552c060 JavaThread "C2 CompilerThread0" daemon [_thread_in_native, id=8720, stack(0x000000fc95000000,0x000000fc95100000)]
  0x00000221455315a0 JavaThread "C1 CompilerThread0" daemon [_thread_blocked, id=19112, stack(0x000000fc95100000,0x000000fc95200000)]
  0x000002214558ced0 JavaThread "Sweeper thread" daemon [_thread_blocked, id=9608, stack(0x000000fc95200000,0x000000fc95300000)]
  0x0000022145669500 JavaThread "Notification Thread" daemon [_thread_blocked, id=19548, stack(0x000000fc95300000,0x000000fc95400000)]
  0x0000022145671c90 JavaThread "Common-Cleaner" daemon [_thread_blocked, id=20124, stack(0x000000fc95500000,0x000000fc95600000)]
  0x000002218e76d140 JavaThread "C2 CompilerThread1" daemon [_thread_in_native, id=6020, stack(0x000000fc94100000,0x000000fc94200000)]

Other Threads:
  0x0000022145502f70 VMThread "VM Thread" [stack: 0x000000fc94900000,0x000000fc94a00000] [id=20848]
  0x00000221456699e0 WatcherThread [stack: 0x000000fc95400000,0x000000fc95500000] [id=20940]
  0x00000221277616b0 GCTaskThread "GC Thread#0" [stack: 0x000000fc94400000,0x000000fc94500000] [id=20680]
  0x000002218b1e6030 GCTaskThread "GC Thread#1" [stack: 0x000000fc95600000,0x000000fc95700000] [id=19660]
  0x000002218b186370 GCTaskThread "GC Thread#2" [stack: 0x000000fc95700000,0x000000fc95800000] [id=21676]
  0x000002218b186630 GCTaskThread "GC Thread#3" [stack: 0x000000fc95800000,0x000000fc95900000] [id=19952]
  0x000002218b1b4360 GCTaskThread "GC Thread#4" [stack: 0x000000fc95900000,0x000000fc95a00000] [id=14916]
  0x000002218b1b4620 GCTaskThread "GC Thread#5" [stack: 0x000000fc95a00000,0x000000fc95b00000] [id=5632]
  0x0000022145588780 GCTaskThread "GC Thread#6" [stack: 0x000000fc95b00000,0x000000fc95c00000] [id=21772]
  0x0000022145538380 GCTaskThread "GC Thread#7" [stack: 0x000000fc95c00000,0x000000fc95d00000] [id=21776]
  0x0000022127772090 ConcurrentGCThread "G1 Main Marker" [stack: 0x000000fc94500000,0x000000fc94600000] [id=21668]
  0x0000022127772ab0 ConcurrentGCThread "G1 Conc#0" [stack: 0x000000fc94600000,0x000000fc94700000] [id=18444]
  0x000002218b891750 ConcurrentGCThread "G1 Conc#1" [stack: 0x000000fc95d00000,0x000000fc95e00000] [id=12912]
  0x00000221453badc0 ConcurrentGCThread "G1 Refine#0" [stack: 0x000000fc94700000,0x000000fc94800000] [id=8804]
  0x00000221453bb700 ConcurrentGCThread "G1 Service" [stack: 0x000000fc94800000,0x000000fc94900000] [id=19480]

Threads with active compile tasks:
C2 CompilerThread0    63572 9377       4       org.jetbrains.kotlin.types.TypeSubstitutor::unsafeSubstitute (793 bytes)
C2 CompilerThread1    63573 9423       4       org.jetbrains.kotlin.psi.KtImportInfo::getImportedName (55 bytes)

VM state: not at safepoint (normal execution)

VM Mutex/Monitor currently owned by a thread: None

Heap address: 0x000000008ac00000, size: 1876 MB, Compressed Oops mode: 32-bit

CDS archive(s) mapped at: [0x0000022146000000-0x0000022146bb0000-0x0000022146bb0000), size 12255232, SharedBaseAddress: 0x0000022146000000, ArchiveRelocationMode: 1.
Compressed class space mapped at: 0x0000022147000000-0x0000022187000000, reserved size: 1073741824
Narrow klass base: 0x0000022146000000, Narrow klass shift: 0, Narrow klass range: 0x100000000

GC Precious Log:
 CPUs: 8 total, 8 available
 Memory: 7502M
 Large Page Support: Disabled
 NUMA Support: Disabled
 Compressed Oops: Enabled (32-bit)
 Heap Region Size: 1M
 Heap Min Capacity: 8M
 Heap Initial Capacity: 118M
 Heap Max Capacity: 1876M
 Pre-touch: Disabled
 Parallel Workers: 8
 Concurrent Workers: 2
 Concurrent Refinement Workers: 8
 Periodic GC: Disabled

Heap:
 garbage-first heap   total 97280K, used 66004K [0x000000008ac00000, 0x0000000100000000)
  region size 1024K, 12 young (12288K), 2 survivors (2048K)
 Metaspace       used 52212K, committed 52480K, reserved 1114112K
  class space    used 6019K, committed 6144K, reserved 1048576K

Heap Regions: E=young(eden), S=young(survivor), O=old, HS=humongous(starts), HC=humongous(continues), CS=collection set, F=free, OA=open archive, CA=closed archive, TAMS=top-at-mark-start (previous, next)
|   0|0x000000008ac00000, 0x000000008ad00000, 0x000000008ad00000|100%|HS|  |TAMS 0x000000008ad00000, 0x000000008ac00000| Complete 
|   1|0x000000008ad00000, 0x000000008ae00000, 0x000000008ae00000|100%|HC|  |TAMS 0x000000008ae00000, 0x000000008ad00000| Complete 
|   2|0x000000008ae00000, 0x000000008af00000, 0x000000008af00000|100%|HC|  |TAMS 0x000000008af00000, 0x000000008ae00000| Complete 
|   3|0x000000008af00000, 0x000000008b000000, 0x000000008b000000|100%|HC|  |TAMS 0x000000008b000000, 0x000000008af00000| Complete 
|   4|0x000000008b000000, 0x000000008b100000, 0x000000008b100000|100%| O|  |TAMS 0x000000008b100000, 0x000000008b000000| Untracked 
|   5|0x000000008b100000, 0x000000008b200000, 0x000000008b200000|100%| O|  |TAMS 0x000000008b200000, 0x000000008b100000| Untracked 
|   6|0x000000008b200000, 0x000000008b300000, 0x000000008b300000|100%| O|  |TAMS 0x000000008b300000, 0x000000008b200000| Untracked 
|   7|0x000000008b300000, 0x000000008b400000, 0x000000008b400000|100%| O|  |TAMS 0x000000008b400000, 0x000000008b300000| Untracked 
|   8|0x000000008b400000, 0x000000008b500000, 0x000000008b500000|100%| O|  |TAMS 0x000000008b500000, 0x000000008b400000| Untracked 
|   9|0x000000008b500000, 0x000000008b600000, 0x000000008b600000|100%| O|  |TAMS 0x000000008b600000, 0x000000008b500000| Untracked 
|  10|0x000000008b600000, 0x000000008b700000, 0x000000008b700000|100%| O|  |TAMS 0x000000008b700000, 0x000000008b600000| Untracked 
|  11|0x000000008b700000, 0x000000008b800000, 0x000000008b800000|100%| O|  |TAMS 0x000000008b800000, 0x000000008b700000| Untracked 
|  12|0x000000008b800000, 0x000000008b900000, 0x000000008b900000|100%| O|  |TAMS 0x000000008b900000, 0x000000008b800000| Untracked 
|  13|0x000000008b900000, 0x000000008ba00000, 0x000000008ba00000|100%| O|  |TAMS 0x000000008ba00000, 0x000000008b900000| Untracked 
|  14|0x000000008ba00000, 0x000000008bb00000, 0x000000008bb00000|100%| O|  |TAMS 0x000000008bb00000, 0x000000008ba00000| Untracked 
|  15|0x000000008bb00000, 0x000000008bc00000, 0x000000008bc00000|100%| O|  |TAMS 0x000000008bc00000, 0x000000008bb00000| Untracked 
|  16|0x000000008bc00000, 0x000000008bd00000, 0x000000008bd00000|100%| O|  |TAMS 0x000000008bd00000, 0x000000008bc00000| Untracked 
|  17|0x000000008bd00000, 0x000000008be00000, 0x000000008be00000|100%| O|  |TAMS 0x000000008be00000, 0x000000008bd00000| Untracked 
|  18|0x000000008be00000, 0x000000008bf00000, 0x000000008bf00000|100%| O|  |TAMS 0x000000008bf00000, 0x000000008be00000| Untracked 
|  19|0x000000008bf00000, 0x000000008c000000, 0x000000008c000000|100%| O|  |TAMS 0x000000008c000000, 0x000000008bf00000| Untracked 
|  20|0x000000008c000000, 0x000000008c100000, 0x000000008c100000|100%| O|  |TAMS 0x000000008c100000, 0x000000008c000000| Untracked 
|  21|0x000000008c100000, 0x000000008c200000, 0x000000008c200000|100%| O|  |TAMS 0x000000008c200000, 0x000000008c100000| Untracked 
|  22|0x000000008c200000, 0x000000008c300000, 0x000000008c300000|100%|HS|  |TAMS 0x000000008c300000, 0x000000008c200000| Complete 
|  23|0x000000008c300000, 0x000000008c400000, 0x000000008c400000|100%|HC|  |TAMS 0x000000008c400000, 0x000000008c300000| Complete 
|  24|0x000000008c400000, 0x000000008c500000, 0x000000008c500000|100%| O|  |TAMS 0x000000008c500000, 0x000000008c400000| Untracked 
|  25|0x000000008c500000, 0x000000008c600000, 0x000000008c600000|100%| O|  |TAMS 0x000000008c600000, 0x000000008c500000| Untracked 
|  26|0x000000008c600000, 0x000000008c700000, 0x000000008c700000|100%| O|  |TAMS 0x000000008c700000, 0x000000008c600000| Untracked 
|  27|0x000000008c700000, 0x000000008c800000, 0x000000008c800000|100%| O|  |TAMS 0x000000008c800000, 0x000000008c700000| Untracked 
|  28|0x000000008c800000, 0x000000008c900000, 0x000000008c900000|100%| O|  |TAMS 0x000000008c900000, 0x000000008c800000| Untracked 
|  29|0x000000008c900000, 0x000000008ca00000, 0x000000008ca00000|100%| O|  |TAMS 0x000000008ca00000, 0x000000008c900000| Untracked 
|  30|0x000000008ca00000, 0x000000008cb00000, 0x000000008cb00000|100%| O|  |TAMS 0x000000008cb00000, 0x000000008ca00000| Untracked 
|  31|0x000000008cb00000, 0x000000008cc00000, 0x000000008cc00000|100%| O|  |TAMS 0x000000008cc00000, 0x000000008cb00000| Untracked 
|  32|0x000000008cc00000, 0x000000008cd00000, 0x000000008cd00000|100%| O|  |TAMS 0x000000008cd00000, 0x000000008cc00000| Untracked 
|  33|0x000000008cd00000, 0x000000008ce00000, 0x000000008ce00000|100%| O|  |TAMS 0x000000008ce00000, 0x000000008cd00000| Untracked 
|  34|0x000000008ce00000, 0x000000008cf00000, 0x000000008cf00000|100%| O|  |TAMS 0x000000008cf00000, 0x000000008ce00000| Untracked 
|  35|0x000000008cf00000, 0x000000008d000000, 0x000000008d000000|100%| O|  |TAMS 0x000000008d000000, 0x000000008cf00000| Untracked 
|  36|0x000000008d000000, 0x000000008d100000, 0x000000008d100000|100%| O|  |TAMS 0x000000008d100000, 0x000000008d000000| Untracked 
|  37|0x000000008d100000, 0x000000008d200000, 0x000000008d200000|100%| O|  |TAMS 0x000000008d200000, 0x000000008d100000| Untracked 
|  38|0x000000008d200000, 0x000000008d300000, 0x000000008d300000|100%| O|  |TAMS 0x000000008d300000, 0x000000008d200000| Untracked 
|  39|0x000000008d300000, 0x000000008d400000, 0x000000008d400000|100%| O|  |TAMS 0x000000008d400000, 0x000000008d300000| Untracked 
|  40|0x000000008d400000, 0x000000008d500000, 0x000000008d500000|100%| O|  |TAMS 0x000000008d500000, 0x000000008d400000| Untracked 
|  41|0x000000008d500000, 0x000000008d600000, 0x000000008d600000|100%| O|  |TAMS 0x000000008d600000, 0x000000008d500000| Untracked 
|  42|0x000000008d600000, 0x000000008d700000, 0x000000008d700000|100%| O|  |TAMS 0x000000008d700000, 0x000000008d600000| Untracked 
|  43|0x000000008d700000, 0x000000008d800000, 0x000000008d800000|100%| O|  |TAMS 0x000000008d800000, 0x000000008d700000| Untracked 
|  44|0x000000008d800000, 0x000000008d900000, 0x000000008d900000|100%| O|  |TAMS 0x000000008d900000, 0x000000008d800000| Untracked 
|  45|0x000000008d900000, 0x000000008da00000, 0x000000008da00000|100%| O|  |TAMS 0x000000008da00000, 0x000000008d900000| Untracked 
|  46|0x000000008da00000, 0x000000008db00000, 0x000000008db00000|100%| O|  |TAMS 0x000000008db00000, 0x000000008da00000| Untracked 
|  47|0x000000008db00000, 0x000000008dc00000, 0x000000008dc00000|100%| O|  |TAMS 0x000000008dc00000, 0x000000008db00000| Untracked 
|  48|0x000000008dc00000, 0x000000008dd00000, 0x000000008dd00000|100%| O|  |TAMS 0x000000008dd00000, 0x000000008dc00000| Untracked 
|  49|0x000000008dd00000, 0x000000008de00000, 0x000000008de00000|100%| O|  |TAMS 0x000000008de00000, 0x000000008dd00000| Untracked 
|  50|0x000000008de00000, 0x000000008df00000, 0x000000008df00000|100%| O|  |TAMS 0x000000008de79e00, 0x000000008de00000| Untracked 
|  51|0x000000008df00000, 0x000000008e000000, 0x000000008e000000|100%| O|  |TAMS 0x000000008df00000, 0x000000008df00000| Untracked 
|  52|0x000000008e000000, 0x000000008e100000, 0x000000008e100000|100%| O|  |TAMS 0x000000008e000000, 0x000000008e000000| Untracked 
|  53|0x000000008e100000, 0x000000008e199e00, 0x000000008e200000| 60%| O|  |TAMS 0x000000008e100000, 0x000000008e100000| Untracked 
|  54|0x000000008e200000, 0x000000008e200000, 0x000000008e300000|  0%| F|  |TAMS 0x000000008e200000, 0x000000008e200000| Untracked 
|  55|0x000000008e300000, 0x000000008e300000, 0x000000008e400000|  0%| F|  |TAMS 0x000000008e300000, 0x000000008e300000| Untracked 
|  56|0x000000008e400000, 0x000000008e400000, 0x000000008e500000|  0%| F|  |TAMS 0x000000008e400000, 0x000000008e400000| Untracked 
|  57|0x000000008e500000, 0x000000008e500000, 0x000000008e600000|  0%| F|  |TAMS 0x000000008e500000, 0x000000008e500000| Untracked 
|  58|0x000000008e600000, 0x000000008e600000, 0x000000008e700000|  0%| F|  |TAMS 0x000000008e600000, 0x000000008e600000| Untracked 
|  59|0x000000008e700000, 0x000000008e700000, 0x000000008e800000|  0%| F|  |TAMS 0x000000008e700000, 0x000000008e700000| Untracked 
|  60|0x000000008e800000, 0x000000008e800000, 0x000000008e900000|  0%| F|  |TAMS 0x000000008e800000, 0x000000008e800000| Untracked 
|  61|0x000000008e900000, 0x000000008e900000, 0x000000008ea00000|  0%| F|  |TAMS 0x000000008e900000, 0x000000008e900000| Untracked 
|  62|0x000000008ea00000, 0x000000008ea00000, 0x000000008eb00000|  0%| F|  |TAMS 0x000000008ea00000, 0x000000008ea00000| Untracked 
|  63|0x000000008eb00000, 0x000000008eb00000, 0x000000008ec00000|  0%| F|  |TAMS 0x000000008eb00000, 0x000000008eb00000| Untracked 
|  64|0x000000008ec00000, 0x000000008ec00000, 0x000000008ed00000|  0%| F|  |TAMS 0x000000008ec00000, 0x000000008ec00000| Untracked 
|  65|0x000000008ed00000, 0x000000008ed00000, 0x000000008ee00000|  0%| F|  |TAMS 0x000000008ed00000, 0x000000008ed00000| Untracked 
|  66|0x000000008ee00000, 0x000000008eedb4b0, 0x000000008ef00000| 85%| S|CS|TAMS 0x000000008ee00000, 0x000000008ee00000| Complete 
|  67|0x000000008ef00000, 0x000000008f000000, 0x000000008f000000|100%| S|CS|TAMS 0x000000008ef00000, 0x000000008ef00000| Complete 
|  68|0x000000008f000000, 0x000000008f000000, 0x000000008f100000|  0%| F|  |TAMS 0x000000008f000000, 0x000000008f000000| Untracked 
|  69|0x000000008f100000, 0x000000008f100000, 0x000000008f200000|  0%| F|  |TAMS 0x000000008f100000, 0x000000008f100000| Untracked 
|  70|0x000000008f200000, 0x000000008f200000, 0x000000008f300000|  0%| F|  |TAMS 0x000000008f200000, 0x000000008f200000| Untracked 
|  71|0x000000008f300000, 0x000000008f300000, 0x000000008f400000|  0%| F|  |TAMS 0x000000008f300000, 0x000000008f300000| Untracked 
|  72|0x000000008f400000, 0x000000008f400000, 0x000000008f500000|  0%| F|  |TAMS 0x000000008f400000, 0x000000008f400000| Untracked 
|  73|0x000000008f500000, 0x000000008f500000, 0x000000008f600000|  0%| F|  |TAMS 0x000000008f500000, 0x000000008f500000| Untracked 
|  74|0x000000008f600000, 0x000000008f600000, 0x000000008f700000|  0%| F|  |TAMS 0x000000008f600000, 0x000000008f600000| Untracked 
|  75|0x000000008f700000, 0x000000008f700000, 0x000000008f800000|  0%| F|  |TAMS 0x000000008f700000, 0x000000008f700000| Untracked 
|  76|0x000000008f800000, 0x000000008f800000, 0x000000008f900000|  0%| F|  |TAMS 0x000000008f800000, 0x000000008f800000| Untracked 
|  77|0x000000008f900000, 0x000000008f900000, 0x000000008fa00000|  0%| F|  |TAMS 0x000000008f900000, 0x000000008f900000| Untracked 
|  78|0x000000008fa00000, 0x000000008fa00000, 0x000000008fb00000|  0%| F|  |TAMS 0x000000008fa00000, 0x000000008fa00000| Untracked 
|  79|0x000000008fb00000, 0x000000008fb00000, 0x000000008fc00000|  0%| F|  |TAMS 0x000000008fb00000, 0x000000008fb00000| Untracked 
|  80|0x000000008fc00000, 0x000000008fc00000, 0x000000008fd00000|  0%| F|  |TAMS 0x000000008fc00000, 0x000000008fc00000| Untracked 
|  81|0x000000008fd00000, 0x000000008fd00000, 0x000000008fe00000|  0%| F|  |TAMS 0x000000008fd00000, 0x000000008fd00000| Untracked 
|  82|0x000000008fe00000, 0x000000008fe00000, 0x000000008ff00000|  0%| F|  |TAMS 0x000000008fe00000, 0x000000008fe00000| Untracked 
|  83|0x000000008ff00000, 0x000000008ff00000, 0x0000000090000000|  0%| F|  |TAMS 0x000000008ff00000, 0x000000008ff00000| Untracked 
|  84|0x0000000090000000, 0x0000000090000000, 0x0000000090100000|  0%| F|  |TAMS 0x0000000090000000, 0x0000000090000000| Untracked 
|  85|0x0000000090100000, 0x00000000901adaa8, 0x0000000090200000| 67%| E|  |TAMS 0x0000000090100000, 0x0000000090100000| Complete 
|  86|0x0000000090200000, 0x0000000090300000, 0x0000000090300000|100%| E|CS|TAMS 0x0000000090200000, 0x0000000090200000| Complete 
|  87|0x0000000090300000, 0x0000000090400000, 0x0000000090400000|100%| E|CS|TAMS 0x0000000090300000, 0x0000000090300000| Complete 
|  88|0x0000000090400000, 0x0000000090500000, 0x0000000090500000|100%| E|CS|TAMS 0x0000000090400000, 0x0000000090400000| Complete 
|  89|0x0000000090500000, 0x0000000090600000, 0x0000000090600000|100%| E|CS|TAMS 0x0000000090500000, 0x0000000090500000| Complete 
|  90|0x0000000090600000, 0x0000000090700000, 0x0000000090700000|100%| E|CS|TAMS 0x0000000090600000, 0x0000000090600000| Complete 
|  91|0x0000000090700000, 0x0000000090800000, 0x0000000090800000|100%| E|CS|TAMS 0x0000000090700000, 0x0000000090700000| Complete 
|  92|0x0000000090800000, 0x0000000090900000, 0x0000000090900000|100%| E|CS|TAMS 0x0000000090800000, 0x0000000090800000| Complete 
|  93|0x0000000090900000, 0x0000000090a00000, 0x0000000090a00000|100%| E|CS|TAMS 0x0000000090900000, 0x0000000090900000| Complete 
| 117|0x0000000092100000, 0x0000000092200000, 0x0000000092200000|100%| E|CS|TAMS 0x0000000092100000, 0x0000000092100000| Complete 

Card table byte_map: [0x000002213e910000,0x000002213ecc0000] _byte_map_base: 0x000002213e4ba000

Marking Bits (Prev, Next): (CMBitMap*) 0x0000022127762ce0, (CMBitMap*) 0x0000022127762d20
 Prev Bits: [0x000002213f070000, 0x0000022140dc0000)
 Next Bits: [0x0000022140dc0000, 0x0000022142b10000)

Polling page: 0x0000022125420000

Metaspace:

Usage:
  Non-class:     45.11 MB used.
      Class:      5.88 MB used.
       Both:     50.99 MB used.

Virtual space:
  Non-class space:       64.00 MB reserved,      45.25 MB ( 71%) committed,  1 nodes.
      Class space:        1.00 GB reserved,       6.00 MB ( <1%) committed,  1 nodes.
             Both:        1.06 GB reserved,      51.25 MB (  5%) committed. 

Chunk freelists:
   Non-Class:  1.58 MB
       Class:  10.00 MB
        Both:  11.58 MB

MaxMetaspaceSize: unlimited
CompressedClassSpaceSize: 1.00 GB
Initial GC threshold: 21.00 MB
Current GC threshold: 84.62 MB
CDS: on
MetaspaceReclaimPolicy: balanced
 - commit_granule_bytes: 65536.
 - commit_granule_words: 8192.
 - virtual_space_node_default_size: 8388608.
 - enlarge_chunks_in_place: 1.
 - new_chunks_are_fully_committed: 0.
 - uncommit_free_chunks: 1.
 - use_allocation_guard: 0.
 - handle_deallocations: 1.


Internal statistics:

num_allocs_failed_limit: 6.
num_arena_births: 292.
num_arena_deaths: 0.
num_vsnodes_births: 2.
num_vsnodes_deaths: 0.
num_space_committed: 818.
num_space_uncommitted: 0.
num_chunks_returned_to_freelist: 6.
num_chunks_taken_from_freelist: 2206.
num_chunk_merges: 6.
num_chunk_splits: 1735.
num_chunks_enlarged: 1500.
num_inconsistent_stats: 0.

CodeHeap 'non-profiled nmethods': size=120000Kb used=4377Kb max_used=4598Kb free=115623Kb
 bounds [0x0000022136d00000, 0x0000022137180000, 0x000002213e230000]
CodeHeap 'profiled nmethods': size=120000Kb used=24174Kb max_used=24174Kb free=95825Kb
 bounds [0x000002212f230000, 0x00000221309d0000, 0x0000022136760000]
CodeHeap 'non-nmethods': size=5760Kb used=1301Kb max_used=1382Kb free=4458Kb
 bounds [0x0000022136760000, 0x00000221369d0000, 0x0000022136d00000]
 total_blobs=8724 nmethods=8119 adapters=513
 compilation: enabled
              stopped_count=0, restarted_count=0
 full_count=0

Compilation events (20 events):
Event: 57.470 Thread 0x00000221455315a0 nmethod 9428 0x00000221309a8790 code [0x00000221309a8a20, 0x00000221309a93d8]
Event: 57.477 Thread 0x00000221455315a0 9430       3       org.jetbrains.kotlin.com.intellij.extapi.psi.StubBasedPsiElementBase::isValid (11 bytes)
Event: 57.477 Thread 0x00000221455315a0 nmethod 9430 0x00000221309a9790 code [0x00000221309a9940, 0x00000221309a9b78]
Event: 57.477 Thread 0x00000221455315a0 9432       3       org.jetbrains.kotlin.resolve.calls.tower.PSICompletedCallInfo::<init> (47 bytes)
Event: 58.497 Thread 0x00000221455315a0 nmethod 9432 0x00000221309a9d10 code [0x00000221309aa0a0, 0x00000221309ab588]
Event: 58.497 Thread 0x00000221455315a0 9435       3       org.jetbrains.kotlin.resolve.scopes.AbstractScopeAdapter::getContributedVariables (24 bytes)
Event: 58.498 Thread 0x00000221455315a0 nmethod 9435 0x00000221309abc90 code [0x00000221309abf40, 0x00000221309acb38]
Event: 58.498 Thread 0x00000221455315a0 9439       3       org.jetbrains.kotlin.resolve.calls.tower.ResolvedAtomCompleter::completeExpression (112 bytes)
Event: 58.499 Thread 0x00000221455315a0 nmethod 9439 0x00000221309acf90 code [0x00000221309ad340, 0x00000221309aeec8]
Event: 58.499 Thread 0x00000221455315a0 9437       3       org.jetbrains.kotlin.psi.psiUtil.KtPsiUtilKt::isFirstStatement (62 bytes)
Event: 58.500 Thread 0x00000221455315a0 nmethod 9437 0x00000221309af510 code [0x00000221309af9e0, 0x00000221309b2398]
Event: 58.500 Thread 0x00000221455315a0 9438       3       org.jetbrains.kotlin.descriptors.impl.ClassDescriptorBase::getSource (13 bytes)
Event: 58.501 Thread 0x00000221455315a0 nmethod 9438 0x00000221309b2f10 code [0x00000221309b30c0, 0x00000221309b3248]
Event: 58.501 Thread 0x00000221455315a0 9440       3       org.jetbrains.kotlin.com.intellij.util.ArrayUtil::insert (57 bytes)
Event: 58.501 Thread 0x00000221455315a0 nmethod 9440 0x00000221309b3310 code [0x00000221309b35a0, 0x00000221309b41f8]
Event: 58.501 Thread 0x00000221455315a0 9431       3       org.jetbrains.kotlin.com.intellij.psi.impl.source.SubstrateRef$2::isValid (42 bytes)
Event: 58.502 Thread 0x00000221455315a0 nmethod 9431 0x00000221309b4510 code [0x00000221309b46e0, 0x00000221309b4ac8]
Event: 58.502 Thread 0x00000221455315a0 9441       3       org.jetbrains.kotlin.resolve.calls.tower.PSICallResolver::toKotlinCall$default (27 bytes)
Event: 58.502 Thread 0x00000221455315a0 nmethod 9441 0x00000221309b4c10 code [0x00000221309b4dc0, 0x00000221309b4f48]
Event: 58.502 Thread 0x00000221455315a0 9442       3       org.jetbrains.kotlin.resolve.calls.KotlinCallResolver::resolveAndCompleteCall (75 bytes)

GC Heap History (20 events):
Event: 41.015 GC heap before
{Heap before GC invocations=14 (full 0):
 garbage-first heap   total 58368K, used 45269K [0x000000008ac00000, 0x0000000100000000)
  region size 1024K, 14 young (14336K), 2 survivors (2048K)
 Metaspace       used 42304K, committed 42560K, reserved 1114112K
  class space    used 5126K, committed 5248K, reserved 1048576K
}
Event: 41.026 GC heap after
{Heap after GC invocations=15 (full 0):
 garbage-first heap   total 58368K, used 35818K [0x000000008ac00000, 0x0000000100000000)
  region size 1024K, 2 young (2048K), 2 survivors (2048K)
 Metaspace       used 42304K, committed 42560K, reserved 1114112K
  class space    used 5126K, committed 5248K, reserved 1048576K
}
Event: 46.271 GC heap before
{Heap before GC invocations=15 (full 0):
 garbage-first heap   total 58368K, used 46058K [0x000000008ac00000, 0x0000000100000000)
  region size 1024K, 12 young (12288K), 2 survivors (2048K)
 Metaspace       used 43429K, committed 43648K, reserved 1114112K
  class space    used 5244K, committed 5376K, reserved 1048576K
}
Event: 46.286 GC heap after
{Heap after GC invocations=16 (full 0):
 garbage-first heap   total 58368K, used 38128K [0x000000008ac00000, 0x0000000100000000)
  region size 1024K, 2 young (2048K), 2 survivors (2048K)
 Metaspace       used 43429K, committed 43648K, reserved 1114112K
  class space    used 5244K, committed 5376K, reserved 1048576K
}
Event: 47.404 GC heap before
{Heap before GC invocations=17 (full 0):
 garbage-first heap   total 66560K, used 45296K [0x000000008ac00000, 0x0000000100000000)
  region size 1024K, 9 young (9216K), 2 survivors (2048K)
 Metaspace       used 44043K, committed 44352K, reserved 1114112K
  class space    used 5280K, committed 5440K, reserved 1048576K
}
Event: 47.418 GC heap after
{Heap after GC invocations=18 (full 0):
 garbage-first heap   total 79872K, used 39936K [0x000000008ac00000, 0x0000000100000000)
  region size 1024K, 2 young (2048K), 2 survivors (2048K)
 Metaspace       used 44043K, committed 44352K, reserved 1114112K
  class space    used 5280K, committed 5440K, reserved 1048576K
}
Event: 49.368 GC heap before
{Heap before GC invocations=18 (full 0):
 garbage-first heap   total 79872K, used 58368K [0x000000008ac00000, 0x0000000100000000)
  region size 1024K, 20 young (20480K), 2 survivors (2048K)
 Metaspace       used 44884K, committed 45120K, reserved 1114112K
  class space    used 5314K, committed 5440K, reserved 1048576K
}
Event: 49.384 GC heap after
{Heap after GC invocations=19 (full 0):
 garbage-first heap   total 79872K, used 43184K [0x000000008ac00000, 0x0000000100000000)
  region size 1024K, 3 young (3072K), 3 survivors (3072K)
 Metaspace       used 44884K, committed 45120K, reserved 1114112K
  class space    used 5314K, committed 5440K, reserved 1048576K
}
Event: 50.201 GC heap before
{Heap before GC invocations=20 (full 0):
 garbage-first heap   total 79872K, used 59568K [0x000000008ac00000, 0x0000000100000000)
  region size 1024K, 19 young (19456K), 3 survivors (3072K)
 Metaspace       used 45015K, committed 45248K, reserved 1114112K
  class space    used 5316K, committed 5440K, reserved 1048576K
}
Event: 50.218 GC heap after
{Heap after GC invocations=21 (full 0):
 garbage-first heap   total 79872K, used 46486K [0x000000008ac00000, 0x0000000100000000)
  region size 1024K, 3 young (3072K), 3 survivors (3072K)
 Metaspace       used 45015K, committed 45248K, reserved 1114112K
  class space    used 5316K, committed 5440K, reserved 1048576K
}
Event: 51.043 GC heap before
{Heap before GC invocations=21 (full 0):
 garbage-first heap   total 79872K, used 61846K [0x000000008ac00000, 0x0000000100000000)
  region size 1024K, 18 young (18432K), 3 survivors (3072K)
 Metaspace       used 45173K, committed 45440K, reserved 1114112K
  class space    used 5321K, committed 5440K, reserved 1048576K
}
Event: 51.059 GC heap after
{Heap after GC invocations=22 (full 0):
 garbage-first heap   total 79872K, used 49711K [0x000000008ac00000, 0x0000000100000000)
  region size 1024K, 3 young (3072K), 3 survivors (3072K)
 Metaspace       used 45173K, committed 45440K, reserved 1114112K
  class space    used 5321K, committed 5440K, reserved 1048576K
}
Event: 51.544 GC heap before
{Heap before GC invocations=23 (full 0):
 garbage-first heap   total 87040K, used 63023K [0x000000008ac00000, 0x0000000100000000)
  region size 1024K, 16 young (16384K), 3 survivors (3072K)
 Metaspace       used 45351K, committed 45632K, reserved 1114112K
  class space    used 5338K, committed 5504K, reserved 1048576K
}
Event: 51.556 GC heap after
{Heap after GC invocations=24 (full 0):
 garbage-first heap   total 87040K, used 51330K [0x000000008ac00000, 0x0000000100000000)
  region size 1024K, 2 young (2048K), 2 survivors (2048K)
 Metaspace       used 45351K, committed 45632K, reserved 1114112K
  class space    used 5338K, committed 5504K, reserved 1048576K
}
Event: 52.507 GC heap before
{Heap before GC invocations=24 (full 0):
 garbage-first heap   total 87040K, used 67714K [0x000000008ac00000, 0x0000000100000000)
  region size 1024K, 18 young (18432K), 2 survivors (2048K)
 Metaspace       used 47303K, committed 47616K, reserved 1114112K
  class space    used 5628K, committed 5760K, reserved 1048576K
}
Event: 52.518 GC heap after
{Heap after GC invocations=25 (full 0):
 garbage-first heap   total 87040K, used 52635K [0x000000008ac00000, 0x0000000100000000)
  region size 1024K, 3 young (3072K), 3 survivors (3072K)
 Metaspace       used 47303K, committed 47616K, reserved 1114112K
  class space    used 5628K, committed 5760K, reserved 1048576K
}
Event: 54.383 GC heap before
{Heap before GC invocations=26 (full 0):
 garbage-first heap   total 91136K, used 67995K [0x000000008ac00000, 0x0000000100000000)
  region size 1024K, 19 young (19456K), 3 survivors (3072K)
 Metaspace       used 49468K, committed 49728K, reserved 1114112K
  class space    used 5828K, committed 5952K, reserved 1048576K
}
Event: 54.399 GC heap after
{Heap after GC invocations=27 (full 0):
 garbage-first heap   total 91136K, used 54759K [0x000000008ac00000, 0x0000000100000000)
  region size 1024K, 3 young (3072K), 3 survivors (3072K)
 Metaspace       used 49468K, committed 49728K, reserved 1114112K
  class space    used 5828K, committed 5952K, reserved 1048576K
}
Event: 56.547 GC heap before
{Heap before GC invocations=27 (full 0):
 garbage-first heap   total 91136K, used 73191K [0x000000008ac00000, 0x0000000100000000)
  region size 1024K, 21 young (21504K), 3 survivors (3072K)
 Metaspace       used 51557K, committed 51904K, reserved 1114112K
  class space    used 5969K, committed 6144K, reserved 1048576K
}
Event: 56.563 GC heap after
{Heap after GC invocations=28 (full 0):
 garbage-first heap   total 91136K, used 56788K [0x000000008ac00000, 0x0000000100000000)
  region size 1024K, 2 young (2048K), 2 survivors (2048K)
 Metaspace       used 51557K, committed 51904K, reserved 1114112K
  class space    used 5969K, committed 6144K, reserved 1048576K
}

Dll operation events (7 events):
Event: 0.024 Loaded shared library C:\Program Files\Microsoft\jdk-17.0.12.7-hotspot\bin\java.dll
Event: 0.067 Loaded shared library C:\Program Files\Microsoft\jdk-17.0.12.7-hotspot\bin\jsvml.dll
Event: 0.202 Loaded shared library C:\Program Files\Microsoft\jdk-17.0.12.7-hotspot\bin\net.dll
Event: 0.207 Loaded shared library C:\Program Files\Microsoft\jdk-17.0.12.7-hotspot\bin\nio.dll
Event: 0.267 Loaded shared library C:\Program Files\Microsoft\jdk-17.0.12.7-hotspot\bin\zip.dll
Event: 0.352 Loaded shared library C:\Program Files\Microsoft\jdk-17.0.12.7-hotspot\bin\jimage.dll
Event: 6.579 Loaded shared library C:\Program Files\Microsoft\jdk-17.0.12.7-hotspot\bin\verify.dll

Deoptimization events (20 events):
Event: 57.296 Thread 0x00000221277080f0 DEOPT PACKING pc=0x0000022136e5f648 sp=0x000000fc943f78c0
Event: 57.296 Thread 0x00000221277080f0 DEOPT UNPACKING pc=0x00000221367b69a3 sp=0x000000fc943f7760 mode 2
Event: 57.305 Thread 0x00000221277080f0 Uncommon trap: trap_request=0xffffff45 fr.pc=0x0000022137081850 relative=0x0000000000000750
Event: 57.305 Thread 0x00000221277080f0 Uncommon trap: reason=unstable_if action=reinterpret pc=0x0000022137081850 method=org.jetbrains.kotlin.types.TypeUtils.isNullableType(Lorg/jetbrains/kotlin/types/KotlinType;)Z @ 114 c2
Event: 57.305 Thread 0x00000221277080f0 DEOPT PACKING pc=0x0000022137081850 sp=0x000000fc943f7b70
Event: 57.305 Thread 0x00000221277080f0 DEOPT UNPACKING pc=0x00000221367b69a3 sp=0x000000fc943f7b10 mode 2
Event: 57.326 Thread 0x00000221277080f0 Uncommon trap: trap_request=0xfffffff4 fr.pc=0x0000022136d97948 relative=0x0000000000000408
Event: 57.326 Thread 0x00000221277080f0 Uncommon trap: reason=null_check action=make_not_entrant pc=0x0000022136d97948 method=org.jetbrains.kotlin.builtins.KotlinBuiltIns.isTypeConstructorForGivenClass(Lorg/jetbrains/kotlin/types/TypeConstructor;Lorg/jetbrains/kotlin/name/FqNameUnsafe;)Z @ 26 c
Event: 57.326 Thread 0x00000221277080f0 DEOPT PACKING pc=0x0000022136d97948 sp=0x000000fc943f71f0
Event: 57.326 Thread 0x00000221277080f0 DEOPT UNPACKING pc=0x00000221367b69a3 sp=0x000000fc943f7120 mode 2
Event: 57.327 Thread 0x00000221277080f0 Uncommon trap: trap_request=0xffffff45 fr.pc=0x000002213706012c relative=0x000000000000098c
Event: 57.327 Thread 0x00000221277080f0 Uncommon trap: reason=unstable_if action=reinterpret pc=0x000002213706012c method=org.jetbrains.kotlin.utils.SmartSet.add(Ljava/lang/Object;)Z @ 88 c2
Event: 57.327 Thread 0x00000221277080f0 DEOPT PACKING pc=0x000002213706012c sp=0x000000fc943f7060
Event: 57.327 Thread 0x00000221277080f0 DEOPT UNPACKING pc=0x00000221367b69a3 sp=0x000000fc943f7028 mode 2
Event: 57.392 Thread 0x00000221277080f0 Uncommon trap: trap_request=0xffffffc6 fr.pc=0x000002213706a774 relative=0x0000000000003654
Event: 57.392 Thread 0x00000221277080f0 Uncommon trap: reason=bimorphic_or_optimized_type_check action=maybe_recompile pc=0x000002213706a774 method=org.jetbrains.kotlin.types.DescriptorSubstitutor.substituteTypeParameters(Ljava/util/List;Lorg/jetbrains/kotlin/types/TypeSubstitution;Lorg/jetbrai
Event: 57.392 Thread 0x00000221277080f0 DEOPT PACKING pc=0x000002213706a774 sp=0x000000fc943fab20
Event: 57.392 Thread 0x00000221277080f0 DEOPT UNPACKING pc=0x00000221367b69a3 sp=0x000000fc943faae8 mode 2
Event: 58.481 Thread 0x00000221277080f0 DEOPT PACKING pc=0x0000022130250c3a sp=0x000000fc943fa860
Event: 58.481 Thread 0x00000221277080f0 DEOPT UNPACKING pc=0x00000221367b7143 sp=0x000000fc943f9d00 mode 0

Classes loaded (20 events):
Event: 52.208 Loading class java/util/stream/Node$OfInt done
Event: 52.208 Loading class java/util/stream/Nodes$EmptyNode$OfInt done
Event: 52.208 Loading class java/util/stream/Nodes$EmptyNode$OfLong
Event: 52.209 Loading class java/util/stream/Node$OfLong
Event: 52.209 Loading class java/util/stream/Node$OfLong done
Event: 52.209 Loading class java/util/stream/Nodes$EmptyNode$OfLong done
Event: 52.209 Loading class java/util/stream/Nodes$EmptyNode$OfDouble
Event: 52.209 Loading class java/util/stream/Node$OfDouble
Event: 52.210 Loading class java/util/stream/Node$OfDouble done
Event: 52.210 Loading class java/util/stream/Nodes$EmptyNode$OfDouble done
Event: 52.210 Loading class java/util/stream/Nodes$SpinedNodeBuilder
Event: 52.210 Loading class java/util/stream/Node$Builder
Event: 52.210 Loading class java/util/stream/Node$Builder done
Event: 52.210 Loading class java/util/stream/SpinedBuffer
Event: 52.211 Loading class java/util/stream/AbstractSpinedBuffer
Event: 52.211 Loading class java/util/stream/AbstractSpinedBuffer done
Event: 52.211 Loading class java/util/stream/SpinedBuffer done
Event: 52.211 Loading class java/util/stream/Nodes$SpinedNodeBuilder done
Event: 52.360 Loading class jdk/internal/math/FDBigInteger
Event: 52.361 Loading class jdk/internal/math/FDBigInteger done

Classes unloaded (0 events):
No events

Classes redefined (0 events):
No events

Internal exceptions (20 events):
Event: 52.886 Thread 0x00000221277080f0 Implicit null exception at 0x0000022136f60ae4 to 0x0000022136f66d28
Event: 52.886 Thread 0x00000221277080f0 Implicit null exception at 0x0000022136f60ae4 to 0x0000022136f66d28
Event: 52.886 Thread 0x00000221277080f0 Implicit null exception at 0x0000022136f60ae4 to 0x0000022136f66d28
Event: 52.886 Thread 0x00000221277080f0 Implicit null exception at 0x0000022136f60ae4 to 0x0000022136f66d28
Event: 52.886 Thread 0x00000221277080f0 Implicit null exception at 0x0000022136f60ae4 to 0x0000022136f66d28
Event: 52.886 Thread 0x00000221277080f0 Implicit null exception at 0x0000022136f60ae4 to 0x0000022136f66d28
Event: 52.886 Thread 0x00000221277080f0 Implicit null exception at 0x0000022136f60ae4 to 0x0000022136f66d28
Event: 52.886 Thread 0x00000221277080f0 Implicit null exception at 0x0000022136f60ae4 to 0x0000022136f66d28
Event: 52.886 Thread 0x00000221277080f0 Implicit null exception at 0x0000022136f60ae4 to 0x0000022136f66d28
Event: 52.886 Thread 0x00000221277080f0 Implicit null exception at 0x0000022136f60ae4 to 0x0000022136f66d28
Event: 52.886 Thread 0x00000221277080f0 Implicit null exception at 0x0000022136f88e9a to 0x0000022136f8ee20
Event: 52.892 Thread 0x00000221277080f0 Implicit null exception at 0x0000022136f7fdd6 to 0x0000022136f813d4
Event: 52.972 Thread 0x00000221277080f0 Exception <a 'java/lang/NoSuchMethodError'{0x0000000090186ba0}: 'java.lang.Object java.lang.invoke.DirectMethodHandle$Holder.newInvokeSpecial(java.lang.Object, int, java.lang.Object, java.lang.Object)'> (0x0000000090186ba0) 
thrown [s\src\hotspot\share\interpreter\linkResolver.cpp, line 759]
Event: 52.973 Thread 0x00000221277080f0 Exception <a 'java/lang/NoSuchMethodError'{0x000000009018b2f0}: 'java.lang.Object java.lang.invoke.DirectMethodHandle$Holder.invokeSpecial(java.lang.Object, java.lang.Object, int, java.lang.Object, java.lang.Object)'> (0x000000009018b2f0) 
thrown [s\src\hotspot\share\interpreter\linkResolver.cpp, line 759]
Event: 54.839 Thread 0x00000221277080f0 Exception <a 'java/lang/NoSuchMethodError'{0x0000000090070f58}: 'java.lang.Object java.lang.invoke.DirectMethodHandle$Holder.invokeInterface(java.lang.Object, java.lang.Object, java.lang.Object)'> (0x0000000090070f58) 
thrown [s\src\hotspot\share\interpreter\linkResolver.cpp, line 759]
Event: 54.839 Thread 0x00000221277080f0 Exception <a 'java/lang/IncompatibleClassChangeError'{0x00000000900748c8}: Found class java.lang.Object, but interface was expected> (0x00000000900748c8) 
thrown [s\src\hotspot\share\interpreter\linkResolver.cpp, line 826]
Event: 55.834 Thread 0x00000221277080f0 Exception <a 'java/lang/NoSuchMethodError'{0x000000008f899370}: 'java.lang.Object java.lang.invoke.DirectMethodHandle$Holder.newInvokeSpecial(java.lang.Object, java.lang.Object, java.lang.Object, java.lang.Object, java.lang.Object, java.lang.Object, java.lang.Object)'> (0x000000008f899370) 
thrown [s\src\hotspot\share\interpreter\linkResolver.cpp, line 759]
Event: 55.835 Thread 0x00000221277080f0 Exception <a 'java/lang/NoSuchMethodError'{0x000000008f89daf0}: 'java.lang.Object java.lang.invoke.Invokers$Holder.linkToTargetMethod(java.lang.Object, java.lang.Object, java.lang.Object, java.lang.Object, java.lang.Object, java.lang.Object, java.lang.Object)'> (0x000000008f89daf0) 
thrown [s\src\hotspot\share\interpreter\linkResolver.cpp, line 759]
Event: 56.733 Thread 0x00000221277080f0 Implicit null exception at 0x0000022136ed6558 to 0x0000022136ed65ee
Event: 57.326 Thread 0x00000221277080f0 Implicit null exception at 0x0000022136d97599 to 0x0000022136d97937

VM Operations (20 events):
Event: 56.563 Executing VM operation: G1CollectForAllocation done
Event: 56.641 Executing VM operation: G1PauseRemark
Event: 56.655 Executing VM operation: G1PauseRemark done
Event: 56.683 Executing VM operation: G1PauseCleanup
Event: 56.685 Executing VM operation: G1PauseCleanup done
Event: 56.920 Executing VM operation: ICBufferFull
Event: 56.920 Executing VM operation: ICBufferFull done
Event: 57.244 Executing VM operation: HandshakeAllThreads
Event: 57.244 Executing VM operation: HandshakeAllThreads done
Event: 57.253 Executing VM operation: HandshakeAllThreads
Event: 57.253 Executing VM operation: HandshakeAllThreads done
Event: 57.291 Executing VM operation: HandshakeAllThreads
Event: 57.291 Executing VM operation: HandshakeAllThreads done
Event: 57.293 Executing VM operation: HandshakeAllThreads
Event: 57.293 Executing VM operation: HandshakeAllThreads done
Event: 57.332 Executing VM operation: ICBufferFull
Event: 57.332 Executing VM operation: ICBufferFull done
Event: 58.343 Executing VM operation: Cleanup
Event: 58.502 Executing VM operation: Cleanup done
Event: 59.516 Executing VM operation: Cleanup

Events (20 events):
Event: 54.536 Thread 0x000002214558ced0 flushing nmethod 0x000002213020ba10
Event: 54.536 Thread 0x000002214558ced0 flushing nmethod 0x000002213022c110
Event: 54.536 Thread 0x000002214558ced0 flushing nmethod 0x0000022130231c10
Event: 54.536 Thread 0x000002214558ced0 flushing nmethod 0x000002213024e610
Event: 54.537 Thread 0x000002214558ced0 flushing nmethod 0x0000022130277b90
Event: 54.537 Thread 0x000002214558ced0 flushing nmethod 0x0000022130292710
Event: 54.537 Thread 0x000002214558ced0 flushing nmethod 0x00000221302a1c10
Event: 54.537 Thread 0x000002214558ced0 flushing nmethod 0x00000221302bc490
Event: 54.537 Thread 0x000002214558ced0 flushing nmethod 0x00000221302fd890
Event: 54.537 Thread 0x000002214558ced0 flushing nmethod 0x0000022130326590
Event: 54.537 Thread 0x000002214558ced0 flushing nmethod 0x000002213032c010
Event: 54.538 Thread 0x000002214558ced0 flushing nmethod 0x00000221303ad410
Event: 54.538 Thread 0x000002214558ced0 flushing nmethod 0x000002213042d910
Event: 54.539 Thread 0x000002214558ced0 flushing nmethod 0x00000221304a4990
Event: 54.539 Thread 0x000002214558ced0 flushing nmethod 0x00000221304fa310
Event: 54.539 Thread 0x000002214558ced0 flushing nmethod 0x0000022130503b90
Event: 54.980 Thread 0x000002218e76e130 Thread added: 0x000002218e76e130
Event: 55.551 Thread 0x000002218e76e130 Thread exited: 0x000002218e76e130
Event: 56.717 Thread 0x000002218d0977c0 Thread exited: 0x000002218d0977c0
Event: 56.982 Thread 0x000002218e76d140 Thread added: 0x000002218e76d140


Dynamic libraries:
0x00007ff6eccd0000 - 0x00007ff6eccde000 	C:\Program Files\Microsoft\jdk-17.0.12.7-hotspot\bin\java.exe
0x00007fff74ec0000 - 0x00007fff75120000 	C:\WINDOWS\SYSTEM32\ntdll.dll
0x00007fff73cf0000 - 0x00007fff73db7000 	C:\WINDOWS\System32\KERNEL32.DLL
0x00007fff720a0000 - 0x00007fff7246a000 	C:\WINDOWS\System32\KERNELBASE.dll
0x00007fff72680000 - 0x00007fff727cb000 	C:\WINDOWS\System32\ucrtbase.dll
0x00007fff4c1d0000 - 0x00007fff4c1e7000 	C:\Program Files\Microsoft\jdk-17.0.12.7-hotspot\bin\jli.dll
0x00007fff4c210000 - 0x00007fff4c22d000 	C:\Program Files\Microsoft\jdk-17.0.12.7-hotspot\bin\VCRUNTIME140.dll
0x00007fff74ac0000 - 0x00007fff74c8c000 	C:\WINDOWS\System32\USER32.dll
0x00007fff5b990000 - 0x00007fff5bc27000 	C:\WINDOWS\WinSxS\amd64_microsoft.windows.common-controls_6595b64144ccf1df_6.0.26100.3624_none_3e086962e3345f24\COMCTL32.dll
0x00007fff725b0000 - 0x00007fff725d7000 	C:\WINDOWS\System32\win32u.dll
0x00007fff73240000 - 0x00007fff732e9000 	C:\WINDOWS\System32\msvcrt.dll
0x00007fff732f0000 - 0x00007fff7331a000 	C:\WINDOWS\System32\GDI32.dll
0x00007fff72470000 - 0x00007fff725a1000 	C:\WINDOWS\System32\gdi32full.dll
0x00007fff72b50000 - 0x00007fff72bf3000 	C:\WINDOWS\System32\msvcp_win.dll
0x00007fff72dc0000 - 0x00007fff72def000 	C:\WINDOWS\System32\IMM32.DLL
0x00007fff58940000 - 0x00007fff5894c000 	C:\Program Files\Microsoft\jdk-17.0.12.7-hotspot\bin\vcruntime140_1.dll
0x00007fff17c80000 - 0x00007fff17d0d000 	C:\Program Files\Microsoft\jdk-17.0.12.7-hotspot\bin\msvcp140.dll
0x00007ffefe290000 - 0x00007ffefef00000 	C:\Program Files\Microsoft\jdk-17.0.12.7-hotspot\bin\server\jvm.dll
0x00007fff730d0000 - 0x00007fff73182000 	C:\WINDOWS\System32\ADVAPI32.dll
0x00007fff73320000 - 0x00007fff733c6000 	C:\WINDOWS\System32\sechost.dll
0x00007fff73400000 - 0x00007fff73516000 	C:\WINDOWS\System32\RPCRT4.dll
0x00007fff72e00000 - 0x00007fff72e74000 	C:\WINDOWS\System32\WS2_32.dll
0x00007fff71ef0000 - 0x00007fff71f4e000 	C:\WINDOWS\SYSTEM32\POWRPROF.dll
0x00007fff6acc0000 - 0x00007fff6acf6000 	C:\WINDOWS\SYSTEM32\WINMM.dll
0x00007fff6ad00000 - 0x00007fff6ad0b000 	C:\WINDOWS\SYSTEM32\VERSION.dll
0x00007fff71ed0000 - 0x00007fff71ee4000 	C:\WINDOWS\SYSTEM32\UMPDC.dll
0x00007fff70eb0000 - 0x00007fff70eca000 	C:\WINDOWS\SYSTEM32\kernel.appcore.dll
0x00007fff582a0000 - 0x00007fff582aa000 	C:\Program Files\Microsoft\jdk-17.0.12.7-hotspot\bin\jimage.dll
0x00007fff65020000 - 0x00007fff65261000 	C:\WINDOWS\SYSTEM32\DBGHELP.DLL
0x00007fff737d0000 - 0x00007fff73b52000 	C:\WINDOWS\System32\combase.dll
0x00007fff744f0000 - 0x00007fff745c6000 	C:\WINDOWS\System32\OLEAUT32.dll
0x00007fff54af0000 - 0x00007fff54b29000 	C:\WINDOWS\SYSTEM32\dbgcore.DLL
0x00007fff725e0000 - 0x00007fff72679000 	C:\WINDOWS\System32\bcryptPrimitives.dll
0x00007fff41a50000 - 0x00007fff41a75000 	C:\Program Files\Microsoft\jdk-17.0.12.7-hotspot\bin\java.dll
0x00007fff08c40000 - 0x00007fff08d17000 	C:\Program Files\Microsoft\jdk-17.0.12.7-hotspot\bin\jsvml.dll
0x00007fff73dc0000 - 0x00007fff744e9000 	C:\WINDOWS\System32\SHELL32.dll
0x00007fff72860000 - 0x00007fff729c8000 	C:\WINDOWS\System32\wintypes.dll
0x00007fff6fd20000 - 0x00007fff70572000 	C:\WINDOWS\SYSTEM32\windows.storage.dll
0x00007fff72e80000 - 0x00007fff72f6d000 	C:\WINDOWS\System32\SHCORE.dll
0x00007fff72cc0000 - 0x00007fff72d24000 	C:\WINDOWS\System32\shlwapi.dll
0x00007fff71fb0000 - 0x00007fff71fdf000 	C:\WINDOWS\SYSTEM32\profapi.dll
0x00007fff4a6f0000 - 0x00007fff4a70a000 	C:\Program Files\Microsoft\jdk-17.0.12.7-hotspot\bin\net.dll
0x00007fff68420000 - 0x00007fff6853d000 	C:\WINDOWS\SYSTEM32\WINHTTP.dll
0x00007fff713d0000 - 0x00007fff7143a000 	C:\WINDOWS\system32\mswsock.dll
0x00007fff3dc30000 - 0x00007fff3dc46000 	C:\Program Files\Microsoft\jdk-17.0.12.7-hotspot\bin\nio.dll
0x00007fff3aa10000 - 0x00007fff3aa28000 	C:\Program Files\Microsoft\jdk-17.0.12.7-hotspot\bin\zip.dll
0x00007fff57b90000 - 0x00007fff57ba0000 	C:\Program Files\Microsoft\jdk-17.0.12.7-hotspot\bin\verify.dll

dbghelp: loaded successfully - version: 4.0.5 - missing functions: none
symbol engine: initialized successfully - sym options: 0x614 - pdb path: .;C:\Program Files\Microsoft\jdk-17.0.12.7-hotspot\bin;C:\WINDOWS\SYSTEM32;C:\WINDOWS\WinSxS\amd64_microsoft.windows.common-controls_6595b64144ccf1df_6.0.26100.3624_none_3e086962e3345f24;C:\Program Files\Microsoft\jdk-17.0.12.7-hotspot\bin\server

VM Arguments:
java_command: org.jetbrains.kotlin.cli.jvm.K2JVMCompiler @C:\NexgenLMS\NexGenMobile\node_modules\react-native-video\android\buildOutput_a15d4dee7fc4eda61b91308cbb6a2e72\20250419_10174105785978390660.compiler.options
java_class_path (initial): C:\Users\Abutalib\.gradle\caches\modules-2\files-2.1\org.jetbrains.kotlin\kotlin-compiler-embeddable\1.9.24\78dab849090e6c5e2eadb6e59a11cdc28fb67a08\kotlin-compiler-embeddable-1.9.24.jar;C:\Users\Abutalib\.gradle\caches\modules-2\files-2.1\org.jetbrains.kotlin\kotlin-stdlib\1.9.24\9928532f12c66ad816a625b3f9984f8368ca6d2b\kotlin-stdlib-1.9.24.jar;C:\Users\Abutalib\.gradle\caches\modules-2\files-2.1\org.jetbrains.kotlin\kotlin-script-runtime\1.9.24\96771497da90fbc5af1c90fce148db2595a62502\kotlin-script-runtime-1.9.24.jar;C:\Users\Abutalib\.gradle\caches\modules-2\files-2.1\org.jetbrains.kotlin\kotlin-reflect\1.6.10\1cbe9c92c12a94eea200d23c2bbaedaf3daf5132\kotlin-reflect-1.6.10.jar;C:\Users\Abutalib\.gradle\caches\modules-2\files-2.1\org.jetbrains.kotlin\kotlin-daemon-embeddable\1.9.24\86685b9c5e8d170925bd9ddbdc263374a6a73281\kotlin-daemon-embeddable-1.9.24.jar;C:\Users\Abutalib\.gradle\caches\modules-2\files-2.1\org.jetbrains.intellij.deps\trove4j\1.0.20200330\3afb14d5f9ceb459d724e907a21145e8ff394f02\trove4j-1.0.20200330.jar;C:\Users\Abutalib\.gradle\caches\modules-2\files-2.1\org.jetbrains\annotations\13.0\919f0dfe192fb4e063e7dacadee7f8bb9a2672a9\annotations-13.0.jar
Launcher Type: SUN_STANDARD

[Global flags]
     intx CICompilerCount                          = 4                                         {product} {ergonomic}
     uint ConcGCThreads                            = 2                                         {product} {ergonomic}
     uint G1ConcRefinementThreads                  = 8                                         {product} {ergonomic}
   size_t G1HeapRegionSize                         = 1048576                                   {product} {ergonomic}
    uintx GCDrainStackTargetSize                   = 64                                        {product} {ergonomic}
   size_t InitialHeapSize                          = 123731968                                 {product} {ergonomic}
   size_t MarkStackSize                            = 4194304                                   {product} {ergonomic}
   size_t MaxHeapSize                              = 1967128576                                {product} {ergonomic}
   size_t MaxNewSize                               = 1179648000                                {product} {ergonomic}
   size_t MinHeapDeltaBytes                        = 1048576                                   {product} {ergonomic}
   size_t MinHeapSize                              = 8388608                                   {product} {ergonomic}
    uintx NonNMethodCodeHeapSize                   = 5839372                                {pd product} {ergonomic}
    uintx NonProfiledCodeHeapSize                  = 122909434                              {pd product} {ergonomic}
    uintx ProfiledCodeHeapSize                     = 122909434                              {pd product} {ergonomic}
    uintx ReservedCodeCacheSize                    = 251658240                              {pd product} {ergonomic}
     bool SegmentedCodeCache                       = true                                      {product} {ergonomic}
   size_t SoftMaxHeapSize                          = 1967128576                             {manageable} {ergonomic}
     bool UseCompressedClassPointers               = true                           {product lp64_product} {ergonomic}
     bool UseCompressedOops                        = true                           {product lp64_product} {ergonomic}
     bool UseG1GC                                  = true                                      {product} {ergonomic}
     bool UseLargePagesIndividualAllocation        = false                                  {pd product} {ergonomic}

Logging:
Log output configuration:
 #0: stdout all=warning uptime,level,tags
 #1: stderr all=off uptime,level,tags

Environment Variables:
JAVA_HOME=C:\Program Files\Microsoft\jdk-17.0.12.7-hotspot
CLASSPATH=C:\NexgenLMS\NexGenMobile\android\\gradle\wrapper\gradle-wrapper.jar
PATH=C:\NexgenLMS\NexGenMobile\node_modules\.bin;C:\NexgenLMS\node_modules\.bin;C:\node_modules\.bin;C:\Users\Abutalib\AppData\Roaming\npm\node_modules\npm\node_modules\@npmcli\run-script\lib\node-gyp-bin;C:\Program Files\Microsoft\jdk-17.0.12.7-hotspot\bin;C:\Users\Abutalib\AppData\Local\Programs\Python\Python311\Scripts\;C:\Users\Abutalib\AppData\Local\Programs\Python\Python311\;C:\Ruby32-x64\bin;C:\Program Files\Common Files\Oracle\Java\javapath;C:\Users\Abutalib\AppData\Local\Programs\Python\Python311;c:\users\abutalib\appdata\local\programs\python\python311\lib\site-packages\pip\__init__.py;C:\WINDOWS\system32;C:\WINDOWS;C:\WINDOWS\System32\OpenSSH\;C:\WINDOWS\System32\Wbem;C:\WINDOWS\System32\WindowsPowerShell\v1.0\;C:\Program Files (x86)\Yarn\bin\;C:\Program Files\Git\cmd;C:\ProgramData\chocolatey\bin;C:\php;C:\ProgramData\ComposerSetup\bin;C:\Program Files\nodejs\;C:\Program Files\Amazon\AWSCLIV2\;C:\Program Files\nodejs;C:\Users\Abutalib\AppData\Local\Microsoft\WindowsApps;C:\Users\Abutalib\AppData\Local\Android\Sdk\emulator;C:\Users\Abutalib\AppData\Local\Android\Sdk\platform-tools;C:\Users\Abutalib\AppData\Local\Android\Sdk\cmdline-tools\13.0\bin;C:\java programs\Microsoft VS Code\bin;C:\Users\Abutalib\PyCharm Community Edition 2022.3\bin;;C:\MinGW\bin;C:\MinGW\bin\gcc.exe;C:\Users\Abutalib\AppData\Local\Yarn\bin;C:\Program Files\Microsoft\jdk-17.0.12.7-hotspot\bin;C:\Users\Abutalib\AppData\Local\Microsoft\WinGet\Packages\Schniz.fnm_Microsoft.Winget.Source_8wekyb3d8bbwe;C:\Users\Abutalib\AppData\Local\Android\Sdk\system-images\android-34-ext12\google_apis_playstore\x86_64;
USERNAME=Abutalib
OS=Windows_NT
PROCESSOR_IDENTIFIER=AMD64 Family 23 Model 104 Stepping 1, AuthenticAMD
TMP=C:\Users\Abutalib\AppData\Local\Temp
TEMP=C:\Users\Abutalib\AppData\Local\Temp



Periodic native trim disabled


---------------  S Y S T E M  ---------------

OS:
 Windows 11 , 64 bit Build 26100 (10.0.26100.3775)
OS uptime: 0 days 1:11 hours
Hyper-V role detected

CPU: total 8 (initial active 8) (8 cores per cpu, 2 threads per core) family 23 model 104 stepping 1 microcode 0x8608107, cx8, cmov, fxsr, ht, mmx, 3dnowpref, sse, sse2, sse3, ssse3, sse4a, sse4.1, sse4.2, popcnt, lzcnt, tsc, tscinvbit, avx, avx2, aes, clmul, bmi1, bmi2, adx, sha, fma, vzeroupper, clflush, clflushopt, hv
Processor Information for processor 0
  Max Mhz: 2600, Current Mhz: 2600, Mhz Limit: 2600
Processor Information for processor 1
  Max Mhz: 2600, Current Mhz: 1789, Mhz Limit: 2600
Processor Information for processor 2
  Max Mhz: 2600, Current Mhz: 1789, Mhz Limit: 2600
Processor Information for processor 3
  Max Mhz: 2600, Current Mhz: 1789, Mhz Limit: 2600
Processor Information for processor 4
  Max Mhz: 2600, Current Mhz: 2600, Mhz Limit: 2600
Processor Information for processor 5
  Max Mhz: 2600, Current Mhz: 2600, Mhz Limit: 2600
Processor Information for processor 6
  Max Mhz: 2600, Current Mhz: 1789, Mhz Limit: 2600
Processor Information for processor 7
  Max Mhz: 2600, Current Mhz: 1789, Mhz Limit: 2600

Memory: 4k page, system-wide physical 7502M (472M free)
TotalPageFile size 30030M (AvailPageFile size 0M)
current process WorkingSet (physical memory assigned to process): 246M, peak: 257M
current process commit charge ("private bytes"): 312M, peak: 322M

vm_info: OpenJDK 64-Bit Server VM (17.0.12+7-LTS) for windows-amd64 JRE (17.0.12+7-LTS), built on Jul 16 2024 18:11:44 by "MicrosoftCorporation" with unknown MS VC++:1939

END.
