#
# There is insufficient memory for the Java Runtime Environment to continue.
# Native memory allocation (malloc) failed to allocate 2039504 bytes. Error detail: Chunk::new
# Possible reasons:
#   The system is out of physical RAM or swap space
#   This process is running with CompressedOops enabled, and the Java Heap may be blocking the growth of the native heap
# Possible solutions:
#   Reduce memory load on the system
#   Increase physical memory or swap space
#   Check if swap backing store is full
#   Decrease Java heap size (-Xmx/-Xms)
#   Decrease number of Java threads
#   Decrease Java thread stack sizes (-Xss)
#   Set larger code cache with -XX:ReservedCodeCacheSize=
#   JVM is running with Unscaled Compressed Oops mode in which the Java heap is
#     placed in the first 4GB address space. The Java Heap base address is the
#     maximum limit for the native heap growth. Please use -XX:HeapBaseMinAddress
#     to set the Java Heap base and to place the Java Heap above 4GB virtual address.
# This output file may be truncated or incomplete.
#
#  Out of Memory Error (arena.cpp:191), pid=21612, tid=19404
#
# JRE version: OpenJDK Runtime Environment Microsoft-9889599 (17.0.12+7) (build 17.0.12+7-LTS)
# Java VM: OpenJDK 64-Bit Server VM Microsoft-9889599 (17.0.12+7-LTS, mixed mode, sharing, tiered, compressed oops, compressed class ptrs, g1 gc, windows-amd64)
# No core dump will be written. Minidumps are not enabled by default on client versions of Windows
#

---------------  S U M M A R Y ------------

Command Line: -XX:+HeapDumpOnOutOfMemoryError --add-opens=java.base/java.util=ALL-UNNAMED --add-opens=java.base/java.lang=ALL-UNNAMED --add-opens=java.base/java.lang.invoke=ALL-UNNAMED --add-opens=java.prefs/java.util.prefs=ALL-UNNAMED --add-exports=jdk.compiler/com.sun.tools.javac.api=ALL-UNNAMED --add-exports=jdk.compiler/com.sun.tools.javac.util=ALL-UNNAMED --add-opens=java.base/java.nio.charset=ALL-UNNAMED --add-opens=java.base/java.net=ALL-UNNAMED --add-opens=java.base/java.util.concurrent.atomic=ALL-UNNAMED -Xmx2048m -Dfile.encoding=UTF-8 -Duser.country=IN -Duser.language=en -Duser.variant -javaagent:C:\Users\Abutalib\.gradle\wrapper\dists\gradle-8.10.2-all\7iv73wktx1xtkvlq19urqw1wm\gradle-8.10.2\lib\agents\gradle-instrumentation-agent-8.10.2.jar org.gradle.launcher.daemon.bootstrap.GradleDaemon 8.10.2

Host: AMD Ryzen 3 5300U with Radeon Graphics         , 8 cores, 7G,  Windows 11 , 64 bit Build 26100 (10.0.26100.3775)
Time: Thu May  8 15:25:46 2025 India Standard Time elapsed time: 43.732138 seconds (0d 0h 0m 43s)

---------------  T H R E A D  ---------------

Current thread (0x000001ad7d0060b0):  JavaThread "C2 CompilerThread2" daemon [_thread_in_native, id=19404, stack(0x0000004176e00000,0x0000004176f00000)]


Current CompileTask:
C2:  43732 3958   !   4       java.net.URLClassLoader$1::run (81 bytes)

Stack: [0x0000004176e00000,0x0000004176f00000]
Native frames: (J=compiled Java code, j=interpreted, Vv=VM code, C=native code)
V  [jvm.dll+0x686d99]
V  [jvm.dll+0x83daf8]
V  [jvm.dll+0x83f5a3]
V  [jvm.dll+0x83fc13]
V  [jvm.dll+0x2492ef]
V  [jvm.dll+0xad0a4]
V  [jvm.dll+0xad73c]
V  [jvm.dll+0x36a44e]
V  [jvm.dll+0x334b83]
V  [jvm.dll+0x33401a]
V  [jvm.dll+0x21a538]
V  [jvm.dll+0x21996f]
V  [jvm.dll+0x1a53e6]
V  [jvm.dll+0x229faa]
V  [jvm.dll+0x2280fb]
V  [jvm.dll+0x7f3508]
V  [jvm.dll+0x7ed87c]
V  [jvm.dll+0x685c77]
C  [ucrtbase.dll+0x37b0]
C  [KERNEL32.DLL+0x2e8d7]
C  [ntdll.dll+0xb14fc]


---------------  P R O C E S S  ---------------

Threads class SMR info:
_java_thread_list=0x000001ad505f4910, length=35, elements={
0x000001ad69aecc40, 0x000001ad78f504e0, 0x000001ad78f51b20, 0x000001ad78f67ae0,
0x000001ad78f6a3c0, 0x000001ad78f6ac90, 0x000001ad78f6cc40, 0x000001ad78f71850,
0x000001ad78f7a3e0, 0x000001ad78f7c000, 0x000001ad78f3d620, 0x000001ad7d188040,
0x000001ad7eb12db0, 0x000001ad7e843240, 0x000001ad7df35ef0, 0x000001ad7e842720,
0x000001ad7d42e510, 0x000001ad7d741380, 0x000001ad7d73f520, 0x000001ad7d741890,
0x000001ad7d73fa30, 0x000001ad7d741da0, 0x000001ad7d73e5f0, 0x000001ad7d740960,
0x000001ad7d740e70, 0x000001ad7d73f010, 0x000001ad7d73eb00, 0x000001ad7d73ff40,
0x000001ad7d740450, 0x000001ad505d18b0, 0x000001ad505d2cf0, 0x000001ad505d3200,
0x000001ad505d3710, 0x000001ad7fb30ff0, 0x000001ad7d0060b0
}

Java Threads: ( => current thread )
  0x000001ad69aecc40 JavaThread "main" [_thread_blocked, id=20268, stack(0x0000004173c00000,0x0000004173d00000)]
  0x000001ad78f504e0 JavaThread "Reference Handler" daemon [_thread_blocked, id=21204, stack(0x0000004174300000,0x0000004174400000)]
  0x000001ad78f51b20 JavaThread "Finalizer" daemon [_thread_blocked, id=10144, stack(0x0000004174400000,0x0000004174500000)]
  0x000001ad78f67ae0 JavaThread "Signal Dispatcher" daemon [_thread_blocked, id=1768, stack(0x0000004174500000,0x0000004174600000)]
  0x000001ad78f6a3c0 JavaThread "Attach Listener" daemon [_thread_blocked, id=4504, stack(0x0000004174600000,0x0000004174700000)]
  0x000001ad78f6ac90 JavaThread "Service Thread" daemon [_thread_blocked, id=21956, stack(0x0000004174700000,0x0000004174800000)]
  0x000001ad78f6cc40 JavaThread "Monitor Deflation Thread" daemon [_thread_blocked, id=18028, stack(0x0000004174800000,0x0000004174900000)]
  0x000001ad78f71850 JavaThread "C2 CompilerThread0" daemon [_thread_in_native, id=14792, stack(0x0000004174900000,0x0000004174a00000)]
  0x000001ad78f7a3e0 JavaThread "C1 CompilerThread0" daemon [_thread_blocked, id=23460, stack(0x0000004174a00000,0x0000004174b00000)]
  0x000001ad78f7c000 JavaThread "Sweeper thread" daemon [_thread_blocked, id=21608, stack(0x0000004174b00000,0x0000004174c00000)]
  0x000001ad78f3d620 JavaThread "Common-Cleaner" daemon [_thread_blocked, id=20144, stack(0x0000004174c00000,0x0000004174d00000)]
  0x000001ad7d188040 JavaThread "Notification Thread" daemon [_thread_blocked, id=23036, stack(0x0000004174d00000,0x0000004174e00000)]
  0x000001ad7eb12db0 JavaThread "Daemon health stats" [_thread_blocked, id=11332, stack(0x0000004175300000,0x0000004175400000)]
  0x000001ad7e843240 JavaThread "Incoming local TCP Connector on port 59359" [_thread_in_native, id=20524, stack(0x0000004175400000,0x0000004175500000)]
  0x000001ad7df35ef0 JavaThread "Daemon periodic checks" [_thread_blocked, id=10900, stack(0x0000004175500000,0x0000004175600000)]
  0x000001ad7e842720 JavaThread "Daemon" [_thread_blocked, id=23376, stack(0x0000004175600000,0x0000004175700000)]
  0x000001ad7d42e510 JavaThread "Handler for socket connection from /127.0.0.1:59359 to /127.0.0.1:59361" [_thread_in_native, id=13020, stack(0x0000004175700000,0x0000004175800000)]
  0x000001ad7d741380 JavaThread "Cancel handler" [_thread_blocked, id=17256, stack(0x0000004175800000,0x0000004175900000)]
  0x000001ad7d73f520 JavaThread "Daemon worker" [_thread_in_vm, id=19172, stack(0x0000004175900000,0x0000004175a00000)]
  0x000001ad7d741890 JavaThread "Asynchronous log dispatcher for DefaultDaemonConnection: socket connection from /127.0.0.1:59359 to /127.0.0.1:59361" [_thread_blocked, id=684, stack(0x0000004175a00000,0x0000004175b00000)]
  0x000001ad7d73fa30 JavaThread "Stdin handler" [_thread_blocked, id=7416, stack(0x0000004175b00000,0x0000004175c00000)]
  0x000001ad7d741da0 JavaThread "Daemon client event forwarder" [_thread_blocked, id=3140, stack(0x0000004175c00000,0x0000004175d00000)]
  0x000001ad7d73e5f0 JavaThread "Cache worker for journal cache (C:\Users\Abutalib\.gradle\caches\journal-1)" [_thread_blocked, id=7848, stack(0x0000004175d00000,0x0000004175e00000)]
  0x000001ad7d740960 JavaThread "File lock request listener" [_thread_in_native, id=20016, stack(0x0000004175e00000,0x0000004175f00000)]
  0x000001ad7d740e70 JavaThread "Cache worker for file hash cache (C:\Users\Abutalib\.gradle\caches\8.10.2\fileHashes)" [_thread_blocked, id=24392, stack(0x0000004175f00000,0x0000004176000000)]
  0x000001ad7d73f010 JavaThread "Cache worker for file hash cache (C:\Kadheria\NexGenMobile\android\.gradle\8.10.2\fileHashes)" [_thread_blocked, id=23560, stack(0x0000004176300000,0x0000004176400000)]
  0x000001ad7d73eb00 JavaThread "Cache worker for Build Output Cleanup Cache (C:\Kadheria\NexGenMobile\android\.gradle\buildOutputCleanup)" [_thread_blocked, id=9988, stack(0x0000004176400000,0x0000004176500000)]
  0x000001ad7d73ff40 JavaThread "File watcher server" daemon [_thread_in_native, id=14504, stack(0x0000004176600000,0x0000004176700000)]
  0x000001ad7d740450 JavaThread "File watcher consumer" daemon [_thread_blocked, id=22732, stack(0x0000004176700000,0x0000004176800000)]
  0x000001ad505d18b0 JavaThread "Cache worker for checksums cache (C:\Kadheria\NexGenMobile\android\.gradle\8.10.2\checksums)" [_thread_blocked, id=22004, stack(0x0000004173a00000,0x0000004173b00000)]
  0x000001ad505d2cf0 JavaThread "Cache worker for file content cache (C:\Users\Abutalib\.gradle\caches\8.10.2\fileContent)" [_thread_blocked, id=24244, stack(0x0000004176800000,0x0000004176900000)]
  0x000001ad505d3200 JavaThread "Cache worker for cache directory md-rule (C:\Users\Abutalib\.gradle\caches\8.10.2\md-rule)" [_thread_blocked, id=21400, stack(0x0000004176900000,0x0000004176a00000)]
  0x000001ad505d3710 JavaThread "Cache worker for cache directory md-supplier (C:\Users\Abutalib\.gradle\caches\8.10.2\md-supplier)" [_thread_blocked, id=22048, stack(0x0000004176a00000,0x0000004176b00000)]
  0x000001ad7fb30ff0 JavaThread "C2 CompilerThread1" daemon [_thread_in_native, id=12528, stack(0x0000004176d00000,0x0000004176e00000)]
=>0x000001ad7d0060b0 JavaThread "C2 CompilerThread2" daemon [_thread_in_native, id=19404, stack(0x0000004176e00000,0x0000004176f00000)]

Other Threads:
  0x000001ad78f49b60 VMThread "VM Thread" [stack: 0x0000004174200000,0x0000004174300000] [id=22288]
  0x000001ad69aed9d0 WatcherThread [stack: 0x0000004174e00000,0x0000004174f00000] [id=9968]
  0x000001ad69b4ab20 GCTaskThread "GC Thread#0" [stack: 0x0000004173d00000,0x0000004173e00000] [id=20260]
  0x000001ad7d2b88b0 GCTaskThread "GC Thread#1" [stack: 0x0000004175000000,0x0000004175100000] [id=14476]
  0x000001ad7d8c0170 GCTaskThread "GC Thread#2" [stack: 0x0000004175100000,0x0000004175200000] [id=20236]
  0x000001ad7dc75870 GCTaskThread "GC Thread#3" [stack: 0x0000004174f00000,0x0000004175000000] [id=11660]
  0x000001ad7e093220 GCTaskThread "GC Thread#4" [stack: 0x0000004175200000,0x0000004175300000] [id=13616]
  0x000001ad50ad5770 GCTaskThread "GC Thread#5" [stack: 0x0000004176000000,0x0000004176100000] [id=3772]
  0x000001ad50ad4f30 GCTaskThread "GC Thread#6" [stack: 0x0000004176100000,0x0000004176200000] [id=23812]
  0x000001ad50ad5a30 GCTaskThread "GC Thread#7" [stack: 0x0000004176200000,0x0000004176300000] [id=21724]
  0x000001ad69b5b980 ConcurrentGCThread "G1 Main Marker" [stack: 0x0000004173e00000,0x0000004173f00000] [id=17636]
  0x000001ad69b5c2b0 ConcurrentGCThread "G1 Conc#0" [stack: 0x0000004173f00000,0x0000004174000000] [id=22492]
  0x000001ad50ad5cf0 ConcurrentGCThread "G1 Conc#1" [stack: 0x0000004176500000,0x0000004176600000] [id=21808]
  0x000001ad78e060e0 ConcurrentGCThread "G1 Refine#0" [stack: 0x0000004174000000,0x0000004174100000] [id=1428]
  0x000001ad78e06b80 ConcurrentGCThread "G1 Service" [stack: 0x0000004174100000,0x0000004174200000] [id=22356]

Threads with active compile tasks:
C2 CompilerThread0    43800 3960   !   4       java.net.URLClassLoader::findClass (47 bytes)
C2 CompilerThread1    43800 3957       4       java.net.URLClassLoader$1::run (5 bytes)
C2 CompilerThread2    43800 3958   !   4       java.net.URLClassLoader$1::run (81 bytes)

VM state: not at safepoint (normal execution)

VM Mutex/Monitor currently owned by a thread: None

Heap address: 0x0000000080000000, size: 2048 MB, Compressed Oops mode: 32-bit

CDS archive(s) mapped at: [0x000001ad0f000000-0x000001ad0fbb0000-0x000001ad0fbb0000), size 12255232, SharedBaseAddress: 0x000001ad0f000000, ArchiveRelocationMode: 1.
Compressed class space mapped at: 0x000001ad10000000-0x000001ad50000000, reserved size: 1073741824
Narrow klass base: 0x000001ad0f000000, Narrow klass shift: 0, Narrow klass range: 0x100000000

GC Precious Log:
 CPUs: 8 total, 8 available
 Memory: 7502M
 Large Page Support: Disabled
 NUMA Support: Disabled
 Compressed Oops: Enabled (32-bit)
 Heap Region Size: 1M
 Heap Min Capacity: 8M
 Heap Initial Capacity: 118M
 Heap Max Capacity: 2G
 Pre-touch: Disabled
 Parallel Workers: 8
 Concurrent Workers: 2
 Concurrent Refinement Workers: 8
 Periodic GC: Disabled

Heap:
 garbage-first heap   total 92160K, used 63944K [0x0000000080000000, 0x0000000100000000)
  region size 1024K, 43 young (44032K), 6 survivors (6144K)
 Metaspace       used 32374K, committed 32704K, reserved 1114112K
  class space    used 4542K, committed 4672K, reserved 1048576K

Heap Regions: E=young(eden), S=young(survivor), O=old, HS=humongous(starts), HC=humongous(continues), CS=collection set, F=free, OA=open archive, CA=closed archive, TAMS=top-at-mark-start (previous, next)
|   0|0x0000000080000000, 0x0000000080100000, 0x0000000080100000|100%| O|  |TAMS 0x0000000080100000, 0x0000000080000000| Untracked 
|   1|0x0000000080100000, 0x0000000080200000, 0x0000000080200000|100%| O|  |TAMS 0x0000000080200000, 0x0000000080100000| Untracked 
|   2|0x0000000080200000, 0x0000000080300000, 0x0000000080300000|100%|HS|  |TAMS 0x0000000080300000, 0x0000000080200000| Complete 
|   3|0x0000000080300000, 0x0000000080400000, 0x0000000080400000|100%|HC|  |TAMS 0x0000000080400000, 0x0000000080300000| Complete 
|   4|0x0000000080400000, 0x0000000080500000, 0x0000000080500000|100%|HC|  |TAMS 0x0000000080500000, 0x0000000080400000| Complete 
|   5|0x0000000080500000, 0x0000000080600000, 0x0000000080600000|100%|HC|  |TAMS 0x0000000080600000, 0x0000000080500000| Complete 
|   6|0x0000000080600000, 0x0000000080700000, 0x0000000080700000|100%| O|  |TAMS 0x0000000080700000, 0x0000000080600000| Untracked 
|   7|0x0000000080700000, 0x0000000080800000, 0x0000000080800000|100%| O|  |TAMS 0x0000000080800000, 0x0000000080700000| Untracked 
|   8|0x0000000080800000, 0x0000000080900000, 0x0000000080900000|100%| O|  |TAMS 0x0000000080900000, 0x0000000080800000| Untracked 
|   9|0x0000000080900000, 0x0000000080a00000, 0x0000000080a00000|100%|HS|  |TAMS 0x0000000080a00000, 0x0000000080900000| Complete 
|  10|0x0000000080a00000, 0x0000000080b00000, 0x0000000080b00000|100%| O|  |TAMS 0x0000000080a00000, 0x0000000080a00000| Untracked 
|  11|0x0000000080b00000, 0x0000000080c00000, 0x0000000080c00000|100%| O|  |TAMS 0x0000000080c00000, 0x0000000080b00000| Untracked 
|  12|0x0000000080c00000, 0x0000000080d00000, 0x0000000080d00000|100%| O|  |TAMS 0x0000000080d00000, 0x0000000080c00000| Untracked 
|  13|0x0000000080d00000, 0x0000000080e00000, 0x0000000080e00000|100%| O|  |TAMS 0x0000000080e00000, 0x0000000080d00000| Untracked 
|  14|0x0000000080e00000, 0x0000000080f00000, 0x0000000080f00000|100%| O|  |TAMS 0x0000000080e89400, 0x0000000080e00000| Untracked 
|  15|0x0000000080f00000, 0x0000000081000000, 0x0000000081000000|100%| O|  |TAMS 0x0000000080f00000, 0x0000000080f00000| Untracked 
|  16|0x0000000081000000, 0x0000000081100000, 0x0000000081100000|100%| O|  |TAMS 0x0000000081000000, 0x0000000081000000| Untracked 
|  17|0x0000000081100000, 0x0000000081200000, 0x0000000081200000|100%| O|  |TAMS 0x0000000081100000, 0x0000000081100000| Untracked 
|  18|0x0000000081200000, 0x0000000081300000, 0x0000000081300000|100%| O|  |TAMS 0x0000000081200000, 0x0000000081200000| Untracked 
|  19|0x0000000081300000, 0x0000000081400000, 0x0000000081400000|100%| O|  |TAMS 0x0000000081300000, 0x0000000081300000| Untracked 
|  20|0x0000000081400000, 0x0000000081500000, 0x0000000081500000|100%| O|  |TAMS 0x0000000081400000, 0x0000000081400000| Untracked 
|  21|0x0000000081500000, 0x0000000081600000, 0x0000000081600000|100%| O|  |TAMS 0x0000000081500000, 0x0000000081500000| Untracked 
|  22|0x0000000081600000, 0x0000000081634600, 0x0000000081700000| 20%| O|  |TAMS 0x0000000081600000, 0x0000000081600000| Untracked 
|  23|0x0000000081700000, 0x0000000081700000, 0x0000000081800000|  0%| F|  |TAMS 0x0000000081700000, 0x0000000081700000| Untracked 
|  24|0x0000000081800000, 0x0000000081800000, 0x0000000081900000|  0%| F|  |TAMS 0x0000000081800000, 0x0000000081800000| Untracked 
|  25|0x0000000081900000, 0x0000000081900000, 0x0000000081a00000|  0%| F|  |TAMS 0x0000000081900000, 0x0000000081900000| Untracked 
|  26|0x0000000081a00000, 0x0000000081a00000, 0x0000000081b00000|  0%| F|  |TAMS 0x0000000081a00000, 0x0000000081a00000| Untracked 
|  27|0x0000000081b00000, 0x0000000081b00000, 0x0000000081c00000|  0%| F|  |TAMS 0x0000000081b00000, 0x0000000081b00000| Untracked 
|  28|0x0000000081c00000, 0x0000000081c00000, 0x0000000081d00000|  0%| F|  |TAMS 0x0000000081c00000, 0x0000000081c00000| Untracked 
|  29|0x0000000081d00000, 0x0000000081d00000, 0x0000000081e00000|  0%| F|  |TAMS 0x0000000081d00000, 0x0000000081d00000| Untracked 
|  30|0x0000000081e00000, 0x0000000081e3dbd8, 0x0000000081f00000| 24%| S|CS|TAMS 0x0000000081e00000, 0x0000000081e00000| Complete 
|  31|0x0000000081f00000, 0x0000000082000000, 0x0000000082000000|100%| S|CS|TAMS 0x0000000081f00000, 0x0000000081f00000| Complete 
|  32|0x0000000082000000, 0x0000000082100000, 0x0000000082100000|100%| S|CS|TAMS 0x0000000082000000, 0x0000000082000000| Complete 
|  33|0x0000000082100000, 0x0000000082200000, 0x0000000082200000|100%| S|CS|TAMS 0x0000000082100000, 0x0000000082100000| Complete 
|  34|0x0000000082200000, 0x0000000082300000, 0x0000000082300000|100%| S|CS|TAMS 0x0000000082200000, 0x0000000082200000| Complete 
|  35|0x0000000082300000, 0x0000000082400000, 0x0000000082400000|100%| S|CS|TAMS 0x0000000082300000, 0x0000000082300000| Complete 
|  36|0x0000000082400000, 0x0000000082400000, 0x0000000082500000|  0%| F|  |TAMS 0x0000000082400000, 0x0000000082400000| Untracked 
|  37|0x0000000082500000, 0x0000000082500000, 0x0000000082600000|  0%| F|  |TAMS 0x0000000082500000, 0x0000000082500000| Untracked 
|  38|0x0000000082600000, 0x0000000082600000, 0x0000000082700000|  0%| F|  |TAMS 0x0000000082600000, 0x0000000082600000| Untracked 
|  39|0x0000000082700000, 0x0000000082700000, 0x0000000082800000|  0%| F|  |TAMS 0x0000000082700000, 0x0000000082700000| Untracked 
|  40|0x0000000082800000, 0x0000000082800000, 0x0000000082900000|  0%| F|  |TAMS 0x0000000082800000, 0x0000000082800000| Untracked 
|  41|0x0000000082900000, 0x0000000082900000, 0x0000000082a00000|  0%| F|  |TAMS 0x0000000082900000, 0x0000000082900000| Untracked 
|  42|0x0000000082a00000, 0x0000000082a00000, 0x0000000082b00000|  0%| F|  |TAMS 0x0000000082a00000, 0x0000000082a00000| Untracked 
|  43|0x0000000082b00000, 0x0000000082b00000, 0x0000000082c00000|  0%| F|  |TAMS 0x0000000082b00000, 0x0000000082b00000| Untracked 
|  44|0x0000000082c00000, 0x0000000082c00000, 0x0000000082d00000|  0%| F|  |TAMS 0x0000000082c00000, 0x0000000082c00000| Untracked 
|  45|0x0000000082d00000, 0x0000000082d00000, 0x0000000082e00000|  0%| F|  |TAMS 0x0000000082d00000, 0x0000000082d00000| Untracked 
|  46|0x0000000082e00000, 0x0000000082e00000, 0x0000000082f00000|  0%| F|  |TAMS 0x0000000082e00000, 0x0000000082e00000| Untracked 
|  47|0x0000000082f00000, 0x0000000082f00000, 0x0000000083000000|  0%| F|  |TAMS 0x0000000082f00000, 0x0000000082f00000| Untracked 
|  48|0x0000000083000000, 0x0000000083000000, 0x0000000083100000|  0%| F|  |TAMS 0x0000000083000000, 0x0000000083000000| Untracked 
|  49|0x0000000083100000, 0x0000000083100000, 0x0000000083200000|  0%| F|  |TAMS 0x0000000083100000, 0x0000000083100000| Untracked 
|  50|0x0000000083200000, 0x0000000083200000, 0x0000000083300000|  0%| F|  |TAMS 0x0000000083200000, 0x0000000083200000| Untracked 
|  51|0x0000000083300000, 0x0000000083300000, 0x0000000083400000|  0%| F|  |TAMS 0x0000000083300000, 0x0000000083300000| Untracked 
|  52|0x0000000083400000, 0x0000000083400000, 0x0000000083500000|  0%| F|  |TAMS 0x0000000083400000, 0x0000000083400000| Untracked 
|  53|0x0000000083500000, 0x0000000083580800, 0x0000000083600000| 50%| E|  |TAMS 0x0000000083500000, 0x0000000083500000| Complete 
|  54|0x0000000083600000, 0x0000000083700000, 0x0000000083700000|100%| E|CS|TAMS 0x0000000083600000, 0x0000000083600000| Complete 
|  55|0x0000000083700000, 0x0000000083800000, 0x0000000083800000|100%| E|CS|TAMS 0x0000000083700000, 0x0000000083700000| Complete 
|  56|0x0000000083800000, 0x0000000083900000, 0x0000000083900000|100%| E|CS|TAMS 0x0000000083800000, 0x0000000083800000| Complete 
|  57|0x0000000083900000, 0x0000000083a00000, 0x0000000083a00000|100%| E|CS|TAMS 0x0000000083900000, 0x0000000083900000| Complete 
|  58|0x0000000083a00000, 0x0000000083b00000, 0x0000000083b00000|100%| E|CS|TAMS 0x0000000083a00000, 0x0000000083a00000| Complete 
|  59|0x0000000083b00000, 0x0000000083c00000, 0x0000000083c00000|100%| E|CS|TAMS 0x0000000083b00000, 0x0000000083b00000| Complete 
|  60|0x0000000083c00000, 0x0000000083d00000, 0x0000000083d00000|100%| E|CS|TAMS 0x0000000083c00000, 0x0000000083c00000| Complete 
|  61|0x0000000083d00000, 0x0000000083e00000, 0x0000000083e00000|100%| E|CS|TAMS 0x0000000083d00000, 0x0000000083d00000| Complete 
|  62|0x0000000083e00000, 0x0000000083f00000, 0x0000000083f00000|100%| E|CS|TAMS 0x0000000083e00000, 0x0000000083e00000| Complete 
|  63|0x0000000083f00000, 0x0000000084000000, 0x0000000084000000|100%| E|CS|TAMS 0x0000000083f00000, 0x0000000083f00000| Complete 
|  64|0x0000000084000000, 0x0000000084100000, 0x0000000084100000|100%| E|CS|TAMS 0x0000000084000000, 0x0000000084000000| Complete 
|  65|0x0000000084100000, 0x0000000084200000, 0x0000000084200000|100%| E|CS|TAMS 0x0000000084100000, 0x0000000084100000| Complete 
|  66|0x0000000084200000, 0x0000000084300000, 0x0000000084300000|100%| E|CS|TAMS 0x0000000084200000, 0x0000000084200000| Complete 
|  67|0x0000000084300000, 0x0000000084400000, 0x0000000084400000|100%| E|CS|TAMS 0x0000000084300000, 0x0000000084300000| Complete 
|  68|0x0000000084400000, 0x0000000084500000, 0x0000000084500000|100%| E|CS|TAMS 0x0000000084400000, 0x0000000084400000| Complete 
|  69|0x0000000084500000, 0x0000000084600000, 0x0000000084600000|100%| E|CS|TAMS 0x0000000084500000, 0x0000000084500000| Complete 
|  70|0x0000000084600000, 0x0000000084700000, 0x0000000084700000|100%| E|CS|TAMS 0x0000000084600000, 0x0000000084600000| Complete 
|  71|0x0000000084700000, 0x0000000084800000, 0x0000000084800000|100%| E|CS|TAMS 0x0000000084700000, 0x0000000084700000| Complete 
|  72|0x0000000084800000, 0x0000000084900000, 0x0000000084900000|100%| E|CS|TAMS 0x0000000084800000, 0x0000000084800000| Complete 
|  73|0x0000000084900000, 0x0000000084a00000, 0x0000000084a00000|100%| E|CS|TAMS 0x0000000084900000, 0x0000000084900000| Complete 
|  74|0x0000000084a00000, 0x0000000084b00000, 0x0000000084b00000|100%| E|CS|TAMS 0x0000000084a00000, 0x0000000084a00000| Complete 
|  75|0x0000000084b00000, 0x0000000084c00000, 0x0000000084c00000|100%| E|  |TAMS 0x0000000084b00000, 0x0000000084b00000| Complete 
|  76|0x0000000084c00000, 0x0000000084d00000, 0x0000000084d00000|100%| E|CS|TAMS 0x0000000084c00000, 0x0000000084c00000| Complete 
|  77|0x0000000084d00000, 0x0000000084e00000, 0x0000000084e00000|100%| E|CS|TAMS 0x0000000084d00000, 0x0000000084d00000| Complete 
|  78|0x0000000084e00000, 0x0000000084f00000, 0x0000000084f00000|100%| E|CS|TAMS 0x0000000084e00000, 0x0000000084e00000| Complete 
|  79|0x0000000084f00000, 0x0000000085000000, 0x0000000085000000|100%| E|CS|TAMS 0x0000000084f00000, 0x0000000084f00000| Complete 
|  80|0x0000000085000000, 0x0000000085100000, 0x0000000085100000|100%| E|CS|TAMS 0x0000000085000000, 0x0000000085000000| Complete 
|  81|0x0000000085100000, 0x0000000085200000, 0x0000000085200000|100%| E|CS|TAMS 0x0000000085100000, 0x0000000085100000| Complete 
|  82|0x0000000085200000, 0x0000000085300000, 0x0000000085300000|100%| E|CS|TAMS 0x0000000085200000, 0x0000000085200000| Complete 
|  83|0x0000000085300000, 0x0000000085400000, 0x0000000085400000|100%| E|CS|TAMS 0x0000000085300000, 0x0000000085300000| Complete 
|  84|0x0000000085400000, 0x0000000085500000, 0x0000000085500000|100%| E|CS|TAMS 0x0000000085400000, 0x0000000085400000| Complete 
|  85|0x0000000085500000, 0x0000000085600000, 0x0000000085600000|100%| E|CS|TAMS 0x0000000085500000, 0x0000000085500000| Complete 
|  86|0x0000000085600000, 0x0000000085700000, 0x0000000085700000|100%| E|CS|TAMS 0x0000000085600000, 0x0000000085600000| Complete 
|  87|0x0000000085700000, 0x0000000085800000, 0x0000000085800000|100%| E|CS|TAMS 0x0000000085700000, 0x0000000085700000| Complete 
|  88|0x0000000085800000, 0x0000000085900000, 0x0000000085900000|100%| E|CS|TAMS 0x0000000085800000, 0x0000000085800000| Complete 
| 117|0x0000000087500000, 0x0000000087600000, 0x0000000087600000|100%| E|CS|TAMS 0x0000000087500000, 0x0000000087500000| Complete 

Card table byte_map: [0x000001ad71d40000,0x000001ad72140000] _byte_map_base: 0x000001ad71940000

Marking Bits (Prev, Next): (CMBitMap*) 0x000001ad69b4b090, (CMBitMap*) 0x000001ad69b4b050
 Prev Bits: [0x000001ad74540000, 0x000001ad76540000)
 Next Bits: [0x000001ad72540000, 0x000001ad74540000)

Polling page: 0x000001ad679c0000

Metaspace:

Usage:
  Non-class:     27.18 MB used.
      Class:      4.44 MB used.
       Both:     31.62 MB used.

Virtual space:
  Non-class space:       64.00 MB reserved,      27.38 MB ( 43%) committed,  1 nodes.
      Class space:        1.00 GB reserved,       4.56 MB ( <1%) committed,  1 nodes.
             Both:        1.06 GB reserved,      31.94 MB (  3%) committed. 

Chunk freelists:
   Non-Class:  3.81 MB
       Class:  11.44 MB
        Both:  15.25 MB

MaxMetaspaceSize: unlimited
CompressedClassSpaceSize: 1.00 GB
Initial GC threshold: 21.00 MB
Current GC threshold: 35.25 MB
CDS: on
MetaspaceReclaimPolicy: balanced
 - commit_granule_bytes: 65536.
 - commit_granule_words: 8192.
 - virtual_space_node_default_size: 8388608.
 - enlarge_chunks_in_place: 1.
 - new_chunks_are_fully_committed: 0.
 - uncommit_free_chunks: 1.
 - use_allocation_guard: 0.
 - handle_deallocations: 1.


Internal statistics:

num_allocs_failed_limit: 3.
num_arena_births: 358.
num_arena_deaths: 0.
num_vsnodes_births: 2.
num_vsnodes_deaths: 0.
num_space_committed: 511.
num_space_uncommitted: 0.
num_chunks_returned_to_freelist: 3.
num_chunks_taken_from_freelist: 1540.
num_chunk_merges: 3.
num_chunk_splits: 1011.
num_chunks_enlarged: 724.
num_inconsistent_stats: 0.

CodeHeap 'non-profiled nmethods': size=120000Kb used=2395Kb max_used=2395Kb free=117604Kb
 bounds [0x000001ad07ad0000, 0x000001ad07d40000, 0x000001ad0f000000]
CodeHeap 'profiled nmethods': size=120000Kb used=8118Kb max_used=8118Kb free=111881Kb
 bounds [0x000001ad00000000, 0x000001ad007f0000, 0x000001ad07530000]
CodeHeap 'non-nmethods': size=5760Kb used=1596Kb max_used=1634Kb free=4164Kb
 bounds [0x000001ad07530000, 0x000001ad077a0000, 0x000001ad07ad0000]
 total_blobs=4620 nmethods=3960 adapters=572
 compilation: enabled
              stopped_count=0, restarted_count=0
 full_count=0

Compilation events (20 events):
Event: 42.320 Thread 0x000001ad78f7a3e0 nmethod 3953 0x000001ad007e7e10 code [0x000001ad007e7fe0, 0x000001ad007e82d8]
Event: 42.320 Thread 0x000001ad78f7a3e0 3954       3       java.lang.invoke.LambdaProxyClassArchive::find (63 bytes)
Event: 42.321 Thread 0x000001ad78f7a3e0 nmethod 3954 0x000001ad007e8390 code [0x000001ad007e85c0, 0x000001ad007e8e98]
Event: 42.321 Thread 0x000001ad78f7a3e0 3955       3       java.lang.invoke.LambdaProxyClassArchive::loadedByBuiltinLoader (22 bytes)
Event: 42.322 Thread 0x000001ad78f7a3e0 nmethod 3955 0x000001ad007e9190 code [0x000001ad007e93e0, 0x000001ad007e9f78]
Event: 42.366 Thread 0x000001ad78f7a3e0 3956   !   3       jdk.internal.loader.Resource::getBytes (244 bytes)
Event: 42.368 Thread 0x000001ad78f7a3e0 nmethod 3956 0x000001ad007ea310 code [0x000001ad007ea600, 0x000001ad007eba68]
Event: 42.370 Thread 0x000001ad7fb30ff0 nmethod 3909 0x000001ad07d18410 code [0x000001ad07d18740, 0x000001ad07d1baf8]
Event: 42.403 Thread 0x000001ad7fb30ff0 3957       4       java.net.URLClassLoader$1::run (5 bytes)
Event: 42.403 Thread 0x000001ad7d0060b0 3958   !   4       java.net.URLClassLoader$1::run (81 bytes)
Event: 42.407 Thread 0x000001ad78f7a3e0 3959       3       java.lang.ClassLoader::getClassLoadingLock (35 bytes)
Event: 42.408 Thread 0x000001ad78f7a3e0 nmethod 3959 0x000001ad007ec310 code [0x000001ad007ec4c0, 0x000001ad007ec7a8]
Event: 42.443 Thread 0x000001ad78f7a3e0 3961       3       java.lang.Exception::<init> (6 bytes)
Event: 42.443 Thread 0x000001ad78f7a3e0 nmethod 3961 0x000001ad007ec910 code [0x000001ad007ecae0, 0x000001ad007ecf08]
Event: 42.565 Thread 0x000001ad78f71850 nmethod 3911 0x000001ad07d1e710 code [0x000001ad07d1ea80, 0x000001ad07d23230]
Event: 42.567 Thread 0x000001ad78f71850 3960   !   4       java.net.URLClassLoader::findClass (47 bytes)
Event: 42.611 Thread 0x000001ad78f7a3e0 3963       3       sun.nio.fs.WindowsPath::isEmpty (8 bytes)
Event: 42.611 Thread 0x000001ad78f7a3e0 nmethod 3963 0x000001ad007ed010 code [0x000001ad007ed1c0, 0x000001ad007ed398]
Event: 42.621 Thread 0x000001ad78f7a3e0 3966       3       java.lang.Class::getEnclosingMethodInfo (20 bytes)
Event: 42.622 Thread 0x000001ad78f7a3e0 nmethod 3966 0x000001ad007ed490 code [0x000001ad007ed640, 0x000001ad007ed878]

GC Heap History (12 events):
Event: 1.264 GC heap before
{Heap before GC invocations=0 (full 0):
 garbage-first heap   total 120832K, used 23552K [0x0000000080000000, 0x0000000100000000)
  region size 1024K, 23 young (23552K), 0 survivors (0K)
 Metaspace       used 1097K, committed 1216K, reserved 1114112K
  class space    used 73K, committed 128K, reserved 1048576K
}
Event: 1.269 GC heap after
{Heap after GC invocations=1 (full 0):
 garbage-first heap   total 120832K, used 4512K [0x0000000080000000, 0x0000000100000000)
  region size 1024K, 3 young (3072K), 3 survivors (3072K)
 Metaspace       used 1097K, committed 1216K, reserved 1114112K
  class space    used 73K, committed 128K, reserved 1048576K
}
Event: 4.162 GC heap before
{Heap before GC invocations=1 (full 0):
 garbage-first heap   total 120832K, used 39328K [0x0000000080000000, 0x0000000100000000)
  region size 1024K, 34 young (34816K), 3 survivors (3072K)
 Metaspace       used 4367K, committed 4544K, reserved 1114112K
  class space    used 541K, committed 640K, reserved 1048576K
}
Event: 4.172 GC heap after
{Heap after GC invocations=2 (full 0):
 garbage-first heap   total 120832K, used 12514K [0x0000000080000000, 0x0000000100000000)
  region size 1024K, 4 young (4096K), 4 survivors (4096K)
 Metaspace       used 4367K, committed 4544K, reserved 1114112K
  class space    used 541K, committed 640K, reserved 1048576K
}
Event: 6.067 GC heap before
{Heap before GC invocations=2 (full 0):
 garbage-first heap   total 120832K, used 58594K [0x0000000080000000, 0x0000000100000000)
  region size 1024K, 47 young (48128K), 4 survivors (4096K)
 Metaspace       used 4680K, committed 4864K, reserved 1114112K
  class space    used 588K, committed 704K, reserved 1048576K
}
Event: 6.100 GC heap after
{Heap after GC invocations=3 (full 0):
 garbage-first heap   total 120832K, used 17935K [0x0000000080000000, 0x0000000100000000)
  region size 1024K, 5 young (5120K), 5 survivors (5120K)
 Metaspace       used 4680K, committed 4864K, reserved 1114112K
  class space    used 588K, committed 704K, reserved 1048576K
}
Event: 21.741 GC heap before
{Heap before GC invocations=3 (full 0):
 garbage-first heap   total 120832K, used 84495K [0x0000000080000000, 0x0000000100000000)
  region size 1024K, 70 young (71680K), 5 survivors (5120K)
 Metaspace       used 16520K, committed 16832K, reserved 1114112K
  class space    used 2319K, committed 2432K, reserved 1048576K
}
Event: 21.766 GC heap after
{Heap after GC invocations=4 (full 0):
 garbage-first heap   total 120832K, used 23077K [0x0000000080000000, 0x0000000100000000)
  region size 1024K, 9 young (9216K), 9 survivors (9216K)
 Metaspace       used 16520K, committed 16832K, reserved 1114112K
  class space    used 2319K, committed 2432K, reserved 1048576K
}
Event: 28.700 GC heap before
{Heap before GC invocations=4 (full 0):
 garbage-first heap   total 120832K, used 63013K [0x0000000080000000, 0x0000000100000000)
  region size 1024K, 49 young (50176K), 9 survivors (9216K)
 Metaspace       used 21224K, committed 21504K, reserved 1114112K
  class space    used 3073K, committed 3200K, reserved 1048576K
}
Event: 28.784 GC heap after
{Heap after GC invocations=5 (full 0):
 garbage-first heap   total 120832K, used 25670K [0x0000000080000000, 0x0000000100000000)
  region size 1024K, 3 young (3072K), 3 survivors (3072K)
 Metaspace       used 21224K, committed 21504K, reserved 1114112K
  class space    used 3073K, committed 3200K, reserved 1048576K
}
Event: 39.859 GC heap before
{Heap before GC invocations=6 (full 0):
 garbage-first heap   total 92160K, used 77894K [0x0000000080000000, 0x0000000100000000)
  region size 1024K, 54 young (55296K), 3 survivors (3072K)
 Metaspace       used 27530K, committed 27904K, reserved 1114112K
  class space    used 4044K, committed 4224K, reserved 1048576K
}
Event: 39.865 GC heap after
{Heap after GC invocations=7 (full 0):
 garbage-first heap   total 92160K, used 28104K [0x0000000080000000, 0x0000000100000000)
  region size 1024K, 6 young (6144K), 6 survivors (6144K)
 Metaspace       used 27530K, committed 27904K, reserved 1114112K
  class space    used 4044K, committed 4224K, reserved 1048576K
}

Dll operation events (15 events):
Event: 0.060 Loaded shared library C:\Program Files\Microsoft\jdk-17.0.12.7-hotspot\bin\java.dll
Event: 0.112 Loaded shared library C:\Program Files\Microsoft\jdk-17.0.12.7-hotspot\bin\jsvml.dll
Event: 0.294 Loaded shared library C:\Program Files\Microsoft\jdk-17.0.12.7-hotspot\bin\zip.dll
Event: 0.309 Loaded shared library C:\Program Files\Microsoft\jdk-17.0.12.7-hotspot\bin\instrument.dll
Event: 0.320 Loaded shared library C:\Program Files\Microsoft\jdk-17.0.12.7-hotspot\bin\net.dll
Event: 0.324 Loaded shared library C:\Program Files\Microsoft\jdk-17.0.12.7-hotspot\bin\nio.dll
Event: 0.329 Loaded shared library C:\Program Files\Microsoft\jdk-17.0.12.7-hotspot\bin\zip.dll
Event: 1.026 Loaded shared library C:\Program Files\Microsoft\jdk-17.0.12.7-hotspot\bin\jimage.dll
Event: 2.060 Loaded shared library C:\Program Files\Microsoft\jdk-17.0.12.7-hotspot\bin\verify.dll
Event: 2.509 Loaded shared library C:\Users\Abutalib\.gradle\native\c067742578af261105cb4f569cf0c3c89f3d7b1fecec35dd04571415982c5e48\windows-amd64\native-platform.dll
Event: 2.553 Loaded shared library C:\Users\Abutalib\.gradle\native\100fb08df4bc3b14c8652ba06237920a3bd2aa13389f12d3474272988ae205f9\windows-amd64\native-platform-file-events.dll
Event: 6.869 Loaded shared library C:\Program Files\Microsoft\jdk-17.0.12.7-hotspot\bin\management.dll
Event: 6.878 Loaded shared library C:\Program Files\Microsoft\jdk-17.0.12.7-hotspot\bin\management_ext.dll
Event: 8.148 Loaded shared library C:\Program Files\Microsoft\jdk-17.0.12.7-hotspot\bin\extnet.dll
Event: 11.498 Loaded shared library C:\Program Files\Microsoft\jdk-17.0.12.7-hotspot\bin\sunmscapi.dll

Deoptimization events (20 events):
Event: 41.568 Thread 0x000001ad7d73f520 Uncommon trap: trap_request=0xffffff45 fr.pc=0x000001ad07c14db8 relative=0x00000000000061b8
Event: 41.568 Thread 0x000001ad7d73f520 Uncommon trap: reason=unstable_if action=reinterpret pc=0x000001ad07c14db8 method=java.lang.ClassLoader.getClassLoadingLock(Ljava/lang/String;)Ljava/lang/Object; @ 6 c2
Event: 41.569 Thread 0x000001ad7d73f520 DEOPT PACKING pc=0x000001ad07c14db8 sp=0x00000041759f8fa0
Event: 41.569 Thread 0x000001ad7d73f520 DEOPT UNPACKING pc=0x000001ad075869a3 sp=0x00000041759f8fd0 mode 2
Event: 41.617 Thread 0x000001ad7d73f520 Uncommon trap: trap_request=0xffffffc6 fr.pc=0x000001ad07c8b974 relative=0x0000000000003e34
Event: 41.617 Thread 0x000001ad7d73f520 Uncommon trap: reason=bimorphic_or_optimized_type_check action=maybe_recompile pc=0x000001ad07c8b974 method=java.net.URL.<init>(Ljava/net/URL;Ljava/lang/String;Ljava/net/URLStreamHandler;)V @ 504 c2
Event: 41.617 Thread 0x000001ad7d73f520 DEOPT PACKING pc=0x000001ad07c8b974 sp=0x00000041759f8720
Event: 41.618 Thread 0x000001ad7d73f520 DEOPT UNPACKING pc=0x000001ad075869a3 sp=0x00000041759f86c0 mode 2
Event: 41.862 Thread 0x000001ad7d73f520 Uncommon trap: trap_request=0xffffff45 fr.pc=0x000001ad07be2780 relative=0x00000000000000e0
Event: 41.862 Thread 0x000001ad7d73f520 Uncommon trap: reason=unstable_if action=reinterpret pc=0x000001ad07be2780 method=java.lang.ClassLoader.getClassLoadingLock(Ljava/lang/String;)Ljava/lang/Object; @ 6 c2
Event: 41.862 Thread 0x000001ad7d73f520 DEOPT PACKING pc=0x000001ad07be2780 sp=0x00000041759f9030
Event: 41.862 Thread 0x000001ad7d73f520 DEOPT UNPACKING pc=0x000001ad075869a3 sp=0x00000041759f8fd0 mode 2
Event: 41.874 Thread 0x000001ad7d73f520 Uncommon trap: trap_request=0xffffff6e fr.pc=0x000001ad07cf6fec relative=0x000000000000048c
Event: 41.874 Thread 0x000001ad7d73f520 Uncommon trap: reason=loop_limit_check action=maybe_recompile pc=0x000001ad07cf6fec method=java.util.regex.Pattern$Start.match(Ljava/util/regex/Matcher;ILjava/lang/CharSequence;)Z @ 34 c2
Event: 41.874 Thread 0x000001ad7d73f520 DEOPT PACKING pc=0x000001ad07cf6fec sp=0x00000041759f8d70
Event: 41.874 Thread 0x000001ad7d73f520 DEOPT UNPACKING pc=0x000001ad075869a3 sp=0x00000041759f8cb0 mode 2
Event: 42.050 Thread 0x000001ad7d73f520 Uncommon trap: trap_request=0xffffffcc fr.pc=0x000001ad07d07270 relative=0x0000000000000150
Event: 42.050 Thread 0x000001ad7d73f520 Uncommon trap: reason=intrinsic_or_type_checked_inlining action=make_not_entrant pc=0x000001ad07d07270 method=java.util.ArrayList$SubList.toArray([Ljava/lang/Object;)[Ljava/lang/Object; @ 58 c2
Event: 42.050 Thread 0x000001ad7d73f520 DEOPT PACKING pc=0x000001ad07d07270 sp=0x00000041759f8bf0
Event: 42.050 Thread 0x000001ad7d73f520 DEOPT UNPACKING pc=0x000001ad075869a3 sp=0x00000041759f8b90 mode 2

Classes loaded (20 events):
Event: 41.893 Loading class jdk/internal/jrtfs/JrtDirectoryStream$1
Event: 41.894 Loading class jdk/internal/jrtfs/JrtDirectoryStream$1 done
Event: 41.894 Loading class java/util/function/BooleanSupplier
Event: 41.895 Loading class java/util/function/BooleanSupplier done
Event: 41.896 Loading class jdk/internal/jimage/ImageReader$Resource
Event: 41.897 Loading class jdk/internal/jimage/ImageReader$Resource done
Event: 42.132 Loading class java/util/WeakHashMap$KeyIterator
Event: 42.224 Loading class java/util/WeakHashMap$HashIterator
Event: 42.224 Loading class java/util/WeakHashMap$HashIterator done
Event: 42.224 Loading class java/util/WeakHashMap$KeyIterator done
Event: 42.260 Loading class java/lang/ThreadLocal$SuppliedThreadLocal
Event: 42.300 Loading class java/lang/ThreadLocal$SuppliedThreadLocal done
Event: 42.413 Loading class sun/nio/fs/WindowsPath$1
Event: 42.414 Loading class sun/nio/fs/WindowsPath$1 done
Event: 42.415 Loading class sun/nio/fs/WindowsException
Event: 42.443 Loading class sun/nio/fs/WindowsException done
Event: 42.628 Loading class java/io/StringReader
Event: 42.629 Loading class java/io/StringReader done
Event: 42.659 Loading class java/math/MutableBigInteger
Event: 42.667 Loading class java/math/MutableBigInteger done

Classes unloaded (0 events):
No events

Classes redefined (0 events):
No events

Internal exceptions (20 events):
Event: 36.739 Thread 0x000001ad7d73f520 Exception <a 'java/lang/NoSuchMethodError'{0x00000000832302b8}: 'java.lang.Object java.lang.invoke.Invokers$Holder.linkToTargetMethod(java.lang.Object, java.lang.Object, java.lang.Object, java.lang.Object, java.lang.Object, java.lang.Object, java.lang.Object, java.lang.Object, java.lang.Object, java.lang.Object, java.lang.Object)'> (0x00000000832302b8) 
thrown [s\src\hotspot\share\interpreter\linkResolver.cpp, line 759]
Event: 39.350 Thread 0x000001ad7d73f520 Implicit null exception at 0x000001ad07c5b66a to 0x000001ad07c5baf8
Event: 39.778 Thread 0x000001ad7d73f520 Exception <a 'java/lang/NoSuchMethodError'{0x000000008258c370}: 'void java.lang.invoke.DirectMethodHandle$Holder.invokeStaticInit(java.lang.Object, java.lang.Object, java.lang.Object)'> (0x000000008258c370) 
thrown [s\src\hotspot\share\interpreter\linkResolver.cpp, line 759]
Event: 39.784 Thread 0x000001ad7d73f520 Exception <a 'java/lang/NoSuchMethodError'{0x00000000825b15f0}: 'void java.lang.invoke.DirectMethodHandle$Holder.invokeStaticInit(java.lang.Object, java.lang.Object, java.lang.Object, java.lang.Object, java.lang.Object)'> (0x00000000825b15f0) 
thrown [s\src\hotspot\share\interpreter\linkResolver.cpp, line 759]
Event: 39.803 Thread 0x000001ad7d73f520 Exception <a 'java/lang/NoSuchMethodError'{0x000000008240cf88}: 'int java.lang.invoke.DirectMethodHandle$Holder.invokeStaticInit(java.lang.Object, java.lang.Object, java.lang.Object, java.lang.Object)'> (0x000000008240cf88) 
thrown [s\src\hotspot\share\interpreter\linkResolver.cpp, line 759]
Event: 41.298 Thread 0x000001ad7d73f520 Exception <a 'java/lang/ClassNotFoundException'{0x00000000850d09e0}: groovy/lang/ExpandoMetaClassBeanInfo> (0x00000000850d09e0) 
thrown [s\src\hotspot\share\classfile\systemDictionary.cpp, line 256]
Event: 41.299 Thread 0x000001ad7d73f520 Exception <a 'java/lang/ClassNotFoundException'{0x00000000850e77b8}: groovy/lang/MetaClassImplBeanInfo> (0x00000000850e77b8) 
thrown [s\src\hotspot\share\classfile\systemDictionary.cpp, line 256]
Event: 41.300 Thread 0x000001ad7d73f520 Exception <a 'java/lang/ClassNotFoundException'{0x00000000850ec9b0}: java/lang/ObjectBeanInfo> (0x00000000850ec9b0) 
thrown [s\src\hotspot\share\classfile\systemDictionary.cpp, line 256]
Event: 41.301 Thread 0x000001ad7d73f520 Exception <a 'java/lang/ClassNotFoundException'{0x00000000850f2de0}: java/lang/ObjectCustomizer> (0x00000000850f2de0) 
thrown [s\src\hotspot\share\classfile\systemDictionary.cpp, line 256]
Event: 41.320 Thread 0x000001ad7d73f520 Exception <a 'java/lang/IncompatibleClassChangeError'{0x0000000084f02dd0}: Found class java.lang.Object, but interface was expected> (0x0000000084f02dd0) 
thrown [s\src\hotspot\share\interpreter\linkResolver.cpp, line 826]
Event: 41.331 Thread 0x000001ad7d73f520 Exception <a 'java/lang/ClassNotFoundException'{0x0000000084f28928}: groovy/lang/MetaClassImplCustomizer> (0x0000000084f28928) 
thrown [s\src\hotspot\share\classfile\systemDictionary.cpp, line 256]
Event: 41.336 Thread 0x000001ad7d73f520 Exception <a 'java/lang/ClassNotFoundException'{0x0000000084f5e8d0}: groovy/lang/ExpandoMetaClassCustomizer> (0x0000000084f5e8d0) 
thrown [s\src\hotspot\share\classfile\systemDictionary.cpp, line 256]
Event: 42.233 Thread 0x000001ad7d73f520 Exception <a 'java/lang/ClassNotFoundException'{0x00000000839f8c80}: org/gradle/internal/extensibility/DefaultExtraPropertiesExtensionBeanInfo> (0x00000000839f8c80) 
thrown [s\src\hotspot\share\classfile\systemDictionary.cpp, line 256]
Event: 42.234 Thread 0x000001ad7d73f520 Exception <a 'java/lang/ClassNotFoundException'{0x0000000083810008}: groovy/lang/GroovyObjectSupportBeanInfo> (0x0000000083810008) 
thrown [s\src\hotspot\share\classfile\systemDictionary.cpp, line 256]
Event: 42.236 Thread 0x000001ad7d73f520 Exception <a 'java/lang/ClassNotFoundException'{0x0000000083826ee8}: groovy/lang/GroovyObjectSupportCustomizer> (0x0000000083826ee8) 
thrown [s\src\hotspot\share\classfile\systemDictionary.cpp, line 256]
Event: 42.240 Thread 0x000001ad7d73f520 Exception <a 'java/lang/ClassNotFoundException'{0x0000000083840928}: org/gradle/internal/extensibility/DefaultExtraPropertiesExtensionCustomizer> (0x0000000083840928) 
thrown [s\src\hotspot\share\classfile\systemDictionary.cpp, line 256]
Event: 42.443 Thread 0x000001ad7d73f520 Exception <a 'sun/nio/fs/WindowsException'{0x000000008373d170}> (0x000000008373d170) 
thrown [s\src\hotspot\share\prims\jni.cpp, line 516]
Event: 42.569 Thread 0x000001ad7d73f520 Exception <a 'sun/nio/fs/WindowsException'{0x000000008373e748}> (0x000000008373e748) 
thrown [s\src\hotspot\share\prims\jni.cpp, line 516]
Event: 42.577 Thread 0x000001ad7d73f520 Exception <a 'sun/nio/fs/WindowsException'{0x000000008373fcd8}> (0x000000008373fcd8) 
thrown [s\src\hotspot\share\prims\jni.cpp, line 516]
Event: 42.593 Thread 0x000001ad7d73f520 Exception <a 'sun/nio/fs/WindowsException'{0x0000000083741290}> (0x0000000083741290) 
thrown [s\src\hotspot\share\prims\jni.cpp, line 516]

VM Operations (20 events):
Event: 39.259 Executing VM operation: HandshakeAllThreads
Event: 39.260 Executing VM operation: HandshakeAllThreads done
Event: 39.858 Executing VM operation: G1CollectForAllocation
Event: 39.865 Executing VM operation: G1CollectForAllocation done
Event: 40.736 Executing VM operation: HandshakeAllThreads
Event: 40.736 Executing VM operation: HandshakeAllThreads done
Event: 41.012 Executing VM operation: HandshakeAllThreads
Event: 41.021 Executing VM operation: HandshakeAllThreads done
Event: 41.021 Executing VM operation: Cleanup
Event: 41.021 Executing VM operation: Cleanup done
Event: 41.619 Executing VM operation: HandshakeAllThreads
Event: 41.619 Executing VM operation: HandshakeAllThreads done
Event: 41.620 Executing VM operation: HandshakeAllThreads
Event: 41.620 Executing VM operation: HandshakeAllThreads done
Event: 41.635 Executing VM operation: HandshakeAllThreads
Event: 41.635 Executing VM operation: HandshakeAllThreads done
Event: 41.889 Executing VM operation: HandshakeAllThreads
Event: 41.889 Executing VM operation: HandshakeAllThreads done
Event: 42.895 Executing VM operation: Cleanup
Event: 42.895 Executing VM operation: Cleanup done

Events (20 events):
Event: 11.890 Thread 0x000001ad7d741da0 Thread added: 0x000001ad7d741da0
Event: 16.958 Thread 0x000001ad7d73e5f0 Thread added: 0x000001ad7d73e5f0
Event: 17.119 Thread 0x000001ad7d740960 Thread added: 0x000001ad7d740960
Event: 20.561 Thread 0x000001ad7d740e70 Thread added: 0x000001ad7d740e70
Event: 24.895 Thread 0x000001ad7d73f010 Thread added: 0x000001ad7d73f010
Event: 25.126 Thread 0x000001ad7d73eb00 Thread added: 0x000001ad7d73eb00
Event: 27.466 Thread 0x000001ad50dbc000 Thread added: 0x000001ad50dbc000
Event: 27.724 Thread 0x000001ad50dbc000 Thread exited: 0x000001ad50dbc000
Event: 29.704 Thread 0x000001ad7d73ff40 Thread added: 0x000001ad7d73ff40
Event: 29.756 Thread 0x000001ad7d740450 Thread added: 0x000001ad7d740450
Event: 32.917 Thread 0x000001ad505d18b0 Thread added: 0x000001ad505d18b0
Event: 33.645 Thread 0x000001ad505d2cf0 Thread added: 0x000001ad505d2cf0
Event: 35.193 Thread 0x000001ad505d3200 Thread added: 0x000001ad505d3200
Event: 36.777 Thread 0x000001ad505d3710 Thread added: 0x000001ad505d3710
Event: 39.792 Thread 0x000001ad7fb9aba0 Thread added: 0x000001ad7fb9aba0
Event: 39.794 Thread 0x000001ad7e5b7440 Thread added: 0x000001ad7e5b7440
Event: 40.086 Thread 0x000001ad7e5b7440 Thread exited: 0x000001ad7e5b7440
Event: 40.086 Thread 0x000001ad7fb9aba0 Thread exited: 0x000001ad7fb9aba0
Event: 41.736 Thread 0x000001ad7fb30ff0 Thread added: 0x000001ad7fb30ff0
Event: 41.736 Thread 0x000001ad7d0060b0 Thread added: 0x000001ad7d0060b0


Dynamic libraries:
0x00007ff77aa40000 - 0x00007ff77aa4e000 	C:\Program Files\Microsoft\jdk-17.0.12.7-hotspot\bin\java.exe
0x00007ff9b2b00000 - 0x00007ff9b2d60000 	C:\WINDOWS\SYSTEM32\ntdll.dll
0x00007ff9b1bd0000 - 0x00007ff9b1c97000 	C:\WINDOWS\System32\KERNEL32.DLL
0x00007ff9b01b0000 - 0x00007ff9b057a000 	C:\WINDOWS\System32\KERNELBASE.dll
0x00007ff9afe30000 - 0x00007ff9aff7b000 	C:\WINDOWS\System32\ucrtbase.dll
0x00007ff9a2510000 - 0x00007ff9a252d000 	C:\Program Files\Microsoft\jdk-17.0.12.7-hotspot\bin\VCRUNTIME140.dll
0x00007ff9a2530000 - 0x00007ff9a2547000 	C:\Program Files\Microsoft\jdk-17.0.12.7-hotspot\bin\jli.dll
0x00007ff9b1070000 - 0x00007ff9b123c000 	C:\WINDOWS\System32\USER32.dll
0x00007ff9b0180000 - 0x00007ff9b01a7000 	C:\WINDOWS\System32\win32u.dll
0x00007ff9999f0000 - 0x00007ff999c87000 	C:\WINDOWS\WinSxS\amd64_microsoft.windows.common-controls_6595b64144ccf1df_6.0.26100.3624_none_3e086962e3345f24\COMCTL32.dll
0x00007ff9b0ce0000 - 0x00007ff9b0d0a000 	C:\WINDOWS\System32\GDI32.dll
0x00007ff9aff80000 - 0x00007ff9b00b1000 	C:\WINDOWS\System32\gdi32full.dll
0x00007ff9afce0000 - 0x00007ff9afd83000 	C:\WINDOWS\System32\msvcp_win.dll
0x00007ff9b1310000 - 0x00007ff9b13b9000 	C:\WINDOWS\System32\msvcrt.dll
0x00007ff9b2240000 - 0x00007ff9b226f000 	C:\WINDOWS\System32\IMM32.DLL
0x00007ff9aade0000 - 0x00007ff9aadec000 	C:\Program Files\Microsoft\jdk-17.0.12.7-hotspot\bin\vcruntime140_1.dll
0x00007ff97cd40000 - 0x00007ff97cdcd000 	C:\Program Files\Microsoft\jdk-17.0.12.7-hotspot\bin\msvcp140.dll
0x00007ff965ee0000 - 0x00007ff966b50000 	C:\Program Files\Microsoft\jdk-17.0.12.7-hotspot\bin\server\jvm.dll
0x00007ff9b13c0000 - 0x00007ff9b1472000 	C:\WINDOWS\System32\ADVAPI32.dll
0x00007ff9b0bb0000 - 0x00007ff9b0c56000 	C:\WINDOWS\System32\sechost.dll
0x00007ff9b0900000 - 0x00007ff9b0a16000 	C:\WINDOWS\System32\RPCRT4.dll
0x00007ff9b0c60000 - 0x00007ff9b0cd4000 	C:\WINDOWS\System32\WS2_32.dll
0x00007ff9afb30000 - 0x00007ff9afb8e000 	C:\WINDOWS\SYSTEM32\POWRPROF.dll
0x00007ff9a8d50000 - 0x00007ff9a8d86000 	C:\WINDOWS\SYSTEM32\WINMM.dll
0x00007ff9a8d90000 - 0x00007ff9a8d9b000 	C:\WINDOWS\SYSTEM32\VERSION.dll
0x00007ff9afb10000 - 0x00007ff9afb24000 	C:\WINDOWS\SYSTEM32\UMPDC.dll
0x00007ff9aeaf0000 - 0x00007ff9aeb0a000 	C:\WINDOWS\SYSTEM32\kernel.appcore.dll
0x00007ff9a26c0000 - 0x00007ff9a26ca000 	C:\Program Files\Microsoft\jdk-17.0.12.7-hotspot\bin\jimage.dll
0x00007ff9a3300000 - 0x00007ff9a3541000 	C:\WINDOWS\SYSTEM32\DBGHELP.DLL
0x00007ff9b2640000 - 0x00007ff9b29c2000 	C:\WINDOWS\System32\combase.dll
0x00007ff9b2160000 - 0x00007ff9b2236000 	C:\WINDOWS\System32\OLEAUT32.dll
0x00007ff993650000 - 0x00007ff993689000 	C:\WINDOWS\SYSTEM32\dbgcore.DLL
0x00007ff9afd90000 - 0x00007ff9afe29000 	C:\WINDOWS\System32\bcryptPrimitives.dll
0x00007ff9a2500000 - 0x00007ff9a250e000 	C:\Program Files\Microsoft\jdk-17.0.12.7-hotspot\bin\instrument.dll
0x00007ff9a2190000 - 0x00007ff9a21b5000 	C:\Program Files\Microsoft\jdk-17.0.12.7-hotspot\bin\java.dll
0x00007ff965e00000 - 0x00007ff965ed7000 	C:\Program Files\Microsoft\jdk-17.0.12.7-hotspot\bin\jsvml.dll
0x00007ff9b14a0000 - 0x00007ff9b1bc9000 	C:\WINDOWS\System32\SHELL32.dll
0x00007ff9b0610000 - 0x00007ff9b0778000 	C:\WINDOWS\System32\wintypes.dll
0x00007ff9ad980000 - 0x00007ff9ae1d2000 	C:\WINDOWS\SYSTEM32\windows.storage.dll
0x00007ff9b29d0000 - 0x00007ff9b2abd000 	C:\WINDOWS\System32\SHCORE.dll
0x00007ff9b1240000 - 0x00007ff9b12a4000 	C:\WINDOWS\System32\shlwapi.dll
0x00007ff9afbf0000 - 0x00007ff9afc1f000 	C:\WINDOWS\SYSTEM32\profapi.dll
0x00007ff9a24e0000 - 0x00007ff9a24f8000 	C:\Program Files\Microsoft\jdk-17.0.12.7-hotspot\bin\zip.dll
0x00007ff97cd20000 - 0x00007ff97cd3a000 	C:\Program Files\Microsoft\jdk-17.0.12.7-hotspot\bin\net.dll
0x00007ff9a9050000 - 0x00007ff9a916d000 	C:\WINDOWS\SYSTEM32\WINHTTP.dll
0x00007ff9af010000 - 0x00007ff9af07a000 	C:\WINDOWS\system32\mswsock.dll
0x00007ff97cd00000 - 0x00007ff97cd16000 	C:\Program Files\Microsoft\jdk-17.0.12.7-hotspot\bin\nio.dll
0x00007ff998250000 - 0x00007ff998260000 	C:\Program Files\Microsoft\jdk-17.0.12.7-hotspot\bin\verify.dll
0x00007ff9989a0000 - 0x00007ff9989c7000 	C:\Users\Abutalib\.gradle\native\c067742578af261105cb4f569cf0c3c89f3d7b1fecec35dd04571415982c5e48\windows-amd64\native-platform.dll
0x00007ff965cb0000 - 0x00007ff965df4000 	C:\Users\Abutalib\.gradle\native\100fb08df4bc3b14c8652ba06237920a3bd2aa13389f12d3474272988ae205f9\windows-amd64\native-platform-file-events.dll
0x00007ff997a10000 - 0x00007ff997a1a000 	C:\Program Files\Microsoft\jdk-17.0.12.7-hotspot\bin\management.dll
0x00007ff997060000 - 0x00007ff99706b000 	C:\Program Files\Microsoft\jdk-17.0.12.7-hotspot\bin\management_ext.dll
0x00007ff9b0a20000 - 0x00007ff9b0a28000 	C:\WINDOWS\System32\PSAPI.DLL
0x00007ff9af2b0000 - 0x00007ff9af2cc000 	C:\WINDOWS\SYSTEM32\CRYPTSP.dll
0x00007ff9aea50000 - 0x00007ff9aea8a000 	C:\WINDOWS\system32\rsaenh.dll
0x00007ff9af0b0000 - 0x00007ff9af0db000 	C:\WINDOWS\SYSTEM32\USERENV.dll
0x00007ff9afbc0000 - 0x00007ff9afbe6000 	C:\WINDOWS\SYSTEM32\bcrypt.dll
0x00007ff9af2d0000 - 0x00007ff9af2dc000 	C:\WINDOWS\SYSTEM32\CRYPTBASE.dll
0x00007ff9ae500000 - 0x00007ff9ae533000 	C:\WINDOWS\SYSTEM32\IPHLPAPI.DLL
0x00007ff9b2280000 - 0x00007ff9b228a000 	C:\WINDOWS\System32\NSI.dll
0x00007ff9a93d0000 - 0x00007ff9a93ef000 	C:\WINDOWS\SYSTEM32\dhcpcsvc6.DLL
0x00007ff9a91e0000 - 0x00007ff9a9205000 	C:\WINDOWS\SYSTEM32\dhcpcsvc.DLL
0x00007ff9ae590000 - 0x00007ff9ae6b5000 	C:\WINDOWS\SYSTEM32\DNSAPI.dll
0x00007ff996bc0000 - 0x00007ff996bc9000 	C:\Program Files\Microsoft\jdk-17.0.12.7-hotspot\bin\extnet.dll
0x00007ff994190000 - 0x00007ff99419e000 	C:\Program Files\Microsoft\jdk-17.0.12.7-hotspot\bin\sunmscapi.dll
0x00007ff9b0780000 - 0x00007ff9b08f7000 	C:\WINDOWS\System32\CRYPT32.dll
0x00007ff9af4b0000 - 0x00007ff9af4e0000 	C:\WINDOWS\SYSTEM32\ncrypt.dll
0x00007ff9af460000 - 0x00007ff9af49f000 	C:\WINDOWS\SYSTEM32\NTASN1.dll
0x00007ff936dc0000 - 0x00007ff936dc8000 	C:\WINDOWS\system32\wshunix.dll

dbghelp: loaded successfully - version: 4.0.5 - missing functions: none
symbol engine: initialized successfully - sym options: 0x614 - pdb path: .;C:\Program Files\Microsoft\jdk-17.0.12.7-hotspot\bin;C:\WINDOWS\SYSTEM32;C:\WINDOWS\WinSxS\amd64_microsoft.windows.common-controls_6595b64144ccf1df_6.0.26100.3624_none_3e086962e3345f24;C:\Program Files\Microsoft\jdk-17.0.12.7-hotspot\bin\server;C:\Users\Abutalib\.gradle\native\c067742578af261105cb4f569cf0c3c89f3d7b1fecec35dd04571415982c5e48\windows-amd64;C:\Users\Abutalib\.gradle\native\100fb08df4bc3b14c8652ba06237920a3bd2aa13389f12d3474272988ae205f9\windows-amd64

VM Arguments:
jvm_args: -XX:+HeapDumpOnOutOfMemoryError --add-opens=java.base/java.util=ALL-UNNAMED --add-opens=java.base/java.lang=ALL-UNNAMED --add-opens=java.base/java.lang.invoke=ALL-UNNAMED --add-opens=java.prefs/java.util.prefs=ALL-UNNAMED --add-exports=jdk.compiler/com.sun.tools.javac.api=ALL-UNNAMED --add-exports=jdk.compiler/com.sun.tools.javac.util=ALL-UNNAMED --add-opens=java.base/java.nio.charset=ALL-UNNAMED --add-opens=java.base/java.net=ALL-UNNAMED --add-opens=java.base/java.util.concurrent.atomic=ALL-UNNAMED -Xmx2048m -Dfile.encoding=UTF-8 -Duser.country=IN -Duser.language=en -Duser.variant -javaagent:C:\Users\Abutalib\.gradle\wrapper\dists\gradle-8.10.2-all\7iv73wktx1xtkvlq19urqw1wm\gradle-8.10.2\lib\agents\gradle-instrumentation-agent-8.10.2.jar 
java_command: org.gradle.launcher.daemon.bootstrap.GradleDaemon 8.10.2
java_class_path (initial): C:\Users\Abutalib\.gradle\wrapper\dists\gradle-8.10.2-all\7iv73wktx1xtkvlq19urqw1wm\gradle-8.10.2\lib\gradle-daemon-main-8.10.2.jar
Launcher Type: SUN_STANDARD

[Global flags]
     intx CICompilerCount                          = 4                                         {product} {ergonomic}
     uint ConcGCThreads                            = 2                                         {product} {ergonomic}
     uint G1ConcRefinementThreads                  = 8                                         {product} {ergonomic}
   size_t G1HeapRegionSize                         = 1048576                                   {product} {ergonomic}
    uintx GCDrainStackTargetSize                   = 64                                        {product} {ergonomic}
     bool HeapDumpOnOutOfMemoryError               = true                                   {manageable} {command line}
   size_t InitialHeapSize                          = 123731968                                 {product} {ergonomic}
   size_t MarkStackSize                            = 4194304                                   {product} {ergonomic}
   size_t MaxHeapSize                              = 2147483648                                {product} {command line}
   size_t MaxNewSize                               = 1287651328                                {product} {ergonomic}
   size_t MinHeapDeltaBytes                        = 1048576                                   {product} {ergonomic}
   size_t MinHeapSize                              = 8388608                                   {product} {ergonomic}
    uintx NonNMethodCodeHeapSize                   = 5839372                                {pd product} {ergonomic}
    uintx NonProfiledCodeHeapSize                  = 122909434                              {pd product} {ergonomic}
    uintx ProfiledCodeHeapSize                     = 122909434                              {pd product} {ergonomic}
    uintx ReservedCodeCacheSize                    = 251658240                              {pd product} {ergonomic}
     bool SegmentedCodeCache                       = true                                      {product} {ergonomic}
   size_t SoftMaxHeapSize                          = 2147483648                             {manageable} {ergonomic}
     bool UseCompressedClassPointers               = true                           {product lp64_product} {ergonomic}
     bool UseCompressedOops                        = true                           {product lp64_product} {ergonomic}
     bool UseG1GC                                  = true                                      {product} {ergonomic}
     bool UseLargePagesIndividualAllocation        = false                                  {pd product} {ergonomic}

Logging:
Log output configuration:
 #0: stdout all=warning uptime,level,tags
 #1: stderr all=off uptime,level,tags

Environment Variables:
JAVA_HOME=C:\Program Files\Microsoft\jdk-17.0.12.7-hotspot
CLASSPATH=C:\Kadheria\NexGenMobile\android\\gradle\wrapper\gradle-wrapper.jar
PATH=C:\Kadheria\NexGenMobile\node_modules\.bin;C:\Kadheria\NexGenMobile\node_modules\.bin;C:\Kadheria\node_modules\.bin;C:\node_modules\.bin;C:\Users\Abutalib\AppData\Roaming\npm\node_modules\npm\node_modules\@npmcli\run-script\lib\node-gyp-bin;C:\Kadheria\NexGenMobile\node_modules\.bin;C:\Kadheria\node_modules\.bin;C:\node_modules\.bin;C:\Users\Abutalib\AppData\Roaming\npm\node_modules\npm\node_modules\@npmcli\run-script\lib\node-gyp-bin;C:\Program Files\Microsoft\jdk-17.0.12.7-hotspot\bin;C:\Users\Abutalib\AppData\Local\Programs\Python\Python311\Scripts\;C:\Users\Abutalib\AppData\Local\Programs\Python\Python311\;C:\Ruby32-x64\bin;C:\Program Files\Common Files\Oracle\Java\javapath;C:\Users\Abutalib\AppData\Local\Programs\Python\Python311;c:\users\abutalib\appdata\local\programs\python\python311\lib\site-packages\pip\__init__.py;C:\WINDOWS\system32;C:\WINDOWS;C:\WINDOWS\System32\OpenSSH\;C:\WINDOWS\System32\Wbem;C:\WINDOWS\System32\WindowsPowerShell\v1.0\;C:\Program Files (x86)\Yarn\bin\;C:\Program Files\Git\cmd;C:\ProgramData\chocolatey\bin;C:\php;C:\ProgramData\ComposerSetup\bin;C:\Program Files\Amazon\AWSCLIV2\;%NVM_HOME%;%NVM_SYMLINK%;C:\Program Files\nodejs\;;C:\Users\Abutalib\AppData\Local\Microsoft\WindowsApps;C:\Users\Abutalib\AppData\Local\Android\Sdk\emulator;C:\Users\Abutalib\AppData\Local\Android\Sdk\platform-tools;C:\Users\Abutalib\AppData\Local\Android\Sdk\cmdline-tools\13.0\bin;C:\java programs\Microsoft VS Code\bin;C:\Users\Abutalib\PyCharm Community Edition 2022.3\bin;;C:\MinGW\bin;C:\MinGW\bin\gcc.exe;C:\Users\Abutalib\AppData\Local\Yarn\bin;C:\Program Files\Microsoft\jdk-17.0.12.7-hotspot\bin;C:\Users\Abutalib\AppData\Local\Microsoft\WinGet\Packages\Schniz.fnm_Microsoft.Winget.Source_8wekyb3d8bbwe;C:\Users\Abutalib\AppData\Local\Android\Sdk\system-images\android-34-ext12\google_apis_playstore\x86_64;C:\Users\Abutalib\AppData\Local\nvm;C:\nvm4w\nodejs;C:\Users\Abutalib\AppData\Roaming\npm
USERNAME=Abutalib
OS=Windows_NT
PROCESSOR_IDENTIFIER=AMD64 Family 23 Model 104 Stepping 1, AuthenticAMD
TMP=C:\Users\Abutalib\AppData\Local\Temp
TEMP=C:\Users\Abutalib\AppData\Local\Temp



Periodic native trim disabled


---------------  S Y S T E M  ---------------

OS:
 Windows 11 , 64 bit Build 26100 (10.0.26100.3775)
OS uptime: 0 days 3:31 hours
Hyper-V role detected

CPU: total 8 (initial active 8) (8 cores per cpu, 2 threads per core) family 23 model 104 stepping 1 microcode 0x8608107, cx8, cmov, fxsr, ht, mmx, 3dnowpref, sse, sse2, sse3, ssse3, sse4a, sse4.1, sse4.2, popcnt, lzcnt, tsc, tscinvbit, avx, avx2, aes, clmul, bmi1, bmi2, adx, sha, fma, vzeroupper, clflush, clflushopt, hv
Processor Information for the first 8 processors :
  Max Mhz: 2600, Current Mhz: 2600, Mhz Limit: 2600

Memory: 4k page, system-wide physical 7502M (643M free)
TotalPageFile size 30030M (AvailPageFile size 33M)
current process WorkingSet (physical memory assigned to process): 205M, peak: 207M
current process commit charge ("private bytes"): 288M, peak: 291M

vm_info: OpenJDK 64-Bit Server VM (17.0.12+7-LTS) for windows-amd64 JRE (17.0.12+7-LTS), built on Jul 16 2024 18:11:44 by "MicrosoftCorporation" with unknown MS VC++:1939

END.
