#
# There is insufficient memory for the Java Runtime Environment to continue.
# Native memory allocation (malloc) failed to allocate 2087216 bytes. Error detail: Chunk::new
# Possible reasons:
#   The system is out of physical RAM or swap space
#   This process is running with CompressedOops enabled, and the Java Heap may be blocking the growth of the native heap
# Possible solutions:
#   Reduce memory load on the system
#   Increase physical memory or swap space
#   Check if swap backing store is full
#   Decrease Java heap size (-Xmx/-Xms)
#   Decrease number of Java threads
#   Decrease Java thread stack sizes (-Xss)
#   Set larger code cache with -XX:ReservedCodeCacheSize=
#   JVM is running with Unscaled Compressed Oops mode in which the Java heap is
#     placed in the first 4GB address space. The Java Heap base address is the
#     maximum limit for the native heap growth. Please use -XX:HeapBaseMinAddress
#     to set the Java Heap base and to place the Java Heap above 4GB virtual address.
# This output file may be truncated or incomplete.
#
#  Out of Memory Error (arena.cpp:191), pid=320, tid=18048
#
# JRE version: OpenJDK Runtime Environment Microsoft-9889599 (17.0.12+7) (build 17.0.12+7-LTS)
# Java VM: OpenJDK 64-Bit Server VM Microsoft-9889599 (17.0.12+7-LTS, mixed mode, sharing, tiered, compressed oops, compressed class ptrs, g1 gc, windows-amd64)
# No core dump will be written. Minidumps are not enabled by default on client versions of Windows
#

---------------  S U M M A R Y ------------

Command Line: org.jetbrains.kotlin.cli.jvm.K2JVMCompiler @C:\NexgenLMS\NexGenMobile\node_modules\react-native-screens\android\build\20250419_16754257655840078572.compiler.options

Host: AMD Ryzen 3 5300U with Radeon Graphics         , 8 cores, 7G,  Windows 11 , 64 bit Build 26100 (10.0.26100.3775)
Time: Sat Apr 19 17:27:19 2025 India Standard Time elapsed time: 48.255791 seconds (0d 0h 0m 48s)

---------------  T H R E A D  ---------------

Current thread (0x00000228579494e0):  JavaThread "C2 CompilerThread0" daemon [_thread_in_native, id=18048, stack(0x000000b085500000,0x000000b085600000)]


Current CompileTask:
C2:  48256 7274       4       org.jetbrains.kotlin.types.TypeUtils::contains (301 bytes)

Stack: [0x000000b085500000,0x000000b085600000]
Native frames: (J=compiled Java code, j=interpreted, Vv=VM code, C=native code)
V  [jvm.dll+0x686d99]
V  [jvm.dll+0x83daf8]
V  [jvm.dll+0x83f5a3]
V  [jvm.dll+0x83fc13]
V  [jvm.dll+0x2492ef]
V  [jvm.dll+0xad0a4]
V  [jvm.dll+0xad73c]
V  [jvm.dll+0x36a3ff]
V  [jvm.dll+0x334b83]
V  [jvm.dll+0x33401a]
V  [jvm.dll+0x21a538]
V  [jvm.dll+0x21996f]
V  [jvm.dll+0x1a53e6]
V  [jvm.dll+0x229faa]
V  [jvm.dll+0x2280fb]
V  [jvm.dll+0x7f3508]
V  [jvm.dll+0x7ed87c]
V  [jvm.dll+0x685c77]
C  [ucrtbase.dll+0x37b0]
C  [KERNEL32.DLL+0x2e8d7]
C  [ntdll.dll+0xb14fc]


---------------  P R O C E S S  ---------------

Threads class SMR info:
_java_thread_list=0x0000022857ba1190, length=13, elements={
0x0000022839b285f0, 0x00000228579270f0, 0x0000022857929630, 0x0000022857946a00,
0x00000228579473c0, 0x0000022857947d80, 0x0000022857948740, 0x00000228579494e0,
0x00000228579501f0, 0x00000228579ac8f0, 0x0000022857a80900, 0x0000022857a8d0a0,
0x00000228a139a9e0
}

Java Threads: ( => current thread )
  0x0000022839b285f0 JavaThread "main" [_thread_in_native, id=19592, stack(0x000000b084800000,0x000000b084900000)]
  0x00000228579270f0 JavaThread "Reference Handler" daemon [_thread_blocked, id=12680, stack(0x000000b084f00000,0x000000b085000000)]
  0x0000022857929630 JavaThread "Finalizer" daemon [_thread_blocked, id=19628, stack(0x000000b085000000,0x000000b085100000)]
  0x0000022857946a00 JavaThread "Signal Dispatcher" daemon [_thread_blocked, id=5376, stack(0x000000b085100000,0x000000b085200000)]
  0x00000228579473c0 JavaThread "Attach Listener" daemon [_thread_blocked, id=16728, stack(0x000000b085200000,0x000000b085300000)]
  0x0000022857947d80 JavaThread "Service Thread" daemon [_thread_blocked, id=13644, stack(0x000000b085300000,0x000000b085400000)]
  0x0000022857948740 JavaThread "Monitor Deflation Thread" daemon [_thread_blocked, id=13520, stack(0x000000b085400000,0x000000b085500000)]
=>0x00000228579494e0 JavaThread "C2 CompilerThread0" daemon [_thread_in_native, id=18048, stack(0x000000b085500000,0x000000b085600000)]
  0x00000228579501f0 JavaThread "C1 CompilerThread0" daemon [_thread_blocked, id=1912, stack(0x000000b085600000,0x000000b085700000)]
  0x00000228579ac8f0 JavaThread "Sweeper thread" daemon [_thread_blocked, id=19988, stack(0x000000b085700000,0x000000b085800000)]
  0x0000022857a80900 JavaThread "Notification Thread" daemon [_thread_blocked, id=19148, stack(0x000000b085800000,0x000000b085900000)]
  0x0000022857a8d0a0 JavaThread "Common-Cleaner" daemon [_thread_blocked, id=19004, stack(0x000000b085a00000,0x000000b085b00000)]
  0x00000228a139a9e0 JavaThread "C2 CompilerThread1" daemon [_thread_in_native, id=22300, stack(0x000000b084600000,0x000000b084700000)]

Other Threads:
  0x0000022857921030 VMThread "VM Thread" [stack: 0x000000b084e00000,0x000000b084f00000] [id=22284]
  0x0000022857a84df0 WatcherThread [stack: 0x000000b085900000,0x000000b085a00000] [id=20624]
  0x0000022839b80c70 GCTaskThread "GC Thread#0" [stack: 0x000000b084900000,0x000000b084a00000] [id=18328]
  0x000002289d1df7b0 GCTaskThread "GC Thread#1" [stack: 0x000000b085b00000,0x000000b085c00000] [id=16952]
  0x000002289d239130 GCTaskThread "GC Thread#2" [stack: 0x000000b085c00000,0x000000b085d00000] [id=22156]
  0x000002289d21f070 GCTaskThread "GC Thread#3" [stack: 0x000000b085d00000,0x000000b085e00000] [id=8440]
  0x000002289d21f330 GCTaskThread "GC Thread#4" [stack: 0x000000b085e00000,0x000000b085f00000] [id=15088]
  0x000002289d21f5f0 GCTaskThread "GC Thread#5" [stack: 0x000000b085f00000,0x000000b086000000] [id=2060]
  0x000002289d69ac20 GCTaskThread "GC Thread#6" [stack: 0x000000b086000000,0x000000b086100000] [id=21784]
  0x000002289ddb8c10 GCTaskThread "GC Thread#7" [stack: 0x000000b086100000,0x000000b086200000] [id=21788]
  0x0000022839b91650 ConcurrentGCThread "G1 Main Marker" [stack: 0x000000b084a00000,0x000000b084b00000] [id=7708]
  0x0000022839b92070 ConcurrentGCThread "G1 Conc#0" [stack: 0x000000b084b00000,0x000000b084c00000] [id=13784]
  0x000002289df83740 ConcurrentGCThread "G1 Conc#1" [stack: 0x000000b086200000,0x000000b086300000] [id=20224]
  0x0000022839bd7f90 ConcurrentGCThread "G1 Refine#0" [stack: 0x000000b084c00000,0x000000b084d00000] [id=11656]
  0x00000228577e34d0 ConcurrentGCThread "G1 Service" [stack: 0x000000b084d00000,0x000000b084e00000] [id=1548]

Threads with active compile tasks:
C2 CompilerThread0    48321 7274       4       org.jetbrains.kotlin.types.TypeUtils::contains (301 bytes)
C2 CompilerThread1    48321 7296       4       kotlin.collections.CollectionsKt___CollectionsKt::toSet (138 bytes)

VM state: not at safepoint (normal execution)

VM Mutex/Monitor currently owned by a thread: None

Heap address: 0x000000008ac00000, size: 1876 MB, Compressed Oops mode: 32-bit

CDS archive(s) mapped at: [0x0000022858000000-0x0000022858bb0000-0x0000022858bb0000), size 12255232, SharedBaseAddress: 0x0000022858000000, ArchiveRelocationMode: 1.
Compressed class space mapped at: 0x0000022859000000-0x0000022899000000, reserved size: 1073741824
Narrow klass base: 0x0000022858000000, Narrow klass shift: 0, Narrow klass range: 0x100000000

GC Precious Log:
 CPUs: 8 total, 8 available
 Memory: 7502M
 Large Page Support: Disabled
 NUMA Support: Disabled
 Compressed Oops: Enabled (32-bit)
 Heap Region Size: 1M
 Heap Min Capacity: 8M
 Heap Initial Capacity: 118M
 Heap Max Capacity: 1876M
 Pre-touch: Disabled
 Parallel Workers: 8
 Concurrent Workers: 2
 Concurrent Refinement Workers: 8
 Periodic GC: Disabled

Heap:
 garbage-first heap   total 80896K, used 56777K [0x000000008ac00000, 0x0000000100000000)
  region size 1024K, 14 young (14336K), 2 survivors (2048K)
 Metaspace       used 46358K, committed 46592K, reserved 1114112K
  class space    used 5450K, committed 5568K, reserved 1048576K

Heap Regions: E=young(eden), S=young(survivor), O=old, HS=humongous(starts), HC=humongous(continues), CS=collection set, F=free, OA=open archive, CA=closed archive, TAMS=top-at-mark-start (previous, next)
|   0|0x000000008ac00000, 0x000000008ad00000, 0x000000008ad00000|100%|HS|  |TAMS 0x000000008ad00000, 0x000000008ac00000| Complete 
|   1|0x000000008ad00000, 0x000000008ae00000, 0x000000008ae00000|100%|HC|  |TAMS 0x000000008ae00000, 0x000000008ad00000| Complete 
|   2|0x000000008ae00000, 0x000000008af00000, 0x000000008af00000|100%|HC|  |TAMS 0x000000008af00000, 0x000000008ae00000| Complete 
|   3|0x000000008af00000, 0x000000008b000000, 0x000000008b000000|100%|HC|  |TAMS 0x000000008b000000, 0x000000008af00000| Complete 
|   4|0x000000008b000000, 0x000000008b100000, 0x000000008b100000|100%| O|  |TAMS 0x000000008b100000, 0x000000008b000000| Untracked 
|   5|0x000000008b100000, 0x000000008b200000, 0x000000008b200000|100%| O|  |TAMS 0x000000008b200000, 0x000000008b100000| Untracked 
|   6|0x000000008b200000, 0x000000008b300000, 0x000000008b300000|100%| O|  |TAMS 0x000000008b300000, 0x000000008b200000| Untracked 
|   7|0x000000008b300000, 0x000000008b400000, 0x000000008b400000|100%| O|  |TAMS 0x000000008b400000, 0x000000008b300000| Untracked 
|   8|0x000000008b400000, 0x000000008b500000, 0x000000008b500000|100%| O|  |TAMS 0x000000008b500000, 0x000000008b400000| Untracked 
|   9|0x000000008b500000, 0x000000008b600000, 0x000000008b600000|100%| O|  |TAMS 0x000000008b600000, 0x000000008b500000| Untracked 
|  10|0x000000008b600000, 0x000000008b700000, 0x000000008b700000|100%| O|  |TAMS 0x000000008b700000, 0x000000008b600000| Untracked 
|  11|0x000000008b700000, 0x000000008b800000, 0x000000008b800000|100%| O|  |TAMS 0x000000008b800000, 0x000000008b700000| Untracked 
|  12|0x000000008b800000, 0x000000008b900000, 0x000000008b900000|100%| O|  |TAMS 0x000000008b900000, 0x000000008b800000| Untracked 
|  13|0x000000008b900000, 0x000000008ba00000, 0x000000008ba00000|100%| O|  |TAMS 0x000000008ba00000, 0x000000008b900000| Untracked 
|  14|0x000000008ba00000, 0x000000008bb00000, 0x000000008bb00000|100%| O|  |TAMS 0x000000008bb00000, 0x000000008ba00000| Untracked 
|  15|0x000000008bb00000, 0x000000008bc00000, 0x000000008bc00000|100%| O|  |TAMS 0x000000008bc00000, 0x000000008bb00000| Untracked 
|  16|0x000000008bc00000, 0x000000008bd00000, 0x000000008bd00000|100%| O|  |TAMS 0x000000008bd00000, 0x000000008bc00000| Untracked 
|  17|0x000000008bd00000, 0x000000008be00000, 0x000000008be00000|100%| O|  |TAMS 0x000000008be00000, 0x000000008bd00000| Untracked 
|  18|0x000000008be00000, 0x000000008bf00000, 0x000000008bf00000|100%|HS|  |TAMS 0x000000008bf00000, 0x000000008be00000| Complete 
|  19|0x000000008bf00000, 0x000000008c000000, 0x000000008c000000|100%|HC|  |TAMS 0x000000008c000000, 0x000000008bf00000| Complete 
|  20|0x000000008c000000, 0x000000008c100000, 0x000000008c100000|100%| O|  |TAMS 0x000000008c100000, 0x000000008c000000| Untracked 
|  21|0x000000008c100000, 0x000000008c200000, 0x000000008c200000|100%| O|  |TAMS 0x000000008c200000, 0x000000008c100000| Untracked 
|  22|0x000000008c200000, 0x000000008c300000, 0x000000008c300000|100%| O|  |TAMS 0x000000008c300000, 0x000000008c200000| Untracked 
|  23|0x000000008c300000, 0x000000008c400000, 0x000000008c400000|100%| O|  |TAMS 0x000000008c400000, 0x000000008c300000| Untracked 
|  24|0x000000008c400000, 0x000000008c500000, 0x000000008c500000|100%| O|  |TAMS 0x000000008c500000, 0x000000008c400000| Untracked 
|  25|0x000000008c500000, 0x000000008c600000, 0x000000008c600000|100%| O|  |TAMS 0x000000008c600000, 0x000000008c500000| Untracked 
|  26|0x000000008c600000, 0x000000008c700000, 0x000000008c700000|100%| O|  |TAMS 0x000000008c700000, 0x000000008c600000| Untracked 
|  27|0x000000008c700000, 0x000000008c800000, 0x000000008c800000|100%| O|  |TAMS 0x000000008c800000, 0x000000008c700000| Untracked 
|  28|0x000000008c800000, 0x000000008c900000, 0x000000008c900000|100%| O|  |TAMS 0x000000008c900000, 0x000000008c800000| Untracked 
|  29|0x000000008c900000, 0x000000008ca00000, 0x000000008ca00000|100%| O|  |TAMS 0x000000008ca00000, 0x000000008c900000| Untracked 
|  30|0x000000008ca00000, 0x000000008cb00000, 0x000000008cb00000|100%| O|  |TAMS 0x000000008cb00000, 0x000000008ca00000| Untracked 
|  31|0x000000008cb00000, 0x000000008cc00000, 0x000000008cc00000|100%| O|  |TAMS 0x000000008cc00000, 0x000000008cb00000| Untracked 
|  32|0x000000008cc00000, 0x000000008cd00000, 0x000000008cd00000|100%| O|  |TAMS 0x000000008cd00000, 0x000000008cc00000| Untracked 
|  33|0x000000008cd00000, 0x000000008ce00000, 0x000000008ce00000|100%| O|  |TAMS 0x000000008ce00000, 0x000000008cd00000| Untracked 
|  34|0x000000008ce00000, 0x000000008cf00000, 0x000000008cf00000|100%| O|  |TAMS 0x000000008cf00000, 0x000000008ce00000| Untracked 
|  35|0x000000008cf00000, 0x000000008d000000, 0x000000008d000000|100%| O|  |TAMS 0x000000008d000000, 0x000000008cf00000| Untracked 
|  36|0x000000008d000000, 0x000000008d100000, 0x000000008d100000|100%| O|  |TAMS 0x000000008d100000, 0x000000008d000000| Untracked 
|  37|0x000000008d100000, 0x000000008d200000, 0x000000008d200000|100%| O|  |TAMS 0x000000008d200000, 0x000000008d100000| Untracked 
|  38|0x000000008d200000, 0x000000008d300000, 0x000000008d300000|100%| O|  |TAMS 0x000000008d2b2200, 0x000000008d200000| Untracked 
|  39|0x000000008d300000, 0x000000008d400000, 0x000000008d400000|100%| O|  |TAMS 0x000000008d300000, 0x000000008d300000| Untracked 
|  40|0x000000008d400000, 0x000000008d500000, 0x000000008d500000|100%| O|  |TAMS 0x000000008d400000, 0x000000008d400000| Untracked 
|  41|0x000000008d500000, 0x000000008d600000, 0x000000008d600000|100%| O|  |TAMS 0x000000008d500000, 0x000000008d500000| Untracked 
|  42|0x000000008d600000, 0x000000008d685c00, 0x000000008d700000| 52%| O|  |TAMS 0x000000008d600000, 0x000000008d600000| Untracked 
|  43|0x000000008d700000, 0x000000008d700000, 0x000000008d800000|  0%| F|  |TAMS 0x000000008d700000, 0x000000008d700000| Untracked 
|  44|0x000000008d800000, 0x000000008d800000, 0x000000008d900000|  0%| F|  |TAMS 0x000000008d800000, 0x000000008d800000| Untracked 
|  45|0x000000008d900000, 0x000000008d900000, 0x000000008da00000|  0%| F|  |TAMS 0x000000008d900000, 0x000000008d900000| Untracked 
|  46|0x000000008da00000, 0x000000008da00000, 0x000000008db00000|  0%| F|  |TAMS 0x000000008da00000, 0x000000008da00000| Untracked 
|  47|0x000000008db00000, 0x000000008db00000, 0x000000008dc00000|  0%| F|  |TAMS 0x000000008db00000, 0x000000008db00000| Untracked 
|  48|0x000000008dc00000, 0x000000008dc00000, 0x000000008dd00000|  0%| F|  |TAMS 0x000000008dc00000, 0x000000008dc00000| Untracked 
|  49|0x000000008dd00000, 0x000000008dd00000, 0x000000008de00000|  0%| F|  |TAMS 0x000000008dd00000, 0x000000008dd00000| Untracked 
|  50|0x000000008de00000, 0x000000008de00000, 0x000000008df00000|  0%| F|  |TAMS 0x000000008de00000, 0x000000008de00000| Untracked 
|  51|0x000000008df00000, 0x000000008df00000, 0x000000008e000000|  0%| F|  |TAMS 0x000000008df00000, 0x000000008df00000| Untracked 
|  52|0x000000008e000000, 0x000000008e000000, 0x000000008e100000|  0%| F|  |TAMS 0x000000008e000000, 0x000000008e000000| Untracked 
|  53|0x000000008e100000, 0x000000008e100000, 0x000000008e200000|  0%| F|  |TAMS 0x000000008e100000, 0x000000008e100000| Untracked 
|  54|0x000000008e200000, 0x000000008e200000, 0x000000008e300000|  0%| F|  |TAMS 0x000000008e200000, 0x000000008e200000| Untracked 
|  55|0x000000008e300000, 0x000000008e300000, 0x000000008e400000|  0%| F|  |TAMS 0x000000008e300000, 0x000000008e300000| Untracked 
|  56|0x000000008e400000, 0x000000008e400000, 0x000000008e500000|  0%| F|  |TAMS 0x000000008e400000, 0x000000008e400000| Untracked 
|  57|0x000000008e500000, 0x000000008e500000, 0x000000008e600000|  0%| F|  |TAMS 0x000000008e500000, 0x000000008e500000| Untracked 
|  58|0x000000008e600000, 0x000000008e600000, 0x000000008e700000|  0%| F|  |TAMS 0x000000008e600000, 0x000000008e600000| Untracked 
|  59|0x000000008e700000, 0x000000008e700000, 0x000000008e800000|  0%| F|  |TAMS 0x000000008e700000, 0x000000008e700000| Untracked 
|  60|0x000000008e800000, 0x000000008e800000, 0x000000008e900000|  0%| F|  |TAMS 0x000000008e800000, 0x000000008e800000| Untracked 
|  61|0x000000008e900000, 0x000000008e900000, 0x000000008ea00000|  0%| F|  |TAMS 0x000000008e900000, 0x000000008e900000| Untracked 
|  62|0x000000008ea00000, 0x000000008ea00000, 0x000000008eb00000|  0%| F|  |TAMS 0x000000008ea00000, 0x000000008ea00000| Untracked 
|  63|0x000000008eb00000, 0x000000008eb00000, 0x000000008ec00000|  0%| F|  |TAMS 0x000000008eb00000, 0x000000008eb00000| Untracked 
|  64|0x000000008ec00000, 0x000000008ec00000, 0x000000008ed00000|  0%| F|  |TAMS 0x000000008ec00000, 0x000000008ec00000| Untracked 
|  65|0x000000008ed00000, 0x000000008edad0f0, 0x000000008ee00000| 67%| E|  |TAMS 0x000000008ed00000, 0x000000008ed00000| Complete 
|  66|0x000000008ee00000, 0x000000008ef00000, 0x000000008ef00000|100%| E|CS|TAMS 0x000000008ee00000, 0x000000008ee00000| Complete 
|  67|0x000000008ef00000, 0x000000008efecbf8, 0x000000008f000000| 92%| S|CS|TAMS 0x000000008ef00000, 0x000000008ef00000| Complete 
|  68|0x000000008f000000, 0x000000008f100000, 0x000000008f100000|100%| S|CS|TAMS 0x000000008f000000, 0x000000008f000000| Complete 
|  69|0x000000008f100000, 0x000000008f200000, 0x000000008f200000|100%| E|CS|TAMS 0x000000008f100000, 0x000000008f100000| Complete 
|  75|0x000000008f700000, 0x000000008f800000, 0x000000008f800000|100%| E|CS|TAMS 0x000000008f700000, 0x000000008f700000| Complete 
|  76|0x000000008f800000, 0x000000008f900000, 0x000000008f900000|100%| E|CS|TAMS 0x000000008f800000, 0x000000008f800000| Complete 
|  77|0x000000008f900000, 0x000000008fa00000, 0x000000008fa00000|100%| E|CS|TAMS 0x000000008f900000, 0x000000008f900000| Complete 
|  82|0x000000008fe00000, 0x000000008ff00000, 0x000000008ff00000|100%| E|CS|TAMS 0x000000008fe00000, 0x000000008fe00000| Complete 
|  83|0x000000008ff00000, 0x0000000090000000, 0x0000000090000000|100%| E|CS|TAMS 0x000000008ff00000, 0x000000008ff00000| Complete 
|  84|0x0000000090000000, 0x0000000090100000, 0x0000000090100000|100%| E|CS|TAMS 0x0000000090000000, 0x0000000090000000| Complete 
|  85|0x0000000090100000, 0x0000000090200000, 0x0000000090200000|100%| E|CS|TAMS 0x0000000090100000, 0x0000000090100000| Complete 
|  86|0x0000000090200000, 0x0000000090300000, 0x0000000090300000|100%| E|CS|TAMS 0x0000000090200000, 0x0000000090200000| Complete 
| 117|0x0000000092100000, 0x0000000092200000, 0x0000000092200000|100%| E|CS|TAMS 0x0000000092100000, 0x0000000092100000| Complete 

Card table byte_map: [0x0000022850d30000,0x00000228510e0000] _byte_map_base: 0x00000228508da000

Marking Bits (Prev, Next): (CMBitMap*) 0x0000022839b822e0, (CMBitMap*) 0x0000022839b822a0
 Prev Bits: [0x00000228531e0000, 0x0000022854f30000)
 Next Bits: [0x0000022851490000, 0x00000228531e0000)

Polling page: 0x0000022839120000

Metaspace:

Usage:
  Non-class:     39.95 MB used.
      Class:      5.32 MB used.
       Both:     45.27 MB used.

Virtual space:
  Non-class space:       64.00 MB reserved,      40.06 MB ( 63%) committed,  1 nodes.
      Class space:        1.00 GB reserved,       5.44 MB ( <1%) committed,  1 nodes.
             Both:        1.06 GB reserved,      45.50 MB (  4%) committed. 

Chunk freelists:
   Non-Class:  6.70 MB
       Class:  10.57 MB
        Both:  17.27 MB

MaxMetaspaceSize: unlimited
CompressedClassSpaceSize: 1.00 GB
Initial GC threshold: 21.00 MB
Current GC threshold: 75.00 MB
CDS: on
MetaspaceReclaimPolicy: balanced
 - commit_granule_bytes: 65536.
 - commit_granule_words: 8192.
 - virtual_space_node_default_size: 8388608.
 - enlarge_chunks_in_place: 1.
 - new_chunks_are_fully_committed: 0.
 - uncommit_free_chunks: 1.
 - use_allocation_guard: 0.
 - handle_deallocations: 1.


Internal statistics:

num_allocs_failed_limit: 6.
num_arena_births: 258.
num_arena_deaths: 0.
num_vsnodes_births: 2.
num_vsnodes_deaths: 0.
num_space_committed: 726.
num_space_uncommitted: 0.
num_chunks_returned_to_freelist: 6.
num_chunks_taken_from_freelist: 1973.
num_chunk_merges: 6.
num_chunk_splits: 1536.
num_chunks_enlarged: 1322.
num_inconsistent_stats: 0.

CodeHeap 'non-profiled nmethods': size=120000Kb used=3556Kb max_used=3556Kb free=116443Kb
 bounds [0x0000022849120000, 0x00000228494a0000, 0x0000022850650000]
CodeHeap 'profiled nmethods': size=120000Kb used=16918Kb max_used=16918Kb free=103081Kb
 bounds [0x0000022841650000, 0x00000228426e0000, 0x0000022848b80000]
CodeHeap 'non-nmethods': size=5760Kb used=1287Kb max_used=1329Kb free=4472Kb
 bounds [0x0000022848b80000, 0x0000022848df0000, 0x0000022849120000]
 total_blobs=7134 nmethods=6538 adapters=506
 compilation: enabled
              stopped_count=0, restarted_count=0
 full_count=0

Compilation events (20 events):
Event: 47.953 Thread 0x00000228579501f0 nmethod 7293 0x00000228426c4490 code [0x00000228426c4640, 0x00000228426c48d8]
Event: 47.953 Thread 0x00000228579501f0 7294       3       org.jetbrains.kotlin.load.java.lazy.descriptors.LazyJavaClassMemberScope$enumEntryIndex$1::<init> (11 bytes)
Event: 47.954 Thread 0x00000228579501f0 nmethod 7294 0x00000228426c4a10 code [0x00000228426c4bc0, 0x00000228426c4df8]
Event: 47.957 Thread 0x00000228579501f0 7295       3       org.jetbrains.kotlin.load.java.PropertiesConventionUtilKt::propertyNamesBySetMethodName (32 bytes)
Event: 47.958 Thread 0x00000228579501f0 nmethod 7295 0x00000228426c4f10 code [0x00000228426c51c0, 0x00000228426c60a8]
Event: 47.978 Thread 0x00000228579501f0 7297       3       org.jetbrains.kotlin.load.java.structure.impl.classFiles.BinaryJavaAnnotation::resolve (24 bytes)
Event: 47.979 Thread 0x00000228579501f0 nmethod 7297 0x00000228426c6510 code [0x00000228426c66e0, 0x00000228426c6cc8]
Event: 48.058 Thread 0x00000228579501f0 7298       3       org.jetbrains.kotlin.resolve.jvm.JvmPrimitiveType::getDesc (14 bytes)
Event: 48.059 Thread 0x00000228579501f0 nmethod 7298 0x00000228426c6e10 code [0x00000228426c6fc0, 0x00000228426c7148]
Event: 48.082 Thread 0x00000228579501f0 7299       3       org.jetbrains.kotlin.load.java.lazy.descriptors.LazyJavaAnnotationDescriptor::<init> (172 bytes)
Event: 48.085 Thread 0x00000228579501f0 nmethod 7299 0x00000228426c7210 code [0x00000228426c76c0, 0x00000228426c9c68]
Event: 48.106 Thread 0x00000228579501f0 7300       3       org.jetbrains.kotlin.load.java.structure.impl.classFiles.ClassifierResolutionContext::addTypeParameters$resolution_common_jvm (115 bytes)
Event: 48.108 Thread 0x00000228579501f0 nmethod 7300 0x00000228426ca890 code [0x00000228426cab60, 0x00000228426cba58]
Event: 48.115 Thread 0x00000228579501f0 7301       1       org.jetbrains.kotlin.load.java.structure.impl.classFiles.BinaryJavaTypeParameter::getName (5 bytes)
Event: 48.115 Thread 0x00000228579501f0 nmethod 7301 0x0000022849498190 code [0x0000022849498320, 0x00000228494983f8]
Event: 48.133 Thread 0x00000228579501f0 7304       3       org.jetbrains.kotlin.resolve.DescriptorUtils::unwrapFakeOverride (94 bytes)
Event: 48.247 Thread 0x00000228579501f0 nmethod 7304 0x00000228426cbf10 code [0x00000228426cc200, 0x00000228426cd0d8]
Event: 48.248 Thread 0x00000228579501f0 7306       3       org.jetbrains.kotlin.types.TypeUtils::makeUnsubstitutedType (61 bytes)
Event: 48.249 Thread 0x00000228579501f0 nmethod 7306 0x00000228426cd510 code [0x00000228426cd720, 0x00000228426cdbe8]
Event: 48.249 Thread 0x00000228579501f0 7305       3       org.jetbrains.kotlin.types.TypeUtils::makeUnsubstitutedType (48 bytes)

GC Heap History (20 events):
Event: 27.902 GC heap before
{Heap before GC invocations=10 (full 0):
 garbage-first heap   total 55296K, used 40188K [0x000000008ac00000, 0x0000000100000000)
  region size 1024K, 15 young (15360K), 3 survivors (3072K)
 Metaspace       used 39087K, committed 39360K, reserved 1114112K
  class space    used 4858K, committed 4992K, reserved 1048576K
}
Event: 27.913 GC heap after
{Heap after GC invocations=11 (full 0):
 garbage-first heap   total 55296K, used 30201K [0x000000008ac00000, 0x0000000100000000)
  region size 1024K, 2 young (2048K), 2 survivors (2048K)
 Metaspace       used 39087K, committed 39360K, reserved 1114112K
  class space    used 4858K, committed 4992K, reserved 1048576K
}
Event: 31.490 GC heap before
{Heap before GC invocations=11 (full 0):
 garbage-first heap   total 55296K, used 40441K [0x000000008ac00000, 0x0000000100000000)
  region size 1024K, 13 young (13312K), 2 survivors (2048K)
 Metaspace       used 41148K, committed 41408K, reserved 1114112K
  class space    used 5081K, committed 5248K, reserved 1048576K
}
Event: 31.501 GC heap after
{Heap after GC invocations=12 (full 0):
 garbage-first heap   total 55296K, used 32098K [0x000000008ac00000, 0x0000000100000000)
  region size 1024K, 2 young (2048K), 2 survivors (2048K)
 Metaspace       used 41148K, committed 41408K, reserved 1114112K
  class space    used 5081K, committed 5248K, reserved 1048576K
}
Event: 32.998 GC heap before
{Heap before GC invocations=13 (full 0):
 garbage-first heap   total 56320K, used 36194K [0x000000008ac00000, 0x0000000100000000)
  region size 1024K, 7 young (7168K), 2 survivors (2048K)
 Metaspace       used 41508K, committed 41728K, reserved 1114112K
  class space    used 5117K, committed 5248K, reserved 1048576K
}
Event: 33.007 GC heap after
{Heap after GC invocations=14 (full 0):
 garbage-first heap   total 56320K, used 33337K [0x000000008ac00000, 0x0000000100000000)
  region size 1024K, 2 young (2048K), 2 survivors (2048K)
 Metaspace       used 41508K, committed 41728K, reserved 1114112K
  class space    used 5117K, committed 5248K, reserved 1048576K
}
Event: 33.388 GC heap before
{Heap before GC invocations=15 (full 0):
 garbage-first heap   total 63488K, used 42553K [0x000000008ac00000, 0x0000000100000000)
  region size 1024K, 11 young (11264K), 2 survivors (2048K)
 Metaspace       used 41559K, committed 41792K, reserved 1114112K
  class space    used 5117K, committed 5248K, reserved 1048576K
}
Event: 33.397 GC heap after
{Heap after GC invocations=16 (full 0):
 garbage-first heap   total 63488K, used 35840K [0x000000008ac00000, 0x0000000100000000)
  region size 1024K, 2 young (2048K), 2 survivors (2048K)
 Metaspace       used 41559K, committed 41792K, reserved 1114112K
  class space    used 5117K, committed 5248K, reserved 1048576K
}
Event: 33.468 GC heap before
{Heap before GC invocations=16 (full 0):
 garbage-first heap   total 63488K, used 48128K [0x000000008ac00000, 0x0000000100000000)
  region size 1024K, 14 young (14336K), 2 survivors (2048K)
 Metaspace       used 41592K, committed 41792K, reserved 1114112K
  class space    used 5117K, committed 5248K, reserved 1048576K
}
Event: 33.473 GC heap after
{Heap after GC invocations=17 (full 0):
 garbage-first heap   total 63488K, used 35828K [0x000000008ac00000, 0x0000000100000000)
  region size 1024K, 2 young (2048K), 2 survivors (2048K)
 Metaspace       used 41592K, committed 41792K, reserved 1114112K
  class space    used 5117K, committed 5248K, reserved 1048576K
}
Event: 37.133 GC heap before
{Heap before GC invocations=18 (full 0):
 garbage-first heap   total 63488K, used 48116K [0x000000008ac00000, 0x0000000100000000)
  region size 1024K, 14 young (14336K), 2 survivors (2048K)
 Metaspace       used 42534K, committed 42816K, reserved 1114112K
  class space    used 5160K, committed 5312K, reserved 1048576K
}
Event: 37.143 GC heap after
{Heap after GC invocations=19 (full 0):
 garbage-first heap   total 63488K, used 37285K [0x000000008ac00000, 0x0000000100000000)
  region size 1024K, 2 young (2048K), 2 survivors (2048K)
 Metaspace       used 42534K, committed 42816K, reserved 1114112K
  class space    used 5160K, committed 5312K, reserved 1048576K
}
Event: 42.605 GC heap before
{Heap before GC invocations=19 (full 0):
 garbage-first heap   total 63488K, used 47525K [0x000000008ac00000, 0x0000000100000000)
  region size 1024K, 13 young (13312K), 2 survivors (2048K)
 Metaspace       used 44288K, committed 44544K, reserved 1114112K
  class space    used 5366K, committed 5504K, reserved 1048576K
}
Event: 42.615 GC heap after
{Heap after GC invocations=20 (full 0):
 garbage-first heap   total 63488K, used 39501K [0x000000008ac00000, 0x0000000100000000)
  region size 1024K, 2 young (2048K), 2 survivors (2048K)
 Metaspace       used 44288K, committed 44544K, reserved 1114112K
  class space    used 5366K, committed 5504K, reserved 1048576K
}
Event: 44.587 GC heap before
{Heap before GC invocations=21 (full 0):
 garbage-first heap   total 68608K, used 49741K [0x000000008ac00000, 0x0000000100000000)
  region size 1024K, 12 young (12288K), 2 survivors (2048K)
 Metaspace       used 45431K, committed 45696K, reserved 1114112K
  class space    used 5404K, committed 5568K, reserved 1048576K
}
Event: 44.598 GC heap after
{Heap after GC invocations=22 (full 0):
 garbage-first heap   total 68608K, used 41655K [0x000000008ac00000, 0x0000000100000000)
  region size 1024K, 2 young (2048K), 2 survivors (2048K)
 Metaspace       used 45431K, committed 45696K, reserved 1114112K
  class space    used 5404K, committed 5568K, reserved 1048576K
}
Event: 46.195 GC heap before
{Heap before GC invocations=22 (full 0):
 garbage-first heap   total 68608K, used 53943K [0x000000008ac00000, 0x0000000100000000)
  region size 1024K, 14 young (14336K), 2 survivors (2048K)
 Metaspace       used 45791K, committed 46080K, reserved 1114112K
  class space    used 5423K, committed 5568K, reserved 1048576K
}
Event: 46.209 GC heap after
{Heap after GC invocations=23 (full 0):
 garbage-first heap   total 68608K, used 43583K [0x000000008ac00000, 0x0000000100000000)
  region size 1024K, 2 young (2048K), 2 survivors (2048K)
 Metaspace       used 45791K, committed 46080K, reserved 1114112K
  class space    used 5423K, committed 5568K, reserved 1048576K
}
Event: 47.192 GC heap before
{Heap before GC invocations=24 (full 0):
 garbage-first heap   total 80896K, used 53823K [0x000000008ac00000, 0x0000000100000000)
  region size 1024K, 12 young (12288K), 2 survivors (2048K)
 Metaspace       used 46206K, committed 46464K, reserved 1114112K
  class space    used 5449K, committed 5568K, reserved 1048576K
}
Event: 47.208 GC heap after
{Heap after GC invocations=25 (full 0):
 garbage-first heap   total 80896K, used 45513K [0x000000008ac00000, 0x0000000100000000)
  region size 1024K, 2 young (2048K), 2 survivors (2048K)
 Metaspace       used 46206K, committed 46464K, reserved 1114112K
  class space    used 5449K, committed 5568K, reserved 1048576K
}

Dll operation events (7 events):
Event: 0.029 Loaded shared library C:\Program Files\Microsoft\jdk-17.0.12.7-hotspot\bin\java.dll
Event: 0.065 Loaded shared library C:\Program Files\Microsoft\jdk-17.0.12.7-hotspot\bin\jsvml.dll
Event: 0.208 Loaded shared library C:\Program Files\Microsoft\jdk-17.0.12.7-hotspot\bin\net.dll
Event: 0.212 Loaded shared library C:\Program Files\Microsoft\jdk-17.0.12.7-hotspot\bin\nio.dll
Event: 0.265 Loaded shared library C:\Program Files\Microsoft\jdk-17.0.12.7-hotspot\bin\zip.dll
Event: 0.344 Loaded shared library C:\Program Files\Microsoft\jdk-17.0.12.7-hotspot\bin\jimage.dll
Event: 6.515 Loaded shared library C:\Program Files\Microsoft\jdk-17.0.12.7-hotspot\bin\verify.dll

Deoptimization events (20 events):
Event: 46.116 Thread 0x0000022839b285f0 DEOPT PACKING pc=0x000002284924914c sp=0x000000b0848fcfe0
Event: 46.116 Thread 0x0000022839b285f0 DEOPT UNPACKING pc=0x0000022848bd69a3 sp=0x000000b0848fcec0 mode 2
Event: 46.129 Thread 0x0000022839b285f0 Uncommon trap: trap_request=0xffffffc6 fr.pc=0x000002284924914c relative=0x000000000000188c
Event: 46.129 Thread 0x0000022839b285f0 Uncommon trap: reason=bimorphic_or_optimized_type_check action=maybe_recompile pc=0x000002284924914c method=org.jetbrains.kotlin.serialization.deserialization.descriptors.DeserializedPackageMemberScope.hasClass(Lorg/jetbrains/kotlin/name/Name;)Z @ 38 c2
Event: 46.129 Thread 0x0000022839b285f0 DEOPT PACKING pc=0x000002284924914c sp=0x000000b0848fcfe0
Event: 46.129 Thread 0x0000022839b285f0 DEOPT UNPACKING pc=0x0000022848bd69a3 sp=0x000000b0848fcec0 mode 2
Event: 46.174 Thread 0x0000022839b285f0 DEOPT PACKING pc=0x0000022841bdc1cb sp=0x000000b0848fcbe0
Event: 46.174 Thread 0x0000022839b285f0 DEOPT UNPACKING pc=0x0000022848bd7143 sp=0x000000b0848fc0e8 mode 0
Event: 46.191 Thread 0x0000022839b285f0 DEOPT PACKING pc=0x0000022841bdc1cb sp=0x000000b0848fcbe0
Event: 46.191 Thread 0x0000022839b285f0 DEOPT UNPACKING pc=0x0000022848bd7143 sp=0x000000b0848fc0e8 mode 0
Event: 46.194 Thread 0x0000022839b285f0 DEOPT PACKING pc=0x0000022841bdc1cb sp=0x000000b0848fcbe0
Event: 46.194 Thread 0x0000022839b285f0 DEOPT UNPACKING pc=0x0000022848bd7143 sp=0x000000b0848fc0e8 mode 0
Event: 46.367 Thread 0x0000022839b285f0 Uncommon trap: trap_request=0xffffff45 fr.pc=0x000002284943f1c4 relative=0x0000000000000404
Event: 46.367 Thread 0x0000022839b285f0 Uncommon trap: reason=unstable_if action=reinterpret pc=0x000002284943f1c4 method=org.jetbrains.kotlin.load.java.lazy.descriptors.JvmPackageScope.getContributedClassifier(Lorg/jetbrains/kotlin/name/Name;Lorg/jetbrains/kotlin/incremental/components/LookupL
Event: 46.367 Thread 0x0000022839b285f0 DEOPT PACKING pc=0x000002284943f1c4 sp=0x000000b0848fc940
Event: 46.367 Thread 0x0000022839b285f0 DEOPT UNPACKING pc=0x0000022848bd69a3 sp=0x000000b0848fc8a0 mode 2
Event: 46.786 Thread 0x0000022839b285f0 Uncommon trap: trap_request=0xffffffcc fr.pc=0x000002284948231c relative=0x000000000000027c
Event: 46.786 Thread 0x0000022839b285f0 Uncommon trap: reason=intrinsic_or_type_checked_inlining action=make_not_entrant pc=0x000002284948231c method=java.util.ArrayList.toArray([Ljava/lang/Object;)[Ljava/lang/Object; @ 36 c2
Event: 46.786 Thread 0x0000022839b285f0 DEOPT PACKING pc=0x000002284948231c sp=0x000000b0848fc450
Event: 46.786 Thread 0x0000022839b285f0 DEOPT UNPACKING pc=0x0000022848bd69a3 sp=0x000000b0848fc3f0 mode 2

Classes loaded (20 events):
Event: 41.502 Loading class java/util/stream/Node$OfLong done
Event: 41.502 Loading class java/util/stream/Nodes$EmptyNode$OfLong done
Event: 41.502 Loading class java/util/stream/Nodes$EmptyNode$OfDouble
Event: 41.502 Loading class java/util/stream/Node$OfDouble
Event: 41.578 Loading class java/util/stream/Node$OfDouble done
Event: 41.578 Loading class java/util/stream/Nodes$EmptyNode$OfDouble done
Event: 41.578 Loading class java/util/stream/Nodes$SpinedNodeBuilder
Event: 41.653 Loading class java/util/stream/Node$Builder
Event: 41.654 Loading class java/util/stream/Node$Builder done
Event: 41.654 Loading class java/util/stream/SpinedBuffer
Event: 41.688 Loading class java/util/stream/AbstractSpinedBuffer
Event: 41.754 Loading class java/util/stream/AbstractSpinedBuffer done
Event: 41.754 Loading class java/util/stream/SpinedBuffer done
Event: 41.754 Loading class java/util/stream/Nodes$SpinedNodeBuilder done
Event: 42.106 Loading class jdk/internal/math/FDBigInteger
Event: 42.273 Loading class jdk/internal/math/FDBigInteger done
Event: 42.303 Loading class java/util/RegularEnumSet$EnumSetIterator
Event: 42.377 Loading class java/util/RegularEnumSet$EnumSetIterator done
Event: 45.986 Loading class java/util/concurrent/locks/AbstractQueuedSynchronizer$Node
Event: 46.015 Loading class java/util/concurrent/locks/AbstractQueuedSynchronizer$Node done

Classes unloaded (0 events):
No events

Classes redefined (0 events):
No events

Internal exceptions (20 events):
Event: 20.452 Thread 0x0000022839b285f0 Implicit null exception at 0x00000228492176cc to 0x00000228492177a8
Event: 20.910 Thread 0x0000022839b285f0 Exception <a 'java/lang/NoSuchMethodError'{0x000000009214b770}: 'java.lang.Object java.lang.invoke.DirectMethodHandle$Holder.newInvokeSpecial(java.lang.Object, java.lang.Object, java.lang.Object, int)'> (0x000000009214b770) 
thrown [s\src\hotspot\share\interpreter\linkResolver.cpp, line 759]
Event: 20.911 Thread 0x0000022839b285f0 Exception <a 'java/lang/NoSuchMethodError'{0x000000009214fdf8}: 'java.lang.Object java.lang.invoke.DirectMethodHandle$Holder.invokeSpecial(java.lang.Object, java.lang.Object, java.lang.Object, java.lang.Object, int)'> (0x000000009214fdf8) 
thrown [s\src\hotspot\share\interpreter\linkResolver.cpp, line 759]
Event: 20.912 Thread 0x0000022839b285f0 Exception <a 'java/lang/NoSuchMethodError'{0x0000000092153c68}: 'java.lang.Object java.lang.invoke.Invokers$Holder.linkToTargetMethod(java.lang.Object, java.lang.Object, int, java.lang.Object)'> (0x0000000092153c68) 
thrown [s\src\hotspot\share\interpreter\linkResolver.cpp, line 759]
Event: 25.889 Thread 0x0000022839b285f0 Implicit null exception at 0x0000022849252ddc to 0x00000228492575a8
Event: 26.067 Thread 0x0000022839b285f0 Exception <a 'java/lang/NoSuchMethodError'{0x00000000900b6f90}: 'java.lang.Object java.lang.invoke.DirectMethodHandle$Holder.newInvokeSpecial(java.lang.Object, java.lang.Object, java.lang.Object, java.lang.Object, java.lang.Object)'> (0x00000000900b6f90) 
thrown [s\src\hotspot\share\interpreter\linkResolver.cpp, line 759]
Event: 26.071 Thread 0x0000022839b285f0 Exception <a 'java/lang/NoSuchMethodError'{0x00000000900c64e0}: 'java.lang.Object java.lang.invoke.DirectMethodHandle$Holder.invokeStatic(java.lang.Object, java.lang.Object, java.lang.Object, java.lang.Object, int)'> (0x00000000900c64e0) 
thrown [s\src\hotspot\share\interpreter\linkResolver.cpp, line 759]
Event: 26.073 Thread 0x0000022839b285f0 Exception <a 'java/lang/NoSuchMethodError'{0x00000000900d01c8}: 'java.lang.Object java.lang.invoke.DirectMethodHandle$Holder.newInvokeSpecial(java.lang.Object, java.lang.Object, java.lang.Object, java.lang.Object, int)'> (0x00000000900d01c8) 
thrown [s\src\hotspot\share\interpreter\linkResolver.cpp, line 759]
Event: 26.074 Thread 0x0000022839b285f0 Exception <a 'java/lang/NoSuchMethodError'{0x00000000900d4cf8}: 'java.lang.Object java.lang.invoke.DirectMethodHandle$Holder.invokeSpecial(java.lang.Object, java.lang.Object, java.lang.Object, java.lang.Object, java.lang.Object, int)'> (0x00000000900d4cf8) 
thrown [s\src\hotspot\share\interpreter\linkResolver.cpp, line 759]
Event: 26.075 Thread 0x0000022839b285f0 Exception <a 'java/lang/NoSuchMethodError'{0x00000000900d91d8}: 'java.lang.Object java.lang.invoke.Invokers$Holder.linkToTargetMethod(java.lang.Object, java.lang.Object, java.lang.Object, int, java.lang.Object)'> (0x00000000900d91d8) 
thrown [s\src\hotspot\share\interpreter\linkResolver.cpp, line 759]
Event: 30.227 Thread 0x0000022839b285f0 Exception <a 'java/lang/NoSuchMethodError'{0x000000008f75c2b8}: 'java.lang.Object java.lang.invoke.DirectMethodHandle$Holder.newInvokeSpecial(java.lang.Object, java.lang.Object, java.lang.Object, java.lang.Object, java.lang.Object, java.lang.Object, java.lang.Object, java.lang.Object)'> (0x000000008f75c2b8) 
thrown [s\src\hotspot\share\interpreter\linkResolver.cpp, line 759]
Event: 30.228 Thread 0x0000022839b285f0 Exception <a 'java/lang/NoSuchMethodError'{0x000000008f7618d0}: 'java.lang.Object java.lang.invoke.DirectMethodHandle$Holder.invokeSpecial(java.lang.Object, java.lang.Object, java.lang.Object, java.lang.Object, java.lang.Object, java.lang.Object, java.lang.Object, java.lang.Object, java.lang.Object)'> (0x000000008f7618d0) 
thrown [s\src\hotspot\share\interpreter\linkResolver.cpp, line 759]
Event: 30.229 Thread 0x0000022839b285f0 Exception <a 'java/lang/NoSuchMethodError'{0x000000008f766800}: 'java.lang.Object java.lang.invoke.Invokers$Holder.linkToTargetMethod(java.lang.Object, java.lang.Object, java.lang.Object, java.lang.Object, java.lang.Object, java.lang.Object, java.lang.Object, java.lang.Object)'> (0x000000008f766800) 
thrown [s\src\hotspot\share\interpreter\linkResolver.cpp, line 759]
Event: 36.177 Thread 0x0000022839b285f0 Exception <a 'java/lang/NoSuchMethodError'{0x000000008f9a56f8}: 'java.lang.Object java.lang.invoke.DirectMethodHandle$Holder.newInvokeSpecial(java.lang.Object, int, java.lang.Object)'> (0x000000008f9a56f8) 
thrown [s\src\hotspot\share\interpreter\linkResolver.cpp, line 759]
Event: 36.179 Thread 0x0000022839b285f0 Exception <a 'java/lang/NoSuchMethodError'{0x000000008f9aba88}: 'int java.lang.invoke.DirectMethodHandle$Holder.invokeInterface(java.lang.Object, java.lang.Object)'> (0x000000008f9aba88) 
thrown [s\src\hotspot\share\interpreter\linkResolver.cpp, line 759]
Event: 41.236 Thread 0x0000022839b285f0 Exception <a 'java/lang/NoSuchMethodError'{0x000000008f81c630}: 'void java.lang.invoke.DirectMethodHandle$Holder.invokeInterface(java.lang.Object, java.lang.Object)'> (0x000000008f81c630) 
thrown [s\src\hotspot\share\interpreter\linkResolver.cpp, line 759]
Event: 42.439 Thread 0x0000022839b285f0 Implicit null exception at 0x00000228492bb153 to 0x00000228492bb304
Event: 44.260 Thread 0x0000022839b285f0 Exception <a 'java/lang/IncompatibleClassChangeError'{0x000000008f8e20d0}: Found class java.lang.Object, but interface was expected> (0x000000008f8e20d0) 
thrown [s\src\hotspot\share\interpreter\linkResolver.cpp, line 826]
Event: 46.287 Thread 0x0000022839b285f0 Exception <a 'java/lang/NoSuchMethodError'{0x0000000090014900}: 'java.lang.Object java.lang.invoke.DirectMethodHandle$Holder.invokeSpecial(java.lang.Object, java.lang.Object, java.lang.Object, java.lang.Object, java.lang.Object, java.lang.Object, int)'> (0x0000000090014900) 
thrown [s\src\hotspot\share\interpreter\linkResolver.cpp, line 759]
Event: 46.288 Thread 0x0000022839b285f0 Exception <a 'java/lang/NoSuchMethodError'{0x000000009001e0f8}: 'java.lang.Object java.lang.invoke.DirectMethodHandle$Holder.newInvokeSpecial(java.lang.Object, java.lang.Object, java.lang.Object, java.lang.Object, java.lang.Object, java.lang.Object)'> (0x000000009001e0f8) 
thrown [s\src\hotspot\share\interpreter\linkResolver.cpp, line 759]

VM Operations (20 events):
Event: 44.247 Executing VM operation: ICBufferFull
Event: 44.247 Executing VM operation: ICBufferFull done
Event: 44.587 Executing VM operation: G1CollectForAllocation
Event: 44.598 Executing VM operation: G1CollectForAllocation done
Event: 45.599 Executing VM operation: Cleanup
Event: 45.599 Executing VM operation: Cleanup done
Event: 46.195 Executing VM operation: G1CollectForAllocation
Event: 46.210 Executing VM operation: G1CollectForAllocation done
Event: 46.271 Executing VM operation: G1PauseRemark
Event: 46.288 Executing VM operation: G1PauseRemark done
Event: 46.320 Executing VM operation: G1PauseCleanup
Event: 46.336 Executing VM operation: G1PauseCleanup done
Event: 46.953 Executing VM operation: HandshakeAllThreads
Event: 46.953 Executing VM operation: HandshakeAllThreads done
Event: 46.976 Executing VM operation: ICBufferFull
Event: 46.978 Executing VM operation: ICBufferFull done
Event: 47.192 Executing VM operation: G1CollectForAllocation
Event: 47.208 Executing VM operation: G1CollectForAllocation done
Event: 48.214 Executing VM operation: Cleanup
Event: 48.247 Executing VM operation: Cleanup done

Events (20 events):
Event: 38.842 Thread 0x000002289d87cbe0 Thread exited: 0x000002289d87cbe0
Event: 38.842 Thread 0x000002289d87c6c0 Thread exited: 0x000002289d87c6c0
Event: 42.293 Thread 0x00000228a13c9720 Thread added: 0x00000228a13c9720
Event: 42.300 Thread 0x000002289ee08ad0 Thread added: 0x000002289ee08ad0
Event: 42.779 Thread 0x000002289ee08ad0 Thread exited: 0x000002289ee08ad0
Event: 42.779 Thread 0x00000228a13c9720 Thread exited: 0x00000228a13c9720
Event: 43.053 Thread 0x000002289f50bc00 Thread added: 0x000002289f50bc00
Event: 43.830 Thread 0x000002289f50bc00 Thread exited: 0x000002289f50bc00
Event: 44.148 Thread 0x000002289f072fc0 Thread added: 0x000002289f072fc0
Event: 44.791 Thread 0x000002289f072fc0 Thread exited: 0x000002289f072fc0
Event: 46.129 Thread 0x000002289d8c2cc0 Thread added: 0x000002289d8c2cc0
Event: 46.140 Thread 0x000002289d8bfe50 Thread added: 0x000002289d8bfe50
Event: 46.866 Thread 0x000002289d8bfe50 Thread exited: 0x000002289d8bfe50
Event: 46.905 Thread 0x000002289d8c2cc0 Thread exited: 0x000002289d8c2cc0
Event: 46.954 Thread 0x00000228579ac8f0 flushing nmethod 0x0000022849161c10
Event: 46.955 Thread 0x00000228579ac8f0 flushing nmethod 0x00000228492f3810
Event: 46.956 Thread 0x00000228579ac8f0 flushing nmethod 0x000002284934c090
Event: 46.959 Thread 0x00000228579ac8f0 flushing nmethod 0x00000228417e9690
Event: 46.959 Thread 0x00000228579ac8f0 flushing nmethod 0x00000228417ebf90
Event: 48.247 Thread 0x00000228a139a9e0 Thread added: 0x00000228a139a9e0


Dynamic libraries:
0x00007ff6eccd0000 - 0x00007ff6eccde000 	C:\Program Files\Microsoft\jdk-17.0.12.7-hotspot\bin\java.exe
0x00007fff74ec0000 - 0x00007fff75120000 	C:\WINDOWS\SYSTEM32\ntdll.dll
0x00007fff73cf0000 - 0x00007fff73db7000 	C:\WINDOWS\System32\KERNEL32.DLL
0x00007fff720a0000 - 0x00007fff7246a000 	C:\WINDOWS\System32\KERNELBASE.dll
0x00007fff72680000 - 0x00007fff727cb000 	C:\WINDOWS\System32\ucrtbase.dll
0x00007fff4c1d0000 - 0x00007fff4c1e7000 	C:\Program Files\Microsoft\jdk-17.0.12.7-hotspot\bin\jli.dll
0x00007fff74ac0000 - 0x00007fff74c8c000 	C:\WINDOWS\System32\USER32.dll
0x00007fff725b0000 - 0x00007fff725d7000 	C:\WINDOWS\System32\win32u.dll
0x00007fff732f0000 - 0x00007fff7331a000 	C:\WINDOWS\System32\GDI32.dll
0x00007fff72470000 - 0x00007fff725a1000 	C:\WINDOWS\System32\gdi32full.dll
0x00007fff72b50000 - 0x00007fff72bf3000 	C:\WINDOWS\System32\msvcp_win.dll
0x00007fff5b990000 - 0x00007fff5bc27000 	C:\WINDOWS\WinSxS\amd64_microsoft.windows.common-controls_6595b64144ccf1df_6.0.26100.3624_none_3e086962e3345f24\COMCTL32.dll
0x00007fff73240000 - 0x00007fff732e9000 	C:\WINDOWS\System32\msvcrt.dll
0x00007fff4c210000 - 0x00007fff4c22d000 	C:\Program Files\Microsoft\jdk-17.0.12.7-hotspot\bin\VCRUNTIME140.dll
0x00007fff72dc0000 - 0x00007fff72def000 	C:\WINDOWS\System32\IMM32.DLL
0x00007fff58940000 - 0x00007fff5894c000 	C:\Program Files\Microsoft\jdk-17.0.12.7-hotspot\bin\vcruntime140_1.dll
0x00007fff17c80000 - 0x00007fff17d0d000 	C:\Program Files\Microsoft\jdk-17.0.12.7-hotspot\bin\msvcp140.dll
0x00007ffefe290000 - 0x00007ffefef00000 	C:\Program Files\Microsoft\jdk-17.0.12.7-hotspot\bin\server\jvm.dll
0x00007fff730d0000 - 0x00007fff73182000 	C:\WINDOWS\System32\ADVAPI32.dll
0x00007fff73320000 - 0x00007fff733c6000 	C:\WINDOWS\System32\sechost.dll
0x00007fff73400000 - 0x00007fff73516000 	C:\WINDOWS\System32\RPCRT4.dll
0x00007fff72e00000 - 0x00007fff72e74000 	C:\WINDOWS\System32\WS2_32.dll
0x00007fff71ef0000 - 0x00007fff71f4e000 	C:\WINDOWS\SYSTEM32\POWRPROF.dll
0x00007fff6acc0000 - 0x00007fff6acf6000 	C:\WINDOWS\SYSTEM32\WINMM.dll
0x00007fff6ad00000 - 0x00007fff6ad0b000 	C:\WINDOWS\SYSTEM32\VERSION.dll
0x00007fff71ed0000 - 0x00007fff71ee4000 	C:\WINDOWS\SYSTEM32\UMPDC.dll
0x00007fff70eb0000 - 0x00007fff70eca000 	C:\WINDOWS\SYSTEM32\kernel.appcore.dll
0x00007fff582a0000 - 0x00007fff582aa000 	C:\Program Files\Microsoft\jdk-17.0.12.7-hotspot\bin\jimage.dll
0x00007fff65020000 - 0x00007fff65261000 	C:\WINDOWS\SYSTEM32\DBGHELP.DLL
0x00007fff737d0000 - 0x00007fff73b52000 	C:\WINDOWS\System32\combase.dll
0x00007fff744f0000 - 0x00007fff745c6000 	C:\WINDOWS\System32\OLEAUT32.dll
0x00007fff54af0000 - 0x00007fff54b29000 	C:\WINDOWS\SYSTEM32\dbgcore.DLL
0x00007fff725e0000 - 0x00007fff72679000 	C:\WINDOWS\System32\bcryptPrimitives.dll
0x00007fff41a50000 - 0x00007fff41a75000 	C:\Program Files\Microsoft\jdk-17.0.12.7-hotspot\bin\java.dll
0x00007fff08c40000 - 0x00007fff08d17000 	C:\Program Files\Microsoft\jdk-17.0.12.7-hotspot\bin\jsvml.dll
0x00007fff73dc0000 - 0x00007fff744e9000 	C:\WINDOWS\System32\SHELL32.dll
0x00007fff72860000 - 0x00007fff729c8000 	C:\WINDOWS\System32\wintypes.dll
0x00007fff6fd20000 - 0x00007fff70572000 	C:\WINDOWS\SYSTEM32\windows.storage.dll
0x00007fff72e80000 - 0x00007fff72f6d000 	C:\WINDOWS\System32\SHCORE.dll
0x00007fff72cc0000 - 0x00007fff72d24000 	C:\WINDOWS\System32\shlwapi.dll
0x00007fff71fb0000 - 0x00007fff71fdf000 	C:\WINDOWS\SYSTEM32\profapi.dll
0x00007fff4a6f0000 - 0x00007fff4a70a000 	C:\Program Files\Microsoft\jdk-17.0.12.7-hotspot\bin\net.dll
0x00007fff68420000 - 0x00007fff6853d000 	C:\WINDOWS\SYSTEM32\WINHTTP.dll
0x00007fff713d0000 - 0x00007fff7143a000 	C:\WINDOWS\system32\mswsock.dll
0x00007fff3dc30000 - 0x00007fff3dc46000 	C:\Program Files\Microsoft\jdk-17.0.12.7-hotspot\bin\nio.dll
0x00007fff3aa10000 - 0x00007fff3aa28000 	C:\Program Files\Microsoft\jdk-17.0.12.7-hotspot\bin\zip.dll
0x00007fff57b90000 - 0x00007fff57ba0000 	C:\Program Files\Microsoft\jdk-17.0.12.7-hotspot\bin\verify.dll

dbghelp: loaded successfully - version: 4.0.5 - missing functions: none
symbol engine: initialized successfully - sym options: 0x614 - pdb path: .;C:\Program Files\Microsoft\jdk-17.0.12.7-hotspot\bin;C:\WINDOWS\SYSTEM32;C:\WINDOWS\WinSxS\amd64_microsoft.windows.common-controls_6595b64144ccf1df_6.0.26100.3624_none_3e086962e3345f24;C:\Program Files\Microsoft\jdk-17.0.12.7-hotspot\bin\server

VM Arguments:
java_command: org.jetbrains.kotlin.cli.jvm.K2JVMCompiler @C:\NexgenLMS\NexGenMobile\node_modules\react-native-screens\android\build\20250419_16754257655840078572.compiler.options
java_class_path (initial): C:\Users\Abutalib\.gradle\caches\modules-2\files-2.1\org.jetbrains.kotlin\kotlin-compiler-embeddable\1.9.24\78dab849090e6c5e2eadb6e59a11cdc28fb67a08\kotlin-compiler-embeddable-1.9.24.jar;C:\Users\Abutalib\.gradle\caches\modules-2\files-2.1\org.jetbrains.kotlin\kotlin-stdlib\1.9.24\9928532f12c66ad816a625b3f9984f8368ca6d2b\kotlin-stdlib-1.9.24.jar;C:\Users\Abutalib\.gradle\caches\modules-2\files-2.1\org.jetbrains.kotlin\kotlin-script-runtime\1.9.24\96771497da90fbc5af1c90fce148db2595a62502\kotlin-script-runtime-1.9.24.jar;C:\Users\Abutalib\.gradle\caches\modules-2\files-2.1\org.jetbrains.kotlin\kotlin-reflect\1.6.10\1cbe9c92c12a94eea200d23c2bbaedaf3daf5132\kotlin-reflect-1.6.10.jar;C:\Users\Abutalib\.gradle\caches\modules-2\files-2.1\org.jetbrains.kotlin\kotlin-daemon-embeddable\1.9.24\86685b9c5e8d170925bd9ddbdc263374a6a73281\kotlin-daemon-embeddable-1.9.24.jar;C:\Users\Abutalib\.gradle\caches\modules-2\files-2.1\org.jetbrains.intellij.deps\trove4j\1.0.20200330\3afb14d5f9ceb459d724e907a21145e8ff394f02\trove4j-1.0.20200330.jar;C:\Users\Abutalib\.gradle\caches\modules-2\files-2.1\org.jetbrains\annotations\13.0\919f0dfe192fb4e063e7dacadee7f8bb9a2672a9\annotations-13.0.jar
Launcher Type: SUN_STANDARD

[Global flags]
     intx CICompilerCount                          = 4                                         {product} {ergonomic}
     uint ConcGCThreads                            = 2                                         {product} {ergonomic}
     uint G1ConcRefinementThreads                  = 8                                         {product} {ergonomic}
   size_t G1HeapRegionSize                         = 1048576                                   {product} {ergonomic}
    uintx GCDrainStackTargetSize                   = 64                                        {product} {ergonomic}
   size_t InitialHeapSize                          = 123731968                                 {product} {ergonomic}
   size_t MarkStackSize                            = 4194304                                   {product} {ergonomic}
   size_t MaxHeapSize                              = 1967128576                                {product} {ergonomic}
   size_t MaxNewSize                               = 1179648000                                {product} {ergonomic}
   size_t MinHeapDeltaBytes                        = 1048576                                   {product} {ergonomic}
   size_t MinHeapSize                              = 8388608                                   {product} {ergonomic}
    uintx NonNMethodCodeHeapSize                   = 5839372                                {pd product} {ergonomic}
    uintx NonProfiledCodeHeapSize                  = 122909434                              {pd product} {ergonomic}
    uintx ProfiledCodeHeapSize                     = 122909434                              {pd product} {ergonomic}
    uintx ReservedCodeCacheSize                    = 251658240                              {pd product} {ergonomic}
     bool SegmentedCodeCache                       = true                                      {product} {ergonomic}
   size_t SoftMaxHeapSize                          = 1967128576                             {manageable} {ergonomic}
     bool UseCompressedClassPointers               = true                           {product lp64_product} {ergonomic}
     bool UseCompressedOops                        = true                           {product lp64_product} {ergonomic}
     bool UseG1GC                                  = true                                      {product} {ergonomic}
     bool UseLargePagesIndividualAllocation        = false                                  {pd product} {ergonomic}

Logging:
Log output configuration:
 #0: stdout all=warning uptime,level,tags
 #1: stderr all=off uptime,level,tags

Environment Variables:
JAVA_HOME=C:\Program Files\Microsoft\jdk-17.0.12.7-hotspot
CLASSPATH=C:\NexgenLMS\NexGenMobile\android\\gradle\wrapper\gradle-wrapper.jar
PATH=C:\NexgenLMS\NexGenMobile\node_modules\.bin;C:\NexgenLMS\node_modules\.bin;C:\node_modules\.bin;C:\Users\Abutalib\AppData\Roaming\npm\node_modules\npm\node_modules\@npmcli\run-script\lib\node-gyp-bin;C:\Program Files\Microsoft\jdk-17.0.12.7-hotspot\bin;C:\Users\Abutalib\AppData\Local\Programs\Python\Python311\Scripts\;C:\Users\Abutalib\AppData\Local\Programs\Python\Python311\;C:\Ruby32-x64\bin;C:\Program Files\Common Files\Oracle\Java\javapath;C:\Users\Abutalib\AppData\Local\Programs\Python\Python311;c:\users\abutalib\appdata\local\programs\python\python311\lib\site-packages\pip\__init__.py;C:\WINDOWS\system32;C:\WINDOWS;C:\WINDOWS\System32\OpenSSH\;C:\WINDOWS\System32\Wbem;C:\WINDOWS\System32\WindowsPowerShell\v1.0\;C:\Program Files (x86)\Yarn\bin\;C:\Program Files\Git\cmd;C:\ProgramData\chocolatey\bin;C:\php;C:\ProgramData\ComposerSetup\bin;C:\Program Files\nodejs\;C:\Program Files\Amazon\AWSCLIV2\;C:\Program Files\nodejs;C:\Users\Abutalib\AppData\Local\Microsoft\WindowsApps;C:\Users\Abutalib\AppData\Local\Android\Sdk\emulator;C:\Users\Abutalib\AppData\Local\Android\Sdk\platform-tools;C:\Users\Abutalib\AppData\Local\Android\Sdk\cmdline-tools\13.0\bin;C:\java programs\Microsoft VS Code\bin;C:\Users\Abutalib\PyCharm Community Edition 2022.3\bin;;C:\MinGW\bin;C:\MinGW\bin\gcc.exe;C:\Users\Abutalib\AppData\Local\Yarn\bin;C:\Program Files\Microsoft\jdk-17.0.12.7-hotspot\bin;C:\Users\Abutalib\AppData\Local\Microsoft\WinGet\Packages\Schniz.fnm_Microsoft.Winget.Source_8wekyb3d8bbwe;C:\Users\Abutalib\AppData\Local\Android\Sdk\system-images\android-34-ext12\google_apis_playstore\x86_64;
USERNAME=Abutalib
OS=Windows_NT
PROCESSOR_IDENTIFIER=AMD64 Family 23 Model 104 Stepping 1, AuthenticAMD
TMP=C:\Users\Abutalib\AppData\Local\Temp
TEMP=C:\Users\Abutalib\AppData\Local\Temp



Periodic native trim disabled


---------------  S Y S T E M  ---------------

OS:
 Windows 11 , 64 bit Build 26100 (10.0.26100.3775)
OS uptime: 0 days 1:10 hours
Hyper-V role detected

CPU: total 8 (initial active 8) (8 cores per cpu, 2 threads per core) family 23 model 104 stepping 1 microcode 0x8608107, cx8, cmov, fxsr, ht, mmx, 3dnowpref, sse, sse2, sse3, ssse3, sse4a, sse4.1, sse4.2, popcnt, lzcnt, tsc, tscinvbit, avx, avx2, aes, clmul, bmi1, bmi2, adx, sha, fma, vzeroupper, clflush, clflushopt, hv
Processor Information for the first 8 processors :
  Max Mhz: 2600, Current Mhz: 2600, Mhz Limit: 2600

Memory: 4k page, system-wide physical 7502M (945M free)
TotalPageFile size 30030M (AvailPageFile size 10M)
current process WorkingSet (physical memory assigned to process): 200M, peak: 216M
current process commit charge ("private bytes"): 267M, peak: 269M

vm_info: OpenJDK 64-Bit Server VM (17.0.12+7-LTS) for windows-amd64 JRE (17.0.12+7-LTS), built on Jul 16 2024 18:11:44 by "MicrosoftCorporation" with unknown MS VC++:1939

END.
