#
# There is insufficient memory for the Java Runtime Environment to continue.
# Native memory allocation (malloc) failed to allocate 454272 bytes. Error detail: Chunk::new
# Possible reasons:
#   The system is out of physical RAM or swap space
#   This process is running with CompressedOops enabled, and the Java Heap may be blocking the growth of the native heap
# Possible solutions:
#   Reduce memory load on the system
#   Increase physical memory or swap space
#   Check if swap backing store is full
#   Decrease Java heap size (-Xmx/-Xms)
#   Decrease number of Java threads
#   Decrease Java thread stack sizes (-Xss)
#   Set larger code cache with -XX:ReservedCodeCacheSize=
#   JVM is running with Zero Based Compressed Oops mode in which the Java heap is
#     placed in the first 32GB address space. The Java Heap base address is the
#     maximum limit for the native heap growth. Please use -XX:HeapBaseMinAddress
#     to set the Java Heap base and to place the Java Heap above 32GB virtual address.
# This output file may be truncated or incomplete.
#
#  Out of Memory Error (arena.cpp:191), pid=29732, tid=10124
#
# JRE version: OpenJDK Runtime Environment Microsoft-9889599 (17.0.12+7) (build 17.0.12+7-LTS)
# Java VM: OpenJDK 64-Bit Server VM Microsoft-9889599 (17.0.12+7-LTS, mixed mode, sharing, tiered, compressed oops, compressed class ptrs, g1 gc, windows-amd64)
# No core dump will be written. Minidumps are not enabled by default on client versions of Windows
#

---------------  S U M M A R Y ------------

Command Line: -XX:MaxMetaspaceSize=512m --add-opens=java.base/java.util=ALL-UNNAMED --add-opens=java.base/java.lang=ALL-UNNAMED --add-opens=java.base/java.lang.invoke=ALL-UNNAMED --add-opens=java.prefs/java.util.prefs=ALL-UNNAMED --add-exports=jdk.compiler/com.sun.tools.javac.api=ALL-UNNAMED --add-exports=jdk.compiler/com.sun.tools.javac.util=ALL-UNNAMED --add-opens=java.base/java.nio.charset=ALL-UNNAMED --add-opens=java.base/java.net=ALL-UNNAMED --add-opens=java.base/java.util.concurrent.atomic=ALL-UNNAMED -Xmx4096m -Dfile.encoding=windows-1252 -Duser.country=IN -Duser.language=en -Duser.variant -javaagent:C:\Users\Abutalib\.gradle\wrapper\dists\gradle-8.10.2-all\7iv73wktx1xtkvlq19urqw1wm\gradle-8.10.2\lib\agents\gradle-instrumentation-agent-8.10.2.jar org.gradle.launcher.daemon.bootstrap.GradleDaemon 8.10.2

Host: AMD Ryzen 3 5300U with Radeon Graphics         , 8 cores, 7G,  Windows 11 , 64 bit Build 26100 (10.0.26100.3775)
Time: Tue Apr 29 15:27:16 2025 India Standard Time elapsed time: 29.075966 seconds (0d 0h 0m 29s)

---------------  T H R E A D  ---------------

Current thread (0x00000238eba86a10):  JavaThread "C2 CompilerThread1" daemon [_thread_in_native, id=10124, stack(0x000000eaab200000,0x000000eaab300000)]


Current CompileTask:
C2:  29076 5191       4       java.lang.invoke.InvokerBytecodeGenerator::emitImplicitConversion (161 bytes)

Stack: [0x000000eaab200000,0x000000eaab300000]
Native frames: (J=compiled Java code, j=interpreted, Vv=VM code, C=native code)
V  [jvm.dll+0x686d99]
V  [jvm.dll+0x83daf8]
V  [jvm.dll+0x83f5a3]
V  [jvm.dll+0x83fc13]
V  [jvm.dll+0x2492ef]
V  [jvm.dll+0xad0a4]
V  [jvm.dll+0xad73c]
V  [jvm.dll+0x36a44e]
V  [jvm.dll+0x334b83]
V  [jvm.dll+0x33401a]
V  [jvm.dll+0x21a538]
V  [jvm.dll+0x21996f]
V  [jvm.dll+0x1a53e6]
V  [jvm.dll+0x229faa]
V  [jvm.dll+0x2280fb]
V  [jvm.dll+0x7f3508]
V  [jvm.dll+0x7ed87c]
V  [jvm.dll+0x685c77]
C  [ucrtbase.dll+0x37b0]
C  [KERNEL32.DLL+0x2e8d7]
C  [ntdll.dll+0xb14fc]


---------------  P R O C E S S  ---------------

Threads class SMR info:
_java_thread_list=0x00000238ea13c7e0, length=40, elements={
0x00000238c05f8200, 0x00000238e572c920, 0x00000238e572fb80, 0x00000238e5766fd0,
0x00000238e57674b0, 0x00000238e576b520, 0x00000238e5770580, 0x00000238e57858c0,
0x00000238e579de80, 0x00000238e579e3a0, 0x00000238e5866820, 0x00000238e5947690,
0x00000238eb240890, 0x00000238eab77050, 0x00000238eb5b86d0, 0x00000238ea096340,
0x00000238eace2f90, 0x00000238eb5754a0, 0x00000238eb577810, 0x00000238eb574a80,
0x00000238eb574570, 0x00000238eb574f90, 0x00000238eb574060, 0x00000238eb5759b0,
0x00000238eb575ec0, 0x00000238eb5763d0, 0x00000238eb5768e0, 0x00000238eb576df0,
0x00000238eb577300, 0x00000238ec689060, 0x00000238ec68aec0, 0x00000238ec689f90,
0x00000238ec689570, 0x00000238ec68a4a0, 0x00000238ec68b3d0, 0x00000238eba86a10,
0x00000238ec68c300, 0x00000238ec68c810, 0x00000238ec689a80, 0x00000238ecc08d30
}

Java Threads: ( => current thread )
  0x00000238c05f8200 JavaThread "main" [_thread_blocked, id=28188, stack(0x000000eaa7e00000,0x000000eaa7f00000)]
  0x00000238e572c920 JavaThread "Reference Handler" daemon [_thread_blocked, id=17544, stack(0x000000eaa8500000,0x000000eaa8600000)]
  0x00000238e572fb80 JavaThread "Finalizer" daemon [_thread_blocked, id=31404, stack(0x000000eaa8600000,0x000000eaa8700000)]
  0x00000238e5766fd0 JavaThread "Signal Dispatcher" daemon [_thread_blocked, id=19632, stack(0x000000eaa8700000,0x000000eaa8800000)]
  0x00000238e57674b0 JavaThread "Attach Listener" daemon [_thread_blocked, id=4580, stack(0x000000eaa8800000,0x000000eaa8900000)]
  0x00000238e576b520 JavaThread "Service Thread" daemon [_thread_blocked, id=26376, stack(0x000000eaa8900000,0x000000eaa8a00000)]
  0x00000238e5770580 JavaThread "Monitor Deflation Thread" daemon [_thread_blocked, id=7132, stack(0x000000eaa8a00000,0x000000eaa8b00000)]
  0x00000238e57858c0 JavaThread "C2 CompilerThread0" daemon [_thread_in_native, id=28020, stack(0x000000eaa8b00000,0x000000eaa8c00000)]
  0x00000238e579de80 JavaThread "C1 CompilerThread0" daemon [_thread_blocked, id=19124, stack(0x000000eaa8c00000,0x000000eaa8d00000)]
  0x00000238e579e3a0 JavaThread "Sweeper thread" daemon [_thread_blocked, id=20380, stack(0x000000eaa8d00000,0x000000eaa8e00000)]
  0x00000238e5866820 JavaThread "Common-Cleaner" daemon [_thread_blocked, id=27320, stack(0x000000eaa8e00000,0x000000eaa8f00000)]
  0x00000238e5947690 JavaThread "Notification Thread" daemon [_thread_blocked, id=19740, stack(0x000000eaa8f00000,0x000000eaa9000000)]
  0x00000238eb240890 JavaThread "Daemon health stats" [_thread_blocked, id=22676, stack(0x000000eaa9600000,0x000000eaa9700000)]
  0x00000238eab77050 JavaThread "Incoming local TCP Connector on port 62736" [_thread_in_native, id=8564, stack(0x000000eaa9100000,0x000000eaa9200000)]
  0x00000238eb5b86d0 JavaThread "Daemon periodic checks" [_thread_blocked, id=27076, stack(0x000000eaa9700000,0x000000eaa9800000)]
  0x00000238ea096340 JavaThread "Daemon" [_thread_blocked, id=25304, stack(0x000000eaa9800000,0x000000eaa9900000)]
  0x00000238eace2f90 JavaThread "Handler for socket connection from /127.0.0.1:62736 to /127.0.0.1:62737" [_thread_in_native, id=5932, stack(0x000000eaa9900000,0x000000eaa9a00000)]
  0x00000238eb5754a0 JavaThread "Cancel handler" [_thread_blocked, id=16792, stack(0x000000eaa9a00000,0x000000eaa9b00000)]
  0x00000238eb577810 JavaThread "Daemon worker" [_thread_in_vm, id=29468, stack(0x000000eaa9b00000,0x000000eaa9c00000)]
  0x00000238eb574a80 JavaThread "Asynchronous log dispatcher for DefaultDaemonConnection: socket connection from /127.0.0.1:62736 to /127.0.0.1:62737" [_thread_blocked, id=30468, stack(0x000000eaa9c00000,0x000000eaa9d00000)]
  0x00000238eb574570 JavaThread "Stdin handler" [_thread_blocked, id=19104, stack(0x000000eaa9d00000,0x000000eaa9e00000)]
  0x00000238eb574f90 JavaThread "Daemon client event forwarder" [_thread_blocked, id=27908, stack(0x000000eaa9e00000,0x000000eaa9f00000)]
  0x00000238eb574060 JavaThread "Cache worker for journal cache (C:\Users\Abutalib\.gradle\caches\journal-1)" [_thread_blocked, id=27560, stack(0x000000eaa9f00000,0x000000eaaa000000)]
  0x00000238eb5759b0 JavaThread "File lock request listener" [_thread_in_native, id=28952, stack(0x000000eaaa000000,0x000000eaaa100000)]
  0x00000238eb575ec0 JavaThread "Cache worker for file hash cache (C:\Users\Abutalib\.gradle\caches\8.10.2\fileHashes)" [_thread_blocked, id=16756, stack(0x000000eaaa100000,0x000000eaaa200000)]
  0x00000238eb5763d0 JavaThread "Cache worker for file hash cache (C:\NexgenLMS\NexGenMobile\android\.gradle\8.10.2\fileHashes)" [_thread_blocked, id=16332, stack(0x000000eaaa500000,0x000000eaaa600000)]
  0x00000238eb5768e0 JavaThread "Cache worker for Build Output Cleanup Cache (C:\NexgenLMS\NexGenMobile\android\.gradle\buildOutputCleanup)" [_thread_blocked, id=29136, stack(0x000000eaaa600000,0x000000eaaa700000)]
  0x00000238eb576df0 JavaThread "File watcher server" daemon [_thread_in_native, id=30504, stack(0x000000eaaa900000,0x000000eaaaa00000)]
  0x00000238eb577300 JavaThread "File watcher consumer" daemon [_thread_blocked, id=24476, stack(0x000000eaaaa00000,0x000000eaaab00000)]
  0x00000238ec689060 JavaThread "Cache worker for checksums cache (C:\NexgenLMS\NexGenMobile\android\.gradle\8.10.2\checksums)" [_thread_blocked, id=7232, stack(0x000000eaaab00000,0x000000eaaac00000)]
  0x00000238ec68aec0 JavaThread "Cache worker for file content cache (C:\Users\Abutalib\.gradle\caches\8.10.2\fileContent)" [_thread_blocked, id=24764, stack(0x000000eaaac00000,0x000000eaaad00000)]
  0x00000238ec689f90 JavaThread "Cache worker for cache directory md-rule (C:\Users\Abutalib\.gradle\caches\8.10.2\md-rule)" [_thread_blocked, id=19904, stack(0x000000eaaad00000,0x000000eaaae00000)]
  0x00000238ec689570 JavaThread "Cache worker for cache directory md-supplier (C:\Users\Abutalib\.gradle\caches\8.10.2\md-supplier)" [_thread_blocked, id=6692, stack(0x000000eaaae00000,0x000000eaaaf00000)]
  0x00000238ec68a4a0 JavaThread "jar transforms" [_thread_blocked, id=18168, stack(0x000000eaaa700000,0x000000eaaa800000)]
  0x00000238ec68b3d0 JavaThread "Cache worker for Build Output Cleanup Cache (C:\NexgenLMS\NexGenMobile\node_modules\@react-native\gradle-plugin\.gradle\buildOutputCleanup)" [_thread_blocked, id=22324, stack(0x000000eaab000000,0x000000eaab100000)]
=>0x00000238eba86a10 JavaThread "C2 CompilerThread1" daemon [_thread_in_native, id=10124, stack(0x000000eaab200000,0x000000eaab300000)]
  0x00000238ec68c300 JavaThread "Unconstrained build operations" [_thread_blocked, id=12436, stack(0x000000eaab300000,0x000000eaab400000)]
  0x00000238ec68c810 JavaThread "Unconstrained build operations Thread 2" [_thread_blocked, id=24492, stack(0x000000eaab400000,0x000000eaab500000)]
  0x00000238ec689a80 JavaThread "Unconstrained build operations Thread 3" [_thread_in_native, id=4136, stack(0x000000eaab500000,0x000000eaab600000)]
  0x00000238ecc08d30 JavaThread "Unconstrained build operations Thread 4" [_thread_blocked, id=19900, stack(0x000000eaab600000,0x000000eaab700000)]

Other Threads:
  0x00000238e5728420 VMThread "VM Thread" [stack: 0x000000eaa8400000,0x000000eaa8500000] [id=19076]
  0x00000238e5961530 WatcherThread [stack: 0x000000eaa9000000,0x000000eaa9100000] [id=2388]
  0x00000238c0667490 GCTaskThread "GC Thread#0" [stack: 0x000000eaa7f00000,0x000000eaa8000000] [id=21488]
  0x00000238ea455bd0 GCTaskThread "GC Thread#1" [stack: 0x000000eaa9200000,0x000000eaa9300000] [id=21056]
  0x00000238ea0f1000 GCTaskThread "GC Thread#2" [stack: 0x000000eaa9300000,0x000000eaa9400000] [id=22156]
  0x00000238eaa8e9c0 GCTaskThread "GC Thread#3" [stack: 0x000000eaa9400000,0x000000eaa9500000] [id=15388]
  0x00000238eac9c270 GCTaskThread "GC Thread#4" [stack: 0x000000eaa9500000,0x000000eaa9600000] [id=28048]
  0x00000238eb9a9330 GCTaskThread "GC Thread#5" [stack: 0x000000eaaa200000,0x000000eaaa300000] [id=30400]
  0x00000238eb9a9070 GCTaskThread "GC Thread#6" [stack: 0x000000eaaa300000,0x000000eaaa400000] [id=27820]
  0x00000238eb9a95f0 GCTaskThread "GC Thread#7" [stack: 0x000000eaaa400000,0x000000eaaa500000] [id=23692]
  0x00000238c0678a60 ConcurrentGCThread "G1 Main Marker" [stack: 0x000000eaa8000000,0x000000eaa8100000] [id=672]
  0x00000238c067b550 ConcurrentGCThread "G1 Conc#0" [stack: 0x000000eaa8100000,0x000000eaa8200000] [id=1940]
  0x00000238eb9a98b0 ConcurrentGCThread "G1 Conc#1" [stack: 0x000000eaaa800000,0x000000eaaa900000] [id=27248]
  0x00000238c06aec60 ConcurrentGCThread "G1 Refine#0" [stack: 0x000000eaa8200000,0x000000eaa8300000] [id=18884]
  0x00000238ec36b160 ConcurrentGCThread "G1 Refine#1" [stack: 0x000000eaaaf00000,0x000000eaab000000] [id=27012]
  0x00000238e55e0260 ConcurrentGCThread "G1 Service" [stack: 0x000000eaa8300000,0x000000eaa8400000] [id=30932]

Threads with active compile tasks:
C2 CompilerThread0    30137 5183       4       java.lang.invoke.MethodType::makeImpl (109 bytes)
C2 CompilerThread1    30137 5191       4       java.lang.invoke.InvokerBytecodeGenerator::emitImplicitConversion (161 bytes)

VM state: not at safepoint (normal execution)

VM Mutex/Monitor currently owned by a thread: None

Heap address: 0x0000000700000000, size: 4096 MB, Compressed Oops mode: Zero based, Oop shift amount: 3

CDS archive(s) mapped at: [0x0000023880000000-0x0000023880bb0000-0x0000023880bb0000), size 12255232, SharedBaseAddress: 0x0000023880000000, ArchiveRelocationMode: 1.
Compressed class space mapped at: 0x0000023881000000-0x000002389b000000, reserved size: 436207616
Narrow klass base: 0x0000023880000000, Narrow klass shift: 0, Narrow klass range: 0x100000000

GC Precious Log:
 CPUs: 8 total, 8 available
 Memory: 7502M
 Large Page Support: Disabled
 NUMA Support: Disabled
 Compressed Oops: Enabled (Zero based)
 Heap Region Size: 2M
 Heap Min Capacity: 8M
 Heap Initial Capacity: 118M
 Heap Max Capacity: 4G
 Pre-touch: Disabled
 Parallel Workers: 8
 Concurrent Workers: 2
 Concurrent Refinement Workers: 8
 Periodic GC: Disabled

Heap:
 garbage-first heap   total 100352K, used 68223K [0x0000000700000000, 0x0000000800000000)
  region size 2048K, 18 young (36864K), 1 survivors (2048K)
 Metaspace       used 48626K, committed 49152K, reserved 491520K
  class space    used 6793K, committed 7040K, reserved 425984K

Heap Regions: E=young(eden), S=young(survivor), O=old, HS=humongous(starts), HC=humongous(continues), CS=collection set, F=free, OA=open archive, CA=closed archive, TAMS=top-at-mark-start (previous, next)
|   0|0x0000000700000000, 0x0000000700200000, 0x0000000700200000|100%|HS|  |TAMS 0x0000000700200000, 0x0000000700000000| Complete 
|   1|0x0000000700200000, 0x0000000700400000, 0x0000000700400000|100%|HC|  |TAMS 0x0000000700400000, 0x0000000700200000| Complete 
|   2|0x0000000700400000, 0x0000000700600000, 0x0000000700600000|100%| O|  |TAMS 0x0000000700600000, 0x0000000700400000| Untracked 
|   3|0x0000000700600000, 0x0000000700800000, 0x0000000700800000|100%| O|  |TAMS 0x0000000700800000, 0x0000000700600000| Untracked 
|   4|0x0000000700800000, 0x0000000700a00000, 0x0000000700a00000|100%| O|  |TAMS 0x0000000700a00000, 0x0000000700800000| Untracked 
|   5|0x0000000700a00000, 0x0000000700c00000, 0x0000000700c00000|100%| O|  |TAMS 0x0000000700c00000, 0x0000000700a00000| Untracked 
|   6|0x0000000700c00000, 0x0000000700e00000, 0x0000000700e00000|100%| O|  |TAMS 0x0000000700e00000, 0x0000000700c00000| Untracked 
|   7|0x0000000700e00000, 0x0000000700feb800, 0x0000000701000000| 95%| O|  |TAMS 0x0000000700feb800, 0x0000000700e00000| Untracked 
|   8|0x0000000701000000, 0x0000000701200000, 0x0000000701200000|100%| O|  |TAMS 0x0000000701200000, 0x0000000701000000| Untracked 
|   9|0x0000000701200000, 0x0000000701400000, 0x0000000701400000|100%| O|  |TAMS 0x0000000701200000, 0x0000000701200000| Untracked 
|  10|0x0000000701400000, 0x0000000701600000, 0x0000000701600000|100%| O|  |TAMS 0x0000000701400000, 0x0000000701400000| Untracked 
|  11|0x0000000701600000, 0x0000000701800000, 0x0000000701800000|100%| O|  |TAMS 0x0000000701600000, 0x0000000701600000| Untracked 
|  12|0x0000000701800000, 0x0000000701800000, 0x0000000701a00000|  0%| F|  |TAMS 0x0000000701800000, 0x0000000701800000| Untracked 
|  13|0x0000000701a00000, 0x0000000701c00000, 0x0000000701c00000|100%| O|  |TAMS 0x0000000701a00000, 0x0000000701a00000| Untracked 
|  14|0x0000000701c00000, 0x0000000701e00000, 0x0000000701e00000|100%| O|  |TAMS 0x0000000701c00000, 0x0000000701c00000| Untracked 
|  15|0x0000000701e00000, 0x0000000701f22600, 0x0000000702000000| 56%| O|  |TAMS 0x0000000701e00000, 0x0000000701e00000| Untracked 
|  16|0x0000000702000000, 0x0000000702000000, 0x0000000702200000|  0%| F|  |TAMS 0x0000000702000000, 0x0000000702000000| Untracked 
|  17|0x0000000702200000, 0x0000000702200000, 0x0000000702400000|  0%| F|  |TAMS 0x0000000702200000, 0x0000000702200000| Untracked 
|  18|0x0000000702400000, 0x0000000702400000, 0x0000000702600000|  0%| F|  |TAMS 0x0000000702400000, 0x0000000702400000| Untracked 
|  19|0x0000000702600000, 0x0000000702600000, 0x0000000702800000|  0%| F|  |TAMS 0x0000000702600000, 0x0000000702600000| Untracked 
|  20|0x0000000702800000, 0x0000000702800000, 0x0000000702a00000|  0%| F|  |TAMS 0x0000000702800000, 0x0000000702800000| Untracked 
|  21|0x0000000702a00000, 0x0000000702a00000, 0x0000000702c00000|  0%| F|  |TAMS 0x0000000702a00000, 0x0000000702a00000| Untracked 
|  22|0x0000000702c00000, 0x0000000702c00000, 0x0000000702e00000|  0%| F|  |TAMS 0x0000000702c00000, 0x0000000702c00000| Untracked 
|  23|0x0000000702e00000, 0x0000000702e00000, 0x0000000703000000|  0%| F|  |TAMS 0x0000000702e00000, 0x0000000702e00000| Untracked 
|  24|0x0000000703000000, 0x0000000703000000, 0x0000000703200000|  0%| F|  |TAMS 0x0000000703000000, 0x0000000703000000| Untracked 
|  25|0x0000000703200000, 0x0000000703392180, 0x0000000703400000| 78%| S|CS|TAMS 0x0000000703200000, 0x0000000703200000| Complete 
|  26|0x0000000703400000, 0x0000000703400000, 0x0000000703600000|  0%| F|  |TAMS 0x0000000703400000, 0x0000000703400000| Untracked 
|  27|0x0000000703600000, 0x0000000703600000, 0x0000000703800000|  0%| F|  |TAMS 0x0000000703600000, 0x0000000703600000| Untracked 
|  28|0x0000000703800000, 0x0000000703800000, 0x0000000703a00000|  0%| F|  |TAMS 0x0000000703800000, 0x0000000703800000| Untracked 
|  29|0x0000000703a00000, 0x0000000703a00000, 0x0000000703c00000|  0%| F|  |TAMS 0x0000000703a00000, 0x0000000703a00000| Untracked 
|  30|0x0000000703c00000, 0x0000000703dabcc8, 0x0000000703e00000| 83%| E|  |TAMS 0x0000000703c00000, 0x0000000703c00000| Complete 
|  31|0x0000000703e00000, 0x0000000704000000, 0x0000000704000000|100%| E|CS|TAMS 0x0000000703e00000, 0x0000000703e00000| Complete 
|  32|0x0000000704000000, 0x0000000704200000, 0x0000000704200000|100%| E|CS|TAMS 0x0000000704000000, 0x0000000704000000| Complete 
|  33|0x0000000704200000, 0x0000000704400000, 0x0000000704400000|100%| E|CS|TAMS 0x0000000704200000, 0x0000000704200000| Complete 
|  34|0x0000000704400000, 0x0000000704600000, 0x0000000704600000|100%| E|CS|TAMS 0x0000000704400000, 0x0000000704400000| Complete 
|  35|0x0000000704600000, 0x0000000704800000, 0x0000000704800000|100%| E|CS|TAMS 0x0000000704600000, 0x0000000704600000| Complete 
|  36|0x0000000704800000, 0x0000000704a00000, 0x0000000704a00000|100%| E|CS|TAMS 0x0000000704800000, 0x0000000704800000| Complete 
|  37|0x0000000704a00000, 0x0000000704c00000, 0x0000000704c00000|100%| E|CS|TAMS 0x0000000704a00000, 0x0000000704a00000| Complete 
|  38|0x0000000704c00000, 0x0000000704e00000, 0x0000000704e00000|100%| E|CS|TAMS 0x0000000704c00000, 0x0000000704c00000| Complete 
|  39|0x0000000704e00000, 0x0000000705000000, 0x0000000705000000|100%| E|CS|TAMS 0x0000000704e00000, 0x0000000704e00000| Complete 
|  40|0x0000000705000000, 0x0000000705200000, 0x0000000705200000|100%| E|CS|TAMS 0x0000000705000000, 0x0000000705000000| Complete 
|  41|0x0000000705200000, 0x0000000705400000, 0x0000000705400000|100%| E|CS|TAMS 0x0000000705200000, 0x0000000705200000| Complete 
|  42|0x0000000705400000, 0x0000000705600000, 0x0000000705600000|100%| E|CS|TAMS 0x0000000705400000, 0x0000000705400000| Complete 
|  43|0x0000000705600000, 0x0000000705800000, 0x0000000705800000|100%| E|CS|TAMS 0x0000000705600000, 0x0000000705600000| Complete 
|  44|0x0000000705800000, 0x0000000705a00000, 0x0000000705a00000|100%| E|CS|TAMS 0x0000000705800000, 0x0000000705800000| Complete 
|  45|0x0000000705a00000, 0x0000000705c00000, 0x0000000705c00000|100%| E|CS|TAMS 0x0000000705a00000, 0x0000000705a00000| Complete 
|  58|0x0000000707400000, 0x0000000707600000, 0x0000000707600000|100%| E|CS|TAMS 0x0000000707400000, 0x0000000707400000| Complete 
|2046|0x00000007ffc00000, 0x00000007ffe00000, 0x00000007ffe00000|100%| O|  |TAMS 0x00000007ffe00000, 0x00000007ffc00000| Untracked 
|2047|0x00000007ffe00000, 0x0000000800000000, 0x0000000800000000|100%| O|  |TAMS 0x0000000800000000, 0x00000007ffe00000| Untracked 

Card table byte_map: [0x00000238d9c90000,0x00000238da490000] _byte_map_base: 0x00000238d6490000

Marking Bits (Prev, Next): (CMBitMap*) 0x00000238c06679c0, (CMBitMap*) 0x00000238c0667a00
 Prev Bits: [0x00000238dac90000, 0x00000238dec90000)
 Next Bits: [0x00000238dec90000, 0x00000238e2c90000)

Polling page: 0x00000238c06c0000

Metaspace:

Usage:
  Non-class:     40.86 MB used.
      Class:      6.64 MB used.
       Both:     47.49 MB used.

Virtual space:
  Non-class space:       64.00 MB reserved,      41.12 MB ( 64%) committed,  1 nodes.
      Class space:      416.00 MB reserved,       6.88 MB (  2%) committed,  1 nodes.
             Both:      480.00 MB reserved,      48.00 MB ( 10%) committed. 

Chunk freelists:
   Non-Class:  6.23 MB
       Class:  9.07 MB
        Both:  15.30 MB

MaxMetaspaceSize: 512.00 MB
CompressedClassSpaceSize: 416.00 MB
Initial GC threshold: 21.00 MB
Current GC threshold: 59.00 MB
CDS: on
MetaspaceReclaimPolicy: balanced
 - commit_granule_bytes: 65536.
 - commit_granule_words: 8192.
 - virtual_space_node_default_size: 8388608.
 - enlarge_chunks_in_place: 1.
 - new_chunks_are_fully_committed: 0.
 - uncommit_free_chunks: 1.
 - use_allocation_guard: 0.
 - handle_deallocations: 1.


Internal statistics:

num_allocs_failed_limit: 6.
num_arena_births: 622.
num_arena_deaths: 0.
num_vsnodes_births: 2.
num_vsnodes_deaths: 0.
num_space_committed: 768.
num_space_uncommitted: 0.
num_chunks_returned_to_freelist: 6.
num_chunks_taken_from_freelist: 2382.
num_chunk_merges: 6.
num_chunk_splits: 1563.
num_chunks_enlarged: 1073.
num_inconsistent_stats: 0.

CodeHeap 'non-profiled nmethods': size=120000Kb used=2188Kb max_used=2877Kb free=117811Kb
 bounds [0x00000238d14f0000, 0x00000238d17c0000, 0x00000238d8a20000]
CodeHeap 'profiled nmethods': size=120000Kb used=8627Kb max_used=10061Kb free=111373Kb
 bounds [0x00000238c9a20000, 0x00000238ca400000, 0x00000238d0f50000]
CodeHeap 'non-nmethods': size=5760Kb used=2367Kb max_used=2386Kb free=3392Kb
 bounds [0x00000238d0f50000, 0x00000238d11c0000, 0x00000238d14f0000]
 total_blobs=5296 nmethods=4409 adapters=799
 compilation: enabled
              stopped_count=0, restarted_count=0
 full_count=0

Compilation events (20 events):
Event: 25.990 Thread 0x00000238e579de80 5192       1       java.lang.NamedPackage::packageName (5 bytes)
Event: 25.991 Thread 0x00000238e579de80 nmethod 5192 0x00000238d152c490 code [0x00000238d152c620, 0x00000238d152c6f8]
Event: 25.994 Thread 0x00000238eba86a10 nmethod 5181 0x00000238d1511090 code [0x00000238d15112a0, 0x00000238d1511c50]
Event: 25.994 Thread 0x00000238eba86a10 5191       4       java.lang.invoke.InvokerBytecodeGenerator::emitImplicitConversion (161 bytes)
Event: 26.010 Thread 0x00000238e579de80 5194       1       org.gradle.api.internal.attributes.AttributeValue$1::isPresent (2 bytes)
Event: 26.010 Thread 0x00000238e579de80 nmethod 5194 0x00000238d152c190 code [0x00000238d152c320, 0x00000238d152c3f8]
Event: 26.011 Thread 0x00000238e579de80 5195       1       sun.reflect.generics.tree.Wildcard::getUpperBounds (5 bytes)
Event: 26.011 Thread 0x00000238e579de80 nmethod 5195 0x00000238d152be90 code [0x00000238d152c020, 0x00000238d152c0f8]
Event: 26.011 Thread 0x00000238e579de80 5196       3       org.gradle.internal.instantiation.generator.DependencyInjectingInstantiator::verifyParameters (175 bytes)
Event: 26.013 Thread 0x00000238e579de80 nmethod 5196 0x00000238c9d36810 code [0x00000238c9d36b40, 0x00000238c9d37e28]
Event: 26.034 Thread 0x00000238e579de80 5197       3       org.gradle.internal.operations.OperationIdentifier::hashCode (14 bytes)
Event: 26.034 Thread 0x00000238e579de80 nmethod 5197 0x00000238c9d95c90 code [0x00000238c9d95e20, 0x00000238c9d95f38]
Event: 27.259 Thread 0x00000238e579de80 5199       3       java.lang.invoke.LambdaForm$MH/0x00000238810e4800::invoke (32 bytes)
Event: 27.259 Thread 0x00000238e579de80 nmethod 5199 0x00000238c9f9ce10 code [0x00000238c9f9cfe0, 0x00000238c9f9d4d8]
Event: 27.259 Thread 0x00000238e579de80 5200       3       java.lang.invoke.DirectMethodHandle$Holder::invokeStatic (21 bytes)
Event: 27.260 Thread 0x00000238e579de80 nmethod 5200 0x00000238c9ba4a10 code [0x00000238c9ba4be0, 0x00000238c9ba50f8]
Event: 27.260 Thread 0x00000238e579de80 5201       3       java.lang.StringConcatHelper::prepend (22 bytes)
Event: 27.260 Thread 0x00000238e579de80 nmethod 5201 0x00000238c9f9ca10 code [0x00000238c9f9cbc0, 0x00000238c9f9cd58]
Event: 28.252 Thread 0x00000238e579de80 5202       3       sun.management.MemoryPoolImpl::getType (15 bytes)
Event: 28.252 Thread 0x00000238e579de80 nmethod 5202 0x00000238c9ba4610 code [0x00000238c9ba47a0, 0x00000238c9ba4938]

GC Heap History (20 events):
Event: 2.552 GC heap before
{Heap before GC invocations=1 (full 0):
 garbage-first heap   total 120832K, used 40443K [0x0000000700000000, 0x0000000800000000)
  region size 2048K, 19 young (38912K), 2 survivors (4096K)
 Metaspace       used 4341K, committed 4544K, reserved 491520K
  class space    used 540K, committed 640K, reserved 425984K
}
Event: 2.560 GC heap after
{Heap after GC invocations=2 (full 0):
 garbage-first heap   total 120832K, used 11435K [0x0000000700000000, 0x0000000800000000)
  region size 2048K, 3 young (6144K), 3 survivors (6144K)
 Metaspace       used 4341K, committed 4544K, reserved 491520K
  class space    used 540K, committed 640K, reserved 425984K
}
Event: 3.935 GC heap before
{Heap before GC invocations=2 (full 0):
 garbage-first heap   total 120832K, used 56491K [0x0000000700000000, 0x0000000800000000)
  region size 2048K, 25 young (51200K), 3 survivors (6144K)
 Metaspace       used 4860K, committed 5056K, reserved 491520K
  class space    used 627K, committed 704K, reserved 425984K
}
Event: 3.943 GC heap after
{Heap after GC invocations=3 (full 0):
 garbage-first heap   total 120832K, used 16615K [0x0000000700000000, 0x0000000800000000)
  region size 2048K, 3 young (6144K), 3 survivors (6144K)
 Metaspace       used 4860K, committed 5056K, reserved 491520K
  class space    used 627K, committed 704K, reserved 425984K
}
Event: 8.047 GC heap before
{Heap before GC invocations=3 (full 0):
 garbage-first heap   total 120832K, used 82151K [0x0000000700000000, 0x0000000800000000)
  region size 2048K, 35 young (71680K), 3 survivors (6144K)
 Metaspace       used 16263K, committed 16576K, reserved 491520K
  class space    used 2279K, committed 2432K, reserved 425984K
}
Event: 8.056 GC heap after
{Heap after GC invocations=4 (full 0):
 garbage-first heap   total 120832K, used 21303K [0x0000000700000000, 0x0000000800000000)
  region size 2048K, 5 young (10240K), 5 survivors (10240K)
 Metaspace       used 16263K, committed 16576K, reserved 491520K
  class space    used 2279K, committed 2432K, reserved 425984K
}
Event: 11.787 GC heap before
{Heap before GC invocations=4 (full 0):
 garbage-first heap   total 120832K, used 62263K [0x0000000700000000, 0x0000000800000000)
  region size 2048K, 26 young (53248K), 5 survivors (10240K)
 Metaspace       used 21201K, committed 21504K, reserved 491520K
  class space    used 3079K, committed 3200K, reserved 425984K
}
Event: 11.801 GC heap after
{Heap after GC invocations=5 (full 0):
 garbage-first heap   total 120832K, used 24017K [0x0000000700000000, 0x0000000800000000)
  region size 2048K, 4 young (8192K), 4 survivors (8192K)
 Metaspace       used 21201K, committed 21504K, reserved 491520K
  class space    used 3079K, committed 3200K, reserved 425984K
}
Event: 14.040 GC heap before
{Heap before GC invocations=6 (full 0):
 garbage-first heap   total 90112K, used 83409K [0x0000000700000000, 0x0000000800000000)
  region size 2048K, 34 young (69632K), 4 survivors (8192K)
 Metaspace       used 30131K, committed 30528K, reserved 491520K
  class space    used 4280K, committed 4480K, reserved 425984K
}
Event: 14.051 GC heap after
{Heap after GC invocations=7 (full 0):
 garbage-first heap   total 100352K, used 28160K [0x0000000700000000, 0x0000000800000000)
  region size 2048K, 4 young (8192K), 4 survivors (8192K)
 Metaspace       used 30131K, committed 30528K, reserved 491520K
  class space    used 4280K, committed 4480K, reserved 425984K
}
Event: 15.098 GC heap before
{Heap before GC invocations=7 (full 0):
 garbage-first heap   total 100352K, used 75264K [0x0000000700000000, 0x0000000800000000)
  region size 2048K, 26 young (53248K), 4 survivors (8192K)
 Metaspace       used 34439K, committed 34880K, reserved 491520K
  class space    used 4787K, committed 4992K, reserved 425984K
}
Event: 15.106 GC heap after
{Heap after GC invocations=8 (full 0):
 garbage-first heap   total 100352K, used 31497K [0x0000000700000000, 0x0000000800000000)
  region size 2048K, 4 young (8192K), 4 survivors (8192K)
 Metaspace       used 34439K, committed 34880K, reserved 491520K
  class space    used 4787K, committed 4992K, reserved 425984K
}
Event: 15.369 GC heap before
{Heap before GC invocations=8 (full 0):
 garbage-first heap   total 100352K, used 41737K [0x0000000700000000, 0x0000000800000000)
  region size 2048K, 10 young (20480K), 4 survivors (8192K)
 Metaspace       used 35670K, committed 36096K, reserved 491520K
  class space    used 4964K, committed 5184K, reserved 425984K
}
Event: 15.374 GC heap after
{Heap after GC invocations=9 (full 0):
 garbage-first heap   total 100352K, used 32484K [0x0000000700000000, 0x0000000800000000)
  region size 2048K, 3 young (6144K), 3 survivors (6144K)
 Metaspace       used 35670K, committed 36096K, reserved 491520K
  class space    used 4964K, committed 5184K, reserved 425984K
}
Event: 16.483 GC heap before
{Heap before GC invocations=10 (full 0):
 garbage-first heap   total 100352K, used 73444K [0x0000000700000000, 0x0000000800000000)
  region size 2048K, 23 young (47104K), 3 survivors (6144K)
 Metaspace       used 37421K, committed 37952K, reserved 491520K
  class space    used 5236K, committed 5504K, reserved 425984K
}
Event: 16.488 GC heap after
{Heap after GC invocations=11 (full 0):
 garbage-first heap   total 100352K, used 34227K [0x0000000700000000, 0x0000000800000000)
  region size 2048K, 2 young (4096K), 2 survivors (4096K)
 Metaspace       used 37421K, committed 37952K, reserved 491520K
  class space    used 5236K, committed 5504K, reserved 425984K
}
Event: 16.531 GC heap before
{Heap before GC invocations=11 (full 0):
 garbage-first heap   total 100352K, used 36275K [0x0000000700000000, 0x0000000800000000)
  region size 2048K, 3 young (6144K), 2 survivors (4096K)
 Metaspace       used 37629K, committed 38144K, reserved 491520K
  class space    used 5275K, committed 5504K, reserved 425984K
}
Event: 16.535 GC heap after
{Heap after GC invocations=12 (full 0):
 garbage-first heap   total 100352K, used 34468K [0x0000000700000000, 0x0000000800000000)
  region size 2048K, 1 young (2048K), 1 survivors (2048K)
 Metaspace       used 37629K, committed 38144K, reserved 491520K
  class space    used 5275K, committed 5504K, reserved 425984K
}
Event: 21.442 GC heap before
{Heap before GC invocations=12 (full 0):
 garbage-first heap   total 100352K, used 75428K [0x0000000700000000, 0x0000000800000000)
  region size 2048K, 21 young (43008K), 1 survivors (2048K)
 Metaspace       used 42486K, committed 42944K, reserved 491520K
  class space    used 6000K, committed 6208K, reserved 425984K
}
Event: 21.446 GC heap after
{Heap after GC invocations=13 (full 0):
 garbage-first heap   total 100352K, used 35455K [0x0000000700000000, 0x0000000800000000)
  region size 2048K, 1 young (2048K), 1 survivors (2048K)
 Metaspace       used 42486K, committed 42944K, reserved 491520K
  class space    used 6000K, committed 6208K, reserved 425984K
}

Dll operation events (15 events):
Event: 0.028 Loaded shared library C:\Program Files\Microsoft\jdk-17.0.12.7-hotspot\bin\java.dll
Event: 0.077 Loaded shared library C:\Program Files\Microsoft\jdk-17.0.12.7-hotspot\bin\jsvml.dll
Event: 0.194 Loaded shared library C:\Program Files\Microsoft\jdk-17.0.12.7-hotspot\bin\zip.dll
Event: 0.202 Loaded shared library C:\Program Files\Microsoft\jdk-17.0.12.7-hotspot\bin\instrument.dll
Event: 0.212 Loaded shared library C:\Program Files\Microsoft\jdk-17.0.12.7-hotspot\bin\net.dll
Event: 0.217 Loaded shared library C:\Program Files\Microsoft\jdk-17.0.12.7-hotspot\bin\nio.dll
Event: 0.223 Loaded shared library C:\Program Files\Microsoft\jdk-17.0.12.7-hotspot\bin\zip.dll
Event: 0.772 Loaded shared library C:\Program Files\Microsoft\jdk-17.0.12.7-hotspot\bin\jimage.dll
Event: 1.220 Loaded shared library C:\Program Files\Microsoft\jdk-17.0.12.7-hotspot\bin\verify.dll
Event: 1.623 Loaded shared library C:\Users\Abutalib\.gradle\native\c067742578af261105cb4f569cf0c3c89f3d7b1fecec35dd04571415982c5e48\windows-amd64\native-platform.dll
Event: 1.651 Loaded shared library C:\Users\Abutalib\.gradle\native\100fb08df4bc3b14c8652ba06237920a3bd2aa13389f12d3474272988ae205f9\windows-amd64\native-platform-file-events.dll
Event: 4.188 Loaded shared library C:\Program Files\Microsoft\jdk-17.0.12.7-hotspot\bin\management.dll
Event: 4.192 Loaded shared library C:\Program Files\Microsoft\jdk-17.0.12.7-hotspot\bin\management_ext.dll
Event: 5.015 Loaded shared library C:\Program Files\Microsoft\jdk-17.0.12.7-hotspot\bin\extnet.dll
Event: 5.594 Loaded shared library C:\Program Files\Microsoft\jdk-17.0.12.7-hotspot\bin\sunmscapi.dll

Deoptimization events (20 events):
Event: 25.933 Thread 0x00000238eb577810 DEOPT PACKING pc=0x00000238d1648598 sp=0x000000eaa9bf6740
Event: 25.933 Thread 0x00000238eb577810 DEOPT UNPACKING pc=0x00000238d0fa69a3 sp=0x000000eaa9bf66d8 mode 2
Event: 25.947 Thread 0x00000238eb577810 Uncommon trap: trap_request=0xffffffc6 fr.pc=0x00000238d16dc018 relative=0x0000000000000258
Event: 25.947 Thread 0x00000238eb577810 Uncommon trap: reason=bimorphic_or_optimized_type_check action=maybe_recompile pc=0x00000238d16dc018 method=java.util.Spliterators$IteratorSpliterator.tryAdvance(Ljava/util/function/Consumer;)Z @ 50 c2
Event: 25.947 Thread 0x00000238eb577810 DEOPT PACKING pc=0x00000238d16dc018 sp=0x000000eaa9bf6300
Event: 25.947 Thread 0x00000238eb577810 DEOPT UNPACKING pc=0x00000238d0fa69a3 sp=0x000000eaa9bf62a0 mode 2
Event: 25.948 Thread 0x00000238eb577810 Uncommon trap: trap_request=0xffffffc6 fr.pc=0x00000238d16dc018 relative=0x0000000000000258
Event: 25.948 Thread 0x00000238eb577810 Uncommon trap: reason=bimorphic_or_optimized_type_check action=maybe_recompile pc=0x00000238d16dc018 method=java.util.Spliterators$IteratorSpliterator.tryAdvance(Ljava/util/function/Consumer;)Z @ 50 c2
Event: 25.948 Thread 0x00000238eb577810 DEOPT PACKING pc=0x00000238d16dc018 sp=0x000000eaa9bf6300
Event: 25.948 Thread 0x00000238eb577810 DEOPT UNPACKING pc=0x00000238d0fa69a3 sp=0x000000eaa9bf62a0 mode 2
Event: 25.948 Thread 0x00000238eb577810 Uncommon trap: trap_request=0xffffffc6 fr.pc=0x00000238d16dc018 relative=0x0000000000000258
Event: 25.948 Thread 0x00000238eb577810 Uncommon trap: reason=bimorphic_or_optimized_type_check action=maybe_recompile pc=0x00000238d16dc018 method=java.util.Spliterators$IteratorSpliterator.tryAdvance(Ljava/util/function/Consumer;)Z @ 50 c2
Event: 25.948 Thread 0x00000238eb577810 DEOPT PACKING pc=0x00000238d16dc018 sp=0x000000eaa9bf6300
Event: 25.949 Thread 0x00000238eb577810 DEOPT UNPACKING pc=0x00000238d0fa69a3 sp=0x000000eaa9bf62a0 mode 2
Event: 25.949 Thread 0x00000238eb577810 Uncommon trap: trap_request=0xffffffc6 fr.pc=0x00000238d16dc018 relative=0x0000000000000258
Event: 25.949 Thread 0x00000238eb577810 Uncommon trap: reason=bimorphic_or_optimized_type_check action=maybe_recompile pc=0x00000238d16dc018 method=java.util.Spliterators$IteratorSpliterator.tryAdvance(Ljava/util/function/Consumer;)Z @ 50 c2
Event: 25.949 Thread 0x00000238eb577810 DEOPT PACKING pc=0x00000238d16dc018 sp=0x000000eaa9bf6300
Event: 25.949 Thread 0x00000238eb577810 DEOPT UNPACKING pc=0x00000238d0fa69a3 sp=0x000000eaa9bf62a0 mode 2
Event: 26.026 Thread 0x00000238eb577810 DEOPT PACKING pc=0x00000238ca3f03c2 sp=0x000000eaa9bf1600
Event: 26.026 Thread 0x00000238eb577810 DEOPT UNPACKING pc=0x00000238d0fa7143 sp=0x000000eaa9bf0b10 mode 0

Classes loaded (20 events):
Event: 25.712 Loading class sun/security/ssl/NewSessionTicket$T12NewSessionTicketMessage
Event: 25.712 Loading class sun/security/ssl/NewSessionTicket$NewSessionTicketMessage
Event: 25.712 Loading class sun/security/ssl/NewSessionTicket$NewSessionTicketMessage done
Event: 25.712 Loading class sun/security/ssl/NewSessionTicket$T12NewSessionTicketMessage done
Event: 25.713 Loading class sun/security/ssl/SSLCipher$T12GcmReadCipherGenerator$GcmReadCipher
Event: 25.714 Loading class sun/security/ssl/SSLCipher$T12GcmReadCipherGenerator$GcmReadCipher done
Event: 25.714 Loading class com/sun/crypto/provider/GaloisCounterMode$GCMDecrypt
Event: 25.715 Loading class com/sun/crypto/provider/GaloisCounterMode$GCMDecrypt done
Event: 25.716 Loading class jdk/internal/event/TLSHandshakeEvent
Event: 25.716 Loading class jdk/internal/event/TLSHandshakeEvent done
Event: 25.716 Loading class javax/net/ssl/SSLEngineResult$HandshakeStatus
Event: 25.716 Loading class javax/net/ssl/SSLEngineResult$HandshakeStatus done
Event: 25.782 Loading class java/nio/charset/UnsupportedCharsetException
Event: 25.782 Loading class java/nio/charset/UnsupportedCharsetException done
Event: 25.972 Loading class sun/reflect/ReflectionFactory
Event: 25.972 Loading class sun/reflect/ReflectionFactory done
Event: 25.972 Loading class sun/reflect/ReflectionFactory$1
Event: 25.972 Loading class sun/reflect/ReflectionFactory$1 done
Event: 25.973 Loading class jdk/internal/reflect/SerializationConstructorAccessorImpl
Event: 25.974 Loading class jdk/internal/reflect/SerializationConstructorAccessorImpl done

Classes unloaded (0 events):
No events

Classes redefined (0 events):
No events

Internal exceptions (20 events):
Event: 16.603 Thread 0x00000238eb577810 Exception <a 'java/lang/NoSuchMethodError'{0x0000000705943820}: 'java.lang.Object java.lang.invoke.DirectMethodHandle$Holder.newInvokeSpecial(java.lang.Object, long)'> (0x0000000705943820) 
thrown [s\src\hotspot\share\interpreter\linkResolver.cpp, line 759]
Event: 16.614 Thread 0x00000238eb577810 Exception <a 'java/lang/NoSuchMethodError'{0x00000007059a9198}: 'java.lang.Object java.lang.invoke.DirectMethodHandle$Holder.newInvokeSpecial(java.lang.Object, java.lang.Object, java.lang.Object, java.lang.Object, java.lang.Object, long)'> (0x00000007059a9198) 
thrown [s\src\hotspot\share\interpreter\linkResolver.cpp, line 759]
Event: 16.615 Thread 0x00000238eb577810 Exception <a 'java/lang/NoSuchMethodError'{0x00000007059aeaa0}: 'java.lang.Object java.lang.invoke.DirectMethodHandle$Holder.invokeSpecial(java.lang.Object, java.lang.Object, java.lang.Object, java.lang.Object, java.lang.Object, java.lang.Object, long)'> (0x00000007059aeaa0) 
thrown [s\src\hotspot\share\interpreter\linkResolver.cpp, line 759]
Event: 16.621 Thread 0x00000238eb577810 Exception <a 'java/lang/NoSuchMethodError'{0x00000007059fd038}: 'java.lang.Object java.lang.invoke.DirectMethodHandle$Holder.newInvokeSpecial(java.lang.Object, java.lang.Object, java.lang.Object, long)'> (0x00000007059fd038) 
thrown [s\src\hotspot\share\interpreter\linkResolver.cpp, line 759]
Event: 16.621 Thread 0x00000238eb577810 Exception <a 'java/lang/NoSuchMethodError'{0x0000000705602a60}: 'java.lang.Object java.lang.invoke.DirectMethodHandle$Holder.invokeSpecial(java.lang.Object, java.lang.Object, java.lang.Object, java.lang.Object, long)'> (0x0000000705602a60) 
thrown [s\src\hotspot\share\interpreter\linkResolver.cpp, line 759]
Event: 16.622 Thread 0x00000238eb577810 Exception <a 'java/lang/NoSuchMethodError'{0x00000007056076d8}: 'java.lang.Object java.lang.invoke.Invokers$Holder.linkToTargetMethod(java.lang.Object, java.lang.Object, long, java.lang.Object)'> (0x00000007056076d8) 
thrown [s\src\hotspot\share\interpreter\linkResolver.cpp, line 759]
Event: 16.719 Thread 0x00000238eb577810 Implicit null exception at 0x00000238d16c4c6c to 0x00000238d16c4d14
Event: 16.975 Thread 0x00000238eb577810 Exception <a 'java/lang/NoSuchMethodError'{0x0000000704a97658}: 'java.lang.Object java.lang.invoke.DirectMethodHandle$Holder.newInvokeSpecial(java.lang.Object, int, java.lang.Object)'> (0x0000000704a97658) 
thrown [s\src\hotspot\share\interpreter\linkResolver.cpp, line 759]
Event: 20.426 Thread 0x00000238eb577810 Exception <a 'java/lang/NoSuchMethodError'{0x0000000704078ae8}: 'java.lang.Object java.lang.invoke.DirectMethodHandle$Holder.newInvokeSpecial(java.lang.Object, java.lang.Object, java.lang.Object, int)'> (0x0000000704078ae8) 
thrown [s\src\hotspot\share\interpreter\linkResolver.cpp, line 759]
Event: 20.427 Thread 0x00000238eb577810 Exception <a 'java/lang/NoSuchMethodError'{0x000000070407e0a0}: 'java.lang.Object java.lang.invoke.DirectMethodHandle$Holder.invokeSpecial(java.lang.Object, java.lang.Object, java.lang.Object, java.lang.Object, int)'> (0x000000070407e0a0) 
thrown [s\src\hotspot\share\interpreter\linkResolver.cpp, line 759]
Event: 20.427 Thread 0x00000238eb577810 Exception <a 'java/lang/NoSuchMethodError'{0x0000000704082fb8}: 'java.lang.Object java.lang.invoke.Invokers$Holder.linkToTargetMethod(java.lang.Object, java.lang.Object, int, java.lang.Object)'> (0x0000000704082fb8) 
thrown [s\src\hotspot\share\interpreter\linkResolver.cpp, line 759]
Event: 20.896 Thread 0x00000238eb577810 Exception <a 'java/lang/NoSuchMethodError'{0x0000000703f6f160}: 'int java.lang.invoke.DirectMethodHandle$Holder.invokeSpecialIFC(java.lang.Object, java.lang.Object, java.lang.Object)'> (0x0000000703f6f160) 
thrown [s\src\hotspot\share\interpreter\linkResolver.cpp, line 759]
Event: 21.084 Thread 0x00000238eb577810 Exception <a 'java/lang/NoSuchMethodError'{0x000000070380fa08}: 'java.lang.Object java.lang.invoke.DirectMethodHandle$Holder.invokeSpecial(java.lang.Object, java.lang.Object, java.lang.Object, java.lang.Object, java.lang.Object, long)'> (0x000000070380fa08) 
thrown [s\src\hotspot\share\interpreter\linkResolver.cpp, line 759]
Event: 21.089 Thread 0x00000238eb577810 Exception <a 'java/lang/NoSuchMethodError'{0x000000070383c370}: 'void java.lang.invoke.DirectMethodHandle$Holder.invokeStatic(java.lang.Object, java.lang.Object, java.lang.Object, int, java.lang.Object)'> (0x000000070383c370) 
thrown [s\src\hotspot\share\interpreter\linkResolver.cpp, line 759]
Event: 21.147 Thread 0x00000238eb577810 Exception <a 'java/lang/NoSuchMethodError'{0x00000007039d24b0}: 'int java.lang.invoke.DirectMethodHandle$Holder.invokeInterface(java.lang.Object, java.lang.Object, java.lang.Object, java.lang.Object, java.lang.Object)'> (0x00000007039d24b0) 
thrown [s\src\hotspot\share\interpreter\linkResolver.cpp, line 759]
Event: 21.324 Thread 0x00000238eb577810 Exception <a 'sun/nio/fs/WindowsException'{0x000000070351bfb0}> (0x000000070351bfb0) 
thrown [s\src\hotspot\share\prims\jni.cpp, line 516]
Event: 25.832 Thread 0x00000238eb577810 Exception <a 'java/lang/NoSuchMethodError'{0x0000000704549b20}: 'java.lang.Object java.lang.invoke.DirectMethodHandle$Holder.invokeSpecial(java.lang.Object, java.lang.Object, long, java.lang.Object, java.lang.Object)'> (0x0000000704549b20) 
thrown [s\src\hotspot\share\interpreter\linkResolver.cpp, line 759]
Event: 25.903 Thread 0x00000238eb577810 Exception <a 'java/lang/IncompatibleClassChangeError'{0x00000007043527f8}: Found class java.lang.Object, but interface was expected> (0x00000007043527f8) 
thrown [s\src\hotspot\share\interpreter\linkResolver.cpp, line 826]
Event: 25.984 Thread 0x00000238eb577810 Exception <a 'java/lang/NoSuchMethodError'{0x00000007041eb298}: 'java.lang.Object java.lang.invoke.DirectMethodHandle$Holder.newInvokeSpecial(java.lang.Object, java.lang.Object, java.lang.Object, java.lang.Object, int, java.lang.Object)'> (0x00000007041eb298) 
thrown [s\src\hotspot\share\interpreter\linkResolver.cpp, line 759]
Event: 25.985 Thread 0x00000238eb577810 Exception <a 'java/lang/NoSuchMethodError'{0x00000007041f4ac8}: 'java.lang.Object java.lang.invoke.Invokers$Holder.linkToTargetMethod(java.lang.Object, java.lang.Object, java.lang.Object, int, java.lang.Object, java.lang.Object)'> (0x00000007041f4ac8) 
thrown [s\src\hotspot\share\interpreter\linkResolver.cpp, line 759]

VM Operations (20 events):
Event: 22.523 Executing VM operation: Cleanup
Event: 22.523 Executing VM operation: Cleanup done
Event: 22.896 Executing VM operation: HandshakeAllThreads
Event: 22.896 Executing VM operation: HandshakeAllThreads done
Event: 22.939 Executing VM operation: HandshakeAllThreads
Event: 22.939 Executing VM operation: HandshakeAllThreads done
Event: 23.031 Executing VM operation: HandshakeAllThreads
Event: 23.031 Executing VM operation: HandshakeAllThreads done
Event: 23.127 Executing VM operation: HandshakeAllThreads
Event: 23.127 Executing VM operation: HandshakeAllThreads done
Event: 24.127 Executing VM operation: Cleanup
Event: 24.207 Executing VM operation: Cleanup done
Event: 25.222 Executing VM operation: Cleanup
Event: 25.485 Executing VM operation: Cleanup done
Event: 25.937 Executing VM operation: HandshakeAllThreads
Event: 25.937 Executing VM operation: HandshakeAllThreads done
Event: 25.976 Executing VM operation: HandshakeAllThreads
Event: 25.977 Executing VM operation: HandshakeAllThreads done
Event: 26.989 Executing VM operation: Cleanup
Event: 26.989 Executing VM operation: Cleanup done

Events (20 events):
Event: 23.140 Thread 0x00000238e579e3a0 flushing nmethod 0x00000238ca239690
Event: 23.140 Thread 0x00000238e579e3a0 flushing nmethod 0x00000238ca256190
Event: 23.140 Thread 0x00000238e579e3a0 flushing nmethod 0x00000238ca2c8e10
Event: 23.141 Thread 0x00000238e579e3a0 flushing nmethod 0x00000238ca337690
Event: 23.142 Thread 0x00000238e579e3a0 flushing nmethod 0x00000238ca3a5010
Event: 23.142 Thread 0x00000238e579e3a0 flushing nmethod 0x00000238ca3a5490
Event: 23.142 Thread 0x00000238e579e3a0 flushing nmethod 0x00000238ca3aac10
Event: 23.142 Thread 0x00000238e579e3a0 flushing nmethod 0x00000238ca3ab090
Event: 23.142 Thread 0x00000238e579e3a0 flushing nmethod 0x00000238ca3ab610
Event: 23.142 Thread 0x00000238e579e3a0 flushing nmethod 0x00000238ca3e5410
Event: 23.142 Thread 0x00000238e579e3a0 flushing nmethod 0x00000238ca3e5990
Event: 23.142 Thread 0x00000238e579e3a0 flushing nmethod 0x00000238ca3e6710
Event: 23.142 Thread 0x00000238e579e3a0 flushing nmethod 0x00000238ca3e6a90
Event: 23.142 Thread 0x00000238e579e3a0 flushing nmethod 0x00000238ca3eb190
Event: 24.254 Thread 0x00000238ebd2a090 Thread exited: 0x00000238ebd2a090
Event: 24.328 Thread 0x00000238eba86a10 Thread added: 0x00000238eba86a10
Event: 24.451 Thread 0x00000238eba86a10 Thread exited: 0x00000238eba86a10
Event: 25.509 Thread 0x00000238eba86a10 Thread added: 0x00000238eba86a10
Event: 25.916 Thread 0x00000238ec68c300 Thread added: 0x00000238ec68c300
Event: 25.917 Thread 0x00000238ec68c810 Thread added: 0x00000238ec68c810


Dynamic libraries:
0x00007ff615320000 - 0x00007ff61532e000 	C:\Program Files\Microsoft\jdk-17.0.12.7-hotspot\bin\java.exe
0x00007ffee29c0000 - 0x00007ffee2c20000 	C:\WINDOWS\SYSTEM32\ntdll.dll
0x00007ffee1a60000 - 0x00007ffee1b27000 	C:\WINDOWS\System32\KERNEL32.DLL
0x00007ffedfe70000 - 0x00007ffee023a000 	C:\WINDOWS\System32\KERNELBASE.dll
0x00007ffee05b0000 - 0x00007ffee06fb000 	C:\WINDOWS\System32\ucrtbase.dll
0x00007ffed3970000 - 0x00007ffed398d000 	C:\Program Files\Microsoft\jdk-17.0.12.7-hotspot\bin\VCRUNTIME140.dll
0x00007ffed5d40000 - 0x00007ffed5d57000 	C:\Program Files\Microsoft\jdk-17.0.12.7-hotspot\bin\jli.dll
0x00007ffee1490000 - 0x00007ffee165c000 	C:\WINDOWS\System32\USER32.dll
0x00007ffedfe40000 - 0x00007ffedfe67000 	C:\WINDOWS\System32\win32u.dll
0x00007ffec9060000 - 0x00007ffec92f7000 	C:\WINDOWS\WinSxS\amd64_microsoft.windows.common-controls_6595b64144ccf1df_6.0.26100.3624_none_3e086962e3345f24\COMCTL32.dll
0x00007ffee1660000 - 0x00007ffee168a000 	C:\WINDOWS\System32\GDI32.dll
0x00007ffee07c0000 - 0x00007ffee0869000 	C:\WINDOWS\System32\msvcrt.dll
0x00007ffee0470000 - 0x00007ffee05a1000 	C:\WINDOWS\System32\gdi32full.dll
0x00007ffee03c0000 - 0x00007ffee0463000 	C:\WINDOWS\System32\msvcp_win.dll
0x00007ffee1450000 - 0x00007ffee147f000 	C:\WINDOWS\System32\IMM32.DLL
0x00007ffedafa0000 - 0x00007ffedafac000 	C:\Program Files\Microsoft\jdk-17.0.12.7-hotspot\bin\vcruntime140_1.dll
0x00007ffeb7060000 - 0x00007ffeb70ed000 	C:\Program Files\Microsoft\jdk-17.0.12.7-hotspot\bin\msvcp140.dll
0x00007ffe6cab0000 - 0x00007ffe6d720000 	C:\Program Files\Microsoft\jdk-17.0.12.7-hotspot\bin\server\jvm.dll
0x00007ffee1100000 - 0x00007ffee11b2000 	C:\WINDOWS\System32\ADVAPI32.dll
0x00007ffee1b60000 - 0x00007ffee1c06000 	C:\WINDOWS\System32\sechost.dll
0x00007ffee11c0000 - 0x00007ffee12d6000 	C:\WINDOWS\System32\RPCRT4.dll
0x00007ffee2900000 - 0x00007ffee2974000 	C:\WINDOWS\System32\WS2_32.dll
0x00007ffedf9f0000 - 0x00007ffedfa4e000 	C:\WINDOWS\SYSTEM32\POWRPROF.dll
0x00007ffed8f60000 - 0x00007ffed8f96000 	C:\WINDOWS\SYSTEM32\WINMM.dll
0x00007ffed8fa0000 - 0x00007ffed8fab000 	C:\WINDOWS\SYSTEM32\VERSION.dll
0x00007ffedf9d0000 - 0x00007ffedf9e4000 	C:\WINDOWS\SYSTEM32\UMPDC.dll
0x00007ffede9b0000 - 0x00007ffede9ca000 	C:\WINDOWS\SYSTEM32\kernel.appcore.dll
0x00007ffed38e0000 - 0x00007ffed38ea000 	C:\Program Files\Microsoft\jdk-17.0.12.7-hotspot\bin\jimage.dll
0x00007ffed2bb0000 - 0x00007ffed2df1000 	C:\WINDOWS\SYSTEM32\DBGHELP.DLL
0x00007ffee20d0000 - 0x00007ffee2452000 	C:\WINDOWS\System32\combase.dll
0x00007ffee0870000 - 0x00007ffee0946000 	C:\WINDOWS\System32\OLEAUT32.dll
0x00007ffec3590000 - 0x00007ffec35c9000 	C:\WINDOWS\SYSTEM32\dbgcore.DLL
0x00007ffedfd10000 - 0x00007ffedfda9000 	C:\WINDOWS\System32\bcryptPrimitives.dll
0x00007ffec8b20000 - 0x00007ffec8b2e000 	C:\Program Files\Microsoft\jdk-17.0.12.7-hotspot\bin\instrument.dll
0x00007ffed1300000 - 0x00007ffed1325000 	C:\Program Files\Microsoft\jdk-17.0.12.7-hotspot\bin\java.dll
0x00007ffeabfe0000 - 0x00007ffeac0b7000 	C:\Program Files\Microsoft\jdk-17.0.12.7-hotspot\bin\jsvml.dll
0x00007ffee09d0000 - 0x00007ffee10f9000 	C:\WINDOWS\System32\SHELL32.dll
0x00007ffedfba0000 - 0x00007ffedfd08000 	C:\WINDOWS\System32\wintypes.dll
0x00007ffedd840000 - 0x00007ffede092000 	C:\WINDOWS\SYSTEM32\windows.storage.dll
0x00007ffee1c60000 - 0x00007ffee1d4d000 	C:\WINDOWS\System32\SHCORE.dll
0x00007ffee0960000 - 0x00007ffee09c4000 	C:\WINDOWS\System32\shlwapi.dll
0x00007ffedfab0000 - 0x00007ffedfadf000 	C:\WINDOWS\SYSTEM32\profapi.dll
0x00007ffec4fa0000 - 0x00007ffec4fb8000 	C:\Program Files\Microsoft\jdk-17.0.12.7-hotspot\bin\zip.dll
0x00007ffed0f70000 - 0x00007ffed0f8a000 	C:\Program Files\Microsoft\jdk-17.0.12.7-hotspot\bin\net.dll
0x00007ffed6a80000 - 0x00007ffed6b9d000 	C:\WINDOWS\SYSTEM32\WINHTTP.dll
0x00007ffedeed0000 - 0x00007ffedef3a000 	C:\WINDOWS\system32\mswsock.dll
0x00007ffec4fe0000 - 0x00007ffec4ff6000 	C:\Program Files\Microsoft\jdk-17.0.12.7-hotspot\bin\nio.dll
0x00007ffed38d0000 - 0x00007ffed38e0000 	C:\Program Files\Microsoft\jdk-17.0.12.7-hotspot\bin\verify.dll
0x00007ffec0900000 - 0x00007ffec0927000 	C:\Users\Abutalib\.gradle\native\c067742578af261105cb4f569cf0c3c89f3d7b1fecec35dd04571415982c5e48\windows-amd64\native-platform.dll
0x00007ffeab700000 - 0x00007ffeab844000 	C:\Users\Abutalib\.gradle\native\100fb08df4bc3b14c8652ba06237920a3bd2aa13389f12d3474272988ae205f9\windows-amd64\native-platform-file-events.dll
0x00007ffed1290000 - 0x00007ffed129a000 	C:\Program Files\Microsoft\jdk-17.0.12.7-hotspot\bin\management.dll
0x00007ffed10d0000 - 0x00007ffed10db000 	C:\Program Files\Microsoft\jdk-17.0.12.7-hotspot\bin\management_ext.dll
0x00007ffee2460000 - 0x00007ffee2468000 	C:\WINDOWS\System32\PSAPI.DLL
0x00007ffedf170000 - 0x00007ffedf18c000 	C:\WINDOWS\SYSTEM32\CRYPTSP.dll
0x00007ffede910000 - 0x00007ffede94a000 	C:\WINDOWS\system32\rsaenh.dll
0x00007ffedef70000 - 0x00007ffedef9b000 	C:\WINDOWS\SYSTEM32\USERENV.dll
0x00007ffedfa80000 - 0x00007ffedfaa6000 	C:\WINDOWS\SYSTEM32\bcrypt.dll
0x00007ffedf190000 - 0x00007ffedf19c000 	C:\WINDOWS\SYSTEM32\CRYPTBASE.dll
0x00007ffede3c0000 - 0x00007ffede3f3000 	C:\WINDOWS\SYSTEM32\IPHLPAPI.DLL
0x00007ffee18b0000 - 0x00007ffee18ba000 	C:\WINDOWS\System32\NSI.dll
0x00007ffed6d90000 - 0x00007ffed6daf000 	C:\WINDOWS\SYSTEM32\dhcpcsvc6.DLL
0x00007ffed6d10000 - 0x00007ffed6d35000 	C:\WINDOWS\SYSTEM32\dhcpcsvc.DLL
0x00007ffede450000 - 0x00007ffede575000 	C:\WINDOWS\SYSTEM32\DNSAPI.dll
0x00007ffec8c70000 - 0x00007ffec8c79000 	C:\Program Files\Microsoft\jdk-17.0.12.7-hotspot\bin\extnet.dll
0x00007ffec8330000 - 0x00007ffec833e000 	C:\Program Files\Microsoft\jdk-17.0.12.7-hotspot\bin\sunmscapi.dll
0x00007ffee0240000 - 0x00007ffee03b7000 	C:\WINDOWS\System32\CRYPT32.dll
0x00007ffedf370000 - 0x00007ffedf3a0000 	C:\WINDOWS\SYSTEM32\ncrypt.dll
0x00007ffedf320000 - 0x00007ffedf35f000 	C:\WINDOWS\SYSTEM32\NTASN1.dll
0x00007ffeb31a0000 - 0x00007ffeb31a8000 	C:\WINDOWS\system32\wshunix.dll
0x00007ffed3bd0000 - 0x00007ffed3bdb000 	C:\Windows\System32\rasadhlp.dll
0x00007ffed9330000 - 0x00007ffed93b5000 	C:\WINDOWS\System32\fwpuclnt.dll

dbghelp: loaded successfully - version: 4.0.5 - missing functions: none
symbol engine: initialized successfully - sym options: 0x614 - pdb path: .;C:\Program Files\Microsoft\jdk-17.0.12.7-hotspot\bin;C:\WINDOWS\SYSTEM32;C:\WINDOWS\WinSxS\amd64_microsoft.windows.common-controls_6595b64144ccf1df_6.0.26100.3624_none_3e086962e3345f24;C:\Program Files\Microsoft\jdk-17.0.12.7-hotspot\bin\server;C:\Users\Abutalib\.gradle\native\c067742578af261105cb4f569cf0c3c89f3d7b1fecec35dd04571415982c5e48\windows-amd64;C:\Users\Abutalib\.gradle\native\100fb08df4bc3b14c8652ba06237920a3bd2aa13389f12d3474272988ae205f9\windows-amd64

VM Arguments:
jvm_args: -XX:MaxMetaspaceSize=512m --add-opens=java.base/java.util=ALL-UNNAMED --add-opens=java.base/java.lang=ALL-UNNAMED --add-opens=java.base/java.lang.invoke=ALL-UNNAMED --add-opens=java.prefs/java.util.prefs=ALL-UNNAMED --add-exports=jdk.compiler/com.sun.tools.javac.api=ALL-UNNAMED --add-exports=jdk.compiler/com.sun.tools.javac.util=ALL-UNNAMED --add-opens=java.base/java.nio.charset=ALL-UNNAMED --add-opens=java.base/java.net=ALL-UNNAMED --add-opens=java.base/java.util.concurrent.atomic=ALL-UNNAMED -Xmx4096m -Dfile.encoding=windows-1252 -Duser.country=IN -Duser.language=en -Duser.variant -javaagent:C:\Users\Abutalib\.gradle\wrapper\dists\gradle-8.10.2-all\7iv73wktx1xtkvlq19urqw1wm\gradle-8.10.2\lib\agents\gradle-instrumentation-agent-8.10.2.jar 
java_command: org.gradle.launcher.daemon.bootstrap.GradleDaemon 8.10.2
java_class_path (initial): C:\Users\Abutalib\.gradle\wrapper\dists\gradle-8.10.2-all\7iv73wktx1xtkvlq19urqw1wm\gradle-8.10.2\lib\gradle-daemon-main-8.10.2.jar
Launcher Type: SUN_STANDARD

[Global flags]
     intx CICompilerCount                          = 4                                         {product} {ergonomic}
   size_t CompressedClassSpaceSize                 = 436207616                                 {product} {ergonomic}
     uint ConcGCThreads                            = 2                                         {product} {ergonomic}
     uint G1ConcRefinementThreads                  = 8                                         {product} {ergonomic}
   size_t G1HeapRegionSize                         = 2097152                                   {product} {ergonomic}
    uintx GCDrainStackTargetSize                   = 64                                        {product} {ergonomic}
   size_t InitialHeapSize                          = 123731968                                 {product} {ergonomic}
   size_t MarkStackSize                            = 4194304                                   {product} {ergonomic}
   size_t MaxHeapSize                              = 4294967296                                {product} {command line}
   size_t MaxMetaspaceSize                         = 536870912                                 {product} {command line}
   size_t MaxNewSize                               = 2575302656                                {product} {ergonomic}
   size_t MinHeapDeltaBytes                        = 2097152                                   {product} {ergonomic}
   size_t MinHeapSize                              = 8388608                                   {product} {ergonomic}
    uintx NonNMethodCodeHeapSize                   = 5839372                                {pd product} {ergonomic}
    uintx NonProfiledCodeHeapSize                  = 122909434                              {pd product} {ergonomic}
    uintx ProfiledCodeHeapSize                     = 122909434                              {pd product} {ergonomic}
    uintx ReservedCodeCacheSize                    = 251658240                              {pd product} {ergonomic}
     bool SegmentedCodeCache                       = true                                      {product} {ergonomic}
   size_t SoftMaxHeapSize                          = 4294967296                             {manageable} {ergonomic}
     bool UseCompressedClassPointers               = true                           {product lp64_product} {ergonomic}
     bool UseCompressedOops                        = true                           {product lp64_product} {ergonomic}
     bool UseG1GC                                  = true                                      {product} {ergonomic}
     bool UseLargePagesIndividualAllocation        = false                                  {pd product} {ergonomic}

Logging:
Log output configuration:
 #0: stdout all=warning uptime,level,tags
 #1: stderr all=off uptime,level,tags

Environment Variables:
JAVA_HOME=C:\Program Files\Microsoft\jdk-17.0.12.7-hotspot
CLASSPATH=C:\NexgenLMS\NexGenMobile\android\\gradle\wrapper\gradle-wrapper.jar
PATH=C:\Program Files\Microsoft\jdk-17.0.12.7-hotspot\bin;C:\Users\Abutalib\AppData\Local\Programs\Python\Python311\Scripts\;C:\Users\Abutalib\AppData\Local\Programs\Python\Python311\;C:\Ruby32-x64\bin;C:\Program Files\Common Files\Oracle\Java\javapath;C:\Users\Abutalib\AppData\Local\Programs\Python\Python311;c:\users\abutalib\appdata\local\programs\python\python311\lib\site-packages\pip\__init__.py;C:\WINDOWS\system32;C:\WINDOWS;C:\WINDOWS\System32\OpenSSH\;C:\WINDOWS\System32\Wbem;C:\WINDOWS\System32\WindowsPowerShell\v1.0\;C:\Program Files (x86)\Yarn\bin\;C:\Program Files\Git\cmd;C:\ProgramData\chocolatey\bin;C:\php;C:\ProgramData\ComposerSetup\bin;C:\Program Files\nodejs\;C:\Program Files\Amazon\AWSCLIV2\;C:\Program Files\nodejs;C:\Users\Abutalib\AppData\Local\Microsoft\WindowsApps;C:\Users\Abutalib\AppData\Local\Android\Sdk\emulator;C:\Users\Abutalib\AppData\Local\Android\Sdk\platform-tools;C:\Users\Abutalib\AppData\Local\Android\Sdk\cmdline-tools\13.0\bin;C:\java programs\Microsoft VS Code\bin;C:\Users\Abutalib\PyCharm Community Edition 2022.3\bin;;C:\MinGW\bin;C:\MinGW\bin\gcc.exe;C:\Users\Abutalib\AppData\Local\Yarn\bin;C:\Program Files\Microsoft\jdk-17.0.12.7-hotspot\bin;C:\Users\Abutalib\AppData\Local\Microsoft\WinGet\Packages\Schniz.fnm_Microsoft.Winget.Source_8wekyb3d8bbwe;C:\Users\Abutalib\AppData\Local\Android\Sdk\system-images\android-34-ext12\google_apis_playstore\x86_64;
USERNAME=Abutalib
OS=Windows_NT
PROCESSOR_IDENTIFIER=AMD64 Family 23 Model 104 Stepping 1, AuthenticAMD
TMP=C:\Users\Abutalib\AppData\Local\Temp
TEMP=C:\Users\Abutalib\AppData\Local\Temp



Periodic native trim disabled


---------------  S Y S T E M  ---------------

OS:
 Windows 11 , 64 bit Build 26100 (10.0.26100.3775)
OS uptime: 4 days 4:41 hours
Hyper-V role detected

CPU: total 8 (initial active 8) (8 cores per cpu, 2 threads per core) family 23 model 104 stepping 1 microcode 0x8608107, cx8, cmov, fxsr, ht, mmx, 3dnowpref, sse, sse2, sse3, ssse3, sse4a, sse4.1, sse4.2, popcnt, lzcnt, tsc, tscinvbit, avx, avx2, aes, clmul, bmi1, bmi2, adx, sha, fma, vzeroupper, clflush, clflushopt, hv
Processor Information for processor 0
  Max Mhz: 2600, Current Mhz: 2600, Mhz Limit: 2600
Processor Information for processor 1
  Max Mhz: 2600, Current Mhz: 2600, Mhz Limit: 2600
Processor Information for processor 2
  Max Mhz: 2600, Current Mhz: 2600, Mhz Limit: 2600
Processor Information for processor 3
  Max Mhz: 2600, Current Mhz: 2600, Mhz Limit: 2600
Processor Information for processor 4
  Max Mhz: 2600, Current Mhz: 2600, Mhz Limit: 2600
Processor Information for processor 5
  Max Mhz: 2600, Current Mhz: 2600, Mhz Limit: 2600
Processor Information for processor 6
  Max Mhz: 2600, Current Mhz: 1789, Mhz Limit: 2600
Processor Information for processor 7
  Max Mhz: 2600, Current Mhz: 1789, Mhz Limit: 2600

Memory: 4k page, system-wide physical 7502M (418M free)
TotalPageFile size 30030M (AvailPageFile size 0M)
current process WorkingSet (physical memory assigned to process): 242M, peak: 249M
current process commit charge ("private bytes"): 289M, peak: 289M

vm_info: OpenJDK 64-Bit Server VM (17.0.12+7-LTS) for windows-amd64 JRE (17.0.12+7-LTS), built on Jul 16 2024 18:11:44 by "MicrosoftCorporation" with unknown MS VC++:1939

END.
